🚀 开始飞书API全面测试
应用ID: cli_a84049866cf9900d
表格ID: UNYybgr35a9L8zs6XOOc58CYnKg
数据表ID: tblO7DEGTOixsix1
测试时间: 2025-09-18 03:22:38

=== 测试1: 令牌获取 ===
请求URL: https://open.feishu.cn/open-apis/auth/v3/tenant_access_token/internal
请求数据: {"app_id": "cli_a84049866cf9900d", "app_secret": "FMgHyMOXVEcBLikld8Vcpf0pUjLcrhiZ"}
响应状态码: 200
响应内容: {
  "code": 0,
  "expire": 2131,
  "msg": "ok",
  "tenant_access_token": "t-g1049i1WKFMVET3LAVOIJA6YZH4NT6XCND5N7YX5"
}
✅ 令牌获取: 成功获取令牌，长度: 42

=== 测试2: 应用信息获取 ===
请求URL: https://open.feishu.cn/open-apis/bitable/v1/apps/UNYybgr35a9L8zs6XOOc58CYnKg
响应状态码: 200
响应内容: {
  "code": 0,
  "data": {
    "app": {
      "app_token": "UNYybgr35a9L8zs6XOOc58CYnKg",
      "formula_type": 2,
      "is_advanced": false,
      "name": "26届校招直投版（更新到26.7 月，实时更新） 测试使用",
      "revision": 0,
      "time_zone": "Asia/Shanghai"
    }
  },
  "msg": "success"
}
✅ 应用信息获取: 应用名称: 26届校招直投版（更新到26.7 月，实时更新） 测试使用

=== 测试3: 数据表列表获取 ===
请求URL: https://open.feishu.cn/open-apis/bitable/v1/apps/UNYybgr35a9L8zs6XOOc58CYnKg/tables
响应状态码: 200
响应内容: {
  "code": 0,
  "data": {
    "has_more": false,
    "items": [
      {
        "name": "秋招&春招&实习总表",
        "revision": 2,
        "table_id": "tblO7DEGTOixsix1"
      },
      {
        "name": "【重要】必看文档",
        "revision": 0,
        "table_id": "tblWU8TiVCEkiEfi"
      },
      {
        "name": "各专业对口岗位（持续更新）",
        "revision": 0,
        "table_id": "tblBPGpMQev7JrjB"
      }
    ],
    "page_token": "tblBPGpMQev7JrjB",
    "total": 3
  },
  "msg": "success"
}
✅ 数据表列表获取: 共 0 个表格，目标表格不存在

=== 测试4: 字段信息获取 ===
请求URL: https://open.feishu.cn/open-apis/bitable/v1/apps/UNYybgr35a9L8zs6XOOc58CYnKg/tables/tblO7DEGTOixsix1/fields
响应状态码: 200
响应内容: {
  "code": 0,
  "data": {
    "has_more": false,
    "items": [
      {
        "field_id": "fld2xS15NT",
        "field_name": "公司",
        "is_primary": true,
        "property": null,
        "type": 1,
        "ui_type": "Text"
      },
      {
        "field_id": "fld2YTE7wu",
        "field_name": "更新时间",
        "is_primary": false,
        "property": {
          "auto_fill": false,
          "date_formatter": "yyyy/MM/dd"
        },
        "type": 5,
        "ui_type": "DateTime"
      },
      {
        "field_id": "fld33EmvGs",
        "field_name": "公司类型",
        "is_primary": false,
        "property": {
          "options": [
            {
              "color": 25,
              "id": "optwhQjyNm",
              "name": "民企"
            },
            {
              "color": 33,
              "id": "optHrMPjfS",
              "name": "央国企"
            },
            {
              "color": 26,
              "id": "optKeVuNFf",
              "name": "外企"
            },
            {
              "color": 40,
              "id": "optOeU7Drn",
              "name": "银行"
            },
            {
              "color": 24,
              "id": "optqBuQd2g",
              "name": "事业单位"
            },
            {
              "color": 42,
              "id": "optrdgMpb7",
              "name": "外企,银行"
            },
            {
              "color": 23,
              "id": "optYlDObdM",
              "name": "国央企"
            },
            {
              "color": 0,
              "id": "optqtMWA8W",
              "name": "公司类型"
            },
            {
              "color": 1,
              "id": "optM9soKQY",
              "name": "民企企"
            }
          ]
        },
        "type": 3,
        "ui_type": "SingleSelect"
      },
      {
        "field_id": "fld6mFJEnE",
        "field_name": "所属行业",
        "is_primary": false,
        "property": {
          "options": [
            {
              "color": 0,
              "id": "opt3lfgErC",
              "name": "消费"
            },
            {
              "color": 1,
              "id": "optujRW4ql",
              "name": "金融/证券"
            },
            {
              "color": 2,
              "id": "optuDLAGbl",
              "name": "电子技术/半导体"
            },
            {
              "color": 3,
              "id": "optnyD7cJK",
              "name": "矿产/钢铁"
            },
            {
              "color": 4,
              "id": "optEZPmPpU",
              "name": "科技"
            },
            {
              "color": 5,
              "id": "opt7E8HUBD",
              "name": "车企"
            },
            {
              "color": 6,
              "id": "opt03mPgZE",
              "name": "汽车零部件"
            },
            {
              "color": 7,
              "id": "optAW36o4C",
              "name": "高端装备与国防科技"
            },
            {
              "color": 8,
              "id": "optVru7XQl",
              "name": "航空航天"
            },
            {
              "color": 9,
              "id": "opte56eppP",
              "name": "房产经纪/汽车经销"
            },
            {
              "color": 0,
              "id": "opt2Wlp7vG",
              "name": "能源/电力"
            },
            {
              "color": 1,
              "id": "opth3jUdsl",
              "name": "机械装备/电气系统"
            },
            {
              "color": 2,
              "id": "optexAikDO",
              "name": "石油石化"
            },
            {
              "color": 3,
              "id": "optpjhzAdo",
              "name": "化学化工"
            },
            {
              "color": 4,
              "id": "optu1ZJmuL",
              "name": "金融"
            },
            {
              "color": 5,
              "id": "opt183l9em",
              "name": "证券"
            },
            {
              "color": 6,
              "id": "opt1X5FW7T",
              "name": "其他"
            },
            {
              "color": 7,
              "id": "optfQhMpb3",
              "name": "国企"
            },
            {
              "color": 8,
              "id": "optNVLATW7",
              "name": "教育"
            },
            {
              "color": 9,
              "id": "optzKTxGEG",
              "name": "电器/家电"
            },
            {
              "color": 0,
              "id": "optMQ9D1wd",
              "name": "游戏"
            },
            {
              "color": 1,
              "id": "optTmKbZ2i",
              "name": "互联网"
            },
            {
              "color": 2,
              "id": "optqEmxpgr",
              "name": "电子/半导体"
            },
            {
              "color": 3,
              "id": "optSJQacq8",
              "name": "学术科研/研究所"
            },
            {
              "color": 4,
              "id": "optxKMHKfJ",
              "name": "机械装备"
            },
            {
              "color": 5,
              "id": "opt1X33wu2",
              "name": "电气系统"
            },
            {
              "color": 6,
              "id": "optSA47wO6",
              "name": "IT/互联网"
            },
            {
              "color": 7,
              "id": "opt3JK62GL",
              "name": "电子技术"
            },
            {
              "color": 8,
              "id": "optc1aqOiv",
              "name": "半导体"
            },
            {
              "color": 9,
              "id": "optI4sHMyw",
              "name": "外企"
            },
            {
              "color": 0,
              "id": "optqczZjRS",
              "name": "车企/汽车零部件"
            },
            {
              "color": 1,
              "id": "opthC2pq5B",
              "name": "高端装备与国防科技/航空航天"
            },
            {
              "color": 2,
              "id": "optoKgrSiS",
              "name": "智能硬件/机器人"
            },
            {
              "color": 3,
              "id": "optwo9JLNG",
              "name": "学术科研"
            },
            {
              "color": 4,
              "id": "optSDVmHP5",
              "name": "研究所"
            },
            {
              "color": 5,
              "id": "optFOUreSZ",
              "name": "电商"
            },
            {
              "color": 6,
              "id": "optC5HLPHD",
              "name": "跨境电商"
            },
            {
              "color": 7,
              "id": "optSSCU4IH",
              "name": "造纸/纸制品"
            },
            {
              "color": 8,
              "id": "optrtKbZLM",
              "name": "建筑地产/市政工程"
            },
            {
              "color": 9,
              "id": "optHrgI2vp",
              "name": "进出口贸易"
            },
            {
              "color": 0,
              "id": "opttZXLSkO",
              "name": "智能硬件"
            },
            {
              "color": 1,
              "id": "optvFOpvu9",
              "name": "机器人"
            },
            {
              "color": 2,
              "id": "optOTydtJ5",
              "name": "新能源"
            },
            {
              "color": 3,
              "id": "optXmw4bN1",
              "name": "IT"
            },
            {
              "color": 4,
              "id": "optirnpwEz",
              "name": "专业服务"
            },
            {
              "color": 5,
              "id": "optutXmr42",
              "name": "通信服务/电信运营"
            },
            {
              "color": 6,
              "id": "optV8IwCPW",
              "name": "生物医药"
            },
            {
              "color": 7,
              "id": "optL01AXDt",
              "name": "服装/纺织"
            },
            {
              "color": 8,
              "id": "optf2KT2QI",
              "name": "服务专业"
            },
            {
              "color": 9,
              "id": "optkNO3TK7",
              "name": "能源"
            },
            {
              "color": 0,
              "id": "opt2NlQhM5",
              "name": "电力"
            },
            {
              "color": 1,
              "id": "optx4ApCqS",
              "name": "银行/金融"
            },
            {
              "color": 2,
              "id": "optoMIkbk0",
              "name": "文化"
            },
            {
              "color": 3,
              "id": "opt5RBoC4G",
              "name": "传媒"
            },
            {
              "color": 4,
              "id": "optXo5CKxL",
              "name": "电商跨境"
            },
            {
              "color": 5,
              "id": "optcHh7f52",
              "name": "建筑地产"
            },
            {
              "color": 6,
              "id": "optqXAZ3iz",
              "name": "市政工程"
            },
            {
              "color": 7,
              "id": "opt46pZryK",
              "name": "银行"
            },
            {
              "color": 8,
              "id": "optjA78037",
              "name": "直播"
            },
            {
              "color": 9,
              "id": "optLBMvTnJ",
              "name": "快消零售/食品"
            },
            {
              "color": 0,
              "id": "opt5enEs2u",
              "name": "服装"
            },
            {
              "color": 1,
              "id": "opth2RABxV",
              "name": "纺织"
            },
            {
              "color": 2,
              "id": "optWRPCm6A",
              "name": "通信服务"
            },
            {
              "color": 3,
              "id": "optJDAT7xR",
              "name": "电信运营"
            },
            {
              "color": 4,
              "id": "optjmxs3mp",
              "name": "高分子材料"
            },
            {
              "color": 5,
              "id": "optbC7FthE",
              "name": "供应链"
            },
            {
              "color": 6,
              "id": "optyDmWc3t",
              "name": "矿产"
            },
            {
              "color": 7,
              "id": "opteTXSfph",
              "name": "钢铁"
            },
            {
              "color": 8,
              "id": "optS8vhTcc",
              "name": "地产/建筑"
            },
            {
              "color": 9,
              "id": "optNRXMueu",
              "name": "国央企"
            },
            {
              "color": 0,
              "id": "optNlHudl2",
              "name": "汽车新能源"
            },
            {
              "color": 1,
              "id": "optHa8YKRt",
              "name": "制造业"
            },
            {
              "color": 2,
              "id": "optkYoq9br",
              "name": "测量/测绘地理信息"
            },
            {
              "color": 3,
              "id": "optH8URRaW",
              "name": "物流/供应链"
            },
            {
              "color": 4,
              "id": "optc5K2Luh",
              "name": "高分子材料/橡胶"
            },
            {
              "color": 5,
              "id": "optQ4QSskl",
              "name": "银行/国有行"
            },
            {
              "color": 6,
              "id": "optE3mPWx1",
              "name": "教育培训/在线教育"
            },
            {
              "color": 7,
              "id": "optDG6dgJj",
              "name": "石油石化/化学化工"
            },
            {
              "color": 8,
              "id": "opttY9iij5",
              "name": "24"
            },
            {
              "color": 9,
              "id": "optAnzC2Xi",
              "name": "酒店/餐饮"
            },
            {
              "color": 0,
              "id": "opt1YX2GJB",
              "name": "进出口贸易/供应链"
            },
            {
              "color": 1,
              "id": "opt7zpyTde",
              "name": "生物制药/生命科学"
            },
            {
              "color": 2,
              "id": "opty2xwOSU",
              "name": "事业单位"
            },
            {
              "color": 3,
              "id": "optA371Y6g",
              "name": "医药"
            },
            {
              "color": 4,
              "id": "optUijiU0c",
              "name": "互联网/人工智能"
            },
            {
              "color": 5,
              "id": "opta6a7QHP",
              "name": "高端装备与国防科技/"
            },
            {
              "color": 6,
              "id": "opt107KF6h",
              "name": "多元化综合业务集团公司"
            },
            {
              "color": 7,
              "id": "optVnBKy7D",
              "name": "交通运输/物流仓储"
            },
            {
              "color": 8,
              "id": "optSvnz5tF",
              "name": "航天"
            },
            {
              "color": 9,
              "id": "opta4WtOdK",
              "name": "军工科研"
            },
            {
              "color": 0,
              "id": "optXvAMBqw",
              "name": "车企/汽车部件"
            },
            {
              "color": 1,
              "id": "opttENNVpf",
              "name": "农林/畜牧"
            },
            {
              "color": 2,
              "id": "optPu86Uw5",
              "name": "14"
            },
            {
              "color": 3,
              "id": "optNx6fEF4",
              "name": "商务服务/咨询"
            },
            {
              "color": 4,
              "id": "optbTjTQBS",
              "name": "基建"
            },
            {
              "color": 5,
              "id": "optP3csUr8",
              "name": "城市轨道交通"
            },
            {
              "color": 6,
              "id": "optPQT3lCC",
              "name": "房产经纪/汽车经销养护"
            },
            {
              "color": 7,
              "id": "optQypbgCg",
              "name": "家电制造"
            },
            {
              "color": 8,
              "id": "optippLrOY",
              "name": "建筑"
            },
            {
              "color": 9,
              "id": "optvIky9bZ",
              "name": "地产"
            },
            {
              "color": 0,
              "id": "optld04kaj",
              "name": "玩具/潮玩"
            },
            {
              "color": 1,
              "id": "optqlPNYqz",
              "name": "物业/产业园"
            },
            {
              "color": 2,
              "id": "optD6zNYz0",
              "name": "高分子材孿隻料/橡胶和塑料制品"
            },
            {
              "color": 3,
              "id": "opt8Lxrq1h",
              "name": "高分子材料/橡胶和塑料制品"
            },
            {
              "color": 4,
              "id": "optaikJcaa",
              "name": "农业"
            },
            {
              "color": 5,
              "id": "optJboWyPU",
              "name": "快消零售"
            },
            {
              "color": 6,
              "id": "optRbIuJkz",
              "name": "建筑地产/市政极光工程"
            },
            {
              "color": 7,
              "id": "optWtNR2bh",
              "name": "商务服务/咨询/财务"
            },
            {
              "color": 8,
              "id": "opthiu0O9O",
              "name": "物流/供应链、互联网"
            },
            {
              "color": 9,
              "id": "optIPIkKb6",
              "name": "2其他"
            },
            {
              "color": 0,
              "id": "optVaH9ysH",
              "name": "铁路"
            },
            {
              "color": 1,
              "id": "optBesSafK",
              "name": "轨道交通技术"
            },
            {
              "color": 2,
              "id": "opty9MlGJH",
              "name": "学术科醄羞研/研究所"
            },
            {
              "color": 3,
              "id": "optD9YtBVI",
              "name": "IT/互联网/"
            },
            {
              "color": 4,
              "id": "optrmP1JK2",
              "name": "电子/半导体/集成电路"
            },
            {
              "color": 5,
              "id": "opt8AXzTqR",
              "name": "高分子材料/新材料"
            },
            {
              "color": 6,
              "id": "optP7qHHSk",
              "name": "铁路建设"
            },
            {
              "color": 7,
              "id": "optZSQnOoD",
              "name": "奢侈品/收藏品"
            },
            {
              "color": 8,
              "id": "optKsRLsVJ",
              "name": "传媒/直播"
            },
            {
              "color": 9,
              "id": "optTFOaWcv",
              "name": "机械装渀瑝备/电气系统"
            },
            {
              "color": 0,
              "id": "optcdxy8eK",
              "name": "文化/传媒"
            },
            {
              "color": 1,
              "id": "optLzkllB6",
              "name": "基础设施"
            },
            {
              "color": 2,
              "id": "optv6IyG7G",
              "name": "交通投资"
            },
            {
              "color": 3,
              "id": "opthNcTvuq",
              "name": "生物制药"
            },
            {
              "color": 4,
              "id": "optVlH6kTb",
              "name": "生命科学"
            },
            {
              "color": 5,
              "id": "optzb917aS",
              "name": "金属新材料/金属制品"
            },
            {
              "color": 6,
              "id": "opttlQywcM",
              "name": "人工智能"
            },
            {
              "color": 7,
              "id": "opty89MRBV",
              "name": "节能环保/环境检测"
            },
            {
              "color": 8,
              "id": "opt9D4vLCG",
              "name": "电商/跨境电商"
            },
            {
              "color": 9,
              "id": "opt00wkiHY",
              "name": "建筑施工"
            },
            {
              "color": 0,
              "id": "optY2lsXbA",
              "name": "科技创新"
            },
            {
              "color": 1,
              "id": "optZj13fZX",
              "name": "零售百货/超市"
            },
            {
              "color": 2,
              "id": "optbQj9Mii",
              "name": "电卤奾麇輓言熜耙獍蹶串篷畞樐系苞遼鏍炤榫太导体"
            },
            {
              "color": 3,
              "id": "optgnDGpDo",
              "name": "运输建设"
            },
            {
              "color": 4,
              "id": "opt0Ktut1O",
              "name": "智能驾驶与汽车科技"
            },
            {
              "color": 5,
              "id": "optw9xFNpT",
              "name": "央国企"
            },
            {
              "color": 6,
              "id": "optKrkkUiB",
              "name": "奀轻电子/半导体"
            },
            {
              "color": 7,
              "id": "optn20UdKj",
              "name": "物流与供应链"
            },
            {
              "color": 6,
              "id": "optUnDsBho",
              "name": "行政事业/公共服务"
            },
            {
              "color": 7,
              "id": "opt2wVRvBQ",
              "name": "多元化综合业务集团公司/投资集团"
            }
          ]
        },
        "type": 4,
        "ui_type": "MultiSelect"
      },
      {
        "field_id": "fld23Ac9uT",
        "field_name": "招聘类型",
        "is_primary": false,
        "property": {
          "options": [
            {
              "color": 34,
              "id": "optSzHzs6u",
              "name": "秋招"
            },
            {
              "color": 1,
              "id": "optCo99EaF",
              "name": "秋招提前批"
            },
            {
              "color": 2,
              "id": "optKiaqKcZ",
              "name": "26届暑期实习"
            },
            {
              "color": 3,
              "id": "opt65oTA8g",
              "name": "人才计划"
            },
            {
              "color": 4,
              "id": "optXKbVCC1",
              "name": "实习生"
            }
          ]
        },
        "type": 4,
        "ui_type": "MultiSelect"
      },
      {
        "field_id": "fld4EiGb6V",
        "field_name": "招聘对象",
        "is_primary": false,
        "property": {
          "options": [
            {
              "color": 33,
              "id": "opthOUcSBq",
              "name": "2026届"
            },
            {
              "color": 1,
              "id": "optQ8DRMsW",
              "name": "2025届"
            },
            {
              "color": 2,
              "id": "optmvVYwAC",
              "name": "2024届"
            },
            {
              "color": 3,
              "id": "optD0JlyO6",
              "name": "2023届"
            },
            {
              "color": 4,
              "id": "optZ4j05XW",
              "name": "2027届"
            },
            {
              "color": 6,
              "id": "optxSe8Svv",
              "name": "部分往届"
            },
            {
              "color": 0,
              "id": "optfuvG5JJ",
              "name": "4"
            },
            {
              "color": 5,
              "id": "optj9sRua2",
              "name": "2025和2026届"
            }
          ]
        },
        "type": 4,
        "ui_type": "MultiSelect"
      },
      {
        "field_id": "fld6fquA3T",
        "field_name": "截止日期",
        "is_primary": false,
        "property": null,
        "type": 1,
        "ui_type": "Text"
      },
      {
        "field_id": "fldrWeeCzi",
        "field_name": "是否笔试",
        "is_primary": false,
        "property": {
          "options": [
            {
              "color": 33,
              "id": "optQIut9Uf",
              "name": "需要笔试"
            },
            {
              "color": 26,
              "id": "optdnBk8MR",
              "name": "含免笔试"
            }
          ]
        },
        "type": 3,
        "ui_type": "SingleSelect"
      },
      {
        "field_id": "fld1jniUnx",
        "field_name": "地点",
        "is_primary": false,
        "property": {
          "options": [
            {
              "color": 0,
              "id": "optgW9c61M",
              "name": "杭州"
            },
            {
              "color": 1,
              "id": "optr4A3vys",
              "name": "合肥"
            },
            {
              "color": 2,
              "id": "optRBnAvPz",
              "name": "安庆"
            },
            {
              "color": 3,
              "id": "opt7P3hha8",
              "name": "黄山"
            },
            {
              "color": 4,
              "id": "optw8CsK5e",
              "name": "阜阳"
            },
            {
              "color": 5,
              "id": "opt548lg3q",
              "name": "厦门"
            },
            {
              "color": 6,
              "id": "opt1y6gFSm",
              "name": "三明"
            },
            {
              "color": 7,
              "id": "optNSMCCJL",
              "name": "宁德"
            },
            {
              "color": 8,
              "id": "optEHPRT6P",
              "name": "赣州"
            },
            {
              "color": 9,
              "id": "opt6XP3wR4",
              "name": "成都"
            },
            {
              "color": 10,
              "id": "optkIkuZFC",
              "name": "雅安"
            },
            {
              "color": 0,
              "id": "opt9dPeRbz",
              "name": "福泉"
            },
            {
              "color": 1,
              "id": "optoZUmYT2",
              "name": "海外"
            },
            {
              "color": 2,
              "id": "optXTgxFHU",
              "name": "樟树"
            },
            {
              "color": 3,
              "id": "optBasS8dB",
              "name": "全国"
            },
            {
              "color": 4,
              "id": "optqNEBWYB",
              "name": "广州"
            },
            {
              "color": 5,
              "id": "optPhX5VPQ",
              "name": "香港"
            },
            {
              "color": 6,
              "id": "optH99IuNm",
              "name": "上海"
            },
            {
              "color": 7,
              "id": "opt1cul8IX",
              "name": "苏州"
            },
            {
              "color": 8,
              "id": "optjWRdmSo",
              "name": "南昌"
            },
            {
              "color": 9,
              "id": "optVeYJQlm",
              "name": "武汉"
            },
            {
              "color": 10,
              "id": "optwgNmZon",
              "name": "深圳"
            },
            {
              "color": 0,
              "id": "optKrgopG4",
              "name": "西安"
            },
            {
              "color": 1,
              "id": "opt6GpohEk",
              "name": "海口"
            },
            {
              "color": 2,
              "id": "opt1jGw4xI",
              "name": "三亚"
            },
            {
              "color": 3,
              "id": "optRhWk6pR",
              "name": "三沙"
            },
            {
              "color": 4,
              "id": "optFOM9T7j",
              "name": "儋州"
            },
            {
              "color": 5,
              "id": "optSHfZPlf",
              "name": "五指山"
            },
            {
              "color": 6,
              "id": "optD0gunCP",
              "name": "琼海"
            },
            {
              "color": 7,
              "id": "opt3qn5gLC",
              "name": "文昌"
            },
            {
              "color": 8,
              "id": "optpVklkde",
              "name": "万宁"
            },
            {
              "color": 9,
              "id": "optK7GGVc4",
              "name": "东方"
            },
            {
              "color": 10,
              "id": "opt7zeBGJZ",
              "name": "北京"
            },
            {
              "color": 0,
              "id": "optFxVXaCI",
              "name": "天津"
            },
            {
              "color": 1,
              "id": "optKEPCmnY",
              "name": "石家庄"
            },
            {
              "color": 2,
              "id": "optcTJJURi",
              "name": "沈阳"
            },
            {
              "color": 3,
              "id": "optr2SzZxh",
              "name": "长春"
            },
            {
              "color": 4,
              "id": "optNiqIsWl",
              "name": "济南"
            },
            {
              "color": 5,
              "id": "opt4itoiFJ",
              "name": "南京"
            },
            {
              "color": 6,
              "id": "optPGolTIq",
              "name": "常州"
            },
            {
              "color": 7,
              "id": "optE1TAASh",
              "name": "宁波"
            },
            {
              "color": 8,
              "id": "optht2LUN0",
              "name": "重庆"
            },
            {
              "color": 9,
              "id": "optOPDbhUY",
              "name": "贵阳"
            },
            {
              "color": 10,
              "id": "opt5udLUFd",
              "name": "泉州"
            },
            {
              "color": 0,
              "id": "opt7X6pok4",
              "name": "喀什"
            },
            {
              "color": 1,
              "id": "optDT5EFap",
              "name": "大连"
            },
            {
              "color": 2,
              "id": "optz0ZUna3",
              "name": "惠州"
            },
            {
              "color": 3,
              "id": "optZWBMcBM",
              "name": "北海"
            },
            {
              "color": 4,
              "id": "optsRhvLWf",
              "name": "长沙"
            },
            {
              "color": 5,
              "id": "optoBq0i0x",
              "name": "怀化"
            },
            {
              "color": 6,
              "id": "optMYvgnaT",
              "name": "无锡"
            },
            {
              "color": 7,
              "id": "optYBbAcSr",
              "name": "湘潭"
            },
            {
              "color": 8,
              "id": "optMnByvYo",
              "name": "衡阳"
            },
            {
              "color": 9,
              "id": "optMTi8282",
              "name": "常熟"
            },
            {
              "color": 10,
              "id": "optawHBhLI",
              "name": "湖州"
            },
            {
              "color": 0,
              "id": "optm2IadNG",
              "name": "金华"
            },
            {
              "color": 1,
              "id": "opt15KceRr",
              "name": "扬州"
            },
            {
              "color": 2,
              "id": "optxXpHxh9",
              "name": "北京 郑州新疆"
            },
            {
              "color": 3,
              "id": "optQgVhV1i",
              "name": "济南广州德州"
            },
            {
              "color": 4,
              "id": "optSLzsgvI",
              "name": "株洲长沙北京 上海无锡西安重庆宁波海外"
            },
            {
              "color": 5,
              "id": "optbSQu4PO",
              "name": "深圳北京上海广州成都天津杭州"
            },
            {
              "color": 6,
              "id": "optBsUQSo4",
              "name": "深圳东莞惠州中山珠海 江门"
            },
            {
              "color": 7,
              "id": "optDBYPOu2",
              "name": "上海北京成都南昌乌鲁木齐 长沙 太仓东营"
            },
            {
              "color": 8,
              "id": "optyFE1rzA",
              "name": "合肥四川全国"
            },
            {
              "color": 9,
              "id": "opthXEhVbr",
              "name": "厦门 宁德"
            },
            {
              "color": 10,
              "id": "optxZFTYde",
              "name": "广州 武汉西安长沙怀化全国其他"
            },
            {
              "color": 0,
              "id": "optzoJ6yqr",
              "name": "上海 厦门"
            },
            {
              "color": 1,
              "id": "optfWqycFc",
              "name": "北京 上海深圳 广州深圳"
            },
            {
              "color": 2,
              "id": "optUy2XRr6",
              "name": "北京上海 深圳 成都杭州 广州"
            },
            {
              "color": 3,
              "id": "opt0L8cLAJ",
              "name": "河北廊坊"
            },
            {
              "color": 4,
              "id": "opta6RRPt6",
              "name": "广州 昆山 德州"
            },
            {
              "color": 5,
              "id": "optieP5SB7",
              "name": "西安北京无锡"
            },
            {
              "color": 6,
              "id": "optuwkw50N",
              "name": "上海 北京 广州深圳全国其他"
            },
            {
              "color": 7,
              "id": "opt5DFu0vz",
              "name": "无锡 上海"
            },
            {
              "color": 8,
              "id": "optDK3gOM5",
              "name": "北京济南南京郑西安武汉重庆成广州"
            },
            {
              "color": 9,
              "id": "optAjLtm1s",
              "name": "北京河北内蒙青海新疆 全国其他"
            },
            {
              "color": 10,
              "id": "optxpGjGxf",
              "name": "北京福州"
            },
            {
              "color": 0,
              "id": "optcyZNWwM",
              "name": "上海杭州西安重庆湖北北京江苏温州长春深圳海南成都嘉兴陕西 广东 浙江"
            },
            {
              "color": 1,
              "id": "opteYfOFRw",
              "name": "北京天津 深圳 内蒙湖北贵州湖南广东浙江江苏 河北 河南广东 浙江 江苏 河北"
            },
            {
              "color": 2,
              "id": "opt4aSLpG2",
              "name": "郑州"
            },
            {
              "color": 3,
              "id": "opt2vxVgBH",
              "name": "上海 江苏丹阳 福建建瓯 湖北武汉"
            },
            {
              "color": 4,
              "id": "optS9PaQFP",
              "name": "深圳 上海 武汉"
            },
            {
              "color": 5,
              "id": "optizwGW3C",
              "name": "江苏张家港"
            },
            {
              "color": 6,
              "id": "optIXyA34M",
              "name": "南昌 北京"
            },
            {
              "color": 7,
              "id": "optBXCvHo6",
              "name": "南京淮安"
            },
            {
              "color": 8,
              "id": "opta5RMpi2",
              "name": "青岛"
            },
            {
              "color": 9,
              "id": "optt0ZHpiC",
              "name": "福州"
            },
            {
              "color": 10,
              "id": "optf4oULpd",
              "name": "东莞"
            },
            {
              "color": 0,
              "id": "opt8p0F61i",
              "name": "南宁"
            },
            {
              "color": 1,
              "id": "opt2k1GzQX",
              "name": "鞍山"
            },
            {
              "color": 2,
              "id": "opt2YSlgk9",
              "name": "济宁"
            },
            {
              "color": 3,
              "id": "optLXIOgXR",
              "name": "舟山"
            },
            {
              "color": 4,
              "id": "optdfD0twG",
              "name": "秦皇岛"
            },
            {
              "color": 5,
              "id": "optJ8zqR1j",
              "name": "佛山"
            },
            {
              "color": 6,
              "id": "optQgJg2cV",
              "name": "玉林"
            },
            {
              "color": 7,
              "id": "optnog7jlz",
              "name": "韶关"
            },
            {
              "color": 8,
              "id": "optPGslkLn",
              "name": "珠海"
            },
            {
              "color": 9,
              "id": "optdvWqvyP",
              "name": "汕头"
            },
            {
              "color": 10,
              "id": "optwSFZacP",
              "name": "江门"
            },
            {
              "color": 0,
              "id": "opt3HgNFCP",
              "name": "湛江"
            },
            {
              "color": 1,
              "id": "optpun0Knj",
              "name": "茂名"
            },
            {
              "color": 2,
              "id": "optHlM7HEC",
              "name": "肇庆"
            },
            {
              "color": 3,
              "id": "optQa74uhh",
              "name": "梅州"
            },
            {
              "color": 4,
              "id": "optHPFayWj",
              "name": "汕尾"
            },
            {
              "color": 5,
              "id": "optswQCm0U",
              "name": "河源"
            },
            {
              "color": 6,
              "id": "optnhbndpI",
              "name": "阳江"
            },
            {
              "color": 7,
              "id": "optnTrehZ8",
              "name": "清远"
            },
            {
              "color": 8,
              "id": "opt0NMWCDU",
              "name": "中山"
            },
            {
              "color": 9,
              "id": "optIDQRpJf",
              "name": "潮州"
            },
            {
              "color": 10,
              "id": "optjo08p31",
              "name": "揭阳"
            },
            {
              "color": 0,
              "id": "optFgXRMFv",
              "name": "云浮"
            },
            {
              "color": 1,
              "id": "opt4xdfNKs",
              "name": "温州"
            },
            {
              "color": 2,
              "id": "optoWH3S9u",
              "name": "嘉兴"
            },
            {
              "color": 3,
              "id": "optwa4MVUr",
              "name": "绍兴"
            },
            {
              "color": 4,
              "id": "optHxrHPxB",
              "name": "衢州"
            },
            {
              "color": 5,
              "id": "optFSYPdPm",
              "name": "台州"
            },
            {
              "color": 6,
              "id": "optw6hThGI",
              "name": "丽水"
            },
            {
              "color": 7,
              "id": "optmQYQFnI",
              "name": "鄂尔多斯"
            },
            {
              "color": 8,
              "id": "optGgP92Rl",
              "name": "松原"
            },
            {
              "color": 9,
              "id": "optpR84qN9",
              "name": "襄阳"
            },
            {
              "color": 10,
              "id": "opt7EK29XL",
              "name": "株洲"
            },
            {
              "color": 0,
              "id": "optRCeonlb",
              "name": "百色"
            },
            {
              "color": 1,
              "id": "optHazrqxV",
              "name": "绵阳"
            },
            {
              "color": 2,
              "id": "optOj0Pp9n",
              "name": "昆山"
            },
            {
              "color": 3,
              "id": "opton6EsBX",
              "name": "呼和浩特"
            },
            {
              "color": 4,
              "id": "optpZDDSgR",
              "name": "杭州武汉西安上海石家庄成都重庆全国其他 海外"
            },
            {
              "color": 5,
              "id": "optHF3fh9m",
              "name": "北京 上海深圳合肥武汉南京全国其他"
            },
            {
              "color": 6,
              "id": "optpLYS0pH",
              "name": "莆田 上海 广州北京福建四川 河南 天津安徽河北广东湖北江西等"
            },
            {
              "color": 7,
              "id": "optVG24bF7",
              "name": "深圳 惠州"
            },
            {
              "color": 8,
              "id": "opts97Zt69",
              "name": "珠海嘉兴重庆广州"
            },
            {
              "color": 9,
              "id": "opttyE0MLW",
              "name": "珠海全国"
            },
            {
              "color": 10,
              "id": "optWy525Xu",
              "name": "舟山 上海重庆"
            },
            {
              "color": 0,
              "id": "opt8aOw1tO",
              "name": "广州 深圳佛山"
            },
            {
              "color": 1,
              "id": "opt5mnxMM2",
              "name": "上海北京 深圳"
            },
            {
              "color": 2,
              "id": "optyEOqeYP",
              "name": "大连北京 上海广州河北 海外"
            },
            {
              "color": 3,
              "id": "optxaP2Ra3",
              "name": "北京 广州西安"
            },
            {
              "color": 4,
              "id": "optM5hrBP6",
              "name": "北京成都广州杭州"
            },
            {
              "color": 5,
              "id": "optw3yYSSz",
              "name": "上海北京深圳杭州"
            },
            {
              "color": 6,
              "id": "optyDoKmMK",
              "name": "上海 深圳 北京"
            },
            {
              "color": 7,
              "id": "optil2fadp",
              "name": "西安北京"
            },
            {
              "color": 8,
              "id": "optC60RVVk",
              "name": "苏州成都铜陵泰国"
            },
            {
              "color": 9,
              "id": "optNRB4zAP",
              "name": "北京重庆深圳杭州宁波温州嘉兴湖州绍兴金华衢州舟山台州 丽水 赣州"
            },
            {
              "color": 10,
              "id": "optZHUhitO",
              "name": "上海 成都"
            },
            {
              "color": 0,
              "id": "optSLfFdLg",
              "name": "宜昌"
            },
            {
              "color": 1,
              "id": "optXD9iWcD",
              "name": "泰州"
            },
            {
              "color": 2,
              "id": "optxjAkHWd",
              "name": "荆州"
            },
            {
              "color": 3,
              "id": "optIKoLMHB",
              "name": "潜江"
            },
            {
              "color": 4,
              "id": "optTfh2YNz",
              "name": "仙桃"
            },
            {
              "color": 5,
              "id": "opt6PRWUqj",
              "name": "启东"
            },
            {
              "color": 6,
              "id": "optywmGgLW",
              "name": "潍坊"
            },
            {
              "color": 7,
              "id": "optGW0Up3x",
              "name": "高密"
            },
            {
              "color": 8,
              "id": "optgKlebq5",
              "name": "乳山"
            },
            {
              "color": 9,
              "id": "optK4LBpRo",
              "name": "日照"
            },
            {
              "color": 10,
              "id": "optWmnMSc8",
              "name": "丹东"
            },
            {
              "color": 0,
              "id": "opt7ixbyIh",
              "name": "锦州"
            },
            {
              "color": 1,
              "id": "optVVIgCvQ",
              "name": "哈尔滨"
            },
            {
              "color": 2,
              "id": "optJS2qXlV",
              "name": "句容"
            },
            {
              "color": 3,
              "id": "optue1Z6fg",
              "name": "平湖"
            },
            {
              "color": 4,
              "id": "optyzIQJUd",
              "name": "乌鲁木齐"
            },
            {
              "color": 5,
              "id": "optPyXby6c",
              "name": "台湾省"
            },
            {
              "color": 6,
              "id": "optcBnmHga",
              "name": "南通"
            },
            {
              "color": 7,
              "id": "optz0yopnF",
              "name": "焦作"
            },
            {
              "color": 8,
              "id": "optU9RNv6M",
              "name": "合肥 佛山 芜湖安庆重庆上海 宁波深圳海外"
            },
            {
              "color": 9,
              "id": "optjdyh0IJ",
              "name": "深圳北京上海重庆长沙等"
            },
            {
              "color": 10,
              "id": "opthyh2seg",
              "name": "深圳北京西安广州南京 上海"
            },
            {
              "color": 0,
              "id": "opt4MDsekd",
              "name": "扬州常州全国其他海外"
            },
            {
              "color": 1,
              "id": "optWIC3Z5N",
              "name": "北京南京"
            },
            {
              "color": 2,
              "id": "optEr2Mv0X",
              "name": "杭州北京上海成都重庆广州 武汉"
            },
            {
              "color": 3,
              "id": "optVPrmGUp",
              "name": "青岛西安 上海杭州"
            },
            {
              "color": 4,
              "id": "optLHs22r5",
              "name": "深圳北京上海成都西安杭州苏州南京长沙 天津"
            },
            {
              "color": 5,
              "id": "optmKapc6q",
              "name": "北京 长沙"
            },
            {
              "color": 6,
              "id": "optR7rtHJS",
              "name": "重庆 全国"
            },
            {
              "color": 7,
              "id": "optyaNQzj5",
              "name": "芜湖 昆山合肥青岛"
            },
            {
              "color": 8,
              "id": "optEx5oCvg",
              "name": "河北邯郸"
            },
            {
              "color": 9,
              "id": "optqSxuaVZ",
              "name": "上海 清远 江门九江池州郴州衢州海外"
            },
            {
              "color": 10,
              "id": "opt5oTKvcr",
              "name": "北京广州"
            },
            {
              "color": 0,
              "id": "optTi1Z7KQ",
              "name": "山西太原"
            },
            {
              "color": 1,
              "id": "optrVNqbzi",
              "name": "太原"
            },
            {
              "color": 2,
              "id": "opt76fapDS",
              "name": "北京天津成都南京"
            },
            {
              "color": 3,
              "id": "opt0jzSosP",
              "name": "北京上海 广州 深圳全国其他"
            },
            {
              "color": 4,
              "id": "optXSMPVde",
              "name": "广东肇庆"
            },
            {
              "color": 5,
              "id": "optWQ6bYy9",
              "name": "杭州安吉"
            },
            {
              "color": 6,
              "id": "optjUXAYlR",
              "name": "西安 宝鸡"
            },
            {
              "color": 7,
              "id": "optMVS0Bhx",
              "name": "咸阳"
            },
            {
              "color": 8,
              "id": "optynXl8Pl",
              "name": "运城"
            },
            {
              "color": 9,
              "id": "optmOOacbt",
              "name": "吉林"
            },
            {
              "color": 10,
              "id": "optq1vFXpS",
              "name": "洛阳"
            },
            {
              "color": 0,
              "id": "optw8LYyHG",
              "name": "天水"
            },
            {
              "color": 1,
              "id": "optpG4JZNK",
              "name": "灵宝"
            },
            {
              "color": 2,
              "id": "optnJjmsrH",
              "name": "三门峡"
            },
            {
              "color": 3,
              "id": "optJ3yO2AN",
              "name": "延边朝鲜族自治州"
            },
            {
              "color": 4,
              "id": "optf4yrryC",
              "name": "厦门 龙岩"
            },
            {
              "color": 5,
              "id": "optkpJmSuv",
              "name": "山东威海海外"
            },
            {
              "color": 6,
              "id": "optSabVrDQ",
              "name": "江西赣州 江苏镇江广州 天津 海外"
            },
            {
              "color": 7,
              "id": "optZ2tvE4G",
              "name": "长沙北京深圳西安上海"
            },
            {
              "color": 8,
              "id": "optdvIWfC2",
              "name": "合肥 上海"
            },
            {
              "color": 9,
              "id": "optRxDqBaZ",
              "name": "南通启东上海苏州深圳 海外"
            },
            {
              "color": 10,
              "id": "optp0MufFf",
              "name": "昆明 安徽庐江上海拉萨 海外"
            },
            {
              "color": 0,
              "id": "optNzUeFvb",
              "name": "福建南平"
            },
            {
              "color": 1,
              "id": "optUj0Qx9z",
              "name": "天津 佛山"
            },
            {
              "color": 2,
              "id": "opt2G3NVZX",
              "name": "深圳惠州中山上海合肥西安宁波杭成都郑州 广州 武汉"
            },
            {
              "color": 3,
              "id": "optxST4NH8",
              "name": "芜湖"
            },
            {
              "color": 4,
              "id": "opt9j9V4BK",
              "name": "柳州"
            },
            {
              "color": 5,
              "id": "opt3NigtYI",
              "name": "梧州"
            },
            {
              "color": 6,
              "id": "optrPdkfdm",
              "name": "岑溪"
            },
            {
              "color": 7,
              "id": "optxp7UoQI",
              "name": "全国各地"
            },
            {
              "color": 8,
              "id": "optYOxfSb5",
              "name": "江苏"
            },
            {
              "color": 9,
              "id": "optutsIdjd",
              "name": "国外"
            },
            {
              "color": 10,
              "id": "opt3X4lery",
              "name": "福建"
            },
            {
              "color": 0,
              "id": "optzCE8sZ3",
              "name": "东营"
            },
            {
              "color": 1,
              "id": "optjiEYLQ7",
              "name": "四川"
            },
            {
              "color": 2,
              "id": "opt38xN5CO",
              "name": "广东"
            },
            {
              "color": 3,
              "id": "opt5YGOaqu",
              "name": "浙江"
            },
            {
              "color": 4,
              "id": "optwYITrC2",
              "name": "广西"
            },
            {
              "color": 5,
              "id": "optCmY7OG7",
              "name": "辽宁"
            },
            {
              "color": 6,
              "id": "optPPGXghO",
              "name": "甘肃"
            },
            {
              "color": 7,
              "id": "optUqYqPah",
              "name": "山东"
            },
            {
              "color": 8,
              "id": "optxQvDiNP",
              "name": "河南"
            },
            {
              "color": 9,
              "id": "opty9XUiLc",
              "name": "眉山"
            },
            {
              "color": 10,
              "id": "optRRcABQI",
              "name": "张家港"
            },
            {
              "color": 0,
              "id": "optxbaDOd6",
              "name": "廊坊"
            },
            {
              "color": 1,
              "id": "optJSsX20C",
              "name": "顺德"
            },
            {
              "color": 2,
              "id": "optiHR3RSG",
              "name": "盐城"
            },
            {
              "color": 3,
              "id": "opt8K0phTW",
              "name": "淄博"
            },
            {
              "color": 4,
              "id": "optoELmtbP",
              "name": "台北"
            },
            {
              "color": 5,
              "id": "opt81H5hEI",
              "name": "全国多地"
            },
            {
              "color": 6,
              "id": "opt3FDcBIi",
              "name": "湖北"
            },
            {
              "color": 7,
              "id": "optXIb1ndp",
              "name": "陕西"
            },
            {
              "color": 8,
              "id": "optYbneHYQ",
              "name": "首尔"
            },
            {
              "color": 9,
              "id": "opt4YwBCO4",
              "name": "硅谷"
            },
            {
              "color": 10,
              "id": "optYPJpCkL",
              "name": "桐乡"
            },
            {
              "color": 0,
              "id": "opty3IRv1Z",
              "name": "全球派遣"
            },
            {
              "color": 1,
              "id": "optgUoHqhu",
              "name": "贵州"
            },
            {
              "color": 2,
              "id": "optNRBZJfQ",
              "name": "新乡"
            },
            {
              "color": 3,
              "id": "opt22U9GEW",
              "name": "桂林"
            },
            {
              "color": 4,
              "id": "optviacOWW",
              "name": "沧州"
            },
            {
              "color": 5,
              "id": "optHrtVl0v",
              "name": "菏泽"
            },
            {
              "color": 6,
              "id": "optnczMHGC",
              "name": "河北"
            },
            {
              "color": 7,
              "id": "optjp6fneC",
              "name": "澳门"
            },
            {
              "color": 8,
              "id": "opt5JckCLh",
              "name": "威海"
            },
            {
              "color": 9,
              "id": "optosXqwVh",
              "name": "兰州"
            },
            {
              "color": 10,
              "id": "optWIiXaqy",
              "name": "海南"
            },
            {
              "color": 0,
              "id": "opt3IFYRVn",
              "name": "吉利"
            },
            {
              "color": 1,
              "id": "optmdTISps",
              "name": "重庆南京"
            },
            {
              "color": 2,
              "id": "optS7O3bHh",
              "name": "武汉 北京"
            },
            {
              "color": 3,
              "id": "optpRFMqiC",
              "name": "北京上海杭州深圳"
            },
            {
              "color": 4,
              "id": "opt8EcDcov",
              "name": "北京成都南京 青岛上海深圳 海口宁波大连"
            },
            {
              "color": 5,
              "id": "optiNWTKUN",
              "name": "福州 嘉兴 绍兴"
            },
            {
              "color": 6,
              "id": "optq4XcRBN",
              "name": "无锡 苏州 上海"
            },
            {
              "color": 7,
              "id": "opts7GAH3T",
              "name": "上海 深圳"
            },
            {
              "color": 8,
              "id": "optPsl9Xl8",
              "name": "北京上海杭州 苏州南京西安武汉广州"
            },
            {
              "color": 9,
              "id": "optHu9qz7S",
              "name": "广州北京上海深圳厦门"
            },
            {
              "color": 10,
              "id": "optYjapYQN",
              "name": "西安广州唐山雄安宝鸡成都天津重庆兰州 无锡珠海全国其他"
            },
            {
              "color": 0,
              "id": "optaujtwqb",
              "name": "上海宁波钦州南涵镇江儋州盐城"
            },
            {
              "color": 1,
              "id": "optcGRifDK",
              "name": "北京 深圳"
            },
            {
              "color": 2,
              "id": "optJMIvEYQ",
              "name": "上海东莞无锡镇江北京深圳广州昆山苏州南通"
            },
            {
              "color": 3,
              "id": "opt3Ga1gDQ",
              "name": "北京 上海 珠海"
            },
            {
              "color": 4,
              "id": "opthoCLGPS",
              "name": "深圳 厦门"
            },
            {
              "color": 5,
              "id": "optEfZqyWw",
              "name": "北京 上海广州武汉"
            },
            {
              "color": 6,
              "id": "optIPKmRt3",
              "name": "深圳无锡西安泰州"
            },
            {
              "color": 7,
              "id": "optLY7Byx5",
              "name": "北京上海 深圳沈阳武汉宁波"
            },
            {
              "color": 8,
              "id": "optV1MlmXX",
              "name": "武汉 全国其他"
            },
            {
              "color": 9,
              "id": "optOH0YXC9",
              "name": "江苏昆山"
            },
            {
              "color": 10,
              "id": "optseVeOUV",
              "name": "东莞深圳上海全国"
            },
            {
              "color": 0,
              "id": "optMG4qHA9",
              "name": "东莞 深圳"
            },
            {
              "color": 1,
              "id": "opt3nBNu5j",
              "name": "北京成都"
            },
            {
              "color": 2,
              "id": "optozGMcON",
              "name": "北京天津 成都 青岛西安"
            },
            {
              "color": 3,
              "id": "optHA2mqkw",
              "name": "河北北京"
            },
            {
              "color": 4,
              "id": "optbMBqgwA",
              "name": "唐山"
            },
            {
              "color": 5,
              "id": "optlGo60gG",
              "name": "2026年毕业生"
            },
            {
              "color": 6,
              "id": "optmT0XOjC",
              "name": "2026届"
            },
            {
              "color": 7,
              "id": "optdMUz84q",
              "name": "招聘对象"
            },
            {
              "color": 8,
              "id": "optmgxMefs",
              "name": "西安青岛杭州上海新疆"
            },
            {
              "color": 9,
              "id": "optPK7THsy",
              "name": "广州广东、四川、贵州、海南、安徽"
            },
            {
              "color": 10,
              "id": "optNVdR6PO",
              "name": "上海 宁德 南京"
            },
            {
              "color": 0,
              "id": "optsA3fyG9",
              "name": "贵阳成都深圳北京西安上海 广州保定青岛无锡郑州乌木齐全国其他"
            },
            {
              "color": 1,
              "id": "optgKoivTP",
              "name": "成都贵阳昆明其他"
            },
            {
              "color": 2,
              "id": "optQV1LmeF",
              "name": "东莞深圳"
            },
            {
              "color": 3,
              "id": "optpUdQ677",
              "name": "上海济南全国海外"
            },
            {
              "color": 4,
              "id": "optcFyqNJA",
              "name": "长沙 全国"
            },
            {
              "color": 5,
              "id": "opt03SNQnF",
              "name": "沈阳北京雄安西株洲大庆等"
            },
            {
              "color": 6,
              "id": "opttJZ6Ho4",
              "name": "重庆成都北京上海苏州济南"
            },
            {
              "color": 7,
              "id": "optH7ksHCE",
              "name": "北京 天津武汉 阳十堰随州青岛张家港玉林广州瑞典韩国 日本"
            },
            {
              "color": 8,
              "id": "optNWXvFXq",
              "name": "湖南株洲"
            },
            {
              "color": 9,
              "id": "optp96qd0r",
              "name": "临沂济南 青岛上海杭州海外"
            },
            {
              "color": 10,
              "id": "optR1oGr1m",
              "name": "浙江台州"
            },
            {
              "color": 0,
              "id": "optdk2LkxP",
              "name": "桂林柳州北海玉林上海湖北襄阳 浙江嘉兴"
            },
            {
              "color": 1,
              "id": "optgVfKKkA",
              "name": "辽宁沈阳"
            },
            {
              "color": 2,
              "id": "opt3WBRmAq",
              "name": "南京 江苏、上海、安徽、山东等华东各省市的重点城市与核心区"
            },
            {
              "color": 3,
              "id": "optfAKhyET",
              "name": "深圳北京上海南京杭州太原"
            },
            {
              "color": 4,
              "id": "optfgIisYX",
              "name": "深圳东莞北京杭州鄂州南宁泉州上海济南昆明淮安广州保定海口三亚邢台"
            },
            {
              "color": 5,
              "id": "optYSqzsMR",
              "name": "北京 深圳广州"
            },
            {
              "color": 6,
              "id": "optYsFQoEa",
              "name": "新疆各地州全国其他海外"
            },
            {
              "color": 7,
              "id": "optBWW8SNU",
              "name": "深圳 武汉 上海 成都等"
            },
            {
              "color": 8,
              "id": "optvLOxD3n",
              "name": "重庆广州沈阳贵阳成都昆明南昌上海海口香港长沙 厦门南京 合肥 澳门等"
            },
            {
              "color": 9,
              "id": "optbzpumF6",
              "name": "武汉黄石全国其他"
            },
            {
              "color": 10,
              "id": "optJythZj7",
              "name": "深圳成都南京上海"
            },
            {
              "color": 0,
              "id": "optoiYk5tq",
              "name": "石家庄全国其他"
            },
            {
              "color": 1,
              "id": "optd2GhmMw",
              "name": "成都长沙杭州绵阳 宁波 青岛武汉无锡"
            },
            {
              "color": 2,
              "id": "opteUo3CbF",
              "name": "广州北京成都武汉西安上海 南京深圳长沙"
            },
            {
              "color": 3,
              "id": "optOMtBQED",
              "name": "珠海北京上海"
            },
            {
              "color": 4,
              "id": "opt8Slvtmy",
              "name": "南昌合肥深圳"
            },
            {
              "color": 5,
              "id": "optUAGaS78",
              "name": "昆明 全国"
            },
            {
              "color": 6,
              "id": "optXcDqqbP",
              "name": "上海、重庆、合肥、AIDH熟、宁波、天津、丽水、芜湖、广州、"
            },
            {
              "color": 7,
              "id": "optmupfexQ",
              "name": "长沙深圳 株洲武汉杭州 台州东莞常熟 泰国等"
            },
            {
              "color": 8,
              "id": "optQTI92me",
              "name": "北京合肥福州"
            },
            {
              "color": 9,
              "id": "optYyDMFcX",
              "name": "北京天津廊坊"
            },
            {
              "color": 10,
              "id": "optxsbX1IR",
              "name": "深圳中山"
            },
            {
              "color": 0,
              "id": "opt8CiBsZf",
              "name": "上海深圳北京"
            },
            {
              "color": 1,
              "id": "optAla7IOS",
              "name": "成都北京"
            },
            {
              "color": 2,
              "id": "optWPXAFBR",
              "name": "广州全国其他"
            },
            {
              "color": 3,
              "id": "opta4CanqA",
              "name": "上海肇庆 东莞溧阳宁德 深圳 宜春 芜湖奉新 成都 韶关"
            },
            {
              "color": 4,
              "id": "optB4tBTE9",
              "name": "深圳武汉 杭州"
            },
            {
              "color": 5,
              "id": "optyYawTxP",
              "name": "成都深圳杭州北京"
            },
            {
              "color": 6,
              "id": "optYj1o7yp",
              "name": "南京全国其他"
            },
            {
              "color": 7,
              "id": "optcAas3QF",
              "name": "安徽苏州"
            },
            {
              "color": 8,
              "id": "optvaKhUbR",
              "name": "厦门 泉州"
            },
            {
              "color": 9,
              "id": "optAYZfEgY",
              "name": "广州北京"
            },
            {
              "color": 10,
              "id": "optNbpDTRp",
              "name": "广州 全国"
            },
            {
              "color": 0,
              "id": "opt33rNsWn",
              "name": "北京上海"
            },
            {
              "color": 1,
              "id": "optoiijFCR",
              "name": "北京上海新加坡"
            },
            {
              "color": 2,
              "id": "opti7WK9wY",
              "name": "南京 宜春菏泽苏州长沙遂宁常州安庆柳州天津"
            },
            {
              "color": 3,
              "id": "optj02Cc1y",
              "name": "合肥 深圳"
            },
            {
              "color": 4,
              "id": "opttjoJpWV",
              "name": "成都 深圳"
            },
            {
              "color": 5,
              "id": "optdS0VCQ7",
              "name": "北京、上海、西安、广州、杭州、南京、长沙、武汉、重庆、成都、济南等全国20+所城市"
            },
            {
              "color": 6,
              "id": "optY8CsPpS",
              "name": "绍兴 武汉"
            },
            {
              "color": 7,
              "id": "optlHNhld3",
              "name": "重庆成都郑州武汉长沙 西安南京杭州本科及以上广州 深圳"
            },
            {
              "color": 8,
              "id": "opt8bTAigl",
              "name": "深圳湛江茂名贺州文昌"
            },
            {
              "color": 9,
              "id": "optl4cdOTd",
              "name": "武汉上海深圳北京成覯围都"
            },
            {
              "color": 10,
              "id": "optSIQlON0",
              "name": "马鞍山"
            },
            {
              "color": 0,
              "id": "optc2RqydF",
              "name": "宿迁"
            },
            {
              "color": 1,
              "id": "optPPJYf2o",
              "name": "德阳"
            },
            {
              "color": 2,
              "id": "optZEXD396",
              "name": "镇江"
            },
            {
              "color": 3,
              "id": "optVX3OmKd",
              "name": "保定"
            },
            {
              "color": 4,
              "id": "optQntvMzT",
              "name": "连云港"
            },
            {
              "color": 5,
              "id": "optXOsQbHG",
              "name": "蚌埠"
            },
            {
              "color": 6,
              "id": "optWwqlVbl",
              "name": "漳州"
            },
            {
              "color": 7,
              "id": "optZAXBWhw",
              "name": "鄂州"
            },
            {
              "color": 8,
              "id": "opt5HXC4iE",
              "name": "孝感"
            },
            {
              "color": 9,
              "id": "optxCWSAal",
              "name": "汉川"
            },
            {
              "color": 10,
              "id": "optbkNePKd",
              "name": "随州"
            },
            {
              "color": 0,
              "id": "opt4qbiQjI",
              "name": "广水"
            },
            {
              "color": 1,
              "id": "optupeqN5U",
              "name": "武冈"
            },
            {
              "color": 2,
              "id": "opt4WY1isv",
              "name": "宜宾"
            },
            {
              "color": 3,
              "id": "opthxsqphM",
              "name": "曲靖"
            },
            {
              "color": 4,
              "id": "optrFhnqgD",
              "name": "宣威"
            },
            {
              "color": 5,
              "id": "optE6NXMy6",
              "name": "拉萨"
            },
            {
              "color": 6,
              "id": "opt3PaGv5H",
              "name": "西宁"
            },
            {
              "color": 7,
              "id": "optjr72PpH",
              "name": "银川"
            },
            {
              "color": 8,
              "id": "opt1Vfhg7z",
              "name": "深圳广州 惠州河源北京 上海武汉香湘海外"
            },
            {
              "color": 9,
              "id": "opt7mT2RnX",
              "name": "北京青岛上海连云港广州西安成都厦门 长沙 泉州 宁波临沂天津石家庄郑州 重庆 武汉"
            },
            {
              "color": 10,
              "id": "optCzZBXgn",
              "name": "湖南四川广西广东河南江苏江西 上海河北 湖北 天津 新疆"
            },
            {
              "color": 0,
              "id": "optL54PlZD",
              "name": "湖南湖北 山东北京天津 冀东"
            },
            {
              "color": 1,
              "id": "optrTQVmi6",
              "name": "长春敦化全国其他"
            },
            {
              "color": 2,
              "id": "optRNE4MMR",
              "name": "北京天津苏州南京武汉厦门郑州长沙广州西安成都重庆南宁深圳全国其他"
            },
            {
              "color": 3,
              "id": "optlnR1DqR",
              "name": "河北秦皇岛"
            },
            {
              "color": 4,
              "id": "opt7ljNblv",
              "name": "天津北京上海广州深圳武汉 合肥 成都青岛无锡苏州宁波南京;"
            },
            {
              "color": 5,
              "id": "optmcTriHS",
              "name": "北京上海广州深圳佛山东莞惠州武汉"
            },
            {
              "color": 6,
              "id": "opt92w1e5U",
              "name": "浙江台州 江西鹰潭广东东莞浙江杭州"
            },
            {
              "color": 7,
              "id": "optqD1NOOF",
              "name": "陕西咸阳"
            },
            {
              "color": 8,
              "id": "optMO0f5mm",
              "name": "等等多地都有"
            },
            {
              "color": 9,
              "id": "optxDdFWPG",
              "name": "贵阳、南宁、昆明"
            },
            {
              "color": 10,
              "id": "opt7aupJoZ",
              "name": "深圳、长沙、武汉、成都、重庆、南京、杭州"
            },
            {
              "color": 0,
              "id": "optiNz6CAj",
              "name": "上海、广州、无锡、成都、郑州、武汉、唐山、西安"
            },
            {
              "color": 1,
              "id": "optcPWGCpF",
              "name": "深圳、武汉、成都、南京、石家庄"
            },
            {
              "color": 2,
              "id": "opte3GlyPr",
              "name": "北京、天津、西安、无锡、哈尔滨、南昌、成都"
            },
            {
              "color": 3,
              "id": "opttRc82Hu",
              "name": "昆明"
            },
            {
              "color": 4,
              "id": "optlsfmScL",
              "name": "晋中"
            },
            {
              "color": 5,
              "id": "optmnMPb3E",
              "name": "徐州"
            },
            {
              "color": 6,
              "id": "optdRKdiDu",
              "name": "烟台"
            },
            {
              "color": 7,
              "id": "optZGO2fI9",
              "name": "许昌"
            },
            {
              "color": 8,
              "id": "optKcrnise",
              "name": "常德"
            },
            {
              "color": 9,
              "id": "opt5yZp6mh",
              "name": "泸州"
            },
            {
              "color": 10,
              "id": "optVEaxYke",
              "name": "太仓"
            },
            {
              "color": 0,
              "id": "opt0Qk1qw6",
              "name": "雄安新区"
            },
            {
              "color": 1,
              "id": "optEPaC83o",
              "name": "荆门"
            },
            {
              "color": 2,
              "id": "optJm9yRxc",
              "name": "铜川"
            },
            {
              "color": 3,
              "id": "opt6NnmVAE",
              "name": "宿州"
            },
            {
              "color": 4,
              "id": "opt9npdZe0",
              "name": "临沂"
            },
            {
              "color": 5,
              "id": "optnr3JmVS",
              "name": "山东北京上海南京全国其他"
            },
            {
              "color": 6,
              "id": "optv3Uiq1q",
              "name": "西安北京南京东莞溧阳 婧边等"
            },
            {
              "color": 7,
              "id": "optJC1JtYo",
              "name": "深圳珠海"
            },
            {
              "color": 8,
              "id": "optUtdnh5W",
              "name": "深圳 合肥"
            },
            {
              "color": 9,
              "id": "optJULobPt",
              "name": "呼和浩特西安太原邯郸济南广州南昌上海北京成都全国其他"
            },
            {
              "color": 10,
              "id": "optquf1V4V",
              "name": "武汉 苏州"
            },
            {
              "color": 0,
              "id": "optWG31bJh",
              "name": "南京常州张家港湖北襄阳山东菏泽四川遂宁海外"
            },
            {
              "color": 1,
              "id": "optBgV4JpE",
              "name": "菏泽上海北京济南青岛连云港"
            },
            {
              "color": 2,
              "id": "optP6rL4t7",
              "name": "五大连池"
            },
            {
              "color": 3,
              "id": "optwcTNfLz",
              "name": "义乌"
            },
            {
              "color": 4,
              "id": "optfugYHvY",
              "name": "玉溪"
            },
            {
              "color": 5,
              "id": "optnscp5SA",
              "name": "丽江"
            },
            {
              "color": 6,
              "id": "optRAlzOA1",
              "name": "西双版纳傣族自治州"
            },
            {
              "color": 7,
              "id": "optohYe5nz",
              "name": "大理"
            },
            {
              "color": 8,
              "id": "optLVDFeHq",
              "name": "邯郸"
            },
            {
              "color": 9,
              "id": "optCmdYZrt",
              "name": "邢台"
            },
            {
              "color": 10,
              "id": "optGYhStgt",
              "name": "衡水"
            },
            {
              "color": 0,
              "id": "optIfqZ1Fi",
              "name": "临汾"
            },
            {
              "color": 1,
              "id": "opt0YKtTbH",
              "name": "吕梁"
            },
            {
              "color": 2,
              "id": "optKgiiV4g",
              "name": "包头"
            },
            {
              "color": 3,
              "id": "optSstnuE4",
              "name": "赤峰"
            },
            {
              "color": 4,
              "id": "optJNcuETG",
              "name": "通辽"
            },
            {
              "color": 5,
              "id": "opt0BTxV7f",
              "name": "乌兰察布"
            },
            {
              "color": 6,
              "id": "optkHgDak7",
              "name": "泰安"
            },
            {
              "color": 7,
              "id": "opt1rECcfd",
              "name": "德州"
            },
            {
              "color": 8,
              "id": "optZX0b6dg",
              "name": "聊城"
            },
            {
              "color": 9,
              "id": "optaAwwY2N",
              "name": "南充"
            },
            {
              "color": 10,
              "id": "optBwUv6UN",
              "name": "巴中"
            },
            {
              "color": 0,
              "id": "optWsvtNPa",
              "name": "毕节"
            },
            {
              "color": 1,
              "id": "optRBed9vz",
              "name": "昭通"
            },
            {
              "color": 2,
              "id": "opt9mvtNJd",
              "name": "延安"
            },
            {
              "color": 3,
              "id": "optcevMtUD",
              "name": "榆林"
            },
            {
              "color": 4,
              "id": "opt0sOYlfi",
              "name": "酒泉"
            },
            {
              "color": 5,
              "id": "optJ8OKAt9",
              "name": "南平"
            },
            {
              "color": 6,
              "id": "opt8W2jCVE",
              "name": "景德镇"
            },
            {
              "color": 7,
              "id": "optK7CoNmc",
              "name": "吉安"
            },
            {
              "color": 8,
              "id": "optjBR0CI1",
              "name": "上饶"
            },
            {
              "color": 9,
              "id": "optvOIzSgM",
              "name": "钦州"
            },
            {
              "color": 10,
              "id": "optmzugOqh",
              "name": "崇左"
            },
            {
              "color": 0,
              "id": "optUGe0KFP",
              "name": "濮阳"
            },
            {
              "color": 1,
              "id": "optwBq3DeU",
              "name": "开封"
            },
            {
              "color": 2,
              "id": "optLegzbU0",
              "name": "平顶山"
            },
            {
              "color": 3,
              "id": "optHfF5dtz",
              "name": "安阳"
            },
            {
              "color": 4,
              "id": "optb10X0He",
              "name": "南阳"
            },
            {
              "color": 5,
              "id": "opty4HZS0K",
              "name": "商丘"
            },
            {
              "color": 6,
              "id": "opts0rUEUw",
              "name": "遂宁"
            },
            {
              "color": 7,
              "id": "optT0ROzCq",
              "name": "萍乡"
            },
            {
              "color": 8,
              "id": "optV2Gu0am",
              "name": "九江"
            },
            {
              "color": 9,
              "id": "opt7niV1jD",
              "name": "鹰潭"
            },
            {
              "color": 10,
              "id": "opt63NuHHf",
              "name": "宜春"
            },
            {
              "color": 0,
              "id": "optnGNDQAi",
              "name": "抚州"
            },
            {
              "color": 1,
              "id": "opt8XzkYSm",
              "name": "北京天津成都"
            },
            {
              "color": 2,
              "id": "opt2wNuFs2",
              "name": "山东威海"
            },
            {
              "color": 3,
              "id": "optAJLWRCZ",
              "name": "北京新加坡郑州日照"
            },
            {
              "color": 4,
              "id": "opt1JpTeij",
              "name": "上海江苏浙江安徽江西"
            },
            {
              "color": 5,
              "id": "optg7u1X1q",
              "name": "上海北京广州深圳武汉成都南京"
            },
            {
              "color": 6,
              "id": "optMoXqVYE",
              "name": "青岛西安济南武汉郑州广州深圳福州"
            },
            {
              "color": 7,
              "id": "optvLB2Ma6",
              "name": "杭州北京上海重庆深圳济南南京合肥厦门 广州 长沙 武汉成都昆明乌鲁木齐沈阳西安香港"
            },
            {
              "color": 8,
              "id": "optGb4wOep",
              "name": "苏州 上海武汉"
            },
            {
              "color": 9,
              "id": "optG3nAlFG",
              "name": "南京广州成都全国其他"
            },
            {
              "color": 10,
              "id": "opt0CYb5fH",
              "name": "鹤壁"
            },
            {
              "color": 0,
              "id": "optagKNDwA",
              "name": "漯河"
            },
            {
              "color": 1,
              "id": "opt0Dlj8f6",
              "name": "邓州"
            },
            {
              "color": 2,
              "id": "optyHdin3o",
              "name": "信阳"
            },
            {
              "color": 3,
              "id": "optO9N0uCq",
              "name": "周口"
            },
            {
              "color": 4,
              "id": "optBN9NjI2",
              "name": "驻马店"
            },
            {
              "color": 5,
              "id": "optT8rjYkO",
              "name": "济源"
            },
            {
              "color": 6,
              "id": "optFjy2Q6w",
              "name": "宁波 嘉兴 上海 江西全国其他海外"
            },
            {
              "color": 7,
              "id": "opt4Ft2iy7",
              "name": "上海成都"
            },
            {
              "color": 8,
              "id": "optI1BeL2I",
              "name": "北京天津河北四川重庆贵州广东广全国其他"
            },
            {
              "color": 9,
              "id": "optg1pFikg",
              "name": "北京 上海成都"
            },
            {
              "color": 10,
              "id": "opttTWjIM8",
              "name": "上海南通武汉 潍坊"
            },
            {
              "color": 0,
              "id": "optNAzTWPg",
              "name": "上海广州天津重庆杭州郑州"
            },
            {
              "color": 1,
              "id": "optZcy6AxK",
              "name": "深圳东莞昆山西安华东华南华中西南地区"
            },
            {
              "color": 2,
              "id": "opt3kvbqtE",
              "name": "无锡珠海海外"
            },
            {
              "color": 3,
              "id": "optFK1ctms",
              "name": "深圳西安南京成都上海北京 武汉 长沙"
            },
            {
              "color": 4,
              "id": "opt2w9Z721",
              "name": "广西南宁"
            },
            {
              "color": 5,
              "id": "optPoH4tKM",
              "name": "慈溪"
            },
            {
              "color": 6,
              "id": "opt63uktjA",
              "name": "贵港"
            },
            {
              "color": 7,
              "id": "optRUWEMgP",
              "name": "贺州"
            },
            {
              "color": 8,
              "id": "optJM2sAzL",
              "name": "河池"
            },
            {
              "color": 9,
              "id": "optLVfi7Km",
              "name": "来宾"
            },
            {
              "color": 10,
              "id": "optfzq48wV",
              "name": "大同"
            },
            {
              "color": 0,
              "id": "optiMhpPCQ",
              "name": "淮南"
            },
            {
              "color": 1,
              "id": "opt070pfSt",
              "name": "十堰"
            },
            {
              "color": 2,
              "id": "optWkOk0aS",
              "name": "石首"
            },
            {
              "color": 3,
              "id": "optkT1X3JZ",
              "name": "昌吉"
            },
            {
              "color": 4,
              "id": "optx1gEBYo",
              "name": "诸暨"
            },
            {
              "color": 5,
              "id": "optpfcdyKq",
              "name": "诸城"
            },
            {
              "color": 6,
              "id": "optf2nYwvx",
              "name": "亳州"
            },
            {
              "color": 7,
              "id": "optG0wXj22",
              "name": "余姚"
            },
            {
              "color": 8,
              "id": "optOKri50n",
              "name": "枣庄"
            },
            {
              "color": 9,
              "id": "optgWRXxHR",
              "name": "自贡"
            },
            {
              "color": 10,
              "id": "optnVoucyF",
              "name": "凯里"
            },
            {
              "color": 0,
              "id": "opt5dyaACW",
              "name": "淮安"
            },
            {
              "color": 1,
              "id": "optd5X2FxQ",
              "name": "东台"
            },
            {
              "color": 2,
              "id": "opt41CTarl",
              "name": "东阳"
            },
            {
              "color": 3,
              "id": "optTNbXQ2c",
              "name": "招远"
            },
            {
              "color": 4,
              "id": "optL2nNFSj",
              "name": "台山"
            },
            {
              "color": 5,
              "id": "opt4nuI3K9",
              "name": "陆丰"
            },
            {
              "color": 6,
              "id": "opt5RbWwVP",
              "name": "防城港"
            },
            {
              "color": 7,
              "id": "optMTyKwZH",
              "name": "营口"
            },
            {
              "color": 8,
              "id": "optdDmff6t",
              "name": "盘锦"
            },
            {
              "color": 9,
              "id": "optw4AnUrZ",
              "name": "葫芦岛"
            },
            {
              "color": 10,
              "id": "optRHfSIcb",
              "name": "文山壮族苗族自治州"
            },
            {
              "color": 0,
              "id": "optQxGWsFf",
              "name": "文山"
            },
            {
              "color": 1,
              "id": "opt5tOJamq",
              "name": "海宁"
            },
            {
              "color": 2,
              "id": "optVgMD2fJ",
              "name": "达州"
            },
            {
              "color": 3,
              "id": "optfSSQ5l2",
              "name": "滁州"
            },
            {
              "color": 4,
              "id": "optZYFISrQ",
              "name": "淮北"
            },
            {
              "color": 5,
              "id": "opt4zF8KeO",
              "name": "铜陵"
            },
            {
              "color": 6,
              "id": "optEyKMDtf",
              "name": "六安"
            },
            {
              "color": 7,
              "id": "optRYwljdY",
              "name": "池州"
            },
            {
              "color": 8,
              "id": "optXaTYpCN",
              "name": "宣城"
            },
            {
              "color": 9,
              "id": "optLLMHHWQ",
              "name": "张家口"
            },
            {
              "color": 10,
              "id": "optHIuKBao",
              "name": "承德"
            },
            {
              "color": 0,
              "id": "opt2htO766",
              "name": "咸宁"
            },
            {
              "color": 1,
              "id": "optAlOWRZg",
              "name": "内江"
            },
            {
              "color": 2,
              "id": "optEgGe7D5",
              "name": "靖江"
            },
            {
              "color": 3,
              "id": "optmdBebQD",
              "name": "汉中"
            },
            {
              "color": 4,
              "id": "optMc4NgVW",
              "name": "莱阳"
            },
            {
              "color": 5,
              "id": "optwxDWbA1",
              "name": "遵义"
            },
            {
              "color": 6,
              "id": "optynQXpLJ",
              "name": "深圳东莞南京重庆珠海"
            },
            {
              "color": 7,
              "id": "opteChDkM0",
              "name": "长沙湘潭东莞泰州海外"
            },
            {
              "color": 8,
              "id": "optNmci4VL",
              "name": "北京上海杭州合肥南京武汉长沙成都西綯糍楯銨沕➅慤闻鍰萣覯纨伦哈尔滨天津郑州"
            },
            {
              "color": 9,
              "id": "optHIlAWDp",
              "name": "重庆北京上海杭州"
            },
            {
              "color": 10,
              "id": "optV85BIND",
              "name": "北京上海南京杭州"
            },
            {
              "color": 0,
              "id": "optDj7oIen",
              "name": "杭州西安北京上海苏州深圳武汉广州天津成都济南沈阳长沙合肥郑州厦门贵阳重庆东莞惠州"
            },
            {
              "color": 1,
              "id": "optTYwxPuo",
              "name": "深圳 上海"
            },
            {
              "color": 2,
              "id": "optuupT4Zx",
              "name": "湖南衡阳"
            },
            {
              "color": 3,
              "id": "opt2NnCTo2",
              "name": "杭州绍兴中山海外"
            },
            {
              "color": 4,
              "id": "optM7MpA7S",
              "name": "陕西汉中"
            },
            {
              "color": 5,
              "id": "optKszWv18",
              "name": "深圳佛山无锡天津成都上海海外等地"
            },
            {
              "color": 6,
              "id": "optQUnZj3I",
              "name": "翺捡期蒂员阳鷄桧輪棹"
            },
            {
              "color": 7,
              "id": "optNl31gn4",
              "name": "本溪"
            },
            {
              "color": 8,
              "id": "optiGaf8u6",
              "name": "辽阳"
            },
            {
              "color": 9,
              "id": "optN85cdvy",
              "name": "齐齐哈尔"
            },
            {
              "color": 10,
              "id": "optwwZe7BC",
              "name": "浏阳"
            },
            {
              "color": 0,
              "id": "optNXAnt7r",
              "name": "宁乡"
            },
            {
              "color": 1,
              "id": "optzg5JE71",
              "name": "邵阳"
            },
            {
              "color": 2,
              "id": "opteQv9iUJ",
              "name": "岳阳"
            },
            {
              "color": 3,
              "id": "optLxdy75W",
              "name": "郴州"
            },
            {
              "color": 4,
              "id": "opttOdGBaS",
              "name": "广安"
            },
            {
              "color": 5,
              "id": "optr3jw5SY",
              "name": "杭州北京上海广州南京武汉西安大连哈尔滨全国"
            },
            {
              "color": 6,
              "id": "optedIPhuW",
              "name": "绵阳成都"
            },
            {
              "color": 7,
              "id": "optpzoPYFL",
              "name": "北京广州南京昆明成都杭州西安"
            },
            {
              "color": 8,
              "id": "optBySWZN0",
              "name": "淄博济南北京广州深圳"
            },
            {
              "color": 9,
              "id": "optkT2ouJT",
              "name": "北京天津河北雄安山西内蒙辽宁大连吉林黑龙江上海江苏苏州浙江宁波安徽福建门江西"
            },
            {
              "color": 10,
              "id": "opt59wRBuv",
              "name": "湖北孝感武汉宜昌"
            },
            {
              "color": 0,
              "id": "optcD18ntq",
              "name": "乌海"
            },
            {
              "color": 1,
              "id": "optAU0tlKZ",
              "name": "锡林郭勒盟"
            },
            {
              "color": 2,
              "id": "opty5ZO1JA",
              "name": "抚顺"
            },
            {
              "color": 3,
              "id": "optdFG8TZz",
              "name": "磐石"
            },
            {
              "color": 4,
              "id": "optOuTHDI1",
              "name": "双鸭山"
            },
            {
              "color": 5,
              "id": "optv7RBkay",
              "name": "伊春"
            },
            {
              "color": 6,
              "id": "opteRAhj50",
              "name": "石嘴山"
            },
            {
              "color": 7,
              "id": "optILYnwNE",
              "name": "宝鸡"
            },
            {
              "color": 8,
              "id": "optNa3CMAD",
              "name": "宜兴"
            },
            {
              "color": 9,
              "id": "optexOSci7",
              "name": "荣成"
            },
            {
              "color": 10,
              "id": "optL2ckaGY",
              "name": "滨州"
            },
            {
              "color": 0,
              "id": "optLYsn7fx",
              "name": "朝阳"
            },
            {
              "color": 1,
              "id": "optnXRFtbz",
              "name": "莆田"
            },
            {
              "color": 2,
              "id": "optXwcruoD",
              "name": "嘉峪关"
            },
            {
              "color": 3,
              "id": "opt5FWogxz",
              "name": "新泰"
            },
            {
              "color": 4,
              "id": "opthdaBovz",
              "name": "攀枝花"
            },
            {
              "color": 5,
              "id": "optUSp7bSi",
              "name": "安宁"
            },
            {
              "color": 6,
              "id": "optD4ujFHw",
              "name": "广州嘉兴 上海苏州深圳佛山东莞武汉青岛"
            },
            {
              "color": 7,
              "id": "optkvTEtzS",
              "name": "广东惠州全国其他"
            },
            {
              "color": 8,
              "id": "opthjeopQ8",
              "name": "北京成都西安"
            },
            {
              "color": 9,
              "id": "optfEiOeFm",
              "name": "北京 上海"
            },
            {
              "color": 10,
              "id": "opt4H0kBel",
              "name": "宁夏银川安徽芜湖安徽合肥四川资阳本科及以上山东潍坊等"
            },
            {
              "color": 0,
              "id": "optskDj298",
              "name": "贵州贵阳"
            },
            {
              "color": 1,
              "id": "optFTc8wGa",
              "name": "北京南京全国"
            },
            {
              "color": 2,
              "id": "optqEbKAuW",
              "name": "北京佛山辽宁朝阳成都"
            },
            {
              "color": 3,
              "id": "optBWy6yaP",
              "name": "成都北京上海广州深圳雄安重庆天津郑州西安武汉昆明杭州全国其他"
            },
            {
              "color": 4,
              "id": "optcvIvFQP",
              "name": "西安无锡南京北京上海成都深圳苏州全国其他"
            },
            {
              "color": 5,
              "id": "optMMtjebb",
              "name": "曲阜"
            },
            {
              "color": 6,
              "id": "optoaCarun",
              "name": "西安、哈尔滨、长春、沈阳"
            },
            {
              "color": 7,
              "id": "optseB7p0O",
              "name": "深圳、杭州、北京、鄂州、东莞"
            },
            {
              "color": 8,
              "id": "optSdxHdqH",
              "name": "北京、上海、广州、深圳、成都、武汉、西安、青岛"
            },
            {
              "color": 9,
              "id": "optTlL3W7Q",
              "name": "昆山、厦门"
            },
            {
              "color": 10,
              "id": "optYHV7RAx",
              "name": "北京、上海、广州"
            },
            {
              "color": 0,
              "id": "optOmUat8t",
              "name": "北京、苏州、全国其他"
            },
            {
              "color": 1,
              "id": "opt6EezAM1",
              "name": "杭州、广州"
            },
            {
              "color": 2,
              "id": "optNpn09WN",
              "name": "北京、成都"
            },
            {
              "color": 3,
              "id": "optkvV906J",
              "name": "上海、宁波、成都"
            },
            {
              "color": 4,
              "id": "opt1hSUMJe",
              "name": "河南洛阳、福建漳州"
            },
            {
              "color": 5,
              "id": "optU3hrItm",
              "name": "南阳、郑州、海外"
            },
            {
              "color": 6,
              "id": "optXPSmSjO",
              "name": "武汉、成都、南京、珠海、西安"
            },
            {
              "color": 7,
              "id": "optIQQ8Wto",
              "name": "北京、上海、广州、沈阳、福州、南宁、贵阳等"
            },
            {
              "color": 8,
              "id": "optrFTCZ9F",
              "name": "北京、成都、天津、呼和浩特、重庆、贵阳、上海、杭州"
            },
            {
              "color": 9,
              "id": "optUmz4VFx",
              "name": "赣州、武汉、深圳、重庆、北京、上海"
            },
            {
              "color": 10,
              "id": "optzutPf53",
              "name": "山东威海、江苏、贵州"
            },
            {
              "color": 0,
              "id": "opt1ztwKEQ",
              "name": "北京、全国"
            },
            {
              "color": 1,
              "id": "optsAPoU2Z",
              "name": "宁波、浙江省"
            },
            {
              "color": 2,
              "id": "optnL3MB73",
              "name": "成都、自贡、北京"
            },
            {
              "color": 3,
              "id": "optTbSepv7",
              "name": "全国、海外、香港、澳门"
            },
            {
              "color": 4,
              "id": "optfbS6cGC",
              "name": "深圳、杭州、武汉"
            },
            {
              "color": 5,
              "id": "opt9OqKCfV",
              "name": "厦门、武汉、成都、西安、长沙、全国其他"
            },
            {
              "color": 6,
              "id": "optMAWSOfo",
              "name": "芜湖、日照、上海、开封、毫州、常州、贵州、合肥、南通、全国其他"
            },
            {
              "color": 7,
              "id": "optKG75Wbr",
              "name": "深圳、武汉"
            },
            {
              "color": 8,
              "id": "opt5f6A6yR",
              "name": "永康、杭州、苏州"
            },
            {
              "color": 9,
              "id": "optv3O6Ekt",
              "name": "山东东营"
            },
            {
              "color": 10,
              "id": "optkulvhFX",
              "name": "深圳、上海、北京、西安、无锡、重庆、香港"
            },
            {
              "color": 0,
              "id": "optIHdiezC",
              "name": "上海、广州、青岛、天津、宁波、深圳、苏州、南京、厦门、常州、重庆、大连、昆山、武汉"
            },
            {
              "color": 1,
              "id": "opt0lceyc6",
              "name": "柳州、常州、无锡、镇江、安徽蚌埠、上海、北京、深圳、海外"
            },
            {
              "color": 2,
              "id": "optElETHmz",
              "name": "北京、上海、鄂尔多斯"
            },
            {
              "color": 3,
              "id": "opt9Bidoms",
              "name": "南京、上海、杭州、厦门、天津、扬州、兰州"
            },
            {
              "color": 4,
              "id": "optQvpAMsj",
              "name": "深圳、西安"
            },
            {
              "color": 5,
              "id": "opt1rHvU9R",
              "name": "青海西宁"
            },
            {
              "color": 6,
              "id": "optVPFQFIU",
              "name": "江阴"
            },
            {
              "color": 7,
              "id": "optdIanOU3",
              "name": "娄底"
            },
            {
              "color": 8,
              "id": "optEa27iCe",
              "name": "永康"
            },
            {
              "color": 9,
              "id": "optDkSpcp7",
              "name": "黄石"
            },
            {
              "color": 10,
              "id": "optdjhqAot",
              "name": "黄冈"
            },
            {
              "color": 0,
              "id": "optvIixiXp",
              "name": "天门"
            },
            {
              "color": 1,
              "id": "optocsKSef",
              "name": "全国项目所在地"
            },
            {
              "color": 2,
              "id": "optsfARhIr",
              "name": "温州、杭州、上海、全国"
            },
            {
              "color": 3,
              "id": "optX3TGKQo",
              "name": "北京、黑龙江"
            },
            {
              "color": 4,
              "id": "optgKmwGy1",
              "name": "苏州、咸阳、铜陵、珠海、福州"
            },
            {
              "color": 5,
              "id": "optXeka52D",
              "name": "杭州、上海、北京、深圳、海外"
            },
            {
              "color": 6,
              "id": "opta3ps62Y",
              "name": "北京、成都、杭州、"
            },
            {
              "color": 7,
              "id": "optam0GaAg",
              "name": "辽源"
            },
            {
              "color": 8,
              "id": "optmvpSUA3",
              "name": "海阳"
            },
            {
              "color": 9,
              "id": "opt3BdifKH",
              "name": "资阳"
            },
            {
              "color": 10,
              "id": "optShXieQj",
              "name": "长沙、湘潭"
            },
            {
              "color": 0,
              "id": "optjn63cnA",
              "name": "广州、佛山"
            },
            {
              "color": 1,
              "id": "opt3BxdOhq",
              "name": "北京、上海、深圳、广州、重庆、成都、南京、杭州、合肥、武汉、长沙、大连、三亚、佛山、郑州、西安、厦门、天津、南通、香港"
            },
            {
              "color": 2,
              "id": "optWyn8w0n",
              "name": "江苏常州"
            },
            {
              "color": 3,
              "id": "optYeGWCay",
              "name": "佛山、海外"
            },
            {
              "color": 4,
              "id": "optC0ThIpk",
              "name": "广东、四川、重庆、江西、湖南、贵州、北京、全国其他"
            },
            {
              "color": 5,
              "id": "opt3iB00ah",
              "name": "北京、南京、全国其他"
            },
            {
              "color": 6,
              "id": "optPI5kntS",
              "name": "江苏泰兴"
            },
            {
              "color": 7,
              "id": "optp6UUyyt",
              "name": "潍坊、诸城、临沂"
            },
            {
              "color": 8,
              "id": "optWZLXaCD",
              "name": "惠州、东莞、兰溪"
            },
            {
              "color": 9,
              "id": "optwY2yq2x",
              "name": "北京、西安、长沙、天津、合肥、杭州、沈阳、雄安、全国其他"
            },
            {
              "color": 10,
              "id": "opt7dZIOaa",
              "name": "北京、绵阳"
            },
            {
              "color": 0,
              "id": "opt43fgPzg",
              "name": "绥化"
            },
            {
              "color": 1,
              "id": "optPPj7CWq",
              "name": "海东"
            },
            {
              "color": 2,
              "id": "optYsx4jpH",
              "name": "昌吉回族自治州"
            },
            {
              "color": 3,
              "id": "optAKaZ0sc",
              "name": "定州"
            },
            {
              "color": 4,
              "id": "optOboO8Ul",
              "name": "晋城"
            },
            {
              "color": 5,
              "id": "optE8mHjSb",
              "name": "大庆"
            },
            {
              "color": 6,
              "id": "optyHlELn0",
              "name": "深州"
            },
            {
              "color": 7,
              "id": "optnYok4nC",
              "name": "兴宁"
            },
            {
              "color": 8,
              "id": "optzua39jb",
              "name": "长葛"
            },
            {
              "color": 9,
              "id": "optrVQX5Jq",
              "name": "石河子"
            },
            {
              "color": 10,
              "id": "optNRUuMel",
              "name": "渭南"
            },
            {
              "color": 0,
              "id": "opt7f3LFH3",
              "name": "宜城"
            },
            {
              "color": 1,
              "id": "optLBpfyCt",
              "name": "北京、成都、上海、杭州、南京、厦门、深圳"
            },
            {
              "color": 2,
              "id": "optyyRuYCT",
              "name": "北京、广州、全国其他"
            },
            {
              "color": 3,
              "id": "optMKNhgmT",
              "name": "武汉、成都、都江堰、吉林四平、河北临海、河南漯河、郑州、吉林长春"
            },
            {
              "color": 4,
              "id": "opt0Kl9El6",
              "name": "成都、全国"
            },
            {
              "color": 5,
              "id": "optBbxC4Pm",
              "name": "无锡、重庆、深圳、上海、南昌"
            },
            {
              "color": 6,
              "id": "optdkg0JP6",
              "name": "北京、无锡、珠海、上海"
            },
            {
              "color": 7,
              "id": "optmt17KGE",
              "name": "厦门、广州、杭州"
            },
            {
              "color": 8,
              "id": "optpHmv4PJ",
              "name": "惠州、武汉、上海、宁德、南通、海外"
            },
            {
              "color": 9,
              "id": "optVTsWbGm",
              "name": "北京、上海、合肥、深圳、成都、武汉、西安、厦门"
            },
            {
              "color": 10,
              "id": "optIZgcBOx",
              "name": "北京、上海、深圳、重庆、成都、杭州"
            },
            {
              "color": 0,
              "id": "optQC8d5XI",
              "name": "广州、南京、北京、成都、武汉、全国其他"
            },
            {
              "color": 1,
              "id": "optLcR8STM",
              "name": "青岛李沧、青岛莱西、合肥、德州、北京"
            },
            {
              "color": 2,
              "id": "optcz4PAv2",
              "name": "香港、上海、无锡、青岛、广州、中山、惠州、台湾"
            },
            {
              "color": 3,
              "id": "optLBC8QFi",
              "name": "溧阳"
            },
            {
              "color": 4,
              "id": "optRau83cl",
              "name": "保山"
            },
            {
              "color": 5,
              "id": "optXZ9OCYd",
              "name": "普洱"
            },
            {
              "color": 6,
              "id": "optYYtVfqM",
              "name": "临沧"
            },
            {
              "color": 7,
              "id": "opthK0onMY",
              "name": "楚雄彝族自治州"
            },
            {
              "color": 8,
              "id": "opt3S5t5bZ",
              "name": "楚雄"
            },
            {
              "color": 9,
              "id": "opt3p8yrNQ",
              "name": "红河哈尼族彝族自治州"
            },
            {
              "color": 10,
              "id": "optYaLoCmq",
              "name": "大理白族自治州"
            },
            {
              "color": 0,
              "id": "optam0DEQW",
              "name": "德宏傣族景颇族自治州"
            },
            {
              "color": 1,
              "id": "optLCIoviM",
              "name": "怒江傈僳族自治州"
            },
            {
              "color": 2,
              "id": "opt5FaR5Zb",
              "name": "迪庆藏族自治州"
            },
            {
              "color": 3,
              "id": "optNJx0m3H",
              "name": "库尔勒"
            },
            {
              "color": 4,
              "id": "optQtoFFRf",
              "name": "巴音郭楞蒙古自治州"
            },
            {
              "color": 5,
              "id": "opti13OkKg",
              "name": "彭州"
            },
            {
              "color": 6,
              "id": "optKVzobyo",
              "name": "安康"
            },
            {
              "color": 7,
              "id": "optVwM3RXX",
              "name": "忻州"
            },
            {
              "color": 8,
              "id": "optV4fOcvF",
              "name": "兴安盟"
            },
            {
              "color": 9,
              "id": "optXUqLTJK",
              "name": "黔西"
            },
            {
              "color": 10,
              "id": "opteDZL9PZ",
              "name": "张家界"
            },
            {
              "color": 0,
              "id": "opt6b9jsJG",
              "name": "益阳"
            },
            {
              "color": 1,
              "id": "optT5zjPQ0",
              "name": "永州"
            },
            {
              "color": 2,
              "id": "optidBXBB6",
              "name": "湘西土家族苗族自治州"
            },
            {
              "color": 3,
              "id": "optsCFS4BJ",
              "name": "伊犁哈萨克自治州"
            },
            {
              "color": 4,
              "id": "optK4hgMYv",
              "name": "什邡"
            },
            {
              "color": 5,
              "id": "optOepE8a9",
              "name": "宁波、杭州、湖州、金华、武汉、宝鸡、马鞍山、晋中、南充、上海、淄博、湘潭、天津、西安、上饶、贵阳、重庆、北京、石家庄、长春、苏州、厦门"
            },
            {
              "color": 6,
              "id": "opt7C6MZcM",
              "name": "江苏常州、江苏南通、江苏淮安"
            },
            {
              "color": 7,
              "id": "opttq6LCZn",
              "name": "北京、上海、深圳、成都、天津、青岛、烟台、海外"
            },
            {
              "color": 8,
              "id": "optpMAESbT",
              "name": "北京、武汉、南京、保定、湖州"
            },
            {
              "color": 9,
              "id": "optICPLDoM",
              "name": "桂林、合肥、临沂、佛山、常州、武汉、上海、深圳、大连"
            },
            {
              "color": 10,
              "id": "optIFDlP5h",
              "name": "洛阳、南京、海外"
            },
            {
              "color": 0,
              "id": "opthaLurbZ",
              "name": "上海、青岛"
            },
            {
              "color": 1,
              "id": "optaQkT4hB",
              "name": "上海、洛阳"
            },
            {
              "color": 2,
              "id": "optyyC0s1H",
              "name": "西安、成都、深圳"
            },
            {
              "color": 3,
              "id": "optRcQO4Ge",
              "name": "深圳、苏州"
            },
            {
              "color": 4,
              "id": "optC2Ohz3v",
              "name": "峨眉山"
            },
            {
              "color": 5,
              "id": "opt1UmZNh9",
              "name": "成都、绵阳、合肥、北京、深圳、嘉兴、杭州、西安、广州、中山、珠海、重庆、武汉、广元、宜宾、全国其他、海外"
            },
            {
              "color": 6,
              "id": "opt2XPswT5",
              "name": "嘉兴、宁波、湖州、安吉、淮安、武汉、咸宁、广州、清远、天津、沈阳、长春、海外"
            },
            {
              "color": 7,
              "id": "optZtwrELr",
              "name": "北京、杭州、上海、珠海"
            },
            {
              "color": 8,
              "id": "optpSrLkid",
              "name": "惠州、苏州、深圳、西安、合肥"
            },
            {
              "color": 9,
              "id": "optHJprB4v",
              "name": "新余"
            },
            {
              "color": 10,
              "id": "optXPLE5l9",
              "name": "晋江"
            },
            {
              "color": 0,
              "id": "optXtpCVK7",
              "name": "大兴安岭地区"
            },
            {
              "color": 1,
              "id": "optGxdRKdN",
              "name": "铁岭"
            },
            {
              "color": 2,
              "id": "optJ4ZRYus",
              "name": "可克达拉"
            },
            {
              "color": 3,
              "id": "optHjnneSZ",
              "name": "新沂"
            },
            {
              "color": 4,
              "id": "optJYOfDKq",
              "name": "邳州"
            },
            {
              "color": 5,
              "id": "opt0Zbfshd",
              "name": "龙岩"
            },
            {
              "color": 6,
              "id": "optfiWj7Vz",
              "name": "江油"
            },
            {
              "color": 7,
              "id": "optUIhN5zj",
              "name": "广东惠州"
            },
            {
              "color": 8,
              "id": "opteQNrs25",
              "name": "北京、南京、武汉、上海、成都等"
            },
            {
              "color": 9,
              "id": "optdvGhmmU",
              "name": "上海、苏州"
            },
            {
              "color": 10,
              "id": "optz8pnKOj",
              "name": "杭州、上海、北京、南京、广州、西安、武汉"
            },
            {
              "color": 0,
              "id": "opteMWU0xv",
              "name": "浙江嘉兴"
            },
            {
              "color": 1,
              "id": "optVC8Mnf5",
              "name": "北京、上海、长沙、香港、杭州、深圳、京山、武汉、广州、全国"
            },
            {
              "color": 2,
              "id": "optekiNHXW",
              "name": "深圳、武汉、成都、上海"
            },
            {
              "color": 3,
              "id": "optkXpaEgO",
              "name": "吕梁、晋城、长治、阳泉、天津、十堰"
            },
            {
              "color": 4,
              "id": "optBsRs4fV",
              "name": "山东邹平"
            },
            {
              "color": 5,
              "id": "optUoPxLUb",
              "name": "上海、深圳、武汉、北京、合肥、成都、无锡、青岛、杭州、重庆、厦门、苏州、嘉兴、晋江"
            },
            {
              "color": 6,
              "id": "optEsauIpK",
              "name": "北京、广东、海南、杭州、河北、山东、深圳、天津、内蒙、湖北、西安、安徽、上海、吉林、重庆、苏州、江苏、青海、青岛、河南"
            },
            {
              "color": 7,
              "id": "optE1TszBm",
              "name": "上海、昆山"
            },
            {
              "color": 8,
              "id": "optIsfUbOT",
              "name": "云南、广西、广东"
            },
            {
              "color": 9,
              "id": "opt19N7E0m",
              "name": "太原、西安、天津、长沙、海口、广州、中山、成都、苏州、全国其他"
            },
            {
              "color": 10,
              "id": "optyh7Lnxz",
              "name": "杭州、云南水富、安徽池州/怀宁/宜城、青岛莱西、浙江长兴/江山、深圳"
            },
            {
              "color": 0,
              "id": "optOZkqh7A",
              "name": "白城"
            },
            {
              "color": 1,
              "id": "optQ9vIZJ7",
              "name": "瑞金"
            },
            {
              "color": 2,
              "id": "optfjW1429",
              "name": "四平"
            },
            {
              "color": 3,
              "id": "optnWj1iMf",
              "name": "通化"
            },
            {
              "color": 4,
              "id": "opt1VyHhLO",
              "name": "白山"
            },
            {
              "color": 5,
              "id": "optV7VqeFe",
              "name": "温岭"
            },
            {
              "color": 6,
              "id": "opte8Vrp76",
              "name": "哈密"
            },
            {
              "color": 7,
              "id": "optHxPsszT",
              "name": "重庆、成都、深圳"
            },
            {
              "color": 8,
              "id": "optqzVW8G7",
              "name": "南京、广州、沈阳、武汉、天津、福州、宁波"
            },
            {
              "color": 9,
              "id": "optIcOAiCy",
              "name": "浙江、江苏、安徽、湖北、山东、河南、河北、天津、吉林、宁夏、云南、黑龙江、全国"
            },
            {
              "color": 10,
              "id": "optfIA8L6h",
              "name": "南京、上海、深圳"
            },
            {
              "color": 0,
              "id": "optFWlpRq9",
              "name": "济南、聊城、天津、青岛、泰安、德州、临沂、滨州、东营、日照、烟台、潍坊、威海、菏泽、济宁、枣庄等地市"
            },
            {
              "color": 1,
              "id": "optImqvvAa",
              "name": "广东、广西、河南、福建、湖北、浙江、江苏、山东、天津、辽宁、印尼、马来西亚、越南"
            },
            {
              "color": 2,
              "id": "optGFcfpR2",
              "name": "上海、北京、深圳、南京、成都"
            },
            {
              "color": 3,
              "id": "opt9ltI1P7",
              "name": "福建莆田"
            },
            {
              "color": 4,
              "id": "optDZ8ryI0",
              "name": "北京、绵阳、宁波、石家庄、晋城、衡阳、全国其他"
            },
            {
              "color": 5,
              "id": "optQeHR9jl",
              "name": "深圳、常州"
            },
            {
              "color": 6,
              "id": "optZMN4QeH",
              "name": "常州、上海、武汉、佛山、长春、重庆、沈阳、宁波、芜湖"
            },
            {
              "color": 7,
              "id": "optdss20np",
              "name": "深圳、上海"
            },
            {
              "color": 8,
              "id": "opt8cfO6WS",
              "name": "甘肃省"
            },
            {
              "color": 9,
              "id": "optnI4GywB",
              "name": "北京、上海、广州、天津、重庆、太原、济南、唐山、大同、青岛、哈尔滨、深圳、石家庄、兰州、西安、南京、武汉、成都、贵阳"
            },
            {
              "color": 10,
              "id": "optO8udmxt",
              "name": "成都、德阳、自贡、广州、武汉、福州、杭州、北京、上海、天津、全国其他、海外"
            },
            {
              "color": 0,
              "id": "optfBczxng",
              "name": "甘肃白银"
            },
            {
              "color": 1,
              "id": "optaMkt6X9",
              "name": "浙江杭州"
            },
            {
              "color": 2,
              "id": "optHcJxL6E",
              "name": "上海、鞍山"
            },
            {
              "color": 3,
              "id": "opta6WePvS",
              "name": "北京、上海、河北、黑龙江、新疆、山东、河南、江西、广东、重庆、云南、全国"
            },
            {
              "color": 4,
              "id": "optitl6H0T",
              "name": "广州、南京、长沙、柳州、青岛、西安"
            },
            {
              "color": 5,
              "id": "optnaccWXB",
              "name": "广州、北京、武汉、中山"
            },
            {
              "color": 6,
              "id": "optG6GytAS",
              "name": "广州、北京、武汉、成都、西安"
            },
            {
              "color": 7,
              "id": "opt2CaETDF",
              "name": "北京、上海、杭州、深圳、西安"
            },
            {
              "color": 8,
              "id": "opt57cTi5J",
              "name": "广州、广东省内、北京、上海、重庆、武汉、全国"
            },
            {
              "color": 9,
              "id": "optxq8yoqE",
              "name": "青岛、济南、南京、杭州、成都、重庆、烟台、福州、昆明、宁波、北京、上海、郑州、长沙、武汉、苏州 开启新对话"
            },
            {
              "color": 10,
              "id": "optnuEELRn",
              "name": "北京、西安、成都"
            },
            {
              "color": 0,
              "id": "optBNqq0tg",
              "name": "河南洛阳"
            },
            {
              "color": 1,
              "id": "optG2wuPyo",
              "name": "新疆"
            },
            {
              "color": 2,
              "id": "optcnaRPhl",
              "name": "武汉、深圳"
            },
            {
              "color": 3,
              "id": "optBNnaSgU",
              "name": "成都、广州、深圳、武汉、苏州、无锡、南京、杭州、温州、上海、贵阳、西安、合肥、新疆、全国其他"
            },
            {
              "color": 4,
              "id": "optYGVyKLP",
              "name": "广州、大连、苏州、长春、无锡"
            },
            {
              "color": 5,
              "id": "optycbhjEd",
              "name": "河南安阳"
            },
            {
              "color": 6,
              "id": "optEdZwBsI",
              "name": "甘肃省内"
            },
            {
              "color": 7,
              "id": "optNtEqDk8",
              "name": "上海、南京、郑州、苏州、天津"
            },
            {
              "color": 8,
              "id": "optdkmJIhQ",
              "name": "深圳、上海、成都"
            },
            {
              "color": 9,
              "id": "optaZlCOD2",
              "name": "上海、海外"
            },
            {
              "color": 10,
              "id": "opt4GpWRHE",
              "name": "北京、武汉、长春"
            },
            {
              "color": 0,
              "id": "opt2cgnnn8",
              "name": "北京、深圳、上海、香港"
            },
            {
              "color": 1,
              "id": "opty8fRAqL",
              "name": "珠海、佛山、赣州、新疆"
            },
            {
              "color": 2,
              "id": "optwZu6NFa",
              "name": "天津、北京、成都、上海、深圳"
            },
            {
              "color": 3,
              "id": "optTC2S16M",
              "name": "深圳、广州、佛山、东莞"
            },
            {
              "color": 4,
              "id": "opt6TMaF79",
              "name": "江苏常州溧阳"
            },
            {
              "color": 5,
              "id": "optk5c7TfT",
              "name": "苏州、合肥、上海、北京"
            },
            {
              "color": 6,
              "id": "optcGF9Vnb",
              "name": "西安、宝鸡、上海"
            },
            {
              "color": 7,
              "id": "opt5skxCZi",
              "name": "北京、天津、石家庄、保定、太原、呼和浩特、沈阳、大连、长春、哈尔滨、上海、南京、苏州、杭州、宁波、合肥、福州、厦门、南昌、济南、青岛、郑州、武汉、长沙、广州、深圳、南宁、海口、重庆、成都、贵阳、昆明、西安、兰州、西宁、银川、乌鲁木齐"
            },
            {
              "color": 8,
              "id": "optWaWmHM6",
              "name": "苏州、无锡"
            },
            {
              "color": 9,
              "id": "opthwg0VZQ",
              "name": "深圳、成都、苏州"
            },
            {
              "color": 10,
              "id": "optFw3h7Uf",
              "name": "广州、深圳"
            },
            {
              "color": 0,
              "id": "optoDrH7wL",
              "name": "北京、上海、深圳"
            },
            {
              "color": 1,
              "id": "optgzXTEmK",
              "name": "泉州、上海、北京、南京、成都、西安、武汉、广州、福建、江苏"
            },
            {
              "color": 2,
              "id": "optKjEbOGv",
              "name": "上海、宁波、南通、合肥、常熟、常州、六安、南京、武汉、盐城、仪征、长沙、广州、深圳、柳州、宁德、北京、天津、沈阳、郑州"
            },
            {
              "color": 3,
              "id": "optc5GI0gH",
              "name": "贵阳、成都、武汉、苏州、广州、北京、银川、呼和浩特、乌鲁木齐、海外"
            },
            {
              "color": 4,
              "id": "optHalse84",
              "name": "株洲、重庆、宁波、无锡、青岛、沈阳、常德、长沙、广州"
            },
            {
              "color": 5,
              "id": "optMTLesSC",
              "name": "上海、全国其他"
            },
            {
              "color": 6,
              "id": "optwgdijS7",
              "name": "深圳、重庆、苏州、佛山"
            },
            {
              "color": 7,
              "id": "optTHnUy18",
              "name": "烟台、眉山"
            },
            {
              "color": 8,
              "id": "opt7ln8Hkt",
              "name": "上海、北京、深圳"
            },
            {
              "color": 9,
              "id": "optXdLoRzj",
              "name": "北京、上海、香港、海外"
            },
            {
              "color": 10,
              "id": "optujOYcNo",
              "name": "北京、郑州、武汉、成都、西安、太原、上海、深圳、广州、苏州、杭州、重庆、南京、天津、石家庄、东莞、佛山、长沙、合肥"
            },
            {
              "color": 0,
              "id": "optVTjFEXp",
              "name": "广西柳州、湖北武汉、河南许昌"
            },
            {
              "color": 1,
              "id": "optUp3uhWA",
              "name": "苏州、深圳、北京"
            },
            {
              "color": 2,
              "id": "optiHpoPva",
              "name": "杭州、烟台、合肥、北京、张家港、延安、天津、青岛、扬州、武汉、重庆、昆山、上海"
            },
            {
              "color": 3,
              "id": "optgNt5v9l",
              "name": "浙江嘉兴、浙江平湖、江苏连云港"
            },
            {
              "color": 4,
              "id": "optyXSLRL7",
              "name": "深圳、粤港澳大湾区"
            },
            {
              "color": 5,
              "id": "opt1mv4GPu",
              "name": "大邑、德阳、自贡"
            },
            {
              "color": 6,
              "id": "optYCkXxoc",
              "name": "深圳、广州、北京、珠海"
            },
            {
              "color": 7,
              "id": "optPBqg4xK",
              "name": "深圳、广州"
            },
            {
              "color": 8,
              "id": "optQW16r1M",
              "name": "武汉、北京、珠海、上海、深圳、新加坡、马来西亚"
            },
            {
              "color": 9,
              "id": "opt7hADs4i",
              "name": "重庆、北京、上海、深圳、全国其他"
            },
            {
              "color": 10,
              "id": "optiq6PYaP",
              "name": "长沙、上海"
            },
            {
              "color": 0,
              "id": "optlSkQUbt",
              "name": "上海、北京、福建、全国、海外"
            },
            {
              "color": 1,
              "id": "opte8uSyzy",
              "name": "北京、上海、西安、湖州、嘉兴、无锡、酒泉"
            },
            {
              "color": 2,
              "id": "optHCgOPab",
              "name": "上海、北京"
            },
            {
              "color": 3,
              "id": "optWvRA0W8",
              "name": "江苏南通、河北黄骅、山东日照、广州"
            },
            {
              "color": 4,
              "id": "optxtzEEyK",
              "name": "北京、深圳、常州、海外"
            },
            {
              "color": 5,
              "id": "optLEmGMuK",
              "name": "广州、佛山、中山、珠海、东莞、肇庆、深圳、江门"
            },
            {
              "color": 6,
              "id": "optjYoMj96",
              "name": "福建漳州"
            },
            {
              "color": 7,
              "id": "optCB1Jb68",
              "name": "香港、全球"
            },
            {
              "color": 8,
              "id": "optHHP0748",
              "name": "北京、江西、海外"
            },
            {
              "color": 9,
              "id": "optbmQW3QS",
              "name": "北京、廊坊、忻州"
            },
            {
              "color": 10,
              "id": "optEnkdrGs",
              "name": "重庆、济南、洛阳、上海、北京、成都、湘潭、衡阳、长沙、黑龙江"
            },
            {
              "color": 0,
              "id": "optp8VVmMe",
              "name": "兰州、北京、上海、南京、西安等"
            },
            {
              "color": 1,
              "id": "optb0PDPuY",
              "name": "西安、北京"
            },
            {
              "color": 2,
              "id": "optP2ivnKP",
              "name": "北京、沈阳、南通、新加坡"
            },
            {
              "color": 3,
              "id": "optggaRmm3",
              "name": "上海、广州、西安、天津、武汉、全国、海外"
            },
            {
              "color": 4,
              "id": "optki0lJOn",
              "name": "北京、上海、厦门、纽约"
            },
            {
              "color": 5,
              "id": "opt6RhEc3n",
              "name": "上海、北京、西安、成都、重庆、孝感"
            },
            {
              "color": 6,
              "id": "optZ0vlKpt",
              "name": "青岛、蚌埠、北京、成都"
            },
            {
              "color": 7,
              "id": "optLbPJx0y",
              "name": "南京、北京、重庆、林芝"
            },
            {
              "color": 8,
              "id": "optr2ypupX",
              "name": "南京、苏州、武汉、威海、深圳"
            },
            {
              "color": 9,
              "id": "optRqQbT2E",
              "name": "南京、北京、上海、深圳、杭州、宁波、无锡、苏州、南通、常州、淮安、徐州、扬州、镇江、盐城、连云港、宿迁、泰州"
            },
            {
              "color": 10,
              "id": "opttfGOlnT",
              "name": "长沙、全国"
            },
            {
              "color": 0,
              "id": "optL59BNwN",
              "name": "深圳、全国"
            },
            {
              "color": 1,
              "id": "opthSbpvUy",
              "name": "烟台、全国、海外"
            },
            {
              "color": 2,
              "id": "opt53LWH3e",
              "name": "无锡、上海"
            },
            {
              "color": 3,
              "id": "optnecaPd0",
              "name": "嵊州"
            },
            {
              "color": 4,
              "id": "optUwqGj3f",
              "name": "横州"
            },
            {
              "color": 5,
              "id": "optTpFoPly",
              "name": "广元"
            },
            {
              "color": 6,
              "id": "optKeYn6fO",
              "name": "乐山"
            },
            {
              "color": 7,
              "id": "optWBeazTV",
              "name": "牡丹江"
            },
            {
              "color": 8,
              "id": "optpQC8QbF",
              "name": "海南藏族自治州"
            },
            {
              "color": 9,
              "id": "opt7n493me",
              "name": "延吉"
            },
            {
              "color": 10,
              "id": "optbnnkOro",
              "name": "陇南"
            },
            {
              "color": 0,
              "id": "optOjHgbyX",
              "name": "中卫"
            },
            {
              "color": 1,
              "id": "optcYgoFwX",
              "name": "克孜勒苏柯尔克孜自治州"
            },
            {
              "color": 2,
              "id": "optQJ281sj",
              "name": "阿图什"
            },
            {
              "color": 3,
              "id": "opt2FxfQmf",
              "name": "喀什地区"
            },
            {
              "color": 4,
              "id": "opt6pfPU5P",
              "name": "高安"
            },
            {
              "color": 5,
              "id": "optuKBYvZo",
              "name": "鹤山"
            },
            {
              "color": 6,
              "id": "optqFxn21p",
              "name": "海西蒙古族藏族自治州"
            },
            {
              "color": 7,
              "id": "optsFXbAfT",
              "name": "鸡西"
            },
            {
              "color": 8,
              "id": "optGpYgx7B",
              "name": "鹤岗"
            },
            {
              "color": 9,
              "id": "optgMn4gXF",
              "name": "佳木斯"
            },
            {
              "color": 10,
              "id": "opttb07oQc",
              "name": "七台河"
            },
            {
              "color": 0,
              "id": "opt69ORVyL",
              "name": "长垣"
            },
            {
              "color": 1,
              "id": "opte1iKtWT",
              "name": "铜仁"
            },
            {
              "color": 2,
              "id": "optX41VFjs",
              "name": "林芝"
            },
            {
              "color": 3,
              "id": "optXM2gYOC",
              "name": "上海、大连、扬州、南通、丹山、南京、威海、全国其他"
            },
            {
              "color": 4,
              "id": "opt3yJLwUp",
              "name": "浙江、江苏、上海、安徽、武汉、深圳"
            },
            {
              "color": 5,
              "id": "optOLFELLg",
              "name": "绍兴、潍坊、杭州"
            },
            {
              "color": 6,
              "id": "optAwmCIjz",
              "name": "宁波、广东、江苏、重庆、内蒙、海外"
            },
            {
              "color": 7,
              "id": "optk3bupmP",
              "name": "厦门、福清"
            },
            {
              "color": 8,
              "id": "optZZPsClp",
              "name": "南京、上海"
            },
            {
              "color": 9,
              "id": "optm9qj5wB",
              "name": "大连、上海、黑龙江佳木斯、海外"
            },
            {
              "color": 10,
              "id": "optXlj2vVO",
              "name": "合肥、上海、杭州"
            },
            {
              "color": 0,
              "id": "optyznKT0H",
              "name": "北京、南通、常州、攀枝花"
            },
            {
              "color": 1,
              "id": "optArO793W",
              "name": "北京、西安、上海、成都"
            },
            {
              "color": 2,
              "id": "optXTFgKiv",
              "name": "成都、惠州大亚湾"
            },
            {
              "color": 3,
              "id": "optJkMWrwF",
              "name": "讷河"
            },
            {
              "color": 4,
              "id": "optQk4f2o3",
              "name": "仪征"
            },
            {
              "color": 5,
              "id": "optSpqha15",
              "name": "宜都"
            },
            {
              "color": 6,
              "id": "opt6hTsc8H",
              "name": "邵东"
            },
            {
              "color": 7,
              "id": "optnftenu2",
              "name": "广汉"
            },
            {
              "color": 8,
              "id": "optSGH3nat",
              "name": "都江堰"
            },
            {
              "color": 9,
              "id": "optSVGoTPW",
              "name": "阿克苏"
            },
            {
              "color": 10,
              "id": "optkM9O6FT",
              "name": "北京、台州"
            },
            {
              "color": 0,
              "id": "optEjfQbzD",
              "name": "北京、天津、河北、山西、内蒙古、辽宁、吉林、上海、江苏、浙江、安徽、福建、江西、山东、湖北、湖南、广东、广西、海南、贵州、云南、西藏、陕西"
            },
            {
              "color": 1,
              "id": "optLeySL3I",
              "name": "宁波、长沙、西安"
            },
            {
              "color": 2,
              "id": "optsBbOa9x",
              "name": "宁波、上海、北京、深圳等"
            },
            {
              "color": 3,
              "id": "optWfTUzSb",
              "name": "宁波、海外"
            },
            {
              "color": 4,
              "id": "opt0iHuv8y",
              "name": "唐山、海外"
            },
            {
              "color": 5,
              "id": "opt5xjgBRt",
              "name": "上海、北京、南京、深圳"
            },
            {
              "color": 6,
              "id": "optkOs4XJV",
              "name": "苏州、滁州"
            },
            {
              "color": 7,
              "id": "optq61hEy2",
              "name": "郑州、许昌、北京、西安、哈尔滨、珠海、福州、厦门、济南、成都、随州、乌鲁木齐"
            },
            {
              "color": 8,
              "id": "optuP5zllH",
              "name": "台州、杭州、荆州"
            },
            {
              "color": 9,
              "id": "opt44uIhmw",
              "name": "上海、嘉兴"
            },
            {
              "color": 10,
              "id": "opt0jr4d16",
              "name": "杭州、温州"
            },
            {
              "color": 0,
              "id": "optj5bY5rU",
              "name": "杭州、南昌"
            },
            {
              "color": 1,
              "id": "optKYqjg4r",
              "name": "浙江安吉、广东肇庆、江西宜宾、天津、上海、杭州"
            }
          ]
        },
        "type": 4,
        "ui_type": "MultiSelect"
      },
      {
        "field_id": "fld3X1WIQu",
        "field_name": "岗位",
        "is_primary": false,
        "property": {
          "options": [
            {
              "color": 0,
              "id": "optClO7irB",
              "name": "会计 人力资源 行政管理 市场拓展 品牌运营 新零售运营 美居运营 客服管理 工程管理 绿化管理"
            },
            {
              "color": 1,
              "id": "optIzWuqiG",
              "name": "研发工程师 工艺工程师 检测分析工程师 电气/自动化工程师 机械/热能工程师 质量工程师 现场管理专员 软件开发工程师 安全专员 财务专员 销售专员 采购专员 储备干部（面向专业： 材料类、化学类、化工类、冶金类、机械类、电气类、自动化类、计算机类、安环类、财务类、供应链类等"
            },
            {
              "color": 2,
              "id": "optDG5HuZ4",
              "name": "优秀工科毕业生可放宽专业限制）"
            },
            {
              "color": 3,
              "id": "optGeQipWt",
              "name": "副操(包装中空)"
            },
            {
              "color": 4,
              "id": "optXYn65iq",
              "name": "管理培训生、工程师岗、前端工程师岗、算法工程师岗、后端工程师岗"
            },
            {
              "color": 5,
              "id": "optsmdkjc9",
              "name": "精品课堂管培生 授课老师（精品课堂授课老师——素养教师 高中教师 ）学科 / 社群 / 新媒体运营岗 教研产品研发岗 教学管理岗 师资选聘岗"
            },
            {
              "color": 6,
              "id": "optJhIaxa2",
              "name": "海外项目工程技术岗"
            },
            {
              "color": 7,
              "id": "optjGpPaGG",
              "name": "海外财务岗"
            },
            {
              "color": 8,
              "id": "optwKAhUDq",
              "name": "海外人力资源岗"
            },
            {
              "color": 9,
              "id": "optJ2jjmzX",
              "name": "海外项目预算岗"
            },
            {
              "color": 10,
              "id": "opt59XXQH0",
              "name": "海外法务岗"
            },
            {
              "color": 0,
              "id": "opt8V52Bbn",
              "name": "海外项目物资管理岗"
            },
            {
              "color": 1,
              "id": "optgztfSDM",
              "name": "海外翻译岗"
            },
            {
              "color": 2,
              "id": "optq8BtlOT",
              "name": "海外项目电气工程岗"
            },
            {
              "color": 3,
              "id": "opth6QqrI6",
              "name": "海外项目信号与控制岗（覆盖专业：土木工程 智慧建造 智能建造 工程造价 工程管理 管理科学与工程 电气工程及其自动化 智能电网信息工程 轨道交通信号与控制 机械设计制造 采购管理 物流管理 物流工程 会计学 财务管理 税务 人力资源管理 法学 法律 法语 西班牙语）"
            },
            {
              "color": 4,
              "id": "optZJ2s8dA",
              "name": "销售工程师、多物理仿真引擎算法工程师 通用 AI 算法工程师 算法工程师（流体） 结构算法工程师 SPICE 工程师 网格剖分算法工程师 软件开发工程师（C++/QT/Java） 软件测试工程师"
            },
            {
              "color": 5,
              "id": "optBuA8TfO",
              "name": "管培生（法学类专业3名"
            },
            {
              "color": 6,
              "id": "optwt8lfcR",
              "name": "企业管理类专业3名"
            },
            {
              "color": 7,
              "id": "optUcHFV0H",
              "name": "人力资源管理类专业3名"
            },
            {
              "color": 8,
              "id": "optQ3Tm4yy",
              "name": "会计学、财务管理、注册会计师方向、税收专业3名）"
            },
            {
              "color": 9,
              "id": "optnheP2kP",
              "name": "IP主讲培训生、系统班班主任、体验课班主任 算法开发工程师、数据开发工程师 后端研发工程师、前端研发工程师 产品经理、测试工程师 校园体验课班主任、校园社群运营SA 编导、企业文化专员......"
            },
            {
              "color": 10,
              "id": "opttXcdlWF",
              "name": "专业类 计划工程师 采购商务工程师 进出口专员 营销类 大客户销售工程师(国内) 大客户销售工程师(国际) 售前技术支持工程师技术类 光学与工艺工程师硬件工程师应用软件工程师 网管软件工程师 嵌入式软件工程师嵌入式软件工程师(FPGA) 芯片工艺工程师结构工程师 工艺工程师产品工程师 可靠性工程师测试工程师 IE工程师 工程服务工程师"
            },
            {
              "color": 0,
              "id": "opt1HLzt1V",
              "name": "销售工程师 跟单员 采购工程师 财务专员 人事行政专员"
            },
            {
              "color": 1,
              "id": "optNjdOD3N",
              "name": "后端研发工程师 移动研发工程师 大数据研发工程师 前端研发工程师"
            },
            {
              "color": 2,
              "id": "optYBoBvBL",
              "name": "机械工程 机械设计制造及自动化 流体力学 流体机械及工程 能源与动力工程 工程热物理 热能工程 动力工程及工程热物理 人机与环境工程 飞行器动力工程 飞行器设计 航空航天工程等相关专业 机械制造及自动化 机械电子工程 焊接技术与自动化 材料科学与工程 智能制造 电机与电器 复合材料应用 电气工程及其自动化 测控技术与仪器"
            },
            {
              "color": 3,
              "id": "optaEBajWv",
              "name": "项目管理(社区运营方向) 项目管理(品控管理方向) 项目管理(工程管理方向) 商服客服 商服安全 商服环境 商服工程 美居项目管理 社区经营 资产管理顾问 精装工程 成本管理 市场拓展"
            },
            {
              "color": 4,
              "id": "optaIyJEWW",
              "name": "科技研发和工程设计岗（人工智能、机器人学、三维视觉算法、数据科学、智能制造、智能建造、智能建筑、零碳建筑、建筑 AI 设计、材料科学与工程、先进制造工艺、新能源、智慧能源、循环经济、资源化利用、低碳环保、碳资产、城市安全、城市更新、城市规划、乡村振兴、农业发展、工业工程、机械工程、材料工程、能源与动力工程、建筑学、城市规划、环境设计、室内设计、结构工程、市政工程、暖通、道路与桥梁、交通工程、电气工程及其自动化、自动控制） 策划咨询岗（相关专业：数据科学、人工智能、经济、金融、区域经济、产业经济、人文地理、城乡规划、土地资源管理、循环经济、城市更新、乡村振兴及农业发展、交通运输、交通工程、城市安全、智能建造、智能制造等策划咨询类专业） 项目管理岗（相关专业：工程管理、土木工程、水利水电工程、安全工程、工程造价、市政、给排水、暖通等相关专业） 职能管理岗（相关专业：人力资源管理、社会保障、劳动经济、法学、财务会计、审计、统计、信息管理、产业经济学等管理类、经济类、社科类专业）"
            },
            {
              "color": 5,
              "id": "optMHQ7NvJ",
              "name": "研发类 软件类 智能制造与物流类 质保与技术服务类 职能类 IT类 市场与销售类"
            },
            {
              "color": 6,
              "id": "opt3IDuwi7",
              "name": "结构 硬件 软件 声学 自动化 PD 平面 PCB 电源 仿真 光学 认证 射频 天线 测试 IT 网络 数据 AI 供应商管理 设计质量 制程质量 客诉管理 项目质量管理 软/硬件测试 电子分析 结构分析 IPL IE 设备 工艺 模具 测试 夹具 采购 计划 MPM PPL 进出口专员 船务 财务 体系 HR 项目经理"
            },
            {
              "color": 7,
              "id": "optzDJIdlL",
              "name": "电源硬件工程师 电源软件工程师 预研工程师 半导体设计工程师 材料研发工程师 工艺工程师 PCB工程师 结构工程师 测试设计工程师 质量工程师 产品管理工程师 器件选型工程师 市场管理工程师 销售工程师 FAE工程师 后端开发工程师 文秘 会计 人力资源专员 行政专员 计划工程师 物控工程师 采购工程师 IE工程师 TE工程师 PE工程师 ME工程师 生产工程师 仓储工程师"
            },
            {
              "color": 8,
              "id": "optiTjyHqg",
              "name": "市场营销岗、业务经理、生产管理岗、生产调度岗、研发技术岗、工艺技术岗、质量技术岗、机械技术岗、电气技术岗、设备技术岗、生产技术岗"
            },
            {
              "color": 9,
              "id": "optIe8J0SO",
              "name": "财务管理类 供应链技术应用类 勤务调度类 系统开发类 数据技术应用类"
            },
            {
              "color": 10,
              "id": "opt4lTkB8n",
              "name": "阿里云管培生人才计划(包括但不限于计算机科学与技术、软件工程、自动化、电气工程及自动化、数学与应用数学、通信工程、信息工程、数据科学与大数据技术、信息管理与信息系统、电子信息科学与技术、集成电路设计与集成系统、物理等相关理工类专业)"
            },
            {
              "color": 0,
              "id": "opti05Zrve",
              "name": "研发类（专业要求:能源动力类、化学工程类机械液压等相关专业） 技术类（专业要求:能源动力类、机械类、电气类等相关专业） 职能类（岗位类型:生产计划、质量管理、采购管理等"
            },
            {
              "color": 1,
              "id": "optVYMta2d",
              "name": "专业要求:工业工程、机械等相关专业）"
            },
            {
              "color": 2,
              "id": "optfIgo38I",
              "name": "日语药物警戒PV团队实习生（通过实习期考核即可优先得到正式offer））"
            },
            {
              "color": 3,
              "id": "optndxsvZY",
              "name": "法律咨询顾问 管理咨询顾问 数智化解决方案顾问 Java开发工程师 人工智能开发工程师"
            },
            {
              "color": 4,
              "id": "optUWsSCf7",
              "name": "销售实习生"
            },
            {
              "color": 5,
              "id": "optjwna8hG",
              "name": "金融大模型 应用研究 数据科学 后台开发 运营开发 前端开发 测试开发 数据工程 产品策划 产品运营 风控算法 应用运维安全 SRE DBA 金融风险管理 金融产品管理与研究 商业分析 交互设计 产品体验设计 市场营销经理"
            },
            {
              "color": 6,
              "id": "opt9UuQp8O",
              "name": "公关 市场营销 市场研究"
            },
            {
              "color": 7,
              "id": "opts68dKHP",
              "name": "大宗化工业务开发管培生"
            },
            {
              "color": 8,
              "id": "opt2zrE8nP",
              "name": "产品规划 整车研发 新技术研发 采购 智能制造 市场营销 信息系统 经营管理 成本管理（整车/零部件） 汽车造型设计"
            },
            {
              "color": 9,
              "id": "opt8j9dVMX",
              "name": "算法类 软件研发类 硬件研发类 半导体类 技术支持类 管理类"
            },
            {
              "color": 10,
              "id": "opt0CUpLGj",
              "name": "总体架构、经营管理数字化、科研生产数字化、 数据治理与数据分析、大数据与云基础设施、人工智能应用、网络安全等方向的规划、设计、 研发工程师（需求专业 计算机科学与技术、控制科学与工程、软件工程、网络空间安全、人工智能等相关专业 数学、物理学、系统科学等相关专业、管理科学与工程等相关专业）"
            },
            {
              "color": 0,
              "id": "optx6sXogV",
              "name": "电商运营岗 电商商品运营岗 电商推广岗 零售运营岗 零售商品运营岗 零售商品规划岗 服设计岗 鞋设计岗 配件设计岗 鞋产品企划岗 服产品企划岗 视觉创意岗"
            },
            {
              "color": 1,
              "id": "optPmbF9XH",
              "name": "内外饰开发工程师"
            },
            {
              "color": 2,
              "id": "opt4oxxMRj",
              "name": "座椅开发工程师"
            },
            {
              "color": 3,
              "id": "opt5BxYpMz",
              "name": "底盘开发工程师"
            },
            {
              "color": 4,
              "id": "optoUOsZqT",
              "name": "电气工程师(工程方向)"
            },
            {
              "color": 5,
              "id": "optyYWL8k3",
              "name": "底盘应用软件工程师"
            },
            {
              "color": 6,
              "id": "opt42H8AMW",
              "name": "内饰创意设计师(杭州/上海)"
            },
            {
              "color": 7,
              "id": "optboB5559",
              "name": "底盘电控系统工程师(悬架)"
            },
            {
              "color": 8,
              "id": "opt8YczigX",
              "name": "CMF设计师(杭州/上海)"
            },
            {
              "color": 9,
              "id": "optVNDM3hS",
              "name": "功能安全工程师"
            },
            {
              "color": 10,
              "id": "optIzCxhWM",
              "name": "外饰创意设计师(杭州/上海)"
            },
            {
              "color": 0,
              "id": "opt7uLHSR4",
              "name": "材料工程师"
            },
            {
              "color": 1,
              "id": "optWe1Yn4z",
              "name": "工业产品设计师"
            },
            {
              "color": 2,
              "id": "optNibfXar",
              "name": "前瞻技术工程师"
            },
            {
              "color": 3,
              "id": "opt0XQMrqL",
              "name": "外饰零部件设计师"
            },
            {
              "color": 4,
              "id": "opt1dIugDl",
              "name": "环保性能工程师"
            },
            {
              "color": 5,
              "id": "optMQNDI3c",
              "name": "内容营销专员(海外)"
            },
            {
              "color": 6,
              "id": "opteRCyvwE",
              "name": "整车性能集成工程师"
            },
            {
              "color": 7,
              "id": "optVwmzjdJ",
              "name": "电机设计工程师(底盘/热管理)"
            },
            {
              "color": 8,
              "id": "optJFUQXZX",
              "name": "竞争力分析工程师"
            },
            {
              "color": 9,
              "id": "optdHck5wI",
              "name": "控制器结构工程师(底盘/热管理)"
            },
            {
              "color": 10,
              "id": "optBOzYPgC",
              "name": "系统试验工程师"
            },
            {
              "color": 0,
              "id": "optQ9WZf6n",
              "name": "底层软件工程师(底盘/热管理)"
            },
            {
              "color": 1,
              "id": "opt8rNWu9Q",
              "name": "大数据开发工程师"
            },
            {
              "color": 2,
              "id": "optHJW6nvX",
              "name": "硬件工程师(底盘/热管理)"
            },
            {
              "color": 3,
              "id": "optyfwSUEu",
              "name": "海外测试工程师"
            },
            {
              "color": 4,
              "id": "optpzuEKpr",
              "name": "供应商质量助理工程师(底盘/热管理)"
            },
            {
              "color": 5,
              "id": "optkboEc2S",
              "name": "整车适应性测试工程师"
            },
            {
              "color": 6,
              "id": "opt1S1qQNJ",
              "name": "认证工程师"
            },
            {
              "color": 7,
              "id": "optvWjmJkd",
              "name": "零部件试验集成工程师"
            },
            {
              "color": 8,
              "id": "opt2JPYXPp",
              "name": "法规标准工程师"
            },
            {
              "color": 9,
              "id": "optgfYdTvi",
              "name": "热管理系统工程师(整车)"
            },
            {
              "color": 10,
              "id": "opt59qj2oA",
              "name": "座舱测评助理工程师"
            },
            {
              "color": 0,
              "id": "optr5RbonV",
              "name": "热管理产品工程师"
            },
            {
              "color": 1,
              "id": "opt9HzaLqi",
              "name": "体验助理工程师"
            },
            {
              "color": 2,
              "id": "optcoRgmdQ",
              "name": "空气动力学工程师"
            },
            {
              "color": 3,
              "id": "opt6XYNrNU",
              "name": "市场质量工程师"
            },
            {
              "color": 4,
              "id": "optZ2IurdX",
              "name": "驾驶性工程师"
            },
            {
              "color": 5,
              "id": "optrAEE2N0",
              "name": "项目质量工程师"
            },
            {
              "color": 6,
              "id": "optxqogIRN",
              "name": "动力性经济性工程师"
            },
            {
              "color": 7,
              "id": "optvqIUB2A",
              "name": "质量工程师"
            },
            {
              "color": 8,
              "id": "optbfAfJkM",
              "name": "软件测试工程师(热管理)"
            },
            {
              "color": 9,
              "id": "opttQ98Pku",
              "name": "BOM管理工程师"
            },
            {
              "color": 10,
              "id": "optSf23zI0",
              "name": "工艺工程师"
            },
            {
              "color": 0,
              "id": "optv5Sjg4x",
              "name": "整车NVH性能工程师"
            },
            {
              "color": 1,
              "id": "opti2KOUag",
              "name": "工艺管理工程师"
            },
            {
              "color": 2,
              "id": "optaRE42yD",
              "name": "安全性能工程师"
            },
            {
              "color": 3,
              "id": "opt5DJ7A1Y",
              "name": "质量助理工程师(底盘/热管理)"
            },
            {
              "color": 4,
              "id": "optdq92sDm",
              "name": "安全仿真工程师"
            },
            {
              "color": 5,
              "id": "opt9S4I9eU",
              "name": "工艺助理工程师(底盘/热管理)"
            },
            {
              "color": 6,
              "id": "optoaOQSJC",
              "name": "标定工程师(动力系统)"
            },
            {
              "color": 7,
              "id": "optm02rU2G",
              "name": "设备助理工程师(热管理)"
            },
            {
              "color": 8,
              "id": "optJhMgcZq",
              "name": "电驱总成工程师(整车)"
            },
            {
              "color": 9,
              "id": "optXzlTQPW",
              "name": "电气工程师(座椅方向)"
            },
            {
              "color": 10,
              "id": "opt99A5BLO",
              "name": "动力集成工程师"
            },
            {
              "color": 0,
              "id": "optcKZhP9W",
              "name": "座椅质量工程师"
            },
            {
              "color": 1,
              "id": "optncbmqck",
              "name": "总布置开发工程师"
            },
            {
              "color": 2,
              "id": "optDfXkngQ",
              "name": "生产计划工程师"
            },
            {
              "color": 3,
              "id": "optZL7iGrp",
              "name": "紧固件开发工程师"
            },
            {
              "color": 4,
              "id": "optHExyf4B",
              "name": "注塑工艺助理经理"
            },
            {
              "color": 5,
              "id": "optv7KnBrb",
              "name": "数据管理工程师"
            },
            {
              "color": 6,
              "id": "optaHYpYuA",
              "name": "精益生产工程师"
            },
            {
              "color": 7,
              "id": "opt7L80TZm",
              "name": "车身开发工程师"
            },
            {
              "color": 8,
              "id": "opt2embzb4",
              "name": "IE工程师"
            },
            {
              "color": 9,
              "id": "optswEIbeu",
              "name": "大数据分析工程师"
            },
            {
              "color": 10,
              "id": "optziooKHU",
              "name": "运营管理助理"
            },
            {
              "color": 0,
              "id": "optm412Bj1",
              "name": "底盘结构工程师"
            },
            {
              "color": 1,
              "id": "optj6btnix",
              "name": "工艺工程师(整车)"
            },
            {
              "color": 2,
              "id": "opt2IImFnA",
              "name": "热管理结构工程师"
            },
            {
              "color": 3,
              "id": "optwELKNyN",
              "name": "设备工程师"
            },
            {
              "color": 4,
              "id": "optFEXq2ed",
              "name": "尺寸工程师"
            },
            {
              "color": 5,
              "id": "optVaJsgvO",
              "name": "软件开发工程师"
            },
            {
              "color": 6,
              "id": "optfN66FvM",
              "name": "信息安全工程师"
            },
            {
              "color": 7,
              "id": "optlqkOSiS",
              "name": "可靠性测试工程师"
            },
            {
              "color": 8,
              "id": "optZRPxXbO",
              "name": "大数据分析工程师(IT)"
            },
            {
              "color": 9,
              "id": "optFETD7kj",
              "name": "系统运营工程师"
            },
            {
              "color": 10,
              "id": "optNJeiMeI",
              "name": "测试开发工程师"
            },
            {
              "color": 0,
              "id": "optD0JF7j3",
              "name": "自动化运维工程师(智驾&数据库&制造)"
            },
            {
              "color": 1,
              "id": "optU8gDNq9",
              "name": "算法开发工程师"
            },
            {
              "color": 2,
              "id": "optqjq6k24",
              "name": "产品测试工程师(光学)"
            },
            {
              "color": 3,
              "id": "optT3v2BV5",
              "name": "JAVA开发工程师"
            },
            {
              "color": 4,
              "id": "optTgR7LCj",
              "name": "光学设计工程师(HUD/激光雷达/信号灯)"
            },
            {
              "color": 5,
              "id": "opt5lb6rui",
              "name": "GO开发工程师"
            },
            {
              "color": 6,
              "id": "optaVo5ImG",
              "name": "UI设计师"
            },
            {
              "color": 7,
              "id": "optrJ2xfN2",
              "name": "前端开发工程师"
            },
            {
              "color": 8,
              "id": "optGeOqLKJ",
              "name": "UE设计师"
            },
            {
              "color": 9,
              "id": "optUmBK4Zz",
              "name": "APP开发工程师(鸿蒙)"
            },
            {
              "color": 10,
              "id": "optLK35vWx",
              "name": "电控算法工程师(电机驱动/车载电源)"
            },
            {
              "color": 0,
              "id": "optlKHjP1H",
              "name": "NVH性能工程师"
            },
            {
              "color": 1,
              "id": "optvRUHdxV",
              "name": "应用软件工程师(电机驱动/电源/整车控制)"
            },
            {
              "color": 2,
              "id": "opt7RAfuAD",
              "name": "可靠性工程师"
            },
            {
              "color": 3,
              "id": "optfr09YNp",
              "name": "CFD仿真工程师"
            },
            {
              "color": 4,
              "id": "opt4mhxpCn",
              "name": "结构仿真工程师"
            },
            {
              "color": 5,
              "id": "optXvpdK4X",
              "name": "AI仿真工程师"
            },
            {
              "color": 6,
              "id": "opthDpZndq",
              "name": "NVH仿真工程师"
            },
            {
              "color": 7,
              "id": "optjyZjKhC",
              "name": "电控系统工程师"
            },
            {
              "color": 8,
              "id": "optRbU2qS8",
              "name": "热管理工程师"
            },
            {
              "color": 9,
              "id": "optbfu5acv",
              "name": "硬件工程师(电控/电源)"
            },
            {
              "color": 10,
              "id": "opt0KywKr0",
              "name": "电控结构工程师"
            },
            {
              "color": 0,
              "id": "opt8Vz1nUb",
              "name": "线束工程师"
            },
            {
              "color": 1,
              "id": "optfiDXvbu",
              "name": "减速器工程师"
            },
            {
              "color": 2,
              "id": "optFTsqQ7z",
              "name": "硬件测试工程师"
            },
            {
              "color": 3,
              "id": "opt6ISXY2W",
              "name": "传动系统工程师"
            },
            {
              "color": 4,
              "id": "optPFn18ga",
              "name": "EMC工程师"
            },
            {
              "color": 5,
              "id": "opt2qISTaV",
              "name": "电驱系统工程师"
            },
            {
              "color": 6,
              "id": "optVJ8Q3cu",
              "name": "电机开发工程师"
            },
            {
              "color": 7,
              "id": "optLhrI3Jn",
              "name": "工艺工程师(杭州/湖州)"
            },
            {
              "color": 8,
              "id": "optXQ5QDFj",
              "name": "性能试验工程师"
            },
            {
              "color": 9,
              "id": "optq960FQY",
              "name": "机械设备工程师"
            },
            {
              "color": 10,
              "id": "optwq0ciU8",
              "name": "整车控制系统工程师"
            },
            {
              "color": 0,
              "id": "opt4wf94ok",
              "name": "压缩机工程师"
            },
            {
              "color": 1,
              "id": "optksqr4gc",
              "name": "大数据算法工程师"
            },
            {
              "color": 2,
              "id": "opt9pTean5",
              "name": "研发质量工程师"
            },
            {
              "color": 3,
              "id": "optw7fdGJQ",
              "name": "平台开发工程师"
            },
            {
              "color": 4,
              "id": "optTzcU9l2",
              "name": "精益助理工程师"
            },
            {
              "color": 5,
              "id": "opt2p3BfK3",
              "name": "PLC工程师(金华/湖州)"
            },
            {
              "color": 6,
              "id": "optW6hLvsl",
              "name": "电气设备工程师"
            },
            {
              "color": 7,
              "id": "opt1qaozeu",
              "name": "NVH工程师(金华/湖州)"
            },
            {
              "color": 8,
              "id": "optciRQukJ",
              "name": "技术质量工程师"
            },
            {
              "color": 9,
              "id": "optAOY0gPn",
              "name": "控制器分析工程师(杭州/湖州)"
            },
            {
              "color": 10,
              "id": "optLV6N8u7",
              "name": "检测技术工程师"
            },
            {
              "color": 0,
              "id": "optnNAiuKm",
              "name": "电源分析工程师(湖州)"
            },
            {
              "color": 1,
              "id": "opt21l3x4A",
              "name": "物流信息化工程师"
            },
            {
              "color": 2,
              "id": "optPRvopMI",
              "name": "质量工程师(杭州/金华)"
            },
            {
              "color": 3,
              "id": "optYRC8TrB",
              "name": "物流工程师"
            },
            {
              "color": 4,
              "id": "optmFy8yy0",
              "name": "电池系统工程师(BMS/储能)"
            },
            {
              "color": 5,
              "id": "optralmSZD",
              "name": "电芯开发工程师"
            },
            {
              "color": 6,
              "id": "optmrCUTke",
              "name": "产品工程师"
            },
            {
              "color": 7,
              "id": "opt8XB2s4U",
              "name": "电池算法工程师"
            },
            {
              "color": 8,
              "id": "optlJBMmY7",
              "name": "硬件工程师"
            },
            {
              "color": 9,
              "id": "optw4zXwiu",
              "name": "PCB工程师"
            },
            {
              "color": 10,
              "id": "optZ1ycitl",
              "name": "系统软件工程师"
            },
            {
              "color": 0,
              "id": "opt49KSshC",
              "name": "HIL测试工程师"
            },
            {
              "color": 1,
              "id": "optB8KsnQj",
              "name": "结构工程师(PACK/BDU)"
            },
            {
              "color": 2,
              "id": "optlsibbiF",
              "name": "生产计划助理工程师"
            },
            {
              "color": 3,
              "id": "optEmSUimr",
              "name": "电气电源工程师"
            },
            {
              "color": 4,
              "id": "optmyNUF7L",
              "name": "IE助理工程师"
            },
            {
              "color": 5,
              "id": "optlTwmE58",
              "name": "质量项目工程师"
            },
            {
              "color": 6,
              "id": "optObGf42H",
              "name": "供应商质量助理工程师"
            },
            {
              "color": 7,
              "id": "optedhuM3m",
              "name": "电池工艺助理工程师"
            },
            {
              "color": 8,
              "id": "optoLr84ih",
              "name": "质量助理工程师"
            },
            {
              "color": 9,
              "id": "opt6nSt7X2",
              "name": "物流助理工程师"
            },
            {
              "color": 10,
              "id": "optZ9kEHPo",
              "name": "电气设备助理工程师"
            },
            {
              "color": 0,
              "id": "optKcPDRjZ",
              "name": "软件与系统开发方向 AI与算法方向 硬件与嵌入式方向 数据与网络方向 情报服务方向 气象服务方向"
            },
            {
              "color": 1,
              "id": "optOOsCNul",
              "name": "博士后研究员 大模型 多模态 NLP 语音 图像 推荐 搜索 AI架构师 Java Web iOS Android C++ C# Go Python 大数据 测试 AI语料训练师 HR 培训 合规 UI/平面设计/视频制作 出纳 客服顾问 管培生"
            },
            {
              "color": 2,
              "id": "optZuxO3KP",
              "name": "管理培训生"
            },
            {
              "color": 3,
              "id": "optrbFkcHX",
              "name": "数据类数据分析师"
            },
            {
              "color": 4,
              "id": "optdwsyhYN",
              "name": "产品类产品经理"
            },
            {
              "color": 5,
              "id": "opt434DeDY",
              "name": "市场类消费促动方向"
            },
            {
              "color": 6,
              "id": "optr72PQ0M",
              "name": "职能类资金账务方向"
            },
            {
              "color": 7,
              "id": "optSkIYbMB",
              "name": "职能类合规管理方向"
            },
            {
              "color": 8,
              "id": "optMzTGb3m",
              "name": "职能类人力资源方向"
            },
            {
              "color": 9,
              "id": "optKnahE2k",
              "name": "技术类算法工程师"
            },
            {
              "color": 10,
              "id": "optlCH3Rsd",
              "name": "技术类软件开发工程师"
            },
            {
              "color": 0,
              "id": "optcW5XlD7",
              "name": "具体见各招聘子公司"
            },
            {
              "color": 1,
              "id": "optElaNndA",
              "name": "算法类 技术类产品类营销类职能类"
            },
            {
              "color": 2,
              "id": "optN9WrdwE",
              "name": "安全管培生财务管培生工程管培生客服管培生市场管培生运营管培生职能管培生综合管培生"
            },
            {
              "color": 3,
              "id": "opt1Hs1haw",
              "name": "算法类软件研发类硬件研发类半导体类术支持类管理类"
            },
            {
              "color": 4,
              "id": "optdknPBot",
              "name": "研发类售前规划及营销类 项目交付类算法类生产管理类其他类"
            },
            {
              "color": 5,
              "id": "optCU7w5H4",
              "name": "计算机类电气类电子类能源类机械类"
            },
            {
              "color": 6,
              "id": "optofpT1nw",
              "name": "人工智能方向 网络通信方向大数据方向云计算方向 网络安全方向数智应用方向动力传输方向 解决方案方向 市场营销方向产品方向 项目经理 客户经理"
            },
            {
              "color": 7,
              "id": "opt4uPASC6",
              "name": "技术研究类技术研发类产品类安全技术类技术运营类金融类其他岗位"
            },
            {
              "color": 8,
              "id": "optb1j1lBE",
              "name": "营销类职能类 IT类"
            },
            {
              "color": 9,
              "id": "opt9C140o2",
              "name": "港航工程类 工程管理类企业管理类"
            },
            {
              "color": 10,
              "id": "optbP4EnZa",
              "name": "研发类营销类职能类"
            },
            {
              "color": 0,
              "id": "optezu3iV6",
              "name": "综合管理类 研发技术类人力资源类营销业务类财务类 采购管理类 品质管理类 计算机类生产管理类 外语类"
            },
            {
              "color": 1,
              "id": "opt5PjCDcg",
              "name": "研发类产品类职能类管培生支持类子公司岗位"
            },
            {
              "color": 2,
              "id": "opt2gpSEcE",
              "name": "开发工程师 算法工程师 解决方案经理 产品运营 网络信息安全"
            },
            {
              "color": 3,
              "id": "optfYr5z5n",
              "name": "研发岗 设计岗工艺岗采购与供应商管理业务岗模拟机运行岗新能源及电力系统设计岗电动飞机总体设计岗载荷试验设计岗传感测量设计岗工业软件开发岗区域销售岗"
            },
            {
              "color": 4,
              "id": "optHAfl5mu",
              "name": "策划方向 销售方向"
            },
            {
              "color": 5,
              "id": "optAgH55OP",
              "name": "量化因子工程师、AI量化工程师"
            },
            {
              "color": 6,
              "id": "optzlwiBco",
              "name": "初高中学科教师班主任教育咨询师"
            },
            {
              "color": 7,
              "id": "optLPabPeP",
              "name": "后端研发工程师移动研发工程师大数据研发工程师 前端研发工程师"
            },
            {
              "color": 8,
              "id": "optOR2hKJd",
              "name": "技术研发类技术支持类技术营销类综合管理类 生产运营类"
            },
            {
              "color": 9,
              "id": "optr4YEc7M",
              "name": "产品运营工程师成本数据分析师全球供应链管培生"
            },
            {
              "color": 10,
              "id": "optMaQjUhO",
              "name": "产品 设计运营市场数据科学"
            },
            {
              "color": 0,
              "id": "optsI6UYIp",
              "name": "销售产品研发设计运营市场"
            },
            {
              "color": 1,
              "id": "optsWp1bUZ",
              "name": "量化研究员系统开发工程师量化开发工程师"
            },
            {
              "color": 2,
              "id": "optGuEqUhu",
              "name": "技术管理方向 人力管理方向 财务管理类 投融资管理 采购管理/营销管理类"
            },
            {
              "color": 3,
              "id": "optPPSnFL9",
              "name": "研发类岗位业务类岗位程类岗位"
            },
            {
              "color": 4,
              "id": "optMUxj9WW",
              "name": "数字IC设计工程师数字IC验证工程师 数字态片后端工程师智能座舱安卓应用开发工程师智能驾驶应用开发工程师"
            },
            {
              "color": 5,
              "id": "opt82UGpKh",
              "name": "游戏策划类技术开发类美术设计类产品运营类"
            },
            {
              "color": 6,
              "id": "opt6RMvXVm",
              "name": "中国管理培训生项目"
            },
            {
              "color": 7,
              "id": "optBLEpqDz",
              "name": "应用工程师 销售工程师 测试工程师 现场应用工程师数字电路设计工程师版图设计工程师(上海)模拟电路设计工程师(无锡/上海)"
            },
            {
              "color": 8,
              "id": "optNx6DbeW",
              "name": "销售工程师 外贸销售工程师/外贸销售经理技术工程师分析测试工程师财务经理"
            },
            {
              "color": 9,
              "id": "opt5PclknK",
              "name": "少儿编程课导老师"
            },
            {
              "color": 10,
              "id": "optSTOmy9f",
              "name": "产研类运营类职能类营销类海外事业部"
            },
            {
              "color": 0,
              "id": "optEBCnW9p",
              "name": "矿业矿山类设备机电类工程材料类职能经营类"
            },
            {
              "color": 1,
              "id": "optzdtiXvg",
              "name": "综合管理培训生"
            },
            {
              "color": 2,
              "id": "opt5gUmNsw",
              "name": "软件与系统开发方向AI与算法方向硬件与嵌入式方向数据与网络方向情报服务方向气象服务方向"
            },
            {
              "color": 3,
              "id": "optjoZVek4",
              "name": "产品/商品类线下零售类线上业务类海外/跨境业务类市场类职能类"
            },
            {
              "color": 4,
              "id": "optqBnANBC",
              "name": "自动化工程师机械设计工程师验证工程师销售工程师 装配技师(机械/电气)售后服务工程师(机械/电气)商务助理"
            },
            {
              "color": 5,
              "id": "optR8oPieF",
              "name": "航空航天科学技术、电子/通信与自动控制技术、计算机科学技术、机械工程、材料科学、动力与电气工程、工科其他、自然科学、土木建筑工程、医药科学、人文与社会科学/管理学"
            },
            {
              "color": 6,
              "id": "opt6N8YrMi",
              "name": "量化策略研究员量化系统开发岗"
            },
            {
              "color": 7,
              "id": "optZtqIlDi",
              "name": "电商运营类管培生市场品牌类管培生财务类管培生 海外运营管培生"
            },
            {
              "color": 8,
              "id": "opt4flYHed",
              "name": "系统类硬件类软件类"
            },
            {
              "color": 9,
              "id": "optU1UzgLD",
              "name": "上海 江苏丹阳 福建建瓯 湖北武汉"
            },
            {
              "color": 10,
              "id": "opt2ZqOI2d",
              "name": "机器人学习算法研究员/工程师 具身智能算法研究员/工程师 机械结构工程师市场专员"
            },
            {
              "color": 0,
              "id": "optlpmhFv7",
              "name": "测试工程 产品设计 工艺制程硬件系统智能制造材料分析化学分析可性AI算法软件开发"
            },
            {
              "color": 1,
              "id": "optLEXlhwJ",
              "name": "电源开发工程师、嵌入式软件工程师、控制算法工程师、测试工程师、软件测试工程师、结构工程师、产品解决方案工程师、PE/IE/TEI程师、生产储干、销售工程师、CAE工程师"
            },
            {
              "color": 2,
              "id": "optHrDZPZg",
              "name": "业务类生产类职能类研发设计类"
            },
            {
              "color": 3,
              "id": "optfrQMzb9",
              "name": "量化研究员开发工程师Rust开发工程师后端开发工程师 市场经理"
            },
            {
              "color": 4,
              "id": "optwjodBpV",
              "name": "研发岗制造工艺岗专业技术岗综合管理岗技能岗博士岗位"
            },
            {
              "color": 5,
              "id": "optUaScVB9",
              "name": "机械类材料类化学类电气/自动化类工业工程/物理工程类专业"
            },
            {
              "color": 6,
              "id": "optJCBNKeV",
              "name": "发动机气动设计师 发动机总体设计师 飞行器总体设计师 飞行器气动设计师 飞控嵌入式软件设计师 结构/材料设计师 发动机控制系统工程师 软件设计工程师 航空发动机燃油系统设计师 航空发动机滑油系统设计师 无人飞行器燃油系统设计师 工艺师（专业需求： 飞行器设计 航空宇航推进理论与工程 动力工程及工程热物理 能源与动力工程 机械工程 控制理论与控制工程 计算机科学与技术 软件工程 电子科学与技术 力学 测控技术与仪器 材料科学与工程）"
            },
            {
              "color": 7,
              "id": "optBxdxYEV",
              "name": "课程顾问 特训班助教 中价课班主任 系统班辅导老师"
            },
            {
              "color": 8,
              "id": "optRUeujAN",
              "name": "技术市场工程师 研发整合工程师 研发工艺工程师 研发可靠度工程师 研发器件工程师 IE工程师 制造工程师 厂务工程师 ESH工程师 运营整合工程师 运营工艺工程师 良率提升工程师 质量工程师 设备工程师 IT工程师 财务管培生 人力资源管培生"
            },
            {
              "color": 9,
              "id": "optTkhngOm",
              "name": "销售工程师（国内） 外贸销售工程师/外贸销售经理 技术工程师 分析测试工程师 财务经理"
            },
            {
              "color": 10,
              "id": "optPbEaXF7",
              "name": "销售类 产品技术类(光电、结构、材料等理工科专业）"
            },
            {
              "color": 0,
              "id": "opt1i00Pzu",
              "name": "研发类 销售类 服务类 财经类 采购类 供应制造类 法务类 质量运营类 人力资源类"
            },
            {
              "color": 1,
              "id": "optBm4YTmj",
              "name": "硅光芯片设计 射频仿真 光封装设计 自动化软件开发 硬件开发 光学设计 嵌入式软件开发 信息化开发 国际业务大客户销售 数据分析 质量管理 财务会计（需求专业：电子 通信 光学 物理 机械 热学 力学 自动化 计算机 语言类 数学类 质量管理类 财会类）"
            },
            {
              "color": 2,
              "id": "optsksLYVD",
              "name": "研发工程师 工艺工程师 管理培养生 设备采购专员 EHS工程师 电气工程师 助理工程师 合规业务专员（专业要求 化学类、自动化类、过控类、理工类等相关专业）"
            },
            {
              "color": 3,
              "id": "optXiHKeC5",
              "name": "软件研发类 营销/市场产品类 算法类 体验设计类 智能硬件研发类 职能类 研发产品类 供应链类"
            },
            {
              "color": 4,
              "id": "optR2jpoe1",
              "name": "管培生 国际管培生"
            },
            {
              "color": 5,
              "id": "optEfuXEcJ",
              "name": "算法工程师 架构师 软件开发工程师 测试工程师 硬件开发工程师 嵌入式开发工程师 产品工程师 DTCO工程师 模型服务工程师 模拟设计工程师 版图设计工程师 数字前端/后端设计工程师"
            },
            {
              "color": 6,
              "id": "optmSHbifd",
              "name": "研发 生产 质量 计划物流 项目 采购 财务 人事 流程体系 软件开发"
            },
            {
              "color": 7,
              "id": "opt02GjbUm",
              "name": "素养类教师 学习机教师 高中教师 课程顾问 市场专员 社群运营 新媒体运营 人力实习生 新媒体运营实习生 助教实习生"
            },
            {
              "color": 8,
              "id": "optwQPYeXg",
              "name": "技术研发工程师 设计服务工程师 设备工程师 工艺集成工程师 工艺工程师 质量工程师"
            },
            {
              "color": 9,
              "id": "optBhwrRG0",
              "name": "软件开发工程师、硬件开发工程师、机械结构工程师、系统工程师等"
            },
            {
              "color": 10,
              "id": "optPOV6gZq",
              "name": "01. 土木工程类（土木工程、桥梁工程、建筑工程、道路桥梁与渡河工程、测绘工程（工程测量）、市政工程、给排水科学与工程、建筑学、结构工程）"
            },
            {
              "color": 0,
              "id": "optuaOKVD3",
              "name": "02. 港航工程类（港口航道、港口航道与海岸工程、水工结构）"
            },
            {
              "color": 1,
              "id": "optpppiGfW",
              "name": "03. 水利水电类（水利水电、水环境治理、水资源与海洋工程）"
            },
            {
              "color": 2,
              "id": "opt3hMSpxK",
              "name": "04. 工程管理类（工程管理、交通工程、安全工程、环境工程、工程力学、工程造价、物流管理、岩土工程、无机非金属材料工程、船舶与海洋工程、材料科学与工程）"
            },
            {
              "color": 3,
              "id": "optRz7xCuq",
              "name": "05. 机械机电类（电气工程及其自动化、机械设计制造及其自动化、过程装备与控制工程）"
            },
            {
              "color": 4,
              "id": "optF4kalLx",
              "name": "06. 企业管理类（法学、保密管理、工商管理、行政管理、人力资源管理）"
            },
            {
              "color": 5,
              "id": "optw83UIwx",
              "name": "07. 经济财务类（经济学、金融学、会计学、审计学、财务管理）"
            },
            {
              "color": 6,
              "id": "optrmkv2GQ",
              "name": "08. 海外业务类（国际工程、国际商务、国贸翻译、国际法务）"
            },
            {
              "color": 7,
              "id": "optl904xJ8",
              "name": "09. 石油化工类（油气储运工程、石油工程、海洋油气工程、化工安全工程）"
            },
            {
              "color": 8,
              "id": "optzSIojSw",
              "name": "量化策略研究员 系统开发工程师 机器学习工程师 中台储备干部"
            },
            {
              "color": 9,
              "id": "optoKrqCGh",
              "name": "研发工程师 大数据和AI工程师 网信安全工程师 智能云网工程师 动力环境工程师 无线网络工程师 解决方案经理 项目交付工程师 政企客户经理 财务 法律岗位"
            },
            {
              "color": 10,
              "id": "optQSrMsCM",
              "name": "算法工程师 开发工程师 系统架构师 大数据工程师 解决方案经理 互联网产品运营 IT运营工程师 网络工程师 网络信息安全 移动通信（5G） 云计算维护支撑"
            },
            {
              "color": 0,
              "id": "optug173Tc",
              "name": "管培生 投资 基金 招商 风控法务 党建 人力资源 审计 品牌宣传"
            },
            {
              "color": 1,
              "id": "optqjpLxtC",
              "name": "数据建模类 保险精算类 资产保全类 风险管理类 信贷评审类 业务运营类 战略管理类 财务管理类 研发类 销售类（招聘专业 计算机类 数学类 管理类 软件类 法律类 经济类 统计类 保险类 机械类）"
            },
            {
              "color": 2,
              "id": "optLZkX6ZO",
              "name": "人工智能应用 GNC系统研制 无人系统研制 计算机及电子系统研制 光学陀螺及先进传感器研制 液压系统研制 机电产品研制 软件设计与测试 机械结构设计 机械加工工艺 企业管理（招聘专业 人工智能 量子传感 无人系统 航空宇航 控制 导航 电子 计算机 通信 软件 光学 液压 机械 机电 电气 数学 力学 物理 适航 可靠性 管理）"
            },
            {
              "color": 3,
              "id": "optWC4Hybs",
              "name": "机械设计制造及其自动化 机械电子工程 车辆工程 工程力学 结构力学 材料科学与工程 高分子材料与工程 材料工程 财务管理 会计学 工业工程 声学工程 电气工程及其自动化 飞行器设计与工程 船舶与海洋工程 轮机工程 采矿工程 矿物加工工程 纺织工程 安全工程 软件工程 人工智能 计算机"
            },
            {
              "color": 4,
              "id": "optTWo5AUK",
              "name": "元器件可靠性技术研发岗 失效分析与评价岗 工艺检测与试验技术岗 产品研发经理岗 集成电路测试技术研发岗 AI算法工程师岗 环境与可靠性技术研发岗 结构强度试验设计岗 质量与可靠性技术研发岗 新材料检测技术研发岗 系统建设开发岗 网络安全测试技术研发岗"
            },
            {
              "color": 5,
              "id": "optGSxsZqE",
              "name": "设计技术类岗位、试验技术类岗位、职能管理类岗位"
            },
            {
              "color": 6,
              "id": "opt9voaxo6",
              "name": "航空航天类、兵器类、人工智能类、控制类、智能 制造类、机械类、计算机类、电气自动化类、电子 信息类、力学类、材料成型类、仪器科学类、能源 动力类、适航管理类、工业工程类、管理类等"
            },
            {
              "color": 7,
              "id": "optSUK93WK",
              "name": "网络工程"
            },
            {
              "color": 8,
              "id": "optzTVubWc",
              "name": "战略企划专员"
            },
            {
              "color": 9,
              "id": "optvLkSCwT",
              "name": "SRE 工程师"
            },
            {
              "color": 10,
              "id": "optUMRPdym",
              "name": "招聘专员"
            },
            {
              "color": 0,
              "id": "optJpd8CmH",
              "name": "财务核算专员"
            },
            {
              "color": 1,
              "id": "optPowKWcY",
              "name": "核保专员"
            },
            {
              "color": 2,
              "id": "optRnu93mI",
              "name": "理赔专员"
            },
            {
              "color": 3,
              "id": "optQkkawoZ",
              "name": "用户运营专员"
            },
            {
              "color": 4,
              "id": "optw7TxykJ",
              "name": "互联网产品经理"
            },
            {
              "color": 5,
              "id": "optHbXDrZd",
              "name": "后端开发工程师"
            },
            {
              "color": 6,
              "id": "optQUCyIPT",
              "name": "算法工程师"
            },
            {
              "color": 7,
              "id": "optaaoA5TW",
              "name": "数据分析师"
            },
            {
              "color": 8,
              "id": "optJRmq5Ry",
              "name": "数据开发工程师"
            },
            {
              "color": 9,
              "id": "optxEfaYPS",
              "name": "销售支持专家、初级供应商质量开发工程师、项目策划工程师、项目策划工程师、生产工程师、自动化工程师、初级供应商质量开发工程师、质量工程师、自动化工程师"
            },
            {
              "color": 10,
              "id": "optrlXSmd4",
              "name": "人工智能"
            },
            {
              "color": 0,
              "id": "optDmKQUVc",
              "name": "软件工程"
            },
            {
              "color": 1,
              "id": "optjbB1UCo",
              "name": "计算机科学与技术"
            },
            {
              "color": 2,
              "id": "optzCBcqfi",
              "name": "信息与通信工程"
            },
            {
              "color": 3,
              "id": "optgYCzjCM",
              "name": "控制科学与工程"
            },
            {
              "color": 4,
              "id": "optnmAsbo2",
              "name": "电子科学与技术"
            },
            {
              "color": 5,
              "id": "opt6fDLDYX",
              "name": "电子信息"
            },
            {
              "color": 6,
              "id": "optlSC1JKY",
              "name": "航空宇航科学与技术"
            },
            {
              "color": 7,
              "id": "optGUA81jh",
              "name": "兵器科学与技术"
            },
            {
              "color": 8,
              "id": "optSYfgF5a",
              "name": "数学"
            },
            {
              "color": 9,
              "id": "optOY1OXNR",
              "name": "光学工程"
            },
            {
              "color": 10,
              "id": "optzEFXnG8",
              "name": "力学"
            },
            {
              "color": 0,
              "id": "optMb2htek",
              "name": "动力工程及工程热物理"
            },
            {
              "color": 1,
              "id": "opt0U7mn7t",
              "name": "仪器科学与技术"
            },
            {
              "color": 2,
              "id": "optltwcwLV",
              "name": "机械工程"
            },
            {
              "color": 3,
              "id": "optHfbOquf",
              "name": "电气工程"
            },
            {
              "color": 4,
              "id": "optTwM0YNj",
              "name": "自动化"
            },
            {
              "color": 5,
              "id": "optGHHbSuN",
              "name": "工程热物理"
            },
            {
              "color": 6,
              "id": "optisECbSA",
              "name": "集成电路"
            },
            {
              "color": 7,
              "id": "optNjO5jvO",
              "name": "材料"
            },
            {
              "color": 8,
              "id": "optWaB3UAP",
              "name": "电磁场与微波"
            },
            {
              "color": 9,
              "id": "opt4bVB7Yw",
              "name": "大数据"
            },
            {
              "color": 10,
              "id": "optJx7ifNY",
              "name": "智能科学与技术"
            },
            {
              "color": 0,
              "id": "opti9v4hay",
              "name": "飞行器制造"
            },
            {
              "color": 1,
              "id": "optysszA0M",
              "name": "材料科学与工程"
            },
            {
              "color": 2,
              "id": "opt6rcNhNM",
              "name": "材料加工工程"
            },
            {
              "color": 3,
              "id": "optSKhxtBG",
              "name": "高分子材料"
            },
            {
              "color": 4,
              "id": "opts6Z6Gj1",
              "name": "可靠性工程"
            },
            {
              "color": 5,
              "id": "opt40uUonK",
              "name": "电机与电器"
            },
            {
              "color": 6,
              "id": "optK8M5fQo",
              "name": "电力电子"
            },
            {
              "color": 7,
              "id": "optMZYNtoF",
              "name": "飞行器设计"
            },
            {
              "color": 8,
              "id": "opt4j2rPmr",
              "name": "测控技术与仪器"
            },
            {
              "color": 9,
              "id": "optNLLyyIx",
              "name": "机械电子工程"
            },
            {
              "color": 10,
              "id": "optB1GpaaY",
              "name": "机械制造及其自动化"
            },
            {
              "color": 0,
              "id": "opto1Tkz15",
              "name": "机械设计及理论"
            },
            {
              "color": 1,
              "id": "optrz9XNQV",
              "name": "航空宇航制造工程"
            },
            {
              "color": 2,
              "id": "opttR9jwK2",
              "name": "数字化装配"
            },
            {
              "color": 3,
              "id": "optsVTM5xu",
              "name": "表面工程"
            },
            {
              "color": 4,
              "id": "optHEf14kN",
              "name": "高分子成型"
            },
            {
              "color": 5,
              "id": "opt61Ejlsu",
              "name": "电子封装技术"
            },
            {
              "color": 6,
              "id": "opt6Nr2aT0",
              "name": "材料加工技术"
            },
            {
              "color": 7,
              "id": "optf5TRWeJ",
              "name": "云计算"
            },
            {
              "color": 8,
              "id": "optxv8dCea",
              "name": "物理学"
            },
            {
              "color": 9,
              "id": "optlRbjDBg",
              "name": "化学工程"
            },
            {
              "color": 10,
              "id": "optlSLtGAb",
              "name": "数据科学与大数据技术"
            },
            {
              "color": 0,
              "id": "optwXGGp0o",
              "name": "云计算技术与应用"
            },
            {
              "color": 1,
              "id": "optjSdhUsI",
              "name": "凝聚态物理"
            },
            {
              "color": 2,
              "id": "optwsPARpG",
              "name": "焊接技术"
            },
            {
              "color": 3,
              "id": "optV37aZRM",
              "name": "应用化学"
            },
            {
              "color": 4,
              "id": "optqyyBO4O",
              "name": "物理化学"
            },
            {
              "color": 5,
              "id": "optTdM4vYZ",
              "name": "材料化学"
            },
            {
              "color": 6,
              "id": "optg39dGmx",
              "name": "电力电子与电力传动"
            },
            {
              "color": 7,
              "id": "opt5pcCciU",
              "name": "电力工程及其自动化"
            },
            {
              "color": 8,
              "id": "optlRnCEuo",
              "name": "高电压与绝缘"
            },
            {
              "color": 9,
              "id": "optmuCoUxA",
              "name": "电磁兼容（EMC）"
            },
            {
              "color": 10,
              "id": "optdjdvYsI",
              "name": "集成电路设计与集成系统"
            },
            {
              "color": 0,
              "id": "optuJLYqix",
              "name": "智能控制技术"
            },
            {
              "color": 1,
              "id": "optDc10sN1",
              "name": "微机电系工程"
            },
            {
              "color": 2,
              "id": "optAcKC7Q2",
              "name": "服务团队 咨询顾问 Associate Consultant"
            },
            {
              "color": 3,
              "id": "optOfNkJBu",
              "name": "Advisors & Consulting Services 会员业务发展团队 会员业务发展顾问 Associate Analyst"
            },
            {
              "color": 4,
              "id": "optzU6OOTQ",
              "name": "Account Management 产品团队 产品顾问 Associate Specialist"
            },
            {
              "color": 5,
              "id": "optHvuPjF4",
              "name": "Product Management"
            },
            {
              "color": 6,
              "id": "opt9kVtBBS",
              "name": "审计员 IT审计员 咨询顾问 工程咨询员 税审员 评估员 数据分析员 人事助理"
            },
            {
              "color": 7,
              "id": "optgAizyhR",
              "name": "营销策划类（品牌 / 产品营销 / 电商市场）"
            },
            {
              "color": 8,
              "id": "optxoVEq93",
              "name": "电商运营类（货架电商 / 抖快电商 / 跨境电商 / 电商数据）"
            },
            {
              "color": 9,
              "id": "optu5SayFv",
              "name": "短视频内容类（编导 / 后期）"
            },
            {
              "color": 10,
              "id": "optA0v6PJq",
              "name": "销售管理类（销售管理）"
            },
            {
              "color": 0,
              "id": "optsnjPNm0",
              "name": "研发类（配方研发）"
            },
            {
              "color": 1,
              "id": "opt96GiB4g",
              "name": "职能类（人力资源 / 总裁办）"
            },
            {
              "color": 2,
              "id": "optfPvaFFg",
              "name": "三维软件开发工程师（C++）"
            },
            {
              "color": 3,
              "id": "optyaSHYES",
              "name": "高性能计算工程师"
            },
            {
              "color": 4,
              "id": "optqrYvm20",
              "name": "SLAM 算法工程师"
            },
            {
              "color": 5,
              "id": "optUPVNsPI",
              "name": "GPU 硅后测试工程师 - 北京"
            },
            {
              "color": 6,
              "id": "opt0fD0fc7",
              "name": "UE 开发工程师"
            },
            {
              "color": 7,
              "id": "optJQEK0hL",
              "name": "战略研究专员 - 北京"
            },
            {
              "color": 8,
              "id": "optL7poren",
              "name": "Unity 开发工程师"
            },
            {
              "color": 9,
              "id": "optg3c6tPT",
              "name": "全球营销管培生"
            },
            {
              "color": 10,
              "id": "optswtANtV",
              "name": "Web3D 开发大数据开发工程师"
            },
            {
              "color": 0,
              "id": "optvvICIsG",
              "name": "全球销售管培生"
            },
            {
              "color": 1,
              "id": "optrf3te6l",
              "name": "机器人导航算法实习生 (A46918)"
            },
            {
              "color": 2,
              "id": "opt6Bgew4b",
              "name": "产品经理交付经理"
            },
            {
              "color": 3,
              "id": "optzEVqs7x",
              "name": "硬件产品经理"
            },
            {
              "color": 4,
              "id": "optavc9BIX",
              "name": "IC 验证工程师 - 南京"
            },
            {
              "color": 5,
              "id": "optlw03xjr",
              "name": "IC 设计工程师 - 成都"
            },
            {
              "color": 6,
              "id": "optWCTohSu",
              "name": "AI 计算及通用计算库工程师 - 杭州"
            },
            {
              "color": 7,
              "id": "optGVpradJ",
              "name": "IC 设计工程师 - 上海"
            },
            {
              "color": 8,
              "id": "optYsMpB7c",
              "name": "芯片测试工程师 - 上海"
            },
            {
              "color": 9,
              "id": "optf8CTCVS",
              "name": "IC 设计工程师 - 南京"
            },
            {
              "color": 10,
              "id": "optibovf8R",
              "name": "IC 验证工程师 - 成都"
            },
            {
              "color": 0,
              "id": "optZv2L4dq",
              "name": "FAE 工程师 - 杭州"
            },
            {
              "color": 1,
              "id": "opt5eeMxzt",
              "name": "招聘专员 - 上海"
            },
            {
              "color": 2,
              "id": "optn7SrfSJ",
              "name": "FAE 工程师 - 成都"
            },
            {
              "color": 3,
              "id": "opt8VJUd5l",
              "name": "生态产品工程师 - 上海"
            },
            {
              "color": 4,
              "id": "optQiGF0V6",
              "name": "联合校招 —— 生物医疗方向"
            },
            {
              "color": 5,
              "id": "optFNwLBj5",
              "name": "联合校招 —— 智能制造方向"
            },
            {
              "color": 6,
              "id": "optuqCjBvJ",
              "name": "科学计算生态开发专家 - 长沙"
            },
            {
              "color": 7,
              "id": "optR84CKms",
              "name": "联合校招 —— 计算机软件方向"
            },
            {
              "color": 8,
              "id": "optFrcIcFU",
              "name": "产品专员"
            },
            {
              "color": 9,
              "id": "optlhLC4h7",
              "name": "运动控制算法（base 上海）"
            },
            {
              "color": 10,
              "id": "optUF5tiSe",
              "name": "三维重建算法工程师"
            },
            {
              "color": 0,
              "id": "optIud04Bh",
              "name": "AI 工程师 - 南京"
            },
            {
              "color": 1,
              "id": "opt5htQ4rT",
              "name": "IT 智能开发工程师 - 上海"
            },
            {
              "color": 2,
              "id": "optV4AohzS",
              "name": "投资者关系专员 - 上海"
            },
            {
              "color": 3,
              "id": "optZOOk053",
              "name": "GPU 编译器研发工程师 - 南京"
            },
            {
              "color": 4,
              "id": "optfTnOzWE",
              "name": "散热工程师 - 上海"
            },
            {
              "color": 5,
              "id": "optmt7fXQY",
              "name": "项目管理工程师 - 上海"
            },
            {
              "color": 6,
              "id": "optVRb0sTe",
              "name": "PMO 项目管理工程师 - 上海"
            },
            {
              "color": 7,
              "id": "optAZjQlcA",
              "name": "FAE 工程师 - 上海"
            },
            {
              "color": 8,
              "id": "optIGn439N",
              "name": "软件测试工程师"
            },
            {
              "color": 9,
              "id": "opty8pAO8p",
              "name": "嵌入式软件工程师"
            },
            {
              "color": 10,
              "id": "optbERiTF2",
              "name": "行政专员 - 上海"
            },
            {
              "color": 0,
              "id": "optiDphBMI",
              "name": "电力电子硬件工程师（博士）"
            },
            {
              "color": 1,
              "id": "opttIoBxkH",
              "name": "运动控制算法工程师"
            },
            {
              "color": 2,
              "id": "optzXHec04",
              "name": "费用会计 - 上海"
            },
            {
              "color": 3,
              "id": "optyCpGgts",
              "name": "GPU 建模工程师 - 上海"
            },
            {
              "color": 4,
              "id": "optYywtZd0",
              "name": "AI 工程师 - 北京"
            },
            {
              "color": 5,
              "id": "optd4tSJMH",
              "name": "AI 工程师 - 长沙"
            },
            {
              "color": 6,
              "id": "optujcoigK",
              "name": "线上营销支持（实习）"
            },
            {
              "color": 7,
              "id": "opt9RNouPC",
              "name": "机器人导航算法实习生 (A51797)"
            },
            {
              "color": 8,
              "id": "optcgzIE1K",
              "name": "算法工程师（感知）"
            },
            {
              "color": 9,
              "id": "optWHqsWeP",
              "name": "财务出纳 - 上海"
            },
            {
              "color": 10,
              "id": "optwMphjYE",
              "name": "硬件工程师 - 单板设计 - 上海"
            },
            {
              "color": 0,
              "id": "optiVBF8qN",
              "name": "销售工程师 - 北京"
            },
            {
              "color": 1,
              "id": "optPyLflH9",
              "name": "Web 前端工程师"
            },
            {
              "color": 2,
              "id": "optoa1fX52",
              "name": "深度学习算法工程师"
            },
            {
              "color": 3,
              "id": "optjf9V9bk",
              "name": "嵌入式实习生 (A159086)"
            },
            {
              "color": 4,
              "id": "optGcT7z4c",
              "name": "算法测试实习生 (A153762)"
            },
            {
              "color": 5,
              "id": "optJaKdCKg",
              "name": "数据中心平台软件开发工程师 - 杭州"
            },
            {
              "color": 6,
              "id": "optTownwma",
              "name": "机械结构实习生 (A94349)"
            },
            {
              "color": 7,
              "id": "opt7fda777",
              "name": "Java 工程师"
            },
            {
              "color": 8,
              "id": "optKbGOMB4",
              "name": "【日常实习】AI 算法实习生"
            },
            {
              "color": 9,
              "id": "optgR1dwyk",
              "name": "电力电子硬件工程师"
            },
            {
              "color": 10,
              "id": "optBYe9s6J",
              "name": "技术支持工程师"
            },
            {
              "color": 0,
              "id": "optY06hhcD",
              "name": "综合法务专员 - 上海"
            },
            {
              "color": 1,
              "id": "optsKM5vvu",
              "name": "市场推广专员 - 上海"
            },
            {
              "color": 2,
              "id": "optGsRX35y",
              "name": "系统软件工程师 - 北京"
            },
            {
              "color": 3,
              "id": "optH8qsbrD",
              "name": "Linux 虚拟化驱动开发工程师 - 长沙"
            },
            {
              "color": 4,
              "id": "optDmm2sLa",
              "name": "人力资源人力资源专员 / 助理（实习）"
            },
            {
              "color": 5,
              "id": "opt06AKtkn",
              "name": "AI 计算及通用计算库工程师 - 南京"
            },
            {
              "color": 6,
              "id": "optlInsPPG",
              "name": "云原生开发工程师 - 长沙"
            },
            {
              "color": 7,
              "id": "opt7jLgrZT",
              "name": "AI 研究实习生"
            },
            {
              "color": 8,
              "id": "optydbk6dA",
              "name": "封装设计工程师 - 南京"
            },
            {
              "color": 9,
              "id": "optqKJN22P",
              "name": "算法工程师（规控）"
            },
            {
              "color": 10,
              "id": "optAEFZOA3",
              "name": "客户端工程师"
            },
            {
              "color": 0,
              "id": "optKhwyoQf",
              "name": "科学计算生态开发工程师 - 长沙"
            },
            {
              "color": 1,
              "id": "opteuf6XUW",
              "name": "数据中心基础软件开发工程师 - 杭州"
            },
            {
              "color": 2,
              "id": "optPEP6jwu",
              "name": "GPU 硅后测试工程师 - 上海"
            },
            {
              "color": 3,
              "id": "optfWGFpv9",
              "name": "运动控制算法实习生 (A70909)"
            },
            {
              "color": 4,
              "id": "opt0JwYEcw",
              "name": "GPGPU 用户态驱动开发工程师 - 长沙"
            },
            {
              "color": 5,
              "id": "optLsLJoyO",
              "name": "人力资源人力资源专员 / 助理"
            },
            {
              "color": 6,
              "id": "optrZ0yP1Q",
              "name": "电力电子软件工程师"
            },
            {
              "color": 7,
              "id": "optPSZIjZl",
              "name": "线上营销支持"
            },
            {
              "color": 8,
              "id": "opt1HJZ6jU",
              "name": "渠道运营"
            },
            {
              "color": 9,
              "id": "opt5TvSXLv",
              "name": "产品运营"
            },
            {
              "color": 10,
              "id": "optj4vtGP9",
              "name": "销售运营支持"
            },
            {
              "color": 0,
              "id": "opttPZEMoq",
              "name": "Agent 大模型产品经理"
            },
            {
              "color": 1,
              "id": "opt9r71hsx",
              "name": "算法工程师 / 研究员"
            },
            {
              "color": 2,
              "id": "optTcAlv5x",
              "name": "GPU 后端设计工程师 - 南京"
            },
            {
              "color": 3,
              "id": "optvjvfjnG",
              "name": "GPU 编译器研发工程师 - 杭州"
            },
            {
              "color": 4,
              "id": "optbNNNrnY",
              "name": "DFT 设计工程师 - 成都"
            },
            {
              "color": 5,
              "id": "opttKyWcnD",
              "name": "国际业务经营管培生"
            },
            {
              "color": 6,
              "id": "optUCiM5Ak",
              "name": "电子 / 机械经营管培生"
            },
            {
              "color": 7,
              "id": "optvlgcnxV",
              "name": "人力专员"
            },
            {
              "color": 8,
              "id": "optFuBtFFb",
              "name": "3D 打印销售工程师"
            },
            {
              "color": 9,
              "id": "optWj2uAll",
              "name": "c++ 软件研发工程师"
            },
            {
              "color": 10,
              "id": "opt5phFGfG",
              "name": "多模态算法工程师（base 上海）"
            },
            {
              "color": 0,
              "id": "optEF46kEz",
              "name": "SLAM 算法实习生 (A187033)"
            },
            {
              "color": 1,
              "id": "optGwBCFXE",
              "name": "多模态算法工程师（base 苏州）"
            },
            {
              "color": 2,
              "id": "optOH1udtq",
              "name": "运动控制算法（base 苏州）"
            },
            {
              "color": 3,
              "id": "optiK9nGYU",
              "name": "IC 验证工程师 - 上海"
            },
            {
              "color": 4,
              "id": "optVREtqX8",
              "name": "FAE 工程师 - 北京"
            },
            {
              "color": 5,
              "id": "optx7l40cB",
              "name": "服务端开发工程师"
            },
            {
              "color": 6,
              "id": "optMSc3uol",
              "name": "渠道运营（实习）"
            },
            {
              "color": 7,
              "id": "opt66fM3RR",
              "name": "联合校招 —— 能源与材料方向"
            },
            {
              "color": 8,
              "id": "optayZn1oP",
              "name": "GPU 后端设计工程师 - 成都"
            },
            {
              "color": 9,
              "id": "optryk0eoN",
              "name": "低功耗设计工程师 - 上海"
            },
            {
              "color": 10,
              "id": "optKWqf0HC",
              "name": "配电工程师（博士）"
            },
            {
              "color": 0,
              "id": "optuHjtwWe",
              "name": "AI 算法工程师（博士）"
            },
            {
              "color": 1,
              "id": "optygqxLu6",
              "name": "销售运营支持（实习）"
            },
            {
              "color": 2,
              "id": "opt405OKBY",
              "name": "AI 算法工程师"
            },
            {
              "color": 3,
              "id": "optagtIhA9",
              "name": "运维工程师"
            },
            {
              "color": 4,
              "id": "optBdgwrfy",
              "name": "测试工程师"
            },
            {
              "color": 5,
              "id": "optEqNp7pH",
              "name": "SOC 中端设计工程师 - 南京"
            },
            {
              "color": 6,
              "id": "optqjwz5j8",
              "name": "GPU 后端设计工程师 - 上海"
            },
            {
              "color": 7,
              "id": "optHXOG8qc",
              "name": "DFT 设计工程师 - 南京"
            },
            {
              "color": 8,
              "id": "optNfLqUHs",
              "name": "互联网产品岗"
            },
            {
              "color": 9,
              "id": "optxa3O7Aj",
              "name": "运营岗"
            },
            {
              "color": 10,
              "id": "opt7nISCUQ",
              "name": "技术、产品、运营、市场、设计、管培、 职能、销售等"
            },
            {
              "color": 0,
              "id": "optQDrX4uf",
              "name": "技术研发类产品&设计类营销&职能类"
            },
            {
              "color": 1,
              "id": "optyoK6wxh",
              "name": "算法/网联安全/大数据类器件电路类硬件/结构类国内营销/技术支持类际营销/技术支持类测试/支撑类供应链类体设计类综合类"
            },
            {
              "color": 2,
              "id": "optGyKEOex",
              "name": "数字技术类智能制造类工程技术类动力电池类用户与服务类职能与支持类产品类设计类 项目管理类"
            },
            {
              "color": 3,
              "id": "optXvL4WZI",
              "name": "供应链类营销业务类技术研发类经管理类 信息管理类 财务管理类 行政管理类"
            },
            {
              "color": 4,
              "id": "optnkf9Stg",
              "name": "在线大班课主讲老师"
            },
            {
              "color": 5,
              "id": "optawequfb",
              "name": "技术研发类市场类产品&项目类供应链类职能支持类"
            },
            {
              "color": 6,
              "id": "optGOxziSP",
              "name": "化学材料类机械电气类电子计算机类综合类"
            },
            {
              "color": 7,
              "id": "optucA2EAc",
              "name": "研究开发类技术支持类财务金融类职能管理类国内营销类海外销类供管理类"
            },
            {
              "color": 8,
              "id": "optLPZqga0",
              "name": "人工智能应用GC系统研制无人系统研制计算机及电子系统研制光学陀螺及先进传感器研制液压系统研制"
            },
            {
              "color": 9,
              "id": "optckX01I5",
              "name": "研发生产质量计划物理项目采购财务人事流程体系软件开发"
            },
            {
              "color": 10,
              "id": "optAZvzYhg",
              "name": "研发/设计市场营销技术支持信息技术"
            },
            {
              "color": 0,
              "id": "optkbgeCOc",
              "name": "光学光电类机械机电类软件算法类电子电气类环境控制类集成工艺类制造类职能类"
            },
            {
              "color": 1,
              "id": "optRew0qh9",
              "name": "算法类 研发类 营销类 职能类"
            },
            {
              "color": 2,
              "id": "optBq0oKad",
              "name": "研发类工程类营销类职能类"
            },
            {
              "color": 3,
              "id": "optSN1Fg7A",
              "name": "软件类算法类IC类硬件类技术类设计类市场类职能类"
            },
            {
              "color": 4,
              "id": "opt4u8drJC",
              "name": "市场拓展催熟品控冷链技术水果品项渠道销售 商务翻译"
            },
            {
              "color": 5,
              "id": "optdj4XCLn",
              "name": "总体设计类动力设计类航电设计类飞控设计类结构设计类发射支持设计类软件与信息化类 工艺设计类"
            },
            {
              "color": 6,
              "id": "optY5vY8fr",
              "name": "技术类 产品策划类美术类发行类运营类用研/行研类项目管理类"
            },
            {
              "color": 7,
              "id": "optDq1IpY9",
              "name": "经营管理培训生"
            },
            {
              "color": 8,
              "id": "optIJTa0hH",
              "name": "算法开发产品数据运营两核精算 财务"
            },
            {
              "color": 9,
              "id": "optGEYushs",
              "name": "设备工程师 工艺工程师"
            },
            {
              "color": 10,
              "id": "optqTWupoZ",
              "name": "产品序列设计序列技术列市场列"
            },
            {
              "color": 0,
              "id": "optA2hIi60",
              "name": "运营营销海外运营营销职能支持 技术实施"
            },
            {
              "color": 1,
              "id": "opt8co4Quy",
              "name": "研发类智能制造类职能类"
            },
            {
              "color": 2,
              "id": "optLx3V049",
              "name": "量化研究员机器学习研究员C++高级开发工程师数据开发工程师 资深运维工程师 试工程师 交易执行员"
            },
            {
              "color": 3,
              "id": "optkayEz1c",
              "name": "总行管理培训生 客户经理 前台经理"
            },
            {
              "color": 4,
              "id": "optldGtvdB",
              "name": "量化策略研究员 系统开发工程师/机器学习工程师 中台储备干部"
            },
            {
              "color": 5,
              "id": "optpGMRJ2G",
              "name": "软件开发工程师 自动化工程师算法工程师嵌入式开发工程师"
            },
            {
              "color": 6,
              "id": "optMyCLDHW",
              "name": "投研实习生"
            },
            {
              "color": 7,
              "id": "optnfDtAcO",
              "name": "应用数学"
            },
            {
              "color": 8,
              "id": "optL3elG45",
              "name": "通信与信息系统"
            },
            {
              "color": 9,
              "id": "optwxt3Yg1",
              "name": "信号与信息处理"
            },
            {
              "color": 10,
              "id": "optikA77eF",
              "name": "控制理论与控制工程"
            },
            {
              "color": 0,
              "id": "optDi2Pdbz",
              "name": "模式识别与智能系统"
            },
            {
              "color": 1,
              "id": "opt40a1Ber",
              "name": "信息对抗技术"
            },
            {
              "color": 2,
              "id": "optCMPrGII",
              "name": "电子信息工程等"
            },
            {
              "color": 3,
              "id": "opteJ55aGp",
              "name": "技术类：算法、前端、后端、测试、数据分析、技术运维 产品类：产品策划、产品运营、设计 运营类：类目运营、通用运营 采购类：供应商管理、供应链管理 市场类：市场传播 职能类：人力资源管理、财务管理"
            },
            {
              "color": 4,
              "id": "optn4goa8L",
              "name": "热招岗位类别：机械工程类 材料科学与工程类 冶金工程类 电气工程类 物理类 动力工程及 工程热物理专业 化学类 化工类 人力、行政类 自动化类 土木工程类 (矿类地质、矿物加工工程) 安全科学与工程类 财务类"
            },
            {
              "color": 5,
              "id": "optffG0lW5",
              "name": "技术类 电气设计工程师 机械设计工程师 工业设计工程师 暖通设计工程师 消防设计工程师 工程造价工程师 技术支持工程师 工程电气工程师 工程土建工程师 生产交付管理类 计划调度岗 项目经理岗 设备工程师 试验工程师 采购商务管理 计算机&职能类 软件开发工程师 财务管理 宣讲师 国际类 国际大客户代表 技术支持工程师 国际项目经理 国际文控管理 营销类 国内大客户代表"
            },
            {
              "color": 6,
              "id": "optfFh4i0q",
              "name": "材料设计研发工程师 高纯铝研发工程师 智能熔凝研发工程师 再生铝研发工程师 塑性加工研发工程师 电解铝模拟仿真研发工程师 电路设计工程师 软件开发工程师 电气工程师 机械工程师 氧化铝研发工程师 精细加工研发工程师 陶瓷材料研发工程师 模拟仿真研发工程师 机器学习研发工程师A 微弧氧化研发工程师 功能涂层研发工程师 高强涂层研发工程师 机器学习研发工程师B 科研管理岗 教研岗 教务岗 药物合成研发工程师 金属有机合成研发工程师 有机合成研发工程师 有机电子器件工程师 锂电池正极材料研发工程师-固态电解质方向 锂电池正极材料研发工程师 负极材料研发工程师 高压电解液研发工程师 电芯制备开发工程师 量产工艺开发工程师 预锂化工艺开发工程师 机器人算法工程师-视觉方向 机器人算法工程师-具身智能方向 机器人结构设计工程师-机械臂方向 机器人结构设计工程师-移动底盘方向 机械工程师 传感器研发工程师-近红外传感器方向 传感器研发工程师-电化学传感器方向 硬件研发工程师-FPGA方向 电气工程师A 电气工程师B 工业过程控制研发工程师 大模型工业应用算法工程师 人工智能工具链研发工程师 数字孪生研发工程师 软件工程师 机械工程师A 机械工程师B 增材制造工程师 生物医学工程师 信号/图像处理工程师 导航控制工程师 无人飞行系统工程师 微生物研发工程师 生物信息研发工程师 合成生物研发工程师 酶工程研发工程师 中试车间-发酵生产工程师 中试车间-分离纯化生产工程师 中试车间-结晶生产工程师 中试车间-微藻培养工程师 膜分离研发工程师A 膜分离研发工程师B 膜分离研发工程师C"
            },
            {
              "color": 7,
              "id": "optIou7TMy",
              "name": "营销类 产品业务经理 销售工程师 业务助理 市场专员 研发类 研发工程师 工艺工程师 仿真工程师 质量类 检测工程师 质量工程师 检验工程师 机电类 机械工程师 电气工程师 设备工程师 电气工程师 能源管理工程师 职能类 人力资源专员 会计 生产计划专员 IT安全工程师 项目经理 战略投资专员 证券专员"
            },
            {
              "color": 8,
              "id": "opt3ChpnN4",
              "name": "卫星总体类（需求专业：航天工程、航空工程、航空宇航科学与技术、飞行器设计、遥感、测绘、导航等） 电子通信类（需求专业：电子信息、通信工程、微电子、电磁场与微波技术、光学工程、嵌入式、FPGA 开发、射频等） 计算机软件（需求专业：计算机科学与技术、软件工程、大数据、人工智能等） 结构热控类（需求专业：机械工程、机械电子、力学、工程热物理、推进系统等） 控制类（需求专业：轨道力学、控制工程、自动化等）"
            },
            {
              "color": 9,
              "id": "optnxlwsIC",
              "name": "未告知"
            },
            {
              "color": 10,
              "id": "optcFNs2rw",
              "name": "需求专业：电子科学与技术 信息与通信工程 仪器科学与技术 控制科学与工程 计算机科学与技术 软件工程 密码学、数学 信息安全、网络空间安全 光学、光学工程 航空宇航科学与技术 兵器科学与技术 测绘科学与技术 电子信息相关专业"
            },
            {
              "color": 0,
              "id": "optXI2DaLR",
              "name": "技术工程师 调试工程师 配网系统需求分析师 电力系统应用软件工程师 PC软件工程师 嵌入式软件工程师 硬件开发工程师 结构开发工程师 系统测试工程师"
            },
            {
              "color": 1,
              "id": "opternGMwU",
              "name": "海员"
            },
            {
              "color": 2,
              "id": "opt2wbItC2",
              "name": "研发技术类 机械、仿真、液压、电气、软件/算发、 工艺 营销服务类 营销管理、国内/国际服务工程师、 国际营销经理、服务管理等 制造类 制造管理、质量管理、计划运营等 职能类 财务、采购、品类"
            },
            {
              "color": 3,
              "id": "optXsXswS2",
              "name": "项目管理储备干部、财务BP、采购工程师、海外市场储备干部、算法工程师/图像算法工程师、软件工程师、电子工程师、电气工程师/自动化工程师、机械工程师、冶金工艺工程师、化工工程师、材料工程师、核工业、军工销售经理、大客户销售经理、海外大客户销售经理"
            },
            {
              "color": 4,
              "id": "optKb57Lja",
              "name": "硬件工程师 嵌入式软件工程师 工艺工程师 产品支持工程师 结构工程师 测试工程师 售后支持工程师 管培生 销售工程师"
            },
            {
              "color": 5,
              "id": "optLmFgVJE",
              "name": "技术研发员 工艺技术员 设备管理员 电气技术员 仪表技术员 基层管理 内贸业务员 外贸业务员 财务专员"
            },
            {
              "color": 6,
              "id": "opt6MzkKsd",
              "name": "射频 IC 设计工程师 模拟 IC 设计工程师 数字 IC 设计工程师 嵌入式软件开发工程师 项目管理培训生"
            },
            {
              "color": 7,
              "id": "opteKiHbXb",
              "name": "资深顾问、资深人才专家、区域总经理、集团合伙人、市场、运营、职能"
            },
            {
              "color": 8,
              "id": "optKmDUnoa",
              "name": "研发类(硕士及以上)：机械研发工程师 电气研发工程师 油气工艺工程师 气动研发工程师 专业技术类 (本科及以上)：工艺研发工程师 机械类工程师 管道类工程师 电气类工程师 材料类工程师 项目类工程师 投标工程师 采购工程师（技术） 热工设计工程师 液压设计工程师 软件工程师 制图员 商务采购类(本科及以上)：商务经理 英语商务助理 采购工程师（外语） 安全管理类(本科及以上)：安全工程师 EHS专员 风险防控专员 职能管理类(本科及以上)：基层管理储备 人资专员 项目专员 物流专员 会计 综合职能管理 文员"
            },
            {
              "color": 9,
              "id": "optawe28l9",
              "name": "算法 大模型算法 后端 客户端 前端 测试 安全 多媒体 数据"
            },
            {
              "color": 10,
              "id": "optDW8bRc5",
              "name": "大模型算法工程师 前端开发工程师 后端开发工程师 客户端开发工程师 测试开发工程师 AI产品经理 设计师"
            },
            {
              "color": 0,
              "id": "opteZ6jIVj",
              "name": "产品 运营 数据分析 设计 技术测试开发 算法工程师 数据科学 前端开发工程师 后端开发工程师 客户端开发工程师 测试开发工程师 安全工程师 项目经理 商家/商品产品 商业化产品 策略产品 平台产品 用户产品 行业运营 策略运营 产品运营 数据科学家 数据分析师 技术平台产品经理 产品设计师 创意设计师"
            },
            {
              "color": 1,
              "id": "optBOLus6K",
              "name": "多模信息融合算法设计师 智能识别算法设计师 智能抗干扰算法设计师 红外成像总体设计师 可靠性设计师 仿真与建模设计师 力热仿真及结构设计师 组合导航控制器设计师 数据链设计师 地面测试系统设计师 卫星导航接收机设计师 飞行器控制设计师 雷达信号与信息处理设计师 智能信息处理硬件设计师 智能信息处理软件设计师 可编程逻辑软件设计师（FPGA） 嵌入式软件设计师 相控阵天线设计师 射频及通道设计师 数字化架构设计师 财务管理 人力资源管理 产品工艺师 元器件可靠性技术分析师 后勤保障"
            },
            {
              "color": 2,
              "id": "opt5UTBTy5",
              "name": "模拟电路工程师 数字电路设计/验证工程师 数字后端工程师 ESD/PV设计工程师 版图设计工程师 硬件工程师 系统验证工程师 封装设计工程师 封装设计工程师（工艺方向） 项目管理专员 测试开发工程师 生产工艺工程师（生产治具方向） 生产工艺工程师（生产系统运维方向） 交付质量工程师 销售工程师（北京）"
            },
            {
              "color": 3,
              "id": "opt5fBZoLM",
              "name": "英雄联盟电竞生态运营 英雄联盟电竞品牌营销 英雄联盟电竞赛事管理 无畏契约电竞营销发行 无畏契约电竞联盟运营 无畏契约电竞赛事管理 无畏契约电竞直转播内容 无畏契约电竞品牌策略"
            },
            {
              "color": 4,
              "id": "optVCdLfmc",
              "name": "雷达系统设计 雷达信号/数据处理 软件工程设计 电讯设计 阵面/分机结构设计 工艺/材料设计 产品设计 仿真设计 解决方案 售前技术 业务咨询"
            },
            {
              "color": 5,
              "id": "optha4NvrX",
              "name": "研发储备干部、工艺储备干部、生产储备干部、设备储备干部、 质量储备干部、 营销储备干部"
            },
            {
              "color": 6,
              "id": "optGCNSMfD",
              "name": "芯片研发工程师 传感器产品工程师 质量工程师 FAE现场应用工程师"
            },
            {
              "color": 7,
              "id": "optGmGJ5UZ",
              "name": "研发-电子类 研发-非电子类 工艺开发类 设备技术类 制程技术类 基建动力类 生产管理类 品质管理类 运营管理类 供应链管理类 产品管理类 售前技术类 销售及销售支持类 财经类 法务类 审计类 行政&公共关系类 人力资源类 翻译类 环境安全类 战略及企管类 IT与数字化类"
            },
            {
              "color": 8,
              "id": "optg2kH4lp",
              "name": "研发类 营销类 产品类 设计类 制造类 供应链类 财务类 人力资源类"
            },
            {
              "color": 9,
              "id": "optUpeq9RZ",
              "name": "元件工程师"
            },
            {
              "color": 10,
              "id": "optlDMZyl0",
              "name": "制程整合工程师"
            },
            {
              "color": 0,
              "id": "optULRAimC",
              "name": "基准情报工程师"
            },
            {
              "color": 1,
              "id": "optimf4vk5",
              "name": "软件工程师"
            },
            {
              "color": 2,
              "id": "optHutnOi7",
              "name": "数据工程师"
            },
            {
              "color": 3,
              "id": "optfuGdNyY",
              "name": "工业工程师"
            },
            {
              "color": 4,
              "id": "optOf4Azs4",
              "name": "物管工程师"
            },
            {
              "color": 5,
              "id": "opt2r8lE7B",
              "name": "客户品质服务工程师"
            },
            {
              "color": 6,
              "id": "optrsaFIAe",
              "name": "厂务工程师"
            },
            {
              "color": 7,
              "id": "optsWzbEXB",
              "name": "结构分析工程师"
            },
            {
              "color": 8,
              "id": "optu5n48wg",
              "name": "故障分析工程师"
            },
            {
              "color": 9,
              "id": "optcZd3gO1",
              "name": "量测制程工程师"
            },
            {
              "color": 10,
              "id": "optl7DG6zm",
              "name": "制程工程师"
            },
            {
              "color": 0,
              "id": "optJZdvz1j",
              "name": "人力资源管理师"
            },
            {
              "color": 1,
              "id": "opt1gfdxIm",
              "name": "应急管理工程师"
            },
            {
              "color": 2,
              "id": "opt953jzPG",
              "name": "采购管理师"
            },
            {
              "color": 3,
              "id": "opt83tzKL0",
              "name": "人工智能工程师"
            },
            {
              "color": 4,
              "id": "optZ8IqeXY",
              "name": "IP服务工程师"
            },
            {
              "color": 5,
              "id": "optptAN6Ia",
              "name": "器件模型工程师"
            },
            {
              "color": 6,
              "id": "optBmKYkwB",
              "name": "TCAD工程师"
            },
            {
              "color": 7,
              "id": "opt0y6dIQN",
              "name": "PDK工程师"
            },
            {
              "color": 8,
              "id": "optagtzUxw",
              "name": "器件研发工程师"
            },
            {
              "color": 9,
              "id": "optRaZxVf0",
              "name": "制程整合研发工程师"
            },
            {
              "color": 10,
              "id": "optTJemZju",
              "name": "制程研发工程师"
            },
            {
              "color": 0,
              "id": "optokwV29N",
              "name": "光学研发工程师"
            },
            {
              "color": 1,
              "id": "optHi4vgVU",
              "name": "量测制程研发工程师"
            },
            {
              "color": 2,
              "id": "optQDPdifu",
              "name": "研发轮班工程师"
            },
            {
              "color": 3,
              "id": "optOC9O41Z",
              "name": "游戏策划类 游戏运营类 技术开发类 游戏美术类 市场美术类 职能类 市场运营类 项目管理类"
            },
            {
              "color": 4,
              "id": "opttowNba5",
              "name": "游戏策划"
            },
            {
              "color": 5,
              "id": "optLzmKuce",
              "name": "投资分析/投资运营分析-泛商科/医学专业方向 投资分析-技术专业方向"
            },
            {
              "color": 6,
              "id": "optU6YbnlY",
              "name": "算法类 多模态算法工程师 机器人学习工程师 感知算法工程师 SLAM算法工程师 运动控制算法工程师 软件类 机器人软件工程师 测试开发工程师 后端开发工程师 仿真软件工程师 硬件类 机械工程师"
            },
            {
              "color": 7,
              "id": "optrQf0YBb",
              "name": "算法设计师 电子通信类专业 软件设计师 计算机类专业 硬件设计师 仪器仪表类专业 天线设计师 控制类专业 射频设计师 电磁微波类专业 结构设计师 机械类专业"
            },
            {
              "color": 8,
              "id": "opt1ploE6Y",
              "name": "土木工程类：土木工程(道、桥、隧)、建筑工程、市政工程、城市地下空间工程、城市轨道交通工程、工程力学、给排水科学与工程、安全工程、地质工程、盾构施工技术、测绘工程、材料科学与工程、无机非金属材料、金属材料工程 机电类：机械设计制造及其自动化、电气工程及其自动化 管理类：工程管理（造价）、物流管理、物流工程 财务类：财务管理、会计学等"
            },
            {
              "color": 9,
              "id": "optwC4sTM5",
              "name": "1"
            },
            {
              "color": 10,
              "id": "optYlxIpdL",
              "name": "技术类 算法类 射频硬件 基带硬件 嵌入式软件 软件开发(Android/C++/ Golang/Java) FPGA Web前端 装备开发 标准化 专利规划 软件测试 硬件测试"
            },
            {
              "color": 0,
              "id": "optODzXwFa",
              "name": "营销类 销售经理(海外/国内) 解决方案(海外/国内) 技术支持 市场分析"
            },
            {
              "color": 1,
              "id": "optUcPfPm7",
              "name": "职能类 人力资源 财务 运营 IT 投融资"
            },
            {
              "color": 2,
              "id": "optoHt1Ibr",
              "name": "供应链类 工程技术 供应链计划 项目管理 生产管理 物流"
            },
            {
              "color": 3,
              "id": "optErO4Om0",
              "name": "设计类 交互设计 工业设计 多媒体设计 视觉设计"
            },
            {
              "color": 4,
              "id": "optuVrAP6R",
              "name": "研发技术类 市场客户类 智能制造类 职能类 产品研发岗 检测技术岗 算法岗"
            },
            {
              "color": 5,
              "id": "optr5dXnlI",
              "name": "AI算法工程师"
            },
            {
              "color": 6,
              "id": "opt5mgXsVi",
              "name": "AI产品运营"
            },
            {
              "color": 7,
              "id": "optN2aUP2Z",
              "name": "用户策略开发工程师"
            },
            {
              "color": 8,
              "id": "opt8KY6LG4",
              "name": "版权管理法务"
            },
            {
              "color": 9,
              "id": "optGBFGKqQ",
              "name": "海外渠道运营"
            },
            {
              "color": 10,
              "id": "optRhFbIbl",
              "name": "版权策划"
            },
            {
              "color": 0,
              "id": "opt5c2Ykn4",
              "name": "软周产品策划"
            },
            {
              "color": 1,
              "id": "optIiz5uUU",
              "name": "海外内容运营"
            },
            {
              "color": 2,
              "id": "optva7yeTo",
              "name": "男频翻译编辑"
            },
            {
              "color": 3,
              "id": "optDibQInw",
              "name": "女频翻译编辑"
            },
            {
              "color": 4,
              "id": "optzziM3iL",
              "name": "内容运营"
            },
            {
              "color": 5,
              "id": "opt7nrh31y",
              "name": "内容编辑"
            },
            {
              "color": 6,
              "id": "optPiCLhKM",
              "name": "短剧内容运营"
            },
            {
              "color": 7,
              "id": "optoGzBxoX",
              "name": "海外阅读产品经理"
            },
            {
              "color": 8,
              "id": "opt3HDXoCJ",
              "name": "法务专员"
            },
            {
              "color": 9,
              "id": "optDRGO9fN",
              "name": "卡牌授权策划"
            },
            {
              "color": 10,
              "id": "optrGK5qsk",
              "name": "产品经理"
            },
            {
              "color": 0,
              "id": "optOQSiDlp",
              "name": "AI应用开发工程师"
            },
            {
              "color": 1,
              "id": "optQWVmBAF",
              "name": "客户端开发工程师"
            },
            {
              "color": 2,
              "id": "optAGZfP8i",
              "name": "运营设计"
            },
            {
              "color": 3,
              "id": "optlrdyqnt",
              "name": "品牌营销 电子商务 商品管理 市场拓展 数据/IT 财务/人事"
            },
            {
              "color": 4,
              "id": "opty5OVshj",
              "name": "营销倍优生 电商营销倍优生 市场倍优生 产品研发倍优生 益生菌研发倍优生 合成生物倍优生 健康研究倍优生 工艺技术倍优生 检测技术倍优生 原料技术倍优生 包装技术倍优生 科学交流倍优生 法规注册倍优生 法规事务倍优生 数智化倍优生 AI应用倍优生 国际战略采购倍优生 商务采购倍优生 财务倍优生 法务倍优生"
            },
            {
              "color": 5,
              "id": "optxNVlFfA",
              "name": "化学 / 化工类"
            },
            {
              "color": 6,
              "id": "opt6SkFYcH",
              "name": "力学类"
            },
            {
              "color": 7,
              "id": "opteRZ12Gm",
              "name": "机械类"
            },
            {
              "color": 8,
              "id": "optdh4p1j5",
              "name": "材料类"
            },
            {
              "color": 9,
              "id": "opt5DiQFcq",
              "name": "储备岗"
            },
            {
              "color": 10,
              "id": "optg7dDk11",
              "name": "管培岗"
            },
            {
              "color": 0,
              "id": "opt7LoAgZ9",
              "name": "业务员"
            },
            {
              "color": 1,
              "id": "optORjRc1G",
              "name": "技术员"
            },
            {
              "color": 2,
              "id": "opt7OUhGpf",
              "name": "工艺岗 (材料类)"
            },
            {
              "color": 3,
              "id": "opt7ZHlqoB",
              "name": "工艺岗 (机械类)"
            },
            {
              "color": 4,
              "id": "optjgN7UNE",
              "name": "设计师 (航空发动机"
            },
            {
              "color": 5,
              "id": "optJraRGYC",
              "name": "力学)"
            },
            {
              "color": 6,
              "id": "optVtlJLVI",
              "name": "电子电气岗"
            },
            {
              "color": 7,
              "id": "optxLUvzvD",
              "name": "机械液压岗"
            },
            {
              "color": 8,
              "id": "optVJcyJ2P",
              "name": "工程软件开发岗"
            },
            {
              "color": 9,
              "id": "optjVflzwB",
              "name": "客户服务岗"
            },
            {
              "color": 10,
              "id": "optw49zwoa",
              "name": "气动力岗"
            },
            {
              "color": 0,
              "id": "optEj7CiCX",
              "name": "材料工程岗"
            },
            {
              "color": 1,
              "id": "optpbmbXRs",
              "name": "机械设计岗"
            },
            {
              "color": 2,
              "id": "optQXhRYP4",
              "name": "制造工艺岗"
            },
            {
              "color": 3,
              "id": "optLi2glYI",
              "name": "特性工程岗"
            },
            {
              "color": 4,
              "id": "opttDyzBON",
              "name": "控制总体岗"
            },
            {
              "color": 5,
              "id": "optN51syw2",
              "name": "强度设计岗"
            },
            {
              "color": 6,
              "id": "optMEtjFcM",
              "name": "控制软件岗"
            },
            {
              "color": 7,
              "id": "optsPdauWk",
              "name": "适航管理岗"
            },
            {
              "color": 8,
              "id": "opt2cqKyxr",
              "name": "构型管理岗"
            },
            {
              "color": 9,
              "id": "optlDT48mF",
              "name": "其他技术类"
            },
            {
              "color": 10,
              "id": "opthenW0j9",
              "name": "电子信息与控制类"
            },
            {
              "color": 0,
              "id": "opt4EDiUB9",
              "name": "航空航天类"
            },
            {
              "color": 1,
              "id": "optzqPluS6",
              "name": "能源动力类"
            },
            {
              "color": 2,
              "id": "optwwECsGD",
              "name": "仪器仪表类"
            },
            {
              "color": 3,
              "id": "optzfhRVfA",
              "name": "电气类"
            },
            {
              "color": 4,
              "id": "optISxo2E6",
              "name": "信息化类"
            },
            {
              "color": 5,
              "id": "optlhjLi4D",
              "name": "研发岗"
            },
            {
              "color": 6,
              "id": "optfv3ew6P",
              "name": "科研人员"
            },
            {
              "color": 7,
              "id": "optAACwxVx",
              "name": "轴承 / 滚珠 / 滑环人员"
            },
            {
              "color": 8,
              "id": "optbq28TAM",
              "name": "产品设计人员"
            },
            {
              "color": 9,
              "id": "optki5oTbd",
              "name": "智能制造类技术岗"
            },
            {
              "color": 10,
              "id": "opttZlvqje",
              "name": "技术岗 (博士)"
            },
            {
              "color": 0,
              "id": "opt4H7vWQg",
              "name": "管理岗"
            },
            {
              "color": 1,
              "id": "opty4SCucn",
              "name": "控制 / 检测 / 电气类"
            },
            {
              "color": 2,
              "id": "optt5GhqUf",
              "name": "机械类材料岗"
            },
            {
              "color": 3,
              "id": "optF0nrI5m",
              "name": "电子控制硬件工程师"
            },
            {
              "color": 4,
              "id": "optITcvK6j",
              "name": "航空发动机软件研发工程师"
            },
            {
              "color": 5,
              "id": "opt0PGAJtA",
              "name": "燃气与蒸汽轮机研发工程师"
            },
            {
              "color": 6,
              "id": "optNUaxuCD",
              "name": "电子产品 / 半导体 / 集成电路研发工程师"
            },
            {
              "color": 7,
              "id": "opt1M7alVD",
              "name": "传感系统研发工程师"
            },
            {
              "color": 8,
              "id": "opthfe3jol",
              "name": "控制系统设计岗"
            },
            {
              "color": 9,
              "id": "opt9YX0cpz",
              "name": "航空发动机控制系统研发岗"
            },
            {
              "color": 10,
              "id": "optgH6hiGl",
              "name": "研发设计岗"
            },
            {
              "color": 0,
              "id": "optC4CNExP",
              "name": "工艺岗"
            },
            {
              "color": 1,
              "id": "optveRs4Hj",
              "name": "营销类 研发类 制造类品质类"
            },
            {
              "color": 2,
              "id": "optuv7DIBv",
              "name": "管培类算法类开发类职能类市场类"
            },
            {
              "color": 3,
              "id": "optPsrcopS",
              "name": "工程技术岗商务管理岗安全质量岗物资设备岗 财务会计岗"
            },
            {
              "color": 4,
              "id": "optlIyrsQb",
              "name": "研发类 营销类 运营类"
            },
            {
              "color": 5,
              "id": "optj4vVpvA",
              "name": "研发类营销类项目类职能类技术类"
            },
            {
              "color": 6,
              "id": "optWGccdAZ",
              "name": "材料工程师化学工程师机电工程师新产品研发工程师/产品经理"
            },
            {
              "color": 7,
              "id": "optipPrsq7",
              "name": "水利类力学类电气类机械学类地质类测绘类建筑类生态学材料类化学类 计算机类"
            },
            {
              "color": 8,
              "id": "optT0LW7Yx",
              "name": "摄像/后期编导/策划娱乐/电商运营商务拓展 营销策划职能/研发 主播达人 艺人经纪"
            },
            {
              "color": 9,
              "id": "optkrlc3ld",
              "name": "市场营销类职位运营支持类职位职能类职位信息技术类职位"
            },
            {
              "color": 10,
              "id": "opt9PYvyYz",
              "name": "软件开发工程师、工艺研发工程师、机械设计工程师、数据与智能架构师、数字技术开发师"
            },
            {
              "color": 0,
              "id": "optvMqOtWM",
              "name": "热能动力设计岗"
            },
            {
              "color": 1,
              "id": "optMdGHLGg",
              "name": "电气工程设计岗自动化工程设计岗技术经济设计岗水务工程设计岗资源工程设计岗 土木建筑设计岗"
            },
            {
              "color": 2,
              "id": "optsGabXV0",
              "name": "IC设计类软件算法类产品开发类"
            },
            {
              "color": 3,
              "id": "optMsWIgKH",
              "name": "软件工程师 机器视觉工程师 机械工程师工艺研发工程师电气工程师激光用工程师"
            },
            {
              "color": 4,
              "id": "optgfboIgz",
              "name": "C/C++开发工程师驱动开发工程师软件测试工程师 硬件测试工程师 现场技术支持工程师管理培训生"
            },
            {
              "color": 5,
              "id": "optlNXFM68",
              "name": "土木工程（含铁道工程） 地下城市空间工程 道路桥梁与渡河工程 工程力学 地质工程 交通工程 水利水电 矿业工程 智能建造 机械工程 机械设计制造及自动化 电气工程及其自动化 安全工程 测绘工程 无机非金属材料工程 工程管理 工程造价 审计学 会计学 财务管理 人力资源管理 汉语言文学 思想政治教育"
            },
            {
              "color": 6,
              "id": "optI55wLlt",
              "name": "技术管理岗 土木工程(含铁道工程)、城市地下空间工程、道路桥梁与渡河可工程、工业与民用建 筑、给排水科学与工程、工程力学、建筑学、测绘工程、岩土工程、地质工程和环境 工程等"
            },
            {
              "color": 7,
              "id": "optdBeMeV9",
              "name": "工程经济岗 工程管理、 工程造价"
            },
            {
              "color": 8,
              "id": "optkBnrwYI",
              "name": "安全质量管理岗 安全工程、消防工程"
            },
            {
              "color": 9,
              "id": "optlMe40OG",
              "name": "工程试验岗 无机非金属材料、材料学与工程"
            },
            {
              "color": 10,
              "id": "optSOuWNoA",
              "name": "物资设备管理岗 物流管理、机械工程、机械设计制造及自动化"
            },
            {
              "color": 0,
              "id": "optd1ozNkQ",
              "name": "财会金融岗 财务管理、会计学、审计学、金融学、投资学、国际经齐与贸易"
            },
            {
              "color": 1,
              "id": "optbmDL3eS",
              "name": "行政管理岗 汉语言文学、人力资源管理、行政管理、公共管理、工商管理、法学等相关专业"
            },
            {
              "color": 2,
              "id": "optiPqivKN",
              "name": "管培生 研发培训生 中国生产运营管理培训生 Operations Global Graduate Associates"
            },
            {
              "color": 3,
              "id": "optocEa1Sd",
              "name": "集成电路 电机电器 电力电子 机械设计 流体仿真 制冷暖通 结构设计 制冷技术 电气设计 电控软件设计 电控硬件设计 工业设计/CMF设计 包装/平面/动画设计 噪声振动 风机风道仿真 材料研究 IC设计 功率器件/模块研发/器件测试 UI设计 软件测试 人工智能 信息安全 应用软件设计 科技管理 知识产权 研发测试 用户研究 技术标准研究 空调工程技术 项目管理 产品策划/推广 工艺技术 质量技术 安全/消防工程 生产运营管理 国内销售与业务管理 电子商务 电商直播 海外销售与业务管理 品牌宣传 法律事务 财务/资金/投资 审计/纪检 人力资源 行政管理 采购管理 物流管理"
            },
            {
              "color": 4,
              "id": "optRGgkjpM",
              "name": "市场、销售与服务、产品、企业信息化、网发建设、网络维护与服务支撑、研发、产数以及综合支撑（行政文秘、法律、财务审计、人力资源管理等）"
            },
            {
              "color": 5,
              "id": "optpHL8Bwl",
              "name": "项目土建技术岗 项目商务管理岗项目物资设备岗 项目财务管理岗 项目综合管理岗"
            },
            {
              "color": 6,
              "id": "optglmOZyj",
              "name": "工程试验检测工程物探检测电气设施试验检测 轨道工程试验检测 计量检定/校准派出机构"
            },
            {
              "color": 7,
              "id": "opto8BRKhE",
              "name": "研发与制造类 营销类职能类"
            },
            {
              "color": 8,
              "id": "optuqPEKoe",
              "name": "研发主管检验员财务岗生产技术岗研发实验员国内/国外销售岗信息化岗国外子公司管理岗"
            },
            {
              "color": 9,
              "id": "opt5cDJJUq",
              "name": "技术类制造类职能类销售类"
            },
            {
              "color": 10,
              "id": "optnWkj5h4",
              "name": "研发类产品类市场类设计类职能类"
            },
            {
              "color": 0,
              "id": "optr2Cl35O",
              "name": "电磁场与微波技术、电子科学与技术:信息与通信工程、测控技术及仪器"
            },
            {
              "color": 1,
              "id": "optbCUdjKu",
              "name": "机械工程、材料、计算机科学与技术自动化、物理学、化学、量子信息科学人工智能、神经网络等相关专业。"
            },
            {
              "color": 2,
              "id": "optKOsL3z9",
              "name": "工程技术岗 物资管理岗经济管理岗"
            },
            {
              "color": 3,
              "id": "optOtVcAGw",
              "name": "模拟芯片设计工程师 版图设计工程师 测试应用工程师ATE工程师WPI工程师销售工程师"
            },
            {
              "color": 4,
              "id": "opt2gWws9Y",
              "name": "管培类销售类销售支持类项目管理类职能类、物理类"
            },
            {
              "color": 5,
              "id": "opt97LnkqE",
              "name": "制造管培生研发类技术支持类职能类"
            },
            {
              "color": 6,
              "id": "optR8vNLBR",
              "name": "智能电控类研发技术类 工艺技术类国内营销类 国际营销类职能管理类"
            },
            {
              "color": 7,
              "id": "optv3kVEur",
              "name": "储备工程师 储备技术员 储备班组长"
            },
            {
              "color": 8,
              "id": "optOHFm5r6",
              "name": "会计岗 站长储备岗"
            },
            {
              "color": 9,
              "id": "optKLGqjVj",
              "name": "研发技术： 机械类、激光类、工艺类、电气类、软件类、产品及解决方案、基础技术类等"
            },
            {
              "color": 10,
              "id": "opt6dydjm6",
              "name": "市场销售： 销售类、市场类、项目管理类等"
            },
            {
              "color": 0,
              "id": "optaRAcWAU",
              "name": "专业支持： 财经类、人力资源类、采购类、运营类、综合类等"
            },
            {
              "color": 1,
              "id": "optGKLLTNX",
              "name": "制造： 工艺工程类、质量类、调试类、PMC类等"
            },
            {
              "color": 2,
              "id": "optowuwkx2",
              "name": "模拟IC设计工程师 数字IC设计工程师 数字IC验证工程师 数字IC后端工程师 版图设计工程师 嵌入式软件工程师 模型算法工程师 AI算法工程师(武汉 AI软件栈工程师 AI编译器工程师 GPGPU驱动工程师 GPU编译器工程师 GPU软件工程师"
            },
            {
              "color": 3,
              "id": "optU3bAWgH",
              "name": "气象雷达总体设计师 嵌入式工程师 软件工程师(JAVA/QT/C++) 射频工程师 传感器研发工程师 信号处理(FPGA)工程师 结构工程师 机电一体化工程师 雷达工艺工程师 系统集成工程师 雷达/探空调试工程师 产品中试工程师 现场服务工程师 天线测试工程师 营销经理 人力资源 综合管理"
            },
            {
              "color": 4,
              "id": "optqP6uszB",
              "name": "控制科学与技术"
            },
            {
              "color": 5,
              "id": "optFh08RVt",
              "name": "土木工程等建筑类相关专业 工程管理等造价类相关专业 电气工程等电气类相关专业 给排水等暖通类相关专业 财务会计类相关专业"
            },
            {
              "color": 6,
              "id": "optC021fBd",
              "name": "技术管理岗 物资管理岗 安全管理岗 财务金融岗 行政管理岗 党建纪检岗"
            },
            {
              "color": 7,
              "id": "optGBJQqq3",
              "name": "技术管理岗土建类 工程经济岗 安全质量管理岗 物资设备管理岗 财会金融岗位"
            },
            {
              "color": 8,
              "id": "optIbhQc50",
              "name": "软件研发类 算法研究员(博士) Java开发工程师 数据库工程师(DBA) C/C++开发工程师 Web前端开发工程师 产品设计师 技术支持类 测试工程师 维护工程师 实施工程师 售前工程师 市场营销类 销售经理 质量管理类 项目管理工程师"
            },
            {
              "color": 9,
              "id": "opt2fGRSsV",
              "name": "光机系统结构设计师 智能制造设计师 光学设计师 控制系统设计师 机载光电总体设计师 激光设计师 探测器设计师 FPGA开发设计师 激光弱信号探测设计师 传动结构设计师 电子设计师 软件设计师 信息化工程师 工艺、标准化工程师 计量测试工程师"
            },
            {
              "color": 10,
              "id": "optNUv6sNj",
              "name": "算法工程师-导航路径规划 算法工程师-视觉 BMS开发工程师 电机控制开发工程师 硬件开发工程师 结构开发工程师 产品经理 专利工程师 电机开发工程师 售后服务工程师-海外 客户质量工程师 新媒体运营助理 应用系统工程师-财务 应用系统工程师-供应链 电子开发工程师 结构开发工程师 供应商质量工程师 体系工程师 招标专员 采购工程师 人力资源专员 行政专员 产品工程师 工业工程师 生产工程师"
            },
            {
              "color": 0,
              "id": "optBaz204G",
              "name": "蛋鸡养殖技术员 养殖技术服务/兽医 软件开发工程师 化验/检验员 自动化工程师 电气工程师 饲料研发技术员 有机肥研发技术员 饲料、有机肥营销员 财务数据分析师 人力资源管理师 电商运营"
            },
            {
              "color": 1,
              "id": "opteZM5gi3",
              "name": "现场技术员 材料工程师 检测工程师 增材制造工程师 信息化管理员"
            },
            {
              "color": 2,
              "id": "opta5GjGKr",
              "name": "博士后研究人员 资产财务部副总经理 国际事业部业务员 副矿长 副总经理 综合事务部副经理 纪检专员 风险内控员 研发工程师 基础设施部副总经理 基础设施部运维工程师 数智化业务部副总经理 数智化业务部研发工程师 法务合规专员 电气技术人员 法务专员 资产财务部经理 采购副经理 选矿技术员 机械技术员 采矿技术员"
            },
            {
              "color": 3,
              "id": "optxwCDGqA",
              "name": "管理储备干部售后服务技术员运营管培生销售经理 研发工程师 储备财务经理业务咨询师"
            },
            {
              "color": 4,
              "id": "optRVWXfcg",
              "name": "光学设计工程师光电器件研发工程师数字/模拟IC设计工程师 硬件研发工程师嵌入式系统开发工程师半导体工艺工程师半导体设备工程师FAE技术支持工程师版图设计工程师厂务上程师 销售经理 信息化工程师"
            },
            {
              "color": 5,
              "id": "opt37k46DP",
              "name": "技术研发类智能制造类IT/信息化类全球营销类 管理运营类"
            },
            {
              "color": 6,
              "id": "optU87UOGe",
              "name": "研发类营销类职能支持类智能制造类"
            },
            {
              "color": 7,
              "id": "optnK5dq5h",
              "name": "品牌营销电子商务商品管理市场拓展"
            },
            {
              "color": 8,
              "id": "optqgvhbA8",
              "name": "工程技术岗成本管理岗物资管理岗 机械管理岗 财务管理岗 综合管理岗"
            },
            {
              "color": 9,
              "id": "optCUySVbN",
              "name": "光学光电类集成工艺类机械机电类电子电气类软件控制类制造类职能类 环境控制类"
            },
            {
              "color": 10,
              "id": "optKKqm1Jl",
              "name": "管理类芯片研发类软件/硬件类市场营销类"
            },
            {
              "color": 0,
              "id": "optOXs6M0p",
              "name": "产品策划类美术设计类技术研发类音频音效类 综合运营类"
            },
            {
              "color": 1,
              "id": "optijrZmR5",
              "name": "人工智能类技术研发类现场应用类"
            },
            {
              "color": 2,
              "id": "opttpCvCwD",
              "name": "技术研发类销售运营类供应链类职能运营类"
            },
            {
              "color": 3,
              "id": "optm4iVAI7",
              "name": "冶金类、化学化工类、机械类、电气类、物流管理、市场营销、国际经济与贸易、工商管理等"
            },
            {
              "color": 4,
              "id": "optKigt8dh",
              "name": "总行信息科技部系统管理岗 总行信息科技部程席开发岗 总行信息科技部应用管理与家全管理岗 总行其他部门员工岗"
            },
            {
              "color": 5,
              "id": "opttHc5SZh",
              "name": "新能源研发工程师电池研发工程师出口客户经理 财经管理师 智能制造工程师"
            },
            {
              "color": 6,
              "id": "optxQyeHYE",
              "name": "初级测试工程师初级硬件工程师初级软件工程师"
            },
            {
              "color": 7,
              "id": "optcq5918t",
              "name": "研发开发类工程技术类市场销售类"
            },
            {
              "color": 8,
              "id": "optu0HOiyr",
              "name": "研发岗位 智能制造岗位"
            },
            {
              "color": 9,
              "id": "optdNojFpQ",
              "name": "研发技术类 产品设计类市场营销类智能制造类 供应链类 财务金融类 综合管理类"
            },
            {
              "color": 10,
              "id": "optAK1YUJu",
              "name": "智星科研方向:机器人系统、多模态、数据、信息检索和知识计算、具身智能"
            },
            {
              "color": 0,
              "id": "optvFYKWDo",
              "name": "研发技术岗位 模拟电路设计工程师 系统工程师 软件工程师 数字电路设计工程师 版图工程师 应用工程师 算法工程师 技术支持岗位 技术市场工程师 封装工艺工程师 晶図工艺工程师 职能支持岗位 IT工程师 采购工程师 财务岗"
            },
            {
              "color": 1,
              "id": "optrI77bMm",
              "name": "工艺工程师(光收发) 测试工程师(光收发) 产品工程师 电子工程师"
            },
            {
              "color": 2,
              "id": "opt0LtYHME",
              "name": "产品实习生 前端研发实习生 后端研发实习生"
            },
            {
              "color": 3,
              "id": "optoICIR13",
              "name": "计算机类 电气类 电子类 机械类 新能源类 材料类"
            },
            {
              "color": 4,
              "id": "opthe8MXxi",
              "name": "研发工程师 工艺工程师 检测工程师"
            },
            {
              "color": 5,
              "id": "optzDoNdVL",
              "name": "模拟电路设计工程师 数字电路设计工程师 数字后端设计工程师 数字验证工程师 图像算法工程师 工艺工程师_像素 工艺工程师_Fab 工艺工程师_封测 模拟版图设计工程师 产品应用工程师 测试开发工程师 软件工程师 技术支持工程师 质量工程师 结构设计工程师 IT工程师"
            },
            {
              "color": 6,
              "id": "optu1sDo2k",
              "name": "研发类 制造类 综合职能类 管培生"
            },
            {
              "color": 7,
              "id": "optGzpQG2V",
              "name": "SQE助理工程师 PQE助理工程师 CQE助理工程师 DQE助理工程师 工艺助理工程师 设备助理工程师 IE助理工程师 测试助理工程师 维修助理工程师 项目管理助理工程师 销售助理工程师 EHS助理工程师 采购助理工程师 商务储干 PMC储干 人力资源储干 生产管理储干 仓储管理储干 结构助理工程师 电气助理工程师"
            },
            {
              "color": 8,
              "id": "optpuGG1B7",
              "name": "高速公路机电工程师（计算机、电子信息、机电、通信、网络、机械自动化等相关专业） 法务专员（法学专业） 高速公路养护工程师（工程相关专业） 高速公路机电工程师（计算机、网络工程、软件工程、通信工程、电子信息、自动化、人工智能类专业） 客户经理（法律相关专业） 试验检测工程师（路桥、土木工程等相关专业） 电气工程师（电气工程、自动化类等相关专业） 人工智能工程师（计算机科学与技术、交通运输工程、人工智能、交通信息工程及控制、自动控制、统计学、数学等相关专业） 高速公路机电工程师（计算机、网络工程、软件工程、通信工程、电子信息、机电、自动化、人工智能、大数据等专业） 低空航线网络规划经理（自动化、控制科学与工程、导航制导与控制、遥感、电子信息工程、通讯工程等相关专业） 大模型数据运营岗（计算机科学与技术、软件工程、数学类、物流管理等相关专业）"
            },
            {
              "color": 9,
              "id": "optyTV3Ggd",
              "name": "研发、工艺类 航飞类 生产类 市场、职能类"
            },
            {
              "color": 10,
              "id": "opt7ttXIA6",
              "name": "数字集成电路设计工程师"
            },
            {
              "color": 0,
              "id": "optfDnsspN",
              "name": "研发设计工程师、技术支持工程师、电气工程师、生产管培生、人力管培生"
            },
            {
              "color": 1,
              "id": "opt1EIzGZO",
              "name": "管培生、研发类、生产运营类、职能类"
            },
            {
              "color": 2,
              "id": "opt8H6pq5U",
              "name": "研发工程类、制造技术类、职能营销类、储备干部"
            },
            {
              "color": 3,
              "id": "optVIgAxOF",
              "name": "机械工程师、电气工程师、视觉/算法工程师、软件工程师、光学工程师、客户支持工程师、电子工程师、系统工程师等"
            },
            {
              "color": 4,
              "id": "optW5jR1Lm",
              "name": "雷达总体设计、天馈系统设计、电源模块设计、微波电路及微系统设计、信号处理设计、雷达软件设计、综合保障设计、电子对抗总体、军事智能研穷 空天其载荷总体  空问态热感知总体"
            },
            {
              "color": 5,
              "id": "optywnaP0g",
              "name": "教师、高中竞赛教练、教师管培生、职能管培生、IT管培生"
            },
            {
              "color": 6,
              "id": "optvTaTnEh",
              "name": "模拟电路设计工程师、硬件设计工程师、像素设计工程师(光学方向)、数字前端工程师、可靠性测试工程师、芯片测试工程师、产品研发经理等"
            },
            {
              "color": 7,
              "id": "optPNGctK4",
              "name": "咨询类、技术类"
            },
            {
              "color": 8,
              "id": "optaWSjFjB",
              "name": "技术研发类、设计类、产品类、营销类、供应链类、服务类、质量类、生产制造类、职能类"
            },
            {
              "color": 9,
              "id": "optx25pntY",
              "name": "研发设计类、工艺测调类、品质类、IT类、技术支持类"
            },
            {
              "color": 10,
              "id": "optgvBqf4H",
              "name": "营销类、研发类、职能类、制造类"
            },
            {
              "color": 0,
              "id": "optPI6ysBd",
              "name": "算法类、研发类、产品及设计类、市场类、教育类、博士后专项"
            },
            {
              "color": 1,
              "id": "optUZViQhh",
              "name": "投研类、营销类、金融科技类、运营类"
            },
            {
              "color": 2,
              "id": "optFLbtyea",
              "name": "研发/技术、技术工程师、销售、市场/运营、职能"
            },
            {
              "color": 3,
              "id": "optlDqKMgQ",
              "name": "射频芯片电路设计师、微波模块组件设计师、半导体器件工艺工程师、电源设计师、封装工程师、陶瓷工艺工程师、光电器件设计师等"
            },
            {
              "color": 4,
              "id": "optc48l3aC",
              "name": "研发中心、供应链等"
            },
            {
              "color": 5,
              "id": "optNSHk6Tw",
              "name": "生产计划工程师、电芯过程质量工程师、电芯工艺工程师、电芯工艺技术员、系统主管、运营技术员、设备工程师、设备技术员、EHS工程师、工业T程师"
            },
            {
              "color": 6,
              "id": "optYUxmbdj",
              "name": "技术研发类、职能支持类、生产管理类、市场营销类"
            },
            {
              "color": 7,
              "id": "optyC3QGWL",
              "name": "硬件类、信号类、软件类、电磁场类、算法类、其他类"
            },
            {
              "color": 8,
              "id": "optBVocATX",
              "name": "详情看官网"
            },
            {
              "color": 9,
              "id": "optaDci3Pg",
              "name": "研发方向、供应链方向(含制造、采购、质量等)销服方向(含国内业务、国际业务等)、职能方向"
            },
            {
              "color": 10,
              "id": "optcivxORf",
              "name": "Eagle Program-Big Data Engineer、MachineLearning Engineer、Data Product Manager、Back-end Engineer"
            },
            {
              "color": 0,
              "id": "optY9AtCkz",
              "name": "Tiger Program-服务解决方案、Tiger Program-业务助理等"
            },
            {
              "color": 1,
              "id": "opt95qCv6A",
              "name": "旅游业务培训生"
            },
            {
              "color": 2,
              "id": "optkR3qdMa",
              "name": "研发类、产品类、综合类、人才计划"
            },
            {
              "color": 3,
              "id": "opt40yJwN9",
              "name": "人力资源顾问培训、外包员工管理"
            },
            {
              "color": 4,
              "id": "optmeKcuQ1",
              "name": "博士生"
            },
            {
              "color": 5,
              "id": "optXu0c9Rj",
              "name": "游戏设计师"
            },
            {
              "color": 6,
              "id": "optrdTKPhU",
              "name": "智能网联研发类"
            },
            {
              "color": 7,
              "id": "optweaw5ch",
              "name": "营销类"
            },
            {
              "color": 8,
              "id": "optbJ8TiKC",
              "name": "技术类 储备销售经理"
            },
            {
              "color": 9,
              "id": "optSKRhNav",
              "name": "雷达系统设计"
            },
            {
              "color": 10,
              "id": "opt281OAYK",
              "name": "教室类 运营类"
            },
            {
              "color": 0,
              "id": "optmUYlg1p",
              "name": "飞行器总体设计"
            },
            {
              "color": 1,
              "id": "optfJ7UP0P",
              "name": "软件研发类"
            },
            {
              "color": 2,
              "id": "opt0kXXJbk",
              "name": "教师岗 人工智能岗 研发岗 运营岗"
            },
            {
              "color": 3,
              "id": "optcrup1qg",
              "name": "图像算法开发工程师"
            },
            {
              "color": 4,
              "id": "optoMaM1pN",
              "name": "算法工程师 产品经理 数据产品经理 产品运营经理 大数据开发工程师 前/后端开发工程师 信息分析师"
            },
            {
              "color": 5,
              "id": "opthZTptit",
              "name": "研发技术类 电子控制类 供应链类 市场类 技术支援类 综合类"
            },
            {
              "color": 6,
              "id": "optUaUKC77",
              "name": "本科岗位："
            },
            {
              "color": 7,
              "id": "optmvNoNPp",
              "name": "机械工程师"
            },
            {
              "color": 8,
              "id": "opthhf2VkH",
              "name": "技术研发类 项目管理类 生物信息类 市场营销类"
            },
            {
              "color": 9,
              "id": "optHYHX2oo",
              "name": "研发类 销服类 职能类"
            },
            {
              "color": 10,
              "id": "optvyV2cSp",
              "name": "电机算法工程师（硕士）"
            },
            {
              "color": 0,
              "id": "optbMfxWFB",
              "name": "研发技术类"
            },
            {
              "color": 1,
              "id": "opt1orTvy6",
              "name": "模拟电路开发工程师"
            },
            {
              "color": 2,
              "id": "optutrbAk1",
              "name": "鲸选之子（校招管培生）"
            },
            {
              "color": 3,
              "id": "optFy4Pb63",
              "name": "系统工程师"
            },
            {
              "color": 4,
              "id": "optPt1Bjt7",
              "name": "市场营销类"
            },
            {
              "color": 5,
              "id": "optPFXBgkN",
              "name": "软件开发工程师 IC前端工程师"
            },
            {
              "color": 6,
              "id": "optUAjreIG",
              "name": "IC模拟电路设计工程师"
            },
            {
              "color": 7,
              "id": "optISd5dtA",
              "name": "量化策略研究员（校招+实习）"
            },
            {
              "color": 8,
              "id": "optLQBuodZ",
              "name": "生产技术员"
            },
            {
              "color": 9,
              "id": "optNRd9rnv",
              "name": "研发类"
            },
            {
              "color": 10,
              "id": "optmmMFJho",
              "name": "算法类"
            },
            {
              "color": 0,
              "id": "optsNxMiel",
              "name": "营销岗位、研发岗位、供应链岗位、职能岗位、“领航者”人才计划"
            },
            {
              "color": 1,
              "id": "optVy7o51y",
              "name": "研发类、管培生类、服务类"
            },
            {
              "color": 2,
              "id": "optIPbp9bs",
              "name": "软件设计工程师、电气设计工程师、机械设计 工程师、光学设计工程师、视觉算法工程师、"
            },
            {
              "color": 3,
              "id": "optdLkrz9e",
              "name": "信息安全设计、软件设计、电源电路设计、系统集成设计、微波设计、电路设计、嵌入式软件设计、工艺设计、智能防务"
            },
            {
              "color": 4,
              "id": "optYT3gDLQ",
              "name": "研发类、营销类、制造类、职能类"
            },
            {
              "color": 5,
              "id": "optCaZbcIV",
              "name": "成像光学设计"
            },
            {
              "color": 6,
              "id": "optt98sXSD",
              "name": "系统设计类"
            },
            {
              "color": 7,
              "id": "optwd8NkVy",
              "name": "乳品研发类管培生、乳品研究院储干、产品类管培生、品牌类管培生、总经办工作秘书、营销类储备干部、人力类管培生、财务类管培生"
            },
            {
              "color": 8,
              "id": "optimgRzS3",
              "name": "管培生类"
            },
            {
              "color": 9,
              "id": "opto52Uwuc",
              "name": "研发工程师（博士、硕士）"
            },
            {
              "color": 10,
              "id": "optZm8yAFa",
              "name": "技术类"
            },
            {
              "color": 0,
              "id": "optWdPUvEo",
              "name": "软件开发岗"
            },
            {
              "color": 1,
              "id": "optMfBij9W",
              "name": "CMOS RF PA设计工程师"
            },
            {
              "color": 2,
              "id": "optLcB8jun",
              "name": "智能驾驶、智能座舱、智能车控、人工智能、电机硬件开发等方向"
            },
            {
              "color": 3,
              "id": "optQWqanQe",
              "name": "商业分析师"
            },
            {
              "color": 4,
              "id": "optDgn9Td6",
              "name": "校园大使"
            },
            {
              "color": 5,
              "id": "optAeh8qAi",
              "name": "电芯研发、机械/结构/电气研发、软硬件研发、工程制造、市场营销、职能运营"
            },
            {
              "color": 6,
              "id": "optJvrQSgF",
              "name": "射频IC设计工程师"
            },
            {
              "color": 7,
              "id": "optd4T0CrB",
              "name": "市场管培生"
            },
            {
              "color": 8,
              "id": "optb4PrUIk",
              "name": "电气工程师 软件工程师 硬件工程师 机械工程师 市场营销工程师 项目交付工程师 服务工程师 工艺工程师 储备干部 财务专员 采购工程师"
            },
            {
              "color": 9,
              "id": "optU81dsHz",
              "name": "研发工程师、工艺工程师、设备工程师、销售工程师"
            },
            {
              "color": 10,
              "id": "optEhYZSn2",
              "name": "标准化工程师"
            },
            {
              "color": 0,
              "id": "optiubnlcV",
              "name": "芯片研发类、软件类、管理和研发支持类"
            },
            {
              "color": 1,
              "id": "opthmnStmM",
              "name": "java 工程师"
            },
            {
              "color": 2,
              "id": "optOFkFQ5X",
              "name": "研发工程师、设计工程师、工艺工程师、"
            },
            {
              "color": 3,
              "id": "optxvL7L3l",
              "name": "化学化工类"
            },
            {
              "color": 4,
              "id": "optRL4Awd5",
              "name": "毫米波芯片设计工程师（PA/LNA/VGA/VM/上下变频器方向）、模拟与混合信号芯片设计工程师、数字前端设计工程师、EDA软件工程师、射频工程师、测试工程师"
            },
            {
              "color": 5,
              "id": "opteJXneN3",
              "name": "全岗位轮岗"
            },
            {
              "color": 6,
              "id": "optH6kv4Fg",
              "name": "研发设计类、业务支持类、销售职能类"
            },
            {
              "color": 7,
              "id": "opt9hga1Vg",
              "name": "研发类、博士(研发类)"
            },
            {
              "color": 8,
              "id": "opt4yGSToT",
              "name": "华为云BD、华为云BD(小语种)"
            },
            {
              "color": 9,
              "id": "optvqXIv4K",
              "name": "研发类、华为云BD"
            },
            {
              "color": 10,
              "id": "optrSNVgpa",
              "name": "全球营销、设计研发、制造技术、生产运控、质量管理、职能管理"
            },
            {
              "color": 0,
              "id": "opthuj1CEK",
              "name": "产品实习生、前端研发实习生、后端研发实习生"
            },
            {
              "color": 1,
              "id": "optZnPnpSG",
              "name": "机器人数据工程师"
            },
            {
              "color": 2,
              "id": "opto7l2zIm",
              "name": "英才计划"
            },
            {
              "color": 3,
              "id": "optkIWzTEj",
              "name": "新零售管理类"
            },
            {
              "color": 4,
              "id": "optYMjxjMG",
              "name": "AI研究与架构设计 AI算法"
            },
            {
              "color": 5,
              "id": "optCU5MOjx",
              "name": "零售运营类、直播类、商品类、电商运营类、品牌营销类、职能类"
            },
            {
              "color": 6,
              "id": "optdBOpbMf",
              "name": "物流网络、物流运营、设备规划及运营、大客户销售、产品推广市场营销、财务管理、公共事务、企业法务安全管理、人力资源、算法工程师(智慧物流)、产品经理Java开发工程师、数据分析师"
            },
            {
              "color": 7,
              "id": "optALEOtog",
              "name": "射频芯片电路"
            },
            {
              "color": 8,
              "id": "opt0Pq01yw",
              "name": "产品应用类"
            },
            {
              "color": 9,
              "id": "optsNWMJZt",
              "name": "JAVA开发岗"
            },
            {
              "color": 10,
              "id": "optPkNUuwv",
              "name": "总行管理培训生、总行职能类岗位、总行金融科技类岗位、业务培训生、客户经理、运营岗"
            },
            {
              "color": 0,
              "id": "optZSEDe3D",
              "name": "硬件类"
            },
            {
              "color": 1,
              "id": "opt3wmX6J8",
              "name": "商品类"
            },
            {
              "color": 2,
              "id": "optDTq2Why",
              "name": "真空电子器件研制类"
            },
            {
              "color": 3,
              "id": "optf2QotuU",
              "name": "AI工程师"
            },
            {
              "color": 4,
              "id": "optiJYjbyZ",
              "name": "· 整车研发"
            },
            {
              "color": 5,
              "id": "opttITXgaM",
              "name": "量化业务类岗位"
            },
            {
              "color": 6,
              "id": "optGq0EArL",
              "name": "研发技术类岗位"
            },
            {
              "color": 7,
              "id": "optltWa3GP",
              "name": "营销管理管培生、零售管理管培生、财务管理管培"
            },
            {
              "color": 8,
              "id": "optiy4yEKq",
              "name": "推进系统设计、电推力器设计、叶轮机械设计、电"
            },
            {
              "color": 9,
              "id": "opt0wqogNH",
              "name": "投资分析师"
            },
            {
              "color": 10,
              "id": "optmt2n8nJ",
              "name": "管培生"
            },
            {
              "color": 0,
              "id": "opttEFx8UF",
              "name": "产品研发类、市场营销类、工程技术类、设备工艺"
            },
            {
              "color": 1,
              "id": "opt8f6Axfe",
              "name": "投研分析师Analyst"
            },
            {
              "color": 2,
              "id": "optYMjg2DB",
              "name": "业务岗、投资岗、投资服务岗、技术岗、业务经"
            },
            {
              "color": 3,
              "id": "optgig1eeW",
              "name": "营销类、项目类、结构类、电子类、算法、仿真、"
            },
            {
              "color": 4,
              "id": "optbsGOIQx",
              "name": "投资银行类、投资研究类、市场营销类、金融科技"
            },
            {
              "color": 5,
              "id": "optaQd8xkB",
              "name": "业务类、职能类、科技类、信评研究类"
            },
            {
              "color": 6,
              "id": "optARwOWSJ",
              "name": "营销类、职能类、IT类、生产类、装备类、研发"
            },
            {
              "color": 7,
              "id": "optWj9u9fU",
              "name": "技术类、职能类、生产类"
            },
            {
              "color": 8,
              "id": "optc6bVg6w",
              "name": "量化策略研究员(全职/实习)      量化开发工程师(全职）"
            },
            {
              "color": 9,
              "id": "optXmspIOy",
              "name": "芯片类"
            },
            {
              "color": 10,
              "id": "optjNvzLYX",
              "name": "CPU IP系统开发工程师"
            },
            {
              "color": 0,
              "id": "opti3lPcuF",
              "name": "嵌入式硬件工程师 嵌入式软件工程师 通讯软件工程师    集成电路设计师"
            },
            {
              "color": 1,
              "id": "opt95iRM0k",
              "name": "模拟工程师、数字工程师、AE工程师、算法工程"
            },
            {
              "color": 2,
              "id": "opt5oOqubH",
              "name": "研发技术类、生产制造类、营销服务类"
            },
            {
              "color": 3,
              "id": "optZcc7eYh",
              "name": "助理咨询顾问、研究员"
            },
            {
              "color": 4,
              "id": "optqVpjitx",
              "name": "教师"
            },
            {
              "color": 5,
              "id": "opth58WM95",
              "name": "光学鳄梨、光机类、电子学类、卫星建设类、售前"
            },
            {
              "color": 6,
              "id": "optK5cTLy7",
              "name": "策略研究方向、开发工程方向"
            },
            {
              "color": 7,
              "id": "optDxUxfAY",
              "name": "董事长助理、董事长秘书、外贸业务员、采购员、"
            },
            {
              "color": 8,
              "id": "optgKhtzl9",
              "name": "设计类、研发类、制造类、销售类、职能类"
            },
            {
              "color": 9,
              "id": "optOKvWocl",
              "name": "研发技术类、工业设计类、工艺设计类、设备设计"
            },
            {
              "color": 10,
              "id": "optFURjDe8",
              "name": "销售工程师、外贸销售、研发工程师、生产工程师"
            },
            {
              "color": 0,
              "id": "optweskmCI",
              "name": "技术研发方向"
            },
            {
              "color": 1,
              "id": "optGTU5Wd0",
              "name": "财务培训生、Associate Consultant、"
            },
            {
              "color": 2,
              "id": "optY9X3fL1",
              "name": "专业培训生类"
            },
            {
              "color": 3,
              "id": "opthfUjlnP",
              "name": "研发工程师"
            },
            {
              "color": 4,
              "id": "optZpO9jPb",
              "name": "产品研发类"
            },
            {
              "color": 5,
              "id": "optJVYdGB9",
              "name": "芯片类 算法类 软件类 运营类"
            },
            {
              "color": 6,
              "id": "opttRCUEPD",
              "name": "产研类"
            },
            {
              "color": 7,
              "id": "optedatEHY",
              "name": "管理类"
            },
            {
              "color": 8,
              "id": "optspJjD4Y",
              "name": "开发类、运营类"
            },
            {
              "color": 9,
              "id": "optfEyKQOG",
              "name": "58A计划:技术类"
            },
            {
              "color": 10,
              "id": "optfgm1BzT",
              "name": "工艺研发工程师"
            },
            {
              "color": 0,
              "id": "optkRidzGq",
              "name": "博士专项"
            },
            {
              "color": 1,
              "id": "optRn7FHYz",
              "name": "销售交付/服务/上海研发创新中心/智能制造"
            },
            {
              "color": 2,
              "id": "optAcx4EjW",
              "name": "法律检索、研究与咨询、中英翻译、尽职调查、基本文件初稿（中英文）起草等。"
            },
            {
              "color": 3,
              "id": "optg9adLqd",
              "name": "软件开发类(Java、C/C++、前端)"
            },
            {
              "color": 4,
              "id": "optp3IKdGs",
              "name": "电商内容运营"
            },
            {
              "color": 5,
              "id": "optSWBqiqk",
              "name": "技术研发类|智能制造类 | 海外综合类"
            },
            {
              "color": 6,
              "id": "optmoJrbXw",
              "name": "数字IC设计工程师"
            },
            {
              "color": 7,
              "id": "optrrL0eig",
              "name": "审计方向"
            },
            {
              "color": 8,
              "id": "optdcGEGEt",
              "name": "硬件研发类                              软件研发类"
            },
            {
              "color": 9,
              "id": "optsHWBx9Q",
              "name": "营销管培生"
            },
            {
              "color": 10,
              "id": "opt54g7Jky",
              "name": "营销绽放生   商业运营官  冠寓绽放生"
            },
            {
              "color": 0,
              "id": "optP0zZvSR",
              "name": "研究类"
            },
            {
              "color": 1,
              "id": "opt1yUwOGo",
              "name": "投研类岗位"
            },
            {
              "color": 2,
              "id": "optva8k523",
              "name": "博士类"
            },
            {
              "color": 3,
              "id": "opt0Px2eiG",
              "name": "产品&运营类"
            },
            {
              "color": 4,
              "id": "optUOeWIGT",
              "name": "素养教师：科学思维、人文创作、国际素养(外语方向)、编程"
            },
            {
              "color": 5,
              "id": "optKDsmmd1",
              "name": "销售类"
            },
            {
              "color": 6,
              "id": "opt4PChS8Z",
              "name": "跨境电商类"
            },
            {
              "color": 7,
              "id": "optahvBxHz",
              "name": "软件"
            },
            {
              "color": 8,
              "id": "optNXyWGqC",
              "name": "型号总体设计师、气动特性计算设计师、热环境设计师、软件设计师、FPGA设计师、地面测发控系统设计师、动力测控系统设计师、姿控设计师、阀门设计师、工艺设备设计师、金属材料工程师、结构设计师、力学环境设计师"
            },
            {
              "color": 9,
              "id": "opt9l9UFAW",
              "name": "用户运营  策略运营  体验运营  流量运营"
            },
            {
              "color": 10,
              "id": "optYf80C03",
              "name": "·算法类"
            },
            {
              "color": 0,
              "id": "opt4nAec0P",
              "name": "工程技术类"
            },
            {
              "color": 1,
              "id": "opt83HbVCA",
              "name": "C++开发工程师"
            },
            {
              "color": 2,
              "id": "opt7QkL3ib",
              "name": "技术方向"
            },
            {
              "color": 3,
              "id": "optN5vHfSK",
              "name": "1 运营管培生"
            },
            {
              "color": 4,
              "id": "optMIvAGF3",
              "name": "光学工程师、工艺工程师、机械工程"
            },
            {
              "color": 5,
              "id": "optu5rtvK6",
              "name": "· 国际业务岗        技术支持岗           财务管理               法务                    审计                           宣传技术岗                  组织岗"
            },
            {
              "color": 6,
              "id": "optFWH9qz9",
              "name": "后端开发岗"
            },
            {
              "color": 7,
              "id": "optnwIXanW",
              "name": "研发设计类"
            },
            {
              "color": 8,
              "id": "optPJg7div",
              "name": "算法/软件/控制工程师"
            },
            {
              "color": 9,
              "id": "optKZv6JZm",
              "name": "策划类"
            },
            {
              "color": 10,
              "id": "optU5aXMMM",
              "name": "工艺/材料/质量工程师     产品测试工程师    设备工程师   物流高级专员"
            },
            {
              "color": 0,
              "id": "optW0CJXD0",
              "name": "具身多模态大模型"
            },
            {
              "color": 1,
              "id": "optYcq82L0",
              "name": "·研发类"
            },
            {
              "color": 2,
              "id": "optp9n47RR",
              "name": "IC前端设计工程师"
            },
            {
              "color": 3,
              "id": "optqiS1wRC",
              "name": "算法与大数据类"
            },
            {
              "color": 4,
              "id": "optB6wbIL3",
              "name": "审计、税务、咨询"
            },
            {
              "color": 5,
              "id": "optoF5eYOP",
              "name": "产品与研发类"
            },
            {
              "color": 6,
              "id": "optafai5FK",
              "name": "AI应用软件开发工程师、AI平台软件开发工程师"
            },
            {
              "color": 7,
              "id": "optfahSlSb",
              "name": "基层管理方向、一线销售方向、一线职能方向、一"
            },
            {
              "color": 8,
              "id": "optvhoVyvU",
              "name": "教师类、运营类、管培生、实习生"
            },
            {
              "color": 9,
              "id": "optinUoxRu",
              "name": "研发类、工程类、技术支持类、销售类"
            },
            {
              "color": 10,
              "id": "optFTCbqat",
              "name": "研发类、算法类、职能类、“接班人“计划等"
            },
            {
              "color": 0,
              "id": "optM5LZA9K",
              "name": "运营类、物流/供应链类、市场营销类、产品类、BI"
            },
            {
              "color": 1,
              "id": "opteecCPtT",
              "name": "软件开发类、硬件开发类、算法类、测试类、运维"
            },
            {
              "color": 2,
              "id": "optOfiN53h",
              "name": "销售运营类"
            },
            {
              "color": 3,
              "id": "optKcoHvAN",
              "name": "市场推广类"
            },
            {
              "color": 4,
              "id": "opteNNEQ2W",
              "name": "职能支持类"
            },
            {
              "color": 5,
              "id": "optnGVqVZn",
              "name": "IC模拟设计工程师"
            },
            {
              "color": 6,
              "id": "optLXkD4Bv",
              "name": "产品运营类"
            },
            {
              "color": 7,
              "id": "optKzReA4h",
              "name": "业务类、投资类、产品类、投资支持类、共同资源类、科技类、医疗类、运营类"
            },
            {
              "color": 8,
              "id": "optXzRSLsC",
              "name": "焊接技术、表面工程技术、装配技术、塑性加工技术、光电技术研究、材料检测技术、金属基复合材料技术、树脂基复合材料技术、特种加工技术、增材制造技术、机械加工技术、数字化制造技术、工艺装备技术等。材料类"
            },
            {
              "color": 9,
              "id": "optISAWosV",
              "name": "教师类、教研类、运营类、市场类、产品类、开发类、人力资源类、数据分析类"
            },
            {
              "color": 10,
              "id": "optH0T3yi0",
              "name": "电子电源研究师、电子电源产品设计师、化学电源研究师、电子电源产品设计师、电子电源产品工艺师、结构仿真设计师、信息系统开发与测试岗等"
            },
            {
              "color": 0,
              "id": "optJl9irv4",
              "name": "技术类、运营类、职能类、市场类。后端开发工程师、前端开发工程师、"
            },
            {
              "color": 1,
              "id": "opt3YYow8e",
              "name": "审计岗、税务岗、金融咨询岗、风险咨询岗（财务咨询方向）、风险咨询岗（I审计方向）、会计服务岗、管理咨询岗、数字化转型及运营咨询等"
            },
            {
              "color": 2,
              "id": "optzRfj5ck",
              "name": "技术研发工程师（电源模块、软磁材料、设备智能及AI化方向）、助理工程师、欧洲FAE工程师、越南运营支持专员、市场专员、财务专员"
            },
            {
              "color": 3,
              "id": "optDTPjf4E",
              "name": "材料工程师（银浆）、材料工程师（LTCC材料）、材料工程师（铁氧体材料）、研发工程师（电感、变压器）、装备研发工程师"
            },
            {
              "color": 4,
              "id": "optvNVJBLc",
              "name": "博士专项、算法与软件开发类、硬件与技术研发类、项目与产品设计类、测试与质量类、供应链与生产类、销售与技术支持类"
            },
            {
              "color": 5,
              "id": "optuvkO73R",
              "name": "预研工程师、DSP软件工程师、电源硬件工程师、结构工程师、嵌入式软件工程师、电气工程师"
            },
            {
              "color": 6,
              "id": "optAsIiuWR",
              "name": "技术类、采购工程师“物流专员、物流控制工程师、质量工程师、海外销售助理、（亚马逊）运营专员、（独立站）运营专员、平面设计师、海外KOL专员、技术支持工程师、备件管理工程师、服务运营管培生、海外技术工程师、"
            },
            {
              "color": 7,
              "id": "opt8c2Dgnd",
              "name": "齿轮研发工程师(机器人&灵巧手)"
            },
            {
              "color": 8,
              "id": "optnJ2fH2g",
              "name": "培训生"
            },
            {
              "color": 9,
              "id": "opt3PgZ4Gn",
              "name": "零售与出行业务、润滑油业务。EV项目开发经理"
            },
            {
              "color": 10,
              "id": "optXI588fF",
              "name": "研发类、销售类、市场类"
            },
            {
              "color": 0,
              "id": "optfXp2Ta4",
              "name": "技术类管培生、职能类管培生、营销类管培生"
            },
            {
              "color": 1,
              "id": "optCZCKNQW",
              "name": "农业技术类、食品技术类、研发技术类、智能I"
            },
            {
              "color": 2,
              "id": "optMe04Q0W",
              "name": "技术研发类"
            },
            {
              "color": 3,
              "id": "optJJwG3Ff",
              "name": "坚研发类"
            },
            {
              "color": 4,
              "id": "optuYnQvir",
              "name": "发行美宣类"
            },
            {
              "color": 5,
              "id": "optfppLyQ3",
              "name": "产品类"
            },
            {
              "color": 6,
              "id": "optVE74m6H",
              "name": "模型加速算法科学家、大模型技术专家、ASIC设计工程师、芯片验证工程师、芯片后端工程师、大模型A编译器工程师、系统软件开发工程师、AI软件开发工程师、算子开发工程师、测试开发工程师"
            },
            {
              "color": 7,
              "id": "optxFULZIq",
              "name": "职能类、矿业类、技术类、机电/自动化/信息类、"
            },
            {
              "color": 8,
              "id": "optT6DqDDD",
              "name": "MBA岗位、海外岗、研发技术类、传媒类、职能类"
            },
            {
              "color": 9,
              "id": "optroWDom2",
              "name": "软件开发类、硬件开发类、算法类、智能制造类、"
            },
            {
              "color": 10,
              "id": "optZJM4ZwU",
              "name": "量化策略研究员、机构销售和服务"
            },
            {
              "color": 0,
              "id": "opthEZC0L7",
              "name": "全球培训生"
            },
            {
              "color": 1,
              "id": "opt69dgHzz",
              "name": "设计研究工程师"
            },
            {
              "color": 2,
              "id": "optALSt0iY",
              "name": "全球研究中心研究员"
            },
            {
              "color": 3,
              "id": "optvmzU2G9",
              "name": "服务工程员"
            },
            {
              "color": 4,
              "id": "optLEsniXQ",
              "name": "结构设计、光学设计、电子设计、软件开发、图像算法处理、工艺技术、销售、市场开发、质量管理、人力资源、财经"
            },
            {
              "color": 5,
              "id": "optwzabGzg",
              "name": "设计类"
            },
            {
              "color": 6,
              "id": "optlq1UgWV",
              "name": "技术"
            },
            {
              "color": 7,
              "id": "optcPrc3VJ",
              "name": "质量"
            },
            {
              "color": 8,
              "id": "optSUt7JWS",
              "name": "游戏程序开发"
            },
            {
              "color": 9,
              "id": "optDaVLIcj",
              "name": "游戏开发工程师（unity/cocos）、大数据挖掘"
            },
            {
              "color": 10,
              "id": "optWLKkkJe",
              "name": "开发类"
            },
            {
              "color": 0,
              "id": "optmmijfEc",
              "name": "营销运营类"
            },
            {
              "color": 1,
              "id": "optcNhb0Ox",
              "name": "设计策划类"
            },
            {
              "color": 2,
              "id": "optUnJilC3",
              "name": "品质管理类"
            },
            {
              "color": 3,
              "id": "opte1ID04S",
              "name": "软件开发类"
            },
            {
              "color": 4,
              "id": "optuffKXZz",
              "name": "硬件研发类 软件研发类"
            },
            {
              "color": 5,
              "id": "optpOVu1ZR",
              "name": "全球管理培训生"
            },
            {
              "color": 6,
              "id": "optGet98Jb",
              "name": "研发技术"
            },
            {
              "color": 7,
              "id": "optfRbZRKb",
              "name": "研发与工程类"
            },
            {
              "color": 8,
              "id": "optQB46hok",
              "name": "商品"
            },
            {
              "color": 9,
              "id": "opttoPBIas",
              "name": "服设计岗、鞋设计岗、配件设计岗、色彩图案"
            },
            {
              "color": 10,
              "id": "optgsLJJbb",
              "name": "算法、基础研发、应用等"
            },
            {
              "color": 0,
              "id": "optPffk5uM",
              "name": "工程类"
            },
            {
              "color": 1,
              "id": "opt3T9Qrhf",
              "name": "产品方向、数据分析方向、运营方向、设计方向、"
            },
            {
              "color": 2,
              "id": "optSNpnYhC",
              "name": "研发岗、销售岗"
            },
            {
              "color": 3,
              "id": "optV8iIxpz",
              "name": "产品研发"
            },
            {
              "color": 4,
              "id": "optOntPCUs",
              "name": "大模型算法工程师、前/后端开发工程师、算力产品"
            },
            {
              "color": 5,
              "id": "opthQDBhbH",
              "name": "销服类"
            },
            {
              "color": 6,
              "id": "optBy41LGx",
              "name": "具体参见官网"
            },
            {
              "color": 7,
              "id": "optnMGn7rX",
              "name": "运营类"
            },
            {
              "color": 8,
              "id": "optLq9qkPc",
              "name": "质量类"
            },
            {
              "color": 9,
              "id": "optbRvQKvE",
              "name": "职能类"
            },
            {
              "color": 10,
              "id": "optTuv1UaJ",
              "name": "渠道助理"
            },
            {
              "color": 0,
              "id": "optpB3aAFr",
              "name": "客户经理"
            },
            {
              "color": 1,
              "id": "optoVwfnyt",
              "name": "模拟电路设计工程师"
            },
            {
              "color": 2,
              "id": "optox5dV2b",
              "name": "HR"
            },
            {
              "color": 3,
              "id": "optHsS1Z0D",
              "name": "材料&电芯研发类"
            },
            {
              "color": 4,
              "id": "optIJHeybr",
              "name": "审计岗"
            },
            {
              "color": 5,
              "id": "opt1HdBUED",
              "name": "市场准入经理"
            },
            {
              "color": 6,
              "id": "optYYf3oeL",
              "name": "语音识别方向"
            },
            {
              "color": 7,
              "id": "optuHycr5b",
              "name": "应用工程师"
            },
            {
              "color": 8,
              "id": "optH5eiOzK",
              "name": "丨量化研究员"
            },
            {
              "color": 9,
              "id": "optJ8qaA5c",
              "name": "材料/电芯研发类"
            },
            {
              "color": 10,
              "id": "optTHxwv9x",
              "name": "能源动力类、工程技术类、信息技术类财务审计类"
            },
            {
              "color": 0,
              "id": "optTK0occ7",
              "name": "Al类、数据类、软件设施类、体验设计类、产品运"
            },
            {
              "color": 1,
              "id": "optmqgi9jX",
              "name": "市场类"
            },
            {
              "color": 2,
              "id": "optVa90t3y",
              "name": "沃尔玛门店管培生、山姆门店管培生、供应链区域"
            },
            {
              "color": 3,
              "id": "optoVZc5B8",
              "name": "电子与通信类"
            },
            {
              "color": 4,
              "id": "optlgGmbkN",
              "name": "电子与通信类业"
            },
            {
              "color": 5,
              "id": "opt4SLzffg",
              "name": "研发类、销售类、财经类、"
            },
            {
              "color": 6,
              "id": "optCxgdUFF",
              "name": "算法类、研发类"
            },
            {
              "color": 7,
              "id": "opt45gNm0e",
              "name": "技术、 销、产品、质量、设计、服务、供应链、"
            },
            {
              "color": 8,
              "id": "optswrdMTO",
              "name": "研发类、市场类、售后类"
            },
            {
              "color": 9,
              "id": "optclSll5u",
              "name": "机械类、电气类、软件类、算法类、光学类、售后类"
            },
            {
              "color": 10,
              "id": "optgH8cssD",
              "name": "实施工程师、售前工程师、测试实施工程师、产品经理、java研发工程师"
            },
            {
              "color": 0,
              "id": "optizHLwjY",
              "name": "技术类、设计类、产品/项目类、市场/营销类、内"
            },
            {
              "color": 1,
              "id": "opt6pOSj2J",
              "name": "技术类、设计类、产品类、市场类"
            },
            {
              "color": 2,
              "id": "optWCenPPJ",
              "name": "产品类、设计类、技术-软件开发类、市场类"
            },
            {
              "color": 3,
              "id": "opt8uQXjCX",
              "name": "游戏客户端开发"
            },
            {
              "color": 4,
              "id": "optZZGTAED",
              "name": "机械工程 机械设计制造及自动化"
            },
            {
              "color": 5,
              "id": "opt3Aw0cXj",
              "name": "争议解决部实习生、公司业务部律"
            },
            {
              "color": 6,
              "id": "optFjoEkko",
              "name": "人工智能类 计算机科学与技术类 软件工程类 控制科学与工程类 电子科学与技术类 航空航天类 信息与通信工程类 仪器科学与技术类 数学类力学类 机械工程类 动力工程及工程热物理类 电气工程类 材料科学与工程类 管理科学"
            },
            {
              "color": 7,
              "id": "opteRjKk5j",
              "name": "量化类"
            },
            {
              "color": 8,
              "id": "optlw06EBc",
              "name": "产品 运营 设计 市场"
            },
            {
              "color": 9,
              "id": "optCLzFOoJ",
              "name": "职能岗实习生"
            },
            {
              "color": 10,
              "id": "optCcu6vcg",
              "name": "职能类实习生"
            },
            {
              "color": 0,
              "id": "optXge9X7B",
              "name": "人力、行政、工商、统计学等专业"
            },
            {
              "color": 1,
              "id": "optK2Z3pEh",
              "name": "技术类实习生"
            },
            {
              "color": 2,
              "id": "optUH4Y0TF",
              "name": "车辆工程、机械设计及自动化、能源与动力"
            },
            {
              "color": 3,
              "id": "opt0Ikpo73",
              "name": "海外客户经理"
            },
            {
              "color": 4,
              "id": "optayuirOp",
              "name": "Al算法研究员"
            },
            {
              "color": 5,
              "id": "opt24tSrHC",
              "name": "研发类 | 技术市场类 | 市场营销类 | 制造类|"
            },
            {
              "color": 6,
              "id": "optACnMwrf",
              "name": "器件工程师"
            },
            {
              "color": 7,
              "id": "optQWj6VLb",
              "name": "技术类、产品类、算法类、运营类"
            },
            {
              "color": 8,
              "id": "optVrPMhzS",
              "name": "策划类 技术类"
            },
            {
              "color": 9,
              "id": "optjIphlw4",
              "name": "光学工程师"
            },
            {
              "color": 10,
              "id": "optqW048B4",
              "name": "工艺整合工程师"
            },
            {
              "color": 0,
              "id": "optx3of6Pq",
              "name": "软件类、算法类、硬件工程师、结构工程师、射频"
            },
            {
              "color": 1,
              "id": "optmKys7nB",
              "name": "算法类、软件类、光学类、芯片类、结构/机械类、"
            },
            {
              "color": 2,
              "id": "optIlBIptU",
              "name": "小学教师（数学/语文）"
            },
            {
              "color": 3,
              "id": "opt4ia7nHx",
              "name": "咨询全职"
            },
            {
              "color": 4,
              "id": "optEZe13yv",
              "name": "咨询顾问"
            },
            {
              "color": 5,
              "id": "optxo3wr8U",
              "name": "人工智能前沿研究员"
            },
            {
              "color": 6,
              "id": "opt5X6gEzf",
              "name": "固体力学CAE软件工程师、技术支持工程师"
            },
            {
              "color": 7,
              "id": "optxuLSzlm",
              "name": "研发类岗位、产品与设计类"
            },
            {
              "color": 8,
              "id": "optK5o8Zd8",
              "name": "物流或STEM方向专业"
            },
            {
              "color": 9,
              "id": "opt69nCzSW",
              "name": "例如经济学、供"
            },
            {
              "color": 10,
              "id": "optsya0PXB",
              "name": "量化"
            },
            {
              "color": 0,
              "id": "optBtAbnFo",
              "name": "产品经历"
            },
            {
              "color": 1,
              "id": "optNwhYhTF",
              "name": "数据开发"
            },
            {
              "color": 2,
              "id": "opt34hNfqb",
              "name": "工程师"
            },
            {
              "color": 3,
              "id": "optGCsjv54",
              "name": "芯片架构/设计/验证类、软件开发/优化类、物理设"
            },
            {
              "color": 4,
              "id": "optMV2w9c1",
              "name": "研发类、测试类、营销类、技术类、供应链类"
            },
            {
              "color": 5,
              "id": "optOXoErVa",
              "name": "商业"
            },
            {
              "color": 6,
              "id": "optccemyTT",
              "name": "研发"
            },
            {
              "color": 7,
              "id": "optmAZCI9m",
              "name": "供应链"
            },
            {
              "color": 8,
              "id": "optNwbraMY",
              "name": "机械设计/制造、生产质量管理、环保科学/环保"
            },
            {
              "color": 9,
              "id": "optMJ2sDkn",
              "name": "审计"
            },
            {
              "color": 10,
              "id": "optJUYupvU",
              "name": "NE/研发、SW/软件、MG/生产、BUS/商务"
            },
            {
              "color": 0,
              "id": "optJ7u4A11",
              "name": "研发类、算法类、销售类、安全类、产品类、设计"
            },
            {
              "color": 1,
              "id": "optzhifnPq",
              "name": "软件类"
            },
            {
              "color": 2,
              "id": "optU6Dy032",
              "name": "研发类、市场类、营销类、供应链类、视觉类、IT类、职能类"
            },
            {
              "color": 3,
              "id": "optx4t3Emu",
              "name": "人工智能工程师、雷达总体设计、系统总体设计、航路航线设"
            },
            {
              "color": 4,
              "id": "optGiloPpD",
              "name": "技术类：Unity开发工程师、Java游戏开发工程师、Unity集成工程师、技术TA"
            },
            {
              "color": 5,
              "id": "optA2FgP2T",
              "name": "技术研发类、支援职能类、生产工程类、客户品质"
            },
            {
              "color": 6,
              "id": "optKZLeGCR",
              "name": "产品技术类、发动机应用工程师培训生、发动机应"
            },
            {
              "color": 7,
              "id": "optss5ufMP",
              "name": "人力资源管培生-（分析方向、沟通方向、创意方"
            },
            {
              "color": 8,
              "id": "optxzpFfy4",
              "name": "法务"
            },
            {
              "color": 9,
              "id": "optk1hJXUW",
              "name": "技术相关"
            },
            {
              "color": 10,
              "id": "optL2q1tCX",
              "name": "机械制造、能源动力类专业"
            },
            {
              "color": 0,
              "id": "optHzsRWgJ",
              "name": "软件/测试岗"
            },
            {
              "color": 1,
              "id": "optzrN5sEK",
              "name": "系统类"
            },
            {
              "color": 2,
              "id": "opttrgd9cO",
              "name": "智驾算法类"
            },
            {
              "color": 3,
              "id": "optf6VSU72",
              "name": "人工智能类"
            },
            {
              "color": 4,
              "id": "optO8fG8bV",
              "name": "-数字电路设计工程师"
            },
            {
              "color": 5,
              "id": "opty2Fsl7s",
              "name": "数字IC设计类、IC验证类、模拟IC设计类"
            },
            {
              "color": 6,
              "id": "optaBZJUDf",
              "name": "•策划类"
            },
            {
              "color": 7,
              "id": "optiyY0O0w",
              "name": "IC类"
            },
            {
              "color": 8,
              "id": "opt2VlomEf",
              "name": "因子研究员"
            },
            {
              "color": 9,
              "id": "optd5zsBBY",
              "name": "量化研究员"
            },
            {
              "color": 10,
              "id": "optHFtPIZo",
              "name": "AI产品经理"
            },
            {
              "color": 0,
              "id": "optfF8meLq",
              "name": "办行销主管"
            },
            {
              "color": 1,
              "id": "opttHYnGz1",
              "name": "不限专业"
            },
            {
              "color": 2,
              "id": "optdDQ5ANx",
              "name": "电机控制算法工程师"
            },
            {
              "color": 3,
              "id": "opt1ziCMh2",
              "name": "软件开发"
            },
            {
              "color": 4,
              "id": "optbjPfhfz",
              "name": "技术研发"
            },
            {
              "color": 5,
              "id": "optbWKiLKj",
              "name": "电路设计类"
            },
            {
              "color": 6,
              "id": "optdHeIPdL",
              "name": "CV和多模态大模型算法研究员"
            },
            {
              "color": 7,
              "id": "optKc8ECi6",
              "name": "金融风控算法研究员"
            },
            {
              "color": 8,
              "id": "opt3nf8qav",
              "name": "商科、创意、设计、研发、制造"
            },
            {
              "color": 9,
              "id": "optzuuBE6l",
              "name": "硬件类：板级硬件设计、芯片设计、物理设计、版图设计、芯片验证等"
            },
            {
              "color": 10,
              "id": "optc3yarYn",
              "name": "架构类"
            },
            {
              "color": 0,
              "id": "optrvZnSWb",
              "name": "AI类"
            },
            {
              "color": 1,
              "id": "optXT475lg",
              "name": "产品类、营销类、销售类、研发类、设计类"
            },
            {
              "color": 2,
              "id": "optqOtfTtz",
              "name": "线上主讲类 线下教师类"
            },
            {
              "color": 3,
              "id": "optREylhyT",
              "name": "模拟设计工程师"
            },
            {
              "color": 4,
              "id": "optlmSp9SG",
              "name": "算法类：三维重建算法工程师、深度学习算法工程师、slam算法工程师、网格处理算法"
            },
            {
              "color": 5,
              "id": "optYaiBzoz",
              "name": "分析师"
            },
            {
              "color": 6,
              "id": "opt179j8sB",
              "name": "文案策划"
            },
            {
              "color": 7,
              "id": "opthCmqVV0",
              "name": "培训运营"
            },
            {
              "color": 8,
              "id": "optmggPZ1g",
              "name": "功放芯片研发初级工程师"
            },
            {
              "color": 9,
              "id": "optisbAgON",
              "name": "研发序列"
            },
            {
              "color": 10,
              "id": "optjW0Iji5",
              "name": "测试类"
            },
            {
              "color": 0,
              "id": "optrqfMSoE",
              "name": "美术设计类"
            },
            {
              "color": 1,
              "id": "optPLBM98D",
              "name": "游戏策划类"
            },
            {
              "color": 2,
              "id": "optup55Jrm",
              "name": "项目管理"
            },
            {
              "color": 3,
              "id": "optiHRbdqE",
              "name": "行政管理"
            },
            {
              "color": 4,
              "id": "optDbc1AvA",
              "name": "国际业务"
            },
            {
              "color": 5,
              "id": "optzMTmBOY",
              "name": "射频电路设计工程师"
            },
            {
              "color": 6,
              "id": "opt3fd77NU",
              "name": "AI相关岗位"
            },
            {
              "color": 7,
              "id": "optC7CGnNf",
              "name": "量化部"
            },
            {
              "color": 8,
              "id": "optzEKxGWZ",
              "name": "工程开发类"
            },
            {
              "color": 9,
              "id": "opt0BerMUi",
              "name": "具体参见官方"
            },
            {
              "color": 10,
              "id": "opt4VPzRsu",
              "name": "技术、运营、产品等"
            },
            {
              "color": 0,
              "id": "optKLzEkQf",
              "name": "仕官"
            },
            {
              "color": 1,
              "id": "optHoiszrQ",
              "name": "产品运营类、产品类、研发类、算法类"
            },
            {
              "color": 2,
              "id": "opto68vozM",
              "name": "机械工程、电子信息工程、电气工程、材料"
            },
            {
              "color": 3,
              "id": "optdef7auy",
              "name": "｛研发类｝"
            },
            {
              "color": 4,
              "id": "opt5TLJPz6",
              "name": "程序技术类"
            },
            {
              "color": 5,
              "id": "optZ6sfHpV",
              "name": "商务类"
            },
            {
              "color": 6,
              "id": "optdqpPcxN",
              "name": "2026届智能算法工程师（博士）"
            },
            {
              "color": 7,
              "id": "optCCN3HE0",
              "name": "软件开发工程师、测试开发工程师、"
            },
            {
              "color": 8,
              "id": "optk3C2D55",
              "name": "射频类："
            },
            {
              "color": 9,
              "id": "optwMJXDHD",
              "name": "产品运营、活动运营、用户运营、"
            },
            {
              "color": 10,
              "id": "optbbAFaoa",
              "name": "市场及销售"
            },
            {
              "color": 0,
              "id": "optj8b3y5A",
              "name": "芯片设计类"
            },
            {
              "color": 1,
              "id": "optY34wP29",
              "name": "产品"
            },
            {
              "color": 2,
              "id": "optgUl6FcH",
              "name": "商业分析是"
            },
            {
              "color": 3,
              "id": "optL2qs8sr",
              "name": "几何算法工程师"
            },
            {
              "color": 4,
              "id": "optsOP0e4g",
              "name": "模块研发"
            },
            {
              "color": 5,
              "id": "optaamkprh",
              "name": "系统应用研发工程师）"
            },
            {
              "color": 6,
              "id": "opt6d59Nij",
              "name": "人力资源"
            },
            {
              "color": 7,
              "id": "optcvWxOoY",
              "name": "原物料计划工程师、生产规划工程师、人力资源管理师、财务管理师"
            },
            {
              "color": 8,
              "id": "optRslSSSy",
              "name": "OP技术类"
            },
            {
              "color": 9,
              "id": "opthqiukCA",
              "name": "模拟IC设计工程师"
            },
            {
              "color": 10,
              "id": "optD8ox4Es",
              "name": "无线通信工程师"
            },
            {
              "color": 0,
              "id": "optfiLS08U",
              "name": "Java开发工程师"
            },
            {
              "color": 1,
              "id": "opt5RD5qpx",
              "name": "具体看官网"
            },
            {
              "color": 2,
              "id": "optI9xe3HO",
              "name": "采购/采控"
            },
            {
              "color": 3,
              "id": "optIUzjeyN",
              "name": "算法、研发、终端、产品经理、地图数据、运营"
            },
            {
              "color": 4,
              "id": "opteR0TE14",
              "name": "汽车业务产品/商务/项目管培生"
            },
            {
              "color": 5,
              "id": "optSqHlAo6",
              "name": "技术类、运营类、设计类、营销类、产品类、内容类、职能类"
            },
            {
              "color": 6,
              "id": "optD8S9ZN3",
              "name": "研发类：JAVA/Golang/安全/测试/客户端/移动端"
            },
            {
              "color": 7,
              "id": "opt1Bs0f3t",
              "name": "飞控系统"
            },
            {
              "color": 8,
              "id": "optja70kTx",
              "name": "计算机信息化"
            },
            {
              "color": 9,
              "id": "optaynVUm4",
              "name": "应用开发工程师"
            },
            {
              "color": 10,
              "id": "optzyC0Iah",
              "name": "AI算法与大模型研发类"
            },
            {
              "color": 0,
              "id": "optaDf81Es",
              "name": "量化研究院"
            },
            {
              "color": 1,
              "id": "optWeCj4wi",
              "name": "信息分析师"
            },
            {
              "color": 2,
              "id": "optHAI7wGM",
              "name": "股票交易员"
            },
            {
              "color": 3,
              "id": "opt36lUpEd",
              "name": "「产研类」"
            },
            {
              "color": 4,
              "id": "optgNx6jB4",
              "name": "版图设计工程师"
            },
            {
              "color": 5,
              "id": "optvLQGNqB",
              "name": "项目管理实习生"
            },
            {
              "color": 6,
              "id": "optY1IUgBP",
              "name": "机电类"
            },
            {
              "color": 7,
              "id": "optY3gGv15",
              "name": "技术支持类"
            },
            {
              "color": 8,
              "id": "optGco3PJF",
              "name": "计算机科学与技术、软件工程、信"
            },
            {
              "color": 9,
              "id": "optYUZc65e",
              "name": "科研岗、技术岗、管理岗"
            },
            {
              "color": 10,
              "id": "optlaVouM8",
              "name": "机器人算法工程师-强化学习"
            },
            {
              "color": 0,
              "id": "optRyXTE0j",
              "name": "助理电子工程师、项目经理助理、海外销售工程师、国内销售工程师、国际市场专员、运营中心管培生、赋能中心管培生、产品专员、影像算法工程师、C++软件工程师"
            },
            {
              "color": 1,
              "id": "optLrra0bg",
              "name": "客户管理顾问"
            },
            {
              "color": 2,
              "id": "opths3WahD",
              "name": "生产工程师"
            },
            {
              "color": 3,
              "id": "optUHVHjfa",
              "name": "销售工程师/销售"
            },
            {
              "color": 4,
              "id": "optZ7lxl1Y",
              "name": "制作人培训生"
            },
            {
              "color": 5,
              "id": "optA3dK1h1",
              "name": "广告营销类|日化研发类|市场商务类"
            },
            {
              "color": 6,
              "id": "optPuZLvki",
              "name": "航海技术"
            },
            {
              "color": 7,
              "id": "opt3l7KiKK",
              "name": "投研部"
            },
            {
              "color": 8,
              "id": "optR9bNajS",
              "name": "量化交易"
            },
            {
              "color": 9,
              "id": "opt28aa0Pg",
              "name": "数字设计工程师|硬件系统验证工程师"
            },
            {
              "color": 10,
              "id": "opt8z3W4eD",
              "name": "＜ 技术研发类 ＞"
            },
            {
              "color": 0,
              "id": "opt7inn4ii",
              "name": "微电子及相关专业"
            },
            {
              "color": 1,
              "id": "optjXto0hH",
              "name": "开发和职能都有"
            },
            {
              "color": 2,
              "id": "opt4Ekrtxe",
              "name": "量化策略实习生"
            },
            {
              "color": 3,
              "id": "optPc04dJH",
              "name": "架构工程师"
            },
            {
              "color": 4,
              "id": "opt94a5J6u",
              "name": "功率系统工程师（电源/电机）AE"
            },
            {
              "color": 5,
              "id": "optGdX5QMA",
              "name": "制造管理"
            },
            {
              "color": 6,
              "id": "optCURVJrc",
              "name": "技术类 算法、开发、多媒体、安全、运维等"
            },
            {
              "color": 7,
              "id": "opt6ec0f7Q",
              "name": "装备体系设计师"
            },
            {
              "color": 8,
              "id": "optii9iJlI",
              "name": "量化研究员（应届/实习）"
            },
            {
              "color": 9,
              "id": "optfqJgwKH",
              "name": "游戏开发类"
            },
            {
              "color": 10,
              "id": "optnPzn0j7",
              "name": "后端开发工程师 前端开发工程师 算法工程师"
            },
            {
              "color": 0,
              "id": "optNZyrXBG",
              "name": "交易岗位暑期实习"
            },
            {
              "color": 1,
              "id": "optAkyXS7P",
              "name": "交互| 视觉|运营|用户研究"
            },
            {
              "color": 2,
              "id": "optKLEFcOR",
              "name": "客户端开发"
            },
            {
              "color": 3,
              "id": "optB8HN07v",
              "name": "服务端开发"
            },
            {
              "color": 4,
              "id": "opt872pXlp",
              "name": "游戏引擎/渲染开发"
            },
            {
              "color": 5,
              "id": "optHtqy6SA",
              "name": "软件设计师"
            },
            {
              "color": 6,
              "id": "optn0YQuQq",
              "name": "01 航空航天类"
            },
            {
              "color": 7,
              "id": "optNlHvcnu",
              "name": "雷达算法工程师"
            },
            {
              "color": 8,
              "id": "optgir5nwb",
              "name": "教学教研"
            },
            {
              "color": 9,
              "id": "optYxcLERQ",
              "name": "code大模型算法研究员/工程师"
            },
            {
              "color": 10,
              "id": "opt04XruuW",
              "name": "美术&表现类"
            },
            {
              "color": 0,
              "id": "optIZcYUeN",
              "name": "科技研发类："
            },
            {
              "color": 1,
              "id": "optyjeqWqv",
              "name": "产品经理管培生"
            },
            {
              "color": 2,
              "id": "opt3z4MoWS",
              "name": "技术、营销、产品 3 大核心模块轮岗"
            },
            {
              "color": 3,
              "id": "optt5fwl5R",
              "name": "电子/通信/光电/电气/自动化/计算机/软件/人工智能等理工专业优先"
            },
            {
              "color": 4,
              "id": "optE4x28Q3",
              "name": "电芯开发"
            },
            {
              "color": 5,
              "id": "opt6cFgkgU",
              "name": "高级雷达信号处理工程师"
            },
            {
              "color": 6,
              "id": "optBATvZHz",
              "name": "高级目标跟踪算法工程师"
            },
            {
              "color": 7,
              "id": "opt6Jz76Kw",
              "name": "毫米波雷达信号处理及系统工程师"
            },
            {
              "color": 8,
              "id": "optaoSY6e4",
              "name": "海外销售经理（英语）"
            },
            {
              "color": 9,
              "id": "optI5es4vq",
              "name": "海外解決方案经理（英语）"
            },
            {
              "color": 10,
              "id": "optIGdqGc8",
              "name": "军品贸易岗位、民船贸易岗"
            },
            {
              "color": 0,
              "id": "opti7rE26E",
              "name": "商务服务/咨询/法律/财会/人力/知识产权"
            },
            {
              "color": 1,
              "id": "optfDljOyp",
              "name": "芯片设计/验证工程师、FPGA原型验证工程师、物理设计工程师、芯"
            },
            {
              "color": 2,
              "id": "optq4QtPgZ",
              "name": "游戏类"
            },
            {
              "color": 3,
              "id": "opt3kNs9LQ",
              "name": "AI相关的岗位"
            },
            {
              "color": 4,
              "id": "optFmVEaDA",
              "name": "投资助理岗、交易岗、产品岗、销售岗、主观研究岗、量化研究岗、公募基金业务岗、私募孵化岗、利率投资助理岗、FOF投资助理岗、做市交易岗、做市报价岗、产品运营岗、研究岗、销售交易岗、产品经历、机构理财岗、"
            },
            {
              "color": 5,
              "id": "opttKxwfAI",
              "name": "固定收益投资研究部-信用分析"
            },
            {
              "color": 6,
              "id": "optqL00bJp",
              "name": "教学教研、市场营销、教辅、职能"
            },
            {
              "color": 7,
              "id": "optQANFpla",
              "name": "法律实习生"
            },
            {
              "color": 8,
              "id": "optXJGIanH",
              "name": "品牌策划、客户执行、销售、数据分析、达人策划、达人执行、运营、短视频编导"
            },
            {
              "color": 9,
              "id": "opt9IzDRKo",
              "name": "人力资源管培生"
            },
            {
              "color": 10,
              "id": "optKZBrzQe",
              "name": "计算机数学类"
            },
            {
              "color": 0,
              "id": "optDDWhzwP",
              "name": "技术/产品/商业分析/运营/金融/零售/职能/"
            },
            {
              "color": 1,
              "id": "opty9RNg3U",
              "name": "实习生"
            },
            {
              "color": 2,
              "id": "optzhIwVhV",
              "name": "通信算法"
            },
            {
              "color": 3,
              "id": "optJqAvOSW",
              "name": "嵌入式软件"
            },
            {
              "color": 4,
              "id": "opt9FZWH8W",
              "name": "射频IC设计"
            },
            {
              "color": 5,
              "id": "opt3FjZCy5",
              "name": "模拟IC设计"
            },
            {
              "color": 6,
              "id": "optDsTCcn3",
              "name": "PLL"
            },
            {
              "color": 7,
              "id": "optvHJSW5R",
              "name": "数字IC设计/验证"
            },
            {
              "color": 8,
              "id": "opt25Ku0aa",
              "name": "岗位也很全"
            },
            {
              "color": 9,
              "id": "optRstsvlZ",
              "name": "文科理科都有"
            },
            {
              "color": 10,
              "id": "optb1VDprC",
              "name": "也有美术岗"
            },
            {
              "color": 0,
              "id": "optOk7foC1",
              "name": "很多很全"
            },
            {
              "color": 1,
              "id": "optirIyxBV",
              "name": "文科理工科都有"
            },
            {
              "color": 2,
              "id": "opt5jRLsRV",
              "name": "自己点进链接去看～"
            },
            {
              "color": 3,
              "id": "optSmJL6Md",
              "name": "AI算法工程师（语音）"
            },
            {
              "color": 4,
              "id": "opto8fKjud",
              "name": "具身智能大模型算法研究员"
            },
            {
              "color": 5,
              "id": "optYwy17tG",
              "name": "核心研发类"
            },
            {
              "color": 6,
              "id": "optwCd7g79",
              "name": "控制设计工程师"
            },
            {
              "color": 7,
              "id": "optzULD7fM",
              "name": "传感器应用工程师"
            },
            {
              "color": 8,
              "id": "optZsWK1M0",
              "name": "小学高年级英语教研、战略分析师、人工智能教研、"
            },
            {
              "color": 9,
              "id": "optlfDd4Vm",
              "name": "量产测试方案开发工程师"
            },
            {
              "color": 10,
              "id": "optzSKu0u9",
              "name": "营销"
            },
            {
              "color": 0,
              "id": "optJEGnQo1",
              "name": "零售"
            },
            {
              "color": 1,
              "id": "opt7j78nmL",
              "name": "计算机类"
            },
            {
              "color": 2,
              "id": "optJroBNA6",
              "name": "研发类岗位"
            },
            {
              "color": 3,
              "id": "optzxemo5T",
              "name": "SAT教师"
            },
            {
              "color": 4,
              "id": "optKLHKh72",
              "name": "雅思教师"
            },
            {
              "color": 5,
              "id": "optxbA9iXA",
              "name": "托福教师"
            },
            {
              "color": 6,
              "id": "optjybdhPi",
              "name": "国际课程理科教师"
            },
            {
              "color": 7,
              "id": "optl6KXRNA",
              "name": "国际高中备考教师"
            },
            {
              "color": 8,
              "id": "opt9tQnt3u",
              "name": "小托福教师"
            },
            {
              "color": 9,
              "id": "optvLaSUni",
              "name": "SAT督导"
            },
            {
              "color": 10,
              "id": "optNoUOk8Q",
              "name": "雅思督导"
            },
            {
              "color": 0,
              "id": "opt6NI6VNT",
              "name": "飞行器总体设计、体系总体设计、指挥控制总体设计、计算机技术总体设计、电气系统总体设计、仿真技术总体设计、制导控制总体设计、武器系统总体设计"
            },
            {
              "color": 1,
              "id": "optu6wVKr8",
              "name": "海外销售管培生、产品管理管培生、设备管理管培生、品质工艺管培生"
            },
            {
              "color": 2,
              "id": "optxDLolPT",
              "name": "产运/战略/设计类"
            },
            {
              "color": 3,
              "id": "optBPQF59q",
              "name": "技术类、产品类、运营类、"
            },
            {
              "color": 4,
              "id": "optVk1cZTF",
              "name": "结构工程师"
            },
            {
              "color": 5,
              "id": "optsIhKNlb",
              "name": "研发、产品、工艺、制造、供应链、质量管理、"
            },
            {
              "color": 6,
              "id": "opt0iYEoWW",
              "name": "PM管培"
            },
            {
              "color": 7,
              "id": "optuJK5F2p",
              "name": "零售管培生"
            },
            {
              "color": 8,
              "id": "optQ01k6t1",
              "name": "生产制造&产品研发"
            },
            {
              "color": 9,
              "id": "optuozBTL0",
              "name": "外贸业务&推广运营"
            },
            {
              "color": 10,
              "id": "optk7de2MC",
              "name": "芯片研发类"
            },
            {
              "color": 0,
              "id": "optyhl2HqI",
              "name": "电力电子、电气工程、电子信息、电机、"
            },
            {
              "color": 1,
              "id": "optVSCzC27",
              "name": "量化、开发工程师"
            },
            {
              "color": 2,
              "id": "optrLNTbpF",
              "name": "计算机科学与技术、软件工程、物联网工程、电子信息"
            },
            {
              "color": 3,
              "id": "optbG7BqzG",
              "name": "技术类、业务类、综合类、"
            },
            {
              "color": 4,
              "id": "optWqwd6VN",
              "name": "采销方向、产品方向、设计方向、保险与金融方向、物流方向、技术方向、市场与商务方向、运营方向、工程方向、健康方向、职能方向"
            },
            {
              "color": 5,
              "id": "opt6HILtsh",
              "name": "硬件：研发、测试、技术支持、Layout"
            },
            {
              "color": 6,
              "id": "optRhNdWpi",
              "name": "电子工程师"
            },
            {
              "color": 7,
              "id": "optfw7S9W8",
              "name": "光学光电类"
            },
            {
              "color": 8,
              "id": "optKthgRmh",
              "name": "游戏策划、游戏开发、游戏美术、游戏运营、业务支持、平台开发、平台职能、游戏测试8大类岗位"
            },
            {
              "color": 9,
              "id": "optShrNLW9",
              "name": "前端、移动端、PC端、游戏端、测试开发、技术运营"
            },
            {
              "color": 10,
              "id": "opt6U5PASl",
              "name": "SLAM算法工程师规、划控制算法工程师、算法应用开发工程师、电气工程、交付工程师、C++工程师、海外销售、视频编导、财务专员"
            },
            {
              "color": 0,
              "id": "optPplg6jf",
              "name": "Java开发工程师、Android开发工程师、C++服务端工程师、前端开发工程师、iOS开发工程师、手机开发工程师（AI驱动跨端）"
            },
            {
              "color": 1,
              "id": "optg2dSdf1",
              "name": "技术类、产品类、发行类、艺术类、质量类"
            },
            {
              "color": 2,
              "id": "optDoGvimj",
              "name": "研发类、市场类、项目管理"
            },
            {
              "color": 3,
              "id": "optVLPYx1A",
              "name": "类岗位"
            },
            {
              "color": 4,
              "id": "opt1LUmBlY",
              "name": "全职咨询岗位"
            },
            {
              "color": 5,
              "id": "optyy5Xjrt",
              "name": "FPGA研究员、硬件研究员、算法研究员、光学研究员、机电研究员、嵌入式研究员、FPGA工程师、硬件工程师、算法工程师、光学工程师、机电工程师"
            },
            {
              "color": 6,
              "id": "optS81aOyH",
              "name": "算法/数学研究员（数字应用方向）、电子研发工程师、机械结构工程师"
            },
            {
              "color": 7,
              "id": "opt0y7j2s8",
              "name": "光学类、机械类、控制类、材料类、软件类、电子电气类"
            },
            {
              "color": 8,
              "id": "optCT43sI4",
              "name": "土建技术员、给排水技术员、弱电技术员、强电技术员、机电技术员、地质技术员、法语翻译/会计"
            },
            {
              "color": 9,
              "id": "optPBDhtv6",
              "name": "电子科学与技术、电磁场与微波技术、电路与系统"
            },
            {
              "color": 10,
              "id": "optDY4M8sF",
              "name": "信息与通信工程、信号与信息处理"
            },
            {
              "color": 0,
              "id": "optwpBfvCb",
              "name": "集成电路科学与工程"
            },
            {
              "color": 1,
              "id": "optaLBB2mL",
              "name": "电子信息、通信工程"
            },
            {
              "color": 2,
              "id": "optjrpOTxM",
              "name": "控制科学与工程、控制理论与控制工程"
            },
            {
              "color": 3,
              "id": "opt7aOvz0B",
              "name": "量化研究员、指数研究员、固收研究员、机构销售经理、券商销售经理、渠道销售经理、电商经理、合规经理、基金会计"
            },
            {
              "color": 4,
              "id": "opt2DVkOUs",
              "name": "学科主讲教师（数学/物理/化学/英语）、数学/物理竞赛教练"
            },
            {
              "color": 5,
              "id": "optK8B2h9D",
              "name": "电力电子硬件、电子电子软件、结构、工业设计与用户体验设计、材料"
            },
            {
              "color": 6,
              "id": "opte6H92om",
              "name": "产品策划类、发行运营类、程序技术类、美术表现类、职能综合类、桌游业务岗位"
            },
            {
              "color": 7,
              "id": "opts3cpuva",
              "name": "算法、结构、硬件、数据、材料、测试、设计、嵌入式、软件开发"
            },
            {
              "color": 8,
              "id": "optrfTkkrm",
              "name": "智能驾驶、电机硬件开发、智能座舱、智能车控、充放电技术、人工智能、车载电源设计、固态电池、线控底盘等方向"
            },
            {
              "color": 9,
              "id": "optWRMPFBu",
              "name": "芯片研发岗、软件研发岗、硬件研发岗"
            },
            {
              "color": 10,
              "id": "optQDuTNPo",
              "name": "材料工程师、业务赋能类、软件测试工程师、软件工程师、电气工程师、机械工程师、半导体工艺工程师、射频工程师"
            },
            {
              "color": 0,
              "id": "optTwndUug",
              "name": "产品类、技术类、艺术&设计类、运营类、市场&职能类"
            },
            {
              "color": 1,
              "id": "optnPD1MXB",
              "name": "硬件方向、算法方向、产品方向"
            },
            {
              "color": 2,
              "id": "optDSudYQC",
              "name": "游戏引擎开发、关卡策划、UI设计、游戏编剧"
            },
            {
              "color": 3,
              "id": "optOEXpeyb",
              "name": "射频模拟设计工程师、数字芯片设计工程师、算法工程师、项目管理工程师、硬件工程师、嵌入式软件工程师"
            },
            {
              "color": 4,
              "id": "optjaFZTnT",
              "name": "算法研究员（博士专项）、图形算法工程师、CAM算法工程师、C++研发工程师、销售管培生、海外销售管培生、海外市场营销管培生"
            },
            {
              "color": 5,
              "id": "opt1C7rDf6",
              "name": "技术类、策划类、艺术类、市场类、职能类"
            },
            {
              "color": 6,
              "id": "optgWJxl3s",
              "name": "服务端研发工程师、算法工程师、Web前端研发工程师、客户端研发工程师、数据分析师、安全工程师"
            },
            {
              "color": 7,
              "id": "optz5D1Vfj",
              "name": "AI/算法类、标准研究类、软件类、硬件类、工程技术类、采购类、品牌策划类、销售服务类、综合职能类、设计类、产品类"
            },
            {
              "color": 8,
              "id": "optepqDmQT",
              "name": "助理咨询顾问"
            },
            {
              "color": 9,
              "id": "optOaGp6Ti",
              "name": "量化策略实习生、AI算法实习生、数据科学实习生、量化实现实习生、Quant Developer实习生、高性能计算与系统优化实习生、全栈开发实习生、Linux kernel Engineer、量化分析实习生、量化风险研究员"
            },
            {
              "color": 10,
              "id": "optVTsBMqr",
              "name": "研发类、系统应用类、生产运营类、质量类、业务类、其他职位"
            },
            {
              "color": 0,
              "id": "optVIGxi2v",
              "name": "机械工程、仪器科学与技术、电气工程、控制科学与工程、航空宇航科学与技术、力学、材料科学与工程、电子科学与技术、计算机科学与技术、光学工程、动力工程及工程热物理、信息与通信工程、船舶与海洋工程"
            },
            {
              "color": 1,
              "id": "optp7yhPnf",
              "name": "技术类、产品管理类、营销类、供应链管理类、质量类、其他职能类"
            },
            {
              "color": 2,
              "id": "optfjByps7",
              "name": "人工智能、计算机科学与技术、软件工程、智能科学与技术、集成电路科学与工程、电子西悉尼、电子科学与技术、控制科学与工程"
            },
            {
              "color": 3,
              "id": "opt4UD61sX",
              "name": "工程类、算法类、机器人类、数据类、产品类、安全技术类、金融业务类、运营类、商业分析类"
            },
            {
              "color": 4,
              "id": "optYCzXpq9",
              "name": "程序&技术类、质量管理类、技术美术类"
            },
            {
              "color": 5,
              "id": "optABuOngK",
              "name": "技术类、产品类、专业服务和管理支持类、政企行业解决方案和服务类"
            },
            {
              "color": 6,
              "id": "optx6DplHZ",
              "name": "图像算法实习生、视觉感知算法实习生、应用算法实习生、结构实习生、C/C++软件开发实习生、软件测试实习生、技术支持实习生"
            },
            {
              "color": 7,
              "id": "opt7w90ubh",
              "name": "大模型类、算法类、软件系统类、测试类、其他类"
            },
            {
              "color": 8,
              "id": "optACZCJRT",
              "name": "模拟设计工程师、芯片应用工程师、研发测试工程师、版图设计工程师、现场应用工程师、技术销售管培生"
            },
            {
              "color": 9,
              "id": "optzVQLqug",
              "name": "硬件由路丁程师FPGAT程师"
            },
            {
              "color": 10,
              "id": "optXsA6STW",
              "name": "地图定位算法工程师、控制开发工程师、软件工程师、测试开发工程师、Al数据平台工程师、MCU软件工程师、大模型研发工程师、模型优化工程师、软件工程师、短发工程师、后端开发工程师、推理引擎开发工程师、嵌入式"
            },
            {
              "color": 0,
              "id": "optVI8DqWi",
              "name": "科技研发类：矿山工艺设计、重点技术攻关、科技创新项目、智能化矿山等"
            },
            {
              "color": 1,
              "id": "optaPzD2Bf",
              "name": "运营管理类：矿山开发与建设、生产工艺控制项目运营管理等"
            },
            {
              "color": 2,
              "id": "optxjT9K83",
              "name": "嵌入式类、算法类、芯片类、软件类、测试及测试开发类、机械与力学类、硬件类、光学类、产品及解决方案类、质量类、工艺开发类、综合类"
            },
            {
              "color": 3,
              "id": "optrsb5IyY",
              "name": "研发类、智能制造类岗位"
            },
            {
              "color": 4,
              "id": "opthgKXeVt",
              "name": "机械工程师电气工程师软件工程师系统工程师射频工程师仿真工程师 产品支持工程师工艺工程师温度策略控制工程师材料程师实验室计量工程师供应商管理专员"
            },
            {
              "color": 5,
              "id": "opt2RU3wo0",
              "name": "技术类、市场类、综合类岗位:人工智能类通信类统计学类经济学类计算机类集成电路类数学类公共管理类电子信息类自动化类物理学类专业"
            },
            {
              "color": 6,
              "id": "opt8kGFiHj",
              "name": "算法开发类整车开发类新能源三电研发类造型设计类智能制造类供应链类运营推类 品牌宣传类"
            },
            {
              "color": 7,
              "id": "opt0fY06D4",
              "name": "体系总体设计师系统总体设计师任务规划设计师效能评估设计师模型算法设计师系统研发工程师 装备体系设计师智能筹划设计师体系仿真设计师体系试验设计师"
            },
            {
              "color": 8,
              "id": "opttktLWNU",
              "name": "高潜计划研发设计市场营销生产工程技术"
            },
            {
              "color": 9,
              "id": "opt4QW7e47",
              "name": "投行业务岗投资研究岗机构业务岗财富管理类金融科技类职能支持类"
            },
            {
              "color": 10,
              "id": "optDGsCgh9",
              "name": "港航水利业务规划咨询业务绿色低碳业务信息技术业务建筑市政业务地址勘察业务项目管理业务"
            },
            {
              "color": 0,
              "id": "optpCVx4wV",
              "name": "研发类营销类智能制造类;"
            },
            {
              "color": 1,
              "id": "optLcrdqoL",
              "name": "功率系统工程师(电源/电机)AE数字IC前端工程师模拟IC设计工程师器件设计工程师片测试工程师TE"
            },
            {
              "color": 2,
              "id": "optqxmpWuP",
              "name": "飞行器设计与工程机械设计制造及其自动化能源与动力工程 材料成型及控制工程测控技术与仪器智能制造工程金属材料工程机械工程 焊接技术与工程电气工程与智能控制材料腐蚀与防护飞行器适航技术"
            },
            {
              "color": 3,
              "id": "optbWGxhy7",
              "name": "研发类运营类质里类销售类职能类;"
            },
            {
              "color": 4,
              "id": "optaql1NtM",
              "name": "研发类产品类运营类职能类业类法类;"
            },
            {
              "color": 5,
              "id": "optAyxFCGt",
              "name": "技术类管培生解决方案工程师鸿蒙/前端开发工程师 测试工程师"
            },
            {
              "color": 6,
              "id": "optNFxlBPG",
              "name": "工程技术岗安全管理岗电气管理类工程试验岗商务管理岗物资设备管理岗财务金融岗 行政管理岗"
            },
            {
              "color": 7,
              "id": "optpnxvJ0V",
              "name": "生产制造类林务类技术研发类市场营销类供应链类 经营管理类"
            },
            {
              "color": 8,
              "id": "optHfRy8Gl",
              "name": "工艺技术类设计服务类产品质里类"
            },
            {
              "color": 9,
              "id": "optdq8POlW",
              "name": "产品审核规划工程师电子电气验证工程师电子电气工艺规划工程师 动力总成及底盘验证工程师 内外饰系统集成工程师;"
            },
            {
              "color": 10,
              "id": "optKiaTWlV",
              "name": "研发岗:宏观研究方向、金属矿业与商品研究方向、产业及产融研究方向;人力资源部-人力规划与发展岗;战略运营管理部-投资管理岗;合规法务部-法规岗;财务部-会计岗;党群工作岗;文化宣传商"
            },
            {
              "color": 0,
              "id": "optjFTMz6j",
              "name": "电路系统硬件工程师算法工程师(图像、嵌入式)电机设计工程师机械结构工程师"
            },
            {
              "color": 1,
              "id": "optubiU8Pp",
              "name": "研发类供应链类市场类营销服务/职能类生产运营类"
            },
            {
              "color": 2,
              "id": "optPjp61bC",
              "name": "硬件研发工程师技术支持工程师销售工程师"
            },
            {
              "color": 3,
              "id": "opt7yCIpen",
              "name": "咚力生(管理方向)商品开发岗海外商品岗采购岗大客户销售岗商品质里管理岗运营岗包材设计师公共关系岗品牌营销岗算法程师 数据分析师"
            },
            {
              "color": 4,
              "id": "optpPuaOfA",
              "name": "量化研发量化开发"
            },
            {
              "color": 5,
              "id": "optXuEylpj",
              "name": "游戏策划类研发技术类美术设计类产品运营类市场营销类"
            },
            {
              "color": 6,
              "id": "optf5Uz3re",
              "name": "研发类运维类销售欸产品&解决方案类职能类"
            },
            {
              "color": 7,
              "id": "optaGE7t5h",
              "name": "航空发动机类机械类材料类自动化及计算机类其他专业类"
            },
            {
              "color": 8,
              "id": "optXwSvgUF",
              "name": "项目类研发类职能类制造类海外类;"
            },
            {
              "color": 9,
              "id": "optKr5wbTN",
              "name": "市场营俏欸技术服务类售后服务类软件研发类"
            },
            {
              "color": 10,
              "id": "optucbRDjH",
              "name": "美术设计类邮箱策划类技术开发类市场运营类"
            },
            {
              "color": 0,
              "id": "optPUi3MnB",
              "name": "Application Engineer()、SoftwareEngineer(E)、Test Engineer(E&P)。Product Manager(ENorP);"
            },
            {
              "color": 1,
              "id": "opt7nuifsd",
              "name": "建设管理类职能管理类;"
            },
            {
              "color": 2,
              "id": "optR39uCz5",
              "name": "软件研发工程师硬件研发工程师机械研发工程师电源工程师工艺工程师销售工程师 储备管理干部"
            },
            {
              "color": 3,
              "id": "optfhWGbYh",
              "name": "总行管培生(商品类、运营类、设计类、技术类、供应链类、职能类)、门店管培生"
            },
            {
              "color": 4,
              "id": "optxc2T1t0",
              "name": "研发方向 工艺方向 设备方向 可控性方向"
            },
            {
              "color": 5,
              "id": "optQYVEz11",
              "name": "储备销售经理见习业务拓展经理;"
            },
            {
              "color": 6,
              "id": "optLYBpVa8",
              "name": "助理机械工程师 助理电气工程师助理电子工程师助理项目管理工程师FPGA工程师软件工程师助理电气工艺工程师"
            },
            {
              "color": 7,
              "id": "opt72SorKP",
              "name": "声学器件设计师 微波铁氧体器件设计师微波射频铁氧体材料设计师电子陶瓷器件设计师微波组件设计师信号处理设计师;"
            },
            {
              "color": 8,
              "id": "opteehHVDm",
              "name": "C语言研发工程师Java研发工程师前端研发工程师 测试工程师 售前工程师 销售管培生"
            },
            {
              "color": 9,
              "id": "optjrwyC6U",
              "name": "Java开发工程师前端开发工程师数据开发工程师算法工程师售前工程师需求工程师(产品助理)测试工程师 销售专员(ToB销售)"
            },
            {
              "color": 10,
              "id": "optPluzBGn",
              "name": "水利水电领域工程总承包领域新能源领域市政公用领域测绘地理信息领域数字信息领域"
            },
            {
              "color": 0,
              "id": "optvh75Kfm",
              "name": "嵌入式软件工程师硬件研发工程师机械工程师 销售工程师 智能制造管培生"
            },
            {
              "color": 1,
              "id": "optqpXnVy5",
              "name": "高中班课教师高中个性化教师自习室教师智慧学习素养教师素质素养教师学习机教师"
            },
            {
              "color": 2,
              "id": "optTPef6mR",
              "name": "算法类开发类职能类岗位;"
            },
            {
              "color": 3,
              "id": "optbiFAXPo",
              "name": "机械工程电气工程!自动化 仪器科学与技术控制科学与工程电子信息电子科学与技术航空宇航科学与技术兵器科学与技术计算机科学与技术 软件工程动力工程及工程热物理信息与通信工程力学"
            },
            {
              "color": 4,
              "id": "optnVh8k7f",
              "name": "未投递  已投递  已笔试  已面试  已挂  面试通过  暂不投递"
            },
            {
              "color": 5,
              "id": "opt3MA5Vte",
              "name": "更新时间"
            },
            {
              "color": 6,
              "id": "opt3DDe2wU",
              "name": "2025-08-31"
            },
            {
              "color": 7,
              "id": "optSflgCZg",
              "name": "2025-08-30"
            },
            {
              "color": 8,
              "id": "optkQqmSgO",
              "name": "热能动力设计岗电气工程设计岗自动化工程设计岗技术经济设计岗水工程设计岗源工程设计岗土木建筑设计岗水利水工设计岗 勘测工程设计岗"
            },
            {
              "color": 9,
              "id": "optCb0apHV",
              "name": "馈电工程师 同服控制工程师 机械工程师;"
            },
            {
              "color": 10,
              "id": "optOoFk2lu",
              "name": "土木类土木相关类机械类管理类"
            },
            {
              "color": 0,
              "id": "optkrmSis8",
              "name": "研发设计类工艺类IT类工程项目类营俏类智造类其他技术类"
            },
            {
              "color": 1,
              "id": "optYa3c5m8",
              "name": "工程技术岗安全质里岗工程经济岗察设计岗试验管理岗物资机械岗综合管理岗则务管理岗"
            },
            {
              "color": 2,
              "id": "opt5lMQp9x",
              "name": "工程技术岗物资设备岗全质里岗商务管理岗试验检测岗四电机电岗驻外翻译岗综合管理岗"
            },
            {
              "color": 3,
              "id": "optMbrogFp",
              "name": "材料类电力电子与电气工程类电子与信息工程类控制与测控类机械与热动类计算机与软件类工商管理与商务贸易类"
            },
            {
              "color": 4,
              "id": "optVnlE62h",
              "name": "研发类生产类国内/海外销售类国内/海外技术支持类职能类"
            },
            {
              "color": 5,
              "id": "opt4ajwsr5",
              "name": "土木及土木相关类管理类其他类;"
            },
            {
              "color": 6,
              "id": "opts6wndG2",
              "name": "研发设计类岗位工艺技术类岗位技术类岗位"
            },
            {
              "color": 7,
              "id": "opto70ix42",
              "name": "总体论证软件设计算法设计软件开发;"
            },
            {
              "color": 8,
              "id": "optrjX8jvQ",
              "name": "航空宇航科学与技术集成电路科学与工程计算机科学与技术电磁场与微波技术电子科学与技术智能科学与技术控制科学与工程信息与通信工程仪器科学与技术软件工程工智能光学工程电子信息"
            },
            {
              "color": 9,
              "id": "optXb62RBQ",
              "name": "养猪职类营俏职类饲料研发职类生产制造类食品职类双胞胎动保供应职类职能职类海外专项"
            },
            {
              "color": 10,
              "id": "optaq5Nh7U",
              "name": "研发类制造类质里类供应链类销服类职能类"
            },
            {
              "color": 0,
              "id": "opt6C9RoWO",
              "name": "土木工程类基础设施类建筑设计类机电安装类金融投资类数字建造类职能管理类;"
            },
            {
              "color": 1,
              "id": "optddZ55EG",
              "name": "车辆工程师人工智能电气工程及其自动化电子信息工程计算机科学与技术飞行器控制与信息工程师材料科学与工程软件工程师智能制造工程能源与动力工程等专业"
            },
            {
              "color": 2,
              "id": "optARjcoam",
              "name": "电气工程师机械工程师软件开发工程师 波压控制工程师电子电路设计工程师数据库开发工程师物流规划师材料工程师给排水设计工程师 结构设计工程师电气设计工程师编辑党务管理行政管理"
            },
            {
              "color": 3,
              "id": "optCJhNrTT",
              "name": "土木类机电类安全环境类工程造价类物资管理类财务会计类文科类"
            },
            {
              "color": 4,
              "id": "optI7d5czJ",
              "name": "系统研发类通信导航类测试验证类电子技术类计算机软件类民机研发类工程技术类"
            },
            {
              "color": 5,
              "id": "optrFub3RW",
              "name": "航空航天类能源动力类机械类电子信息与控制类力学类器表类电气类信息化类"
            },
            {
              "color": 6,
              "id": "optjQKD2QZ",
              "name": "研发类管培生生产类;"
            },
            {
              "color": 7,
              "id": "optSMBpAxH",
              "name": "研发技术类智能制造类全球营销类运营管理类职能管理类"
            },
            {
              "color": 8,
              "id": "opthFzza3o",
              "name": "研发管培生 生产管培生供应链管培生销售管培生财务管培生品牌管培生"
            },
            {
              "color": 9,
              "id": "opt7qUd7GS",
              "name": "研发技术类生产制造类职能管理类市场管理类"
            },
            {
              "color": 10,
              "id": "optMk3bMSC",
              "name": "人工智能类控制类电子信息类航空航天类机械工程类电气工程类料科学管理及其他类"
            },
            {
              "color": 0,
              "id": "opt4eszGZb",
              "name": "土建类水工类财会类;"
            },
            {
              "color": 1,
              "id": "optqRFxpjN",
              "name": "乐道顾问"
            },
            {
              "color": 2,
              "id": "optCYxXqmK",
              "name": "IP二维动画师 IP插画师(图库&表情包)IP社交媒体内容编剧"
            },
            {
              "color": 3,
              "id": "optxsDeUPK",
              "name": "土木工程大类、道路桥梁与波河工程、城市地下空间工程、测绘工程、水利水电工程、材料科学与工程、林业工程、机械设计制造及自动化、计算机、工程造价、会计学"
            },
            {
              "color": 4,
              "id": "opt5fpEhWY",
              "name": "销售类研发类职能类供应链类"
            },
            {
              "color": 5,
              "id": "optUgAiGBZ",
              "name": "管培生类经营管理类职能类研发类"
            },
            {
              "color": 6,
              "id": "optOcowlQa",
              "name": "金种子计划(AI开发工程师(智能体方向)、大数据算法开发工程师(大模型智能体方向)、AI安全治理工程师);优才计划(算法开发工程师、AI开发工程师、软件开发工程师)"
            },
            {
              "color": 7,
              "id": "optxvAK2yt",
              "name": "工程技术类商务类料类电行政类;"
            },
            {
              "color": 8,
              "id": "opt3yBE79k",
              "name": "技术类营销类管培类;"
            },
            {
              "color": 9,
              "id": "optxUyoHRu",
              "name": "算法及大数据类研发类产品及方案类其他类"
            },
            {
              "color": 10,
              "id": "optxZWfnF9",
              "name": "管培生(营销方向)管培生(人力资源)幸福规划师储备摄影师摄影助理 微电影后期剪辑微电影摄像师化妆师助理"
            },
            {
              "color": 0,
              "id": "optMQZOMcN",
              "name": "研发类电商类营销类管理类生产类;"
            },
            {
              "color": 1,
              "id": "optFs8LH9A",
              "name": "芯片开发高性能计算软件平台其他;"
            },
            {
              "color": 2,
              "id": "optvQBV2Py",
              "name": "土木工程、道路桥梁与河工程、交通工程、给排水科学与工程、工业与民用建筑、装饰装修、建筑环境与能源应用工程、建筑电气与智能化、电气工程及其自动化"
            },
            {
              "color": 3,
              "id": "optTX9NcmO",
              "name": "管培类培训生类医生类治疗师类数字科技类"
            },
            {
              "color": 4,
              "id": "optxUSwLWC",
              "name": "顾问培训生"
            },
            {
              "color": 5,
              "id": "optge1A9yc",
              "name": "航空类自动化类电子通信计算机类"
            },
            {
              "color": 6,
              "id": "opt7SHwtsu",
              "name": "教师类培训生类实习生类;"
            },
            {
              "color": 7,
              "id": "optN28XSmD",
              "name": "国内销售管培生海外销售管培生算法工程师其他"
            },
            {
              "color": 8,
              "id": "optLdDtWWN",
              "name": "光学类机械类电子类计算机类材化类"
            },
            {
              "color": 9,
              "id": "optYRRhS3j",
              "name": "工程技术类机械类管理类语言类;"
            },
            {
              "color": 10,
              "id": "optuIBF19Q",
              "name": "土木技术类四电技术类机械设备类职能管理类"
            },
            {
              "color": 0,
              "id": "optXWmfreg",
              "name": "建筑学风景园林土木工程市政工程给排水暖通电气结构环境艺术设计公共艺术程造价工程管理安全工程等相关专业、市场营销"
            },
            {
              "color": 1,
              "id": "optW77cAru",
              "name": "研发类、设计类、信息系统类、制造类、供应链类、项目管理类、财务类、职能类类、商务类等"
            },
            {
              "color": 2,
              "id": "optg6A3C00",
              "name": "研发类制造类市场类;"
            },
            {
              "color": 3,
              "id": "optoQQujwR",
              "name": "零售门店全球采购和智能制造物流部门;"
            },
            {
              "color": 4,
              "id": "opth9NO6aD",
              "name": "总体设计师天线设计师电源设计师软件测试工程师算法设计师射频设计师结构设计师 工艺设计师信号处理设计师软件设计师"
            },
            {
              "color": 5,
              "id": "optSNAso7H",
              "name": "语文/数学/英语/物理教师"
            },
            {
              "color": 6,
              "id": "opt48VnNlE",
              "name": "算法工程师(Agent)算法工程师(模型训练)Pvthon研发工程师Tava研发工程师eb发工程师 产品经理(AI)产品经理"
            },
            {
              "color": 7,
              "id": "optVJ78pMt",
              "name": "产品设计师 测试工程师 电气设计师软件设计师 软件助理设计师"
            },
            {
              "color": 8,
              "id": "opt4CFqGaw",
              "name": "技术类采购类营销类制造类质里类新能源技术类"
            },
            {
              "color": 9,
              "id": "opt6wx2YN1",
              "name": "Software ngineerDesign EngineerDesign ferification ngineer、Architecture &Hodeling、AlgorithmEngineers"
            },
            {
              "color": 10,
              "id": "optGBinB7J",
              "name": "技术研究类算法类软件开发类硬件开发类网络安全类测试类技术支持类管理类"
            },
            {
              "color": 0,
              "id": "optg6YmTYU",
              "name": "土木类财务管理类综合类"
            },
            {
              "color": 1,
              "id": "optzPtRXqK",
              "name": "研发技术生产管理营销职能;"
            },
            {
              "color": 2,
              "id": "opt9MWYDCs",
              "name": "专利工程师(通信、电学方向)"
            },
            {
              "color": 3,
              "id": "optVMbgeA6",
              "name": "研发技术类工程技术类质量安全类信息技术类市场类平台支持类"
            },
            {
              "color": 4,
              "id": "optd4XEiFg",
              "name": "失效分析工程师研发测试工程师 模拟设计工程师量产测试工程师客户质量工程师现场应用工程师技术销售工程师仓储物流专员"
            },
            {
              "color": 5,
              "id": "optV3ZU3JZ",
              "name": "销售与服务体系产品与创新体系职能部门:"
            },
            {
              "color": 6,
              "id": "optEwGa3Oo",
              "name": "工艺技术岗质里岗检验管培岗生产管培岗市场管培岗"
            },
            {
              "color": 7,
              "id": "optrb1QLvy",
              "name": "管培类兽医类配方类养殖类品管类营销类生产类职能类"
            },
            {
              "color": 8,
              "id": "optBkYLoGl",
              "name": "计算机类机械类电气类自动化类材料类化学化工类模具数控类工业工程类"
            },
            {
              "color": 9,
              "id": "optDsGi61o",
              "name": "设计研发类职能类财务金融类市场&营销类储备干部"
            },
            {
              "color": 10,
              "id": "optWJ4YVvA",
              "name": "电力工程师 双碳咨询师 高端电气师风资源工程师人工智能工程师法务专员网络安全工程师 系统集成工程师 开发工程师 财务管理电子商务专业专职教师"
            },
            {
              "color": 0,
              "id": "optxAqjVVW",
              "name": "自然语言处理计算机视觉音频特征提取多模态算法AI数据研发AI智能体开发AI产品经理信息家全后端研发客户端开发前端研发用户体验"
            },
            {
              "color": 1,
              "id": "opths9GyJk",
              "name": "药店业务与技术服务人员苗场技术人员海外技术服务及管理人员研究系统研究人员"
            },
            {
              "color": 2,
              "id": "optJ76O1rE",
              "name": "策略研究员机器学习研究员C+t/Java/基建方向工程师Python开发工程师Dev/SRE工程师"
            },
            {
              "color": 3,
              "id": "optL4RREgg",
              "name": "量化研究员里化研究员-机器学习基本面里化研究员交易算法研究员交易分析师C开发工程师数据工程师 人力资源专员"
            },
            {
              "color": 4,
              "id": "opt5I0M7bR",
              "name": "技术研发类质里生产类营销业务类职能支持类"
            },
            {
              "color": 5,
              "id": "optViEqydq",
              "name": "算法工程师(搜推广方向)-网易云音乐 机器学习平台开发工程师(Al Infra)-网易云音乐 服务端开发工程师(公共技术)-网易云音乐 服务端开发工程师(业务开发)-网易云音乐 Java开发工程师(数据产品)-网易云音乐 大数据开发工程师-网易云音乐 客户端开发工程师-网易云音乐 测试开发工程师-网易云音乐 数据挖掘工程师-网易云音乐 数据分析师-网易云音乐 产品策划专员(广告)-网易云音乐 产品运营专员(广告)-网易云音乐 产品运营专员(曲库)-网易云音乐 内容拓展商务专员(飓风工作室)-网易云音乐 内容营销推广专员(飓风工作室)-网易云音乐"
            },
            {
              "color": 6,
              "id": "optJRwhtJd",
              "name": "电商运营"
            },
            {
              "color": 7,
              "id": "optSAHwcBZ",
              "name": "研发类 服务类供应链类"
            },
            {
              "color": 8,
              "id": "optK8lc7fg",
              "name": "售前助理工程师 数据分析工程师 助理电气工程师 产品助理/产品工程师(电气部)产品助理(软件部)"
            },
            {
              "color": 9,
              "id": "optlIPh7Nr",
              "name": "开发类算法类测试类产品类销类发服务实施类;"
            },
            {
              "color": 10,
              "id": "opt3pvIfFj",
              "name": "材料工程师(博士)材料工程师机械工程师国内营销工程师海外营销工程师财务储备干部 生产计划工程师 供应链管理岗数字化工程师:"
            },
            {
              "color": 0,
              "id": "optibsfg62",
              "name": "研发工程师飞行器结构工程师飞行器控制工程师 飞行器航电系统工程师 算法工程师工艺工程师机械工程师电气工程师销售管培生调试工程师运行操作成型操作加工中心装配技师:"
            },
            {
              "color": 1,
              "id": "opt7ey1lmT",
              "name": "品牌市场部管培生品牌电商部管培生资源管培生设计中心管培生零售管培生"
            },
            {
              "color": 2,
              "id": "optvEKBZ9D",
              "name": "建筑学风景园林土木工程暖通空调电气工程及自动化等专业;"
            },
            {
              "color": 3,
              "id": "optDWsQEpD",
              "name": "商业分析类产品类业务类据类发类后台职能类"
            },
            {
              "color": 4,
              "id": "optYdu5GXS",
              "name": "储备管理方向学科教学方向养教学方向教研方向市场方向;"
            },
            {
              "color": 5,
              "id": "optjH9TrS5",
              "name": "战略法务采购人力营养销售生产兽医育种环保设备同料生产工程养殖生产 养殖设备养殖环保饲料生产饲料机电服务部生产;;"
            },
            {
              "color": 6,
              "id": "optfLi7Pq4",
              "name": "产品类运营类设计类技术类算法类融研究类;"
            },
            {
              "color": 7,
              "id": "optBWq9Zg8",
              "name": "医学信息沟通专员零售推广专员渠道推广专员"
            },
            {
              "color": 8,
              "id": "optj1Bjkjl",
              "name": "算法类软件类测试类系统类嵌入式类硬件类项目管理类售前支持类供应链类;"
            },
            {
              "color": 9,
              "id": "optQBwnVPc",
              "name": "新零售管培生体验店FM服务体验顾问专员体验顾问服务技术顾问B2B渠道代表零售代表KA代表;"
            },
            {
              "color": 10,
              "id": "optzHqmBAn",
              "name": "空运/海运实习生 销售支持实习生"
            },
            {
              "color": 0,
              "id": "optq05tsCU",
              "name": "市场管培 定价与准入战略 财务管培 医药推广 苏州工厂"
            },
            {
              "color": 1,
              "id": "optttia5Jm",
              "name": "法务合规岗"
            },
            {
              "color": 2,
              "id": "optvOkaooF",
              "name": "精度工程师"
            },
            {
              "color": 3,
              "id": "opt5RlDtij",
              "name": "调试工程师"
            },
            {
              "color": 4,
              "id": "optVyEWXnc",
              "name": "仿真工程师"
            },
            {
              "color": 5,
              "id": "optjoEcUxj",
              "name": "结构设计工程师"
            },
            {
              "color": 6,
              "id": "optmfiX5qK",
              "name": "产线操作工程师"
            },
            {
              "color": 7,
              "id": "optjJX8cKt",
              "name": "设备管理岗（机电方向）"
            },
            {
              "color": 8,
              "id": "optM3Grdhp",
              "name": "物流管理岗"
            },
            {
              "color": 9,
              "id": "optlKr8iA9",
              "name": "采购业务管理岗"
            },
            {
              "color": 10,
              "id": "optLJgGuGd",
              "name": "财务管理岗"
            },
            {
              "color": 0,
              "id": "optgO2ZbrN",
              "name": "安全管理岗"
            },
            {
              "color": 1,
              "id": "optVUZW26B",
              "name": "生产管理岗"
            },
            {
              "color": 2,
              "id": "opthngpJZV",
              "name": "无损检测工程师"
            },
            {
              "color": 3,
              "id": "optnX3Nfbw",
              "name": "初级船舶设计岗"
            },
            {
              "color": 4,
              "id": "optwwZPKTL",
              "name": "质量管理岗"
            },
            {
              "color": 5,
              "id": "optMk6GdnH",
              "name": "财务会计"
            },
            {
              "color": 6,
              "id": "opt6Xgie5T",
              "name": "电气设计工程师"
            },
            {
              "color": 7,
              "id": "optXDp4GqH",
              "name": "助理工程师"
            },
            {
              "color": 8,
              "id": "optlQ92iQN",
              "name": "机械装配工"
            },
            {
              "color": 9,
              "id": "optVCLQ1cX",
              "name": "电工"
            },
            {
              "color": 10,
              "id": "optJEIqJBQ",
              "name": "行政专员"
            },
            {
              "color": 0,
              "id": "optWXjBTjx",
              "name": "软件程序开发工程师"
            },
            {
              "color": 1,
              "id": "optcHqwGfu",
              "name": "人工智能算法工程师"
            },
            {
              "color": 2,
              "id": "optuXaZIRq",
              "name": "CAD 软件二次开发工程师（轮机、电气方向）"
            },
            {
              "color": 3,
              "id": "optSkiHb7e",
              "name": "CAD 软件二次开发工程师（结构、舾装方向）"
            },
            {
              "color": 4,
              "id": "optRcPnNeu",
              "name": "总体设计师（总体方案设计）"
            },
            {
              "color": 5,
              "id": "optxxFLsuF",
              "name": "总体设计师（智能船方向）"
            },
            {
              "color": 6,
              "id": "optz5XNlWY",
              "name": "总体设计师（船舶性能研究）"
            },
            {
              "color": 7,
              "id": "optjMi6VtO",
              "name": "轮机设计师"
            },
            {
              "color": 8,
              "id": "opt8oSuotc",
              "name": "船体设计师"
            },
            {
              "color": 9,
              "id": "optLO35W8b",
              "name": "结构设计师"
            },
            {
              "color": 10,
              "id": "optvI0I0ll",
              "name": "人事专员"
            },
            {
              "color": 0,
              "id": "optLmDorFq",
              "name": "自动化工程师"
            },
            {
              "color": 1,
              "id": "optk9GierK",
              "name": "流体仿真工程师"
            },
            {
              "color": 2,
              "id": "optXTKLVfE",
              "name": "文控管理岗"
            },
            {
              "color": 3,
              "id": "optwH5J1PD",
              "name": "化工工艺工程师"
            },
            {
              "color": 4,
              "id": "optT8e7Wbz",
              "name": "生产技术工程师"
            },
            {
              "color": 5,
              "id": "optpD2hoZ8",
              "name": "软件开发工程师（ARM Linux）"
            },
            {
              "color": 6,
              "id": "optoupWXx6",
              "name": "DSP 软件开发工程师"
            },
            {
              "color": 7,
              "id": "optMBjkU5L",
              "name": "船舶工程师"
            },
            {
              "color": 8,
              "id": "optxIue8Au",
              "name": "生产运营管理"
            },
            {
              "color": 9,
              "id": "optTi32lNm",
              "name": "企划管理岗"
            },
            {
              "color": 10,
              "id": "optgBTXHUO",
              "name": "法务内控专员"
            },
            {
              "color": 0,
              "id": "optLnhCbU5",
              "name": "供应链工程师"
            },
            {
              "color": 1,
              "id": "optA0TDnMn",
              "name": "船舶设计师"
            },
            {
              "color": 2,
              "id": "opteWTy9u0",
              "name": "设计员"
            },
            {
              "color": 3,
              "id": "optwPOjQkQ",
              "name": "建造工程师"
            },
            {
              "color": 4,
              "id": "optv13Y4e6",
              "name": "精益制造工程师"
            },
            {
              "color": 5,
              "id": "optx9f5LFr",
              "name": "工法工程师"
            },
            {
              "color": 6,
              "id": "optv3FCGKJ",
              "name": "智能制造工程师"
            },
            {
              "color": 7,
              "id": "optjafx4MO",
              "name": "焊接工程师"
            },
            {
              "color": 8,
              "id": "optobAr8wW",
              "name": "内装设计工程师"
            },
            {
              "color": 9,
              "id": "optTErR1u2",
              "name": "轮机设计工程师"
            },
            {
              "color": 10,
              "id": "optlup3oLG",
              "name": "舾装设计工程师"
            },
            {
              "color": 0,
              "id": "opt1QoM5hw",
              "name": "管系设计工程师"
            },
            {
              "color": 1,
              "id": "optGwqA95W",
              "name": "船体设计工程师"
            },
            {
              "color": 2,
              "id": "opt1Iq79uT",
              "name": "助理安全主管（安全环境管理部）"
            },
            {
              "color": 3,
              "id": "optT8YlZY1",
              "name": "检验员（品质部）"
            },
            {
              "color": 4,
              "id": "opt5SuaIoi",
              "name": "助理涂装主管（特涂事业部）"
            },
            {
              "color": 5,
              "id": "optUOQdzRn",
              "name": "工艺质检员（机电事业部）"
            },
            {
              "color": 6,
              "id": "opt0XSTDaM",
              "name": "工艺质检员（船体事业部）"
            },
            {
              "color": 7,
              "id": "optpaQsInk",
              "name": "船舶设计岗（技术中心）"
            },
            {
              "color": 8,
              "id": "optcHNGBaX",
              "name": "轮机详细设计师"
            },
            {
              "color": 9,
              "id": "optXvX4YXy",
              "name": "结构生产设计师"
            },
            {
              "color": 10,
              "id": "optqZNDTUy",
              "name": "管舾生产设计师"
            },
            {
              "color": 0,
              "id": "optKRnxX3f",
              "name": "人力资源主管"
            },
            {
              "color": 1,
              "id": "optUaav5YR",
              "name": "风控法务员"
            },
            {
              "color": 2,
              "id": "opthcXR5z1",
              "name": "质量管理"
            },
            {
              "color": 3,
              "id": "optOlbWMXI",
              "name": "采购主管"
            },
            {
              "color": 4,
              "id": "optIgmDUFg",
              "name": "人工智能 (AI)"
            },
            {
              "color": 5,
              "id": "optqQSYPDX",
              "name": "数字化技术架构师"
            },
            {
              "color": 6,
              "id": "optCpL1D7H",
              "name": "资金会计 / 管理会计"
            },
            {
              "color": 7,
              "id": "optgr7zlCg",
              "name": "船舶产线操作工程师"
            },
            {
              "color": 8,
              "id": "optO1hI6vh",
              "name": "电气详细设计师"
            },
            {
              "color": 9,
              "id": "optoiUZ7SL",
              "name": "总舾详细设计师"
            },
            {
              "color": 10,
              "id": "optXbh3v2Z",
              "name": "电装生产设计师"
            },
            {
              "color": 0,
              "id": "optivZwXU6",
              "name": "船舶钳工"
            },
            {
              "color": 1,
              "id": "opt8iU4IXO",
              "name": "船舶电工"
            },
            {
              "color": 2,
              "id": "optf6uH3pu",
              "name": "数字化工程师"
            },
            {
              "color": 3,
              "id": "optmPVlK5O",
              "name": "控制工程师"
            },
            {
              "color": 4,
              "id": "optXH1e0rn",
              "name": "技术安全工程师"
            },
            {
              "color": 5,
              "id": "optpfTsHdb",
              "name": "海洋机器人工程师"
            },
            {
              "color": 6,
              "id": "opt8dlJqev",
              "name": "算法工程师 人工智能工程师 网络安全工程师 业务咨询顾问 需求分析师 Java开发工程师 C++开发工程师 C/嵌入式开发工程师 C#/.NET开发工程师 Android开发工程师 软件测试工程师 前端开发工程师 实施工程师 技术管培生 销售管培生 人力资源管培生"
            },
            {
              "color": 7,
              "id": "optRbXYTG8",
              "name": "机械设计工程师 模具设计工程师 产品设计工程师 自动化设计工程师 电子设计工程师 项目工程师 品质工程师 工业工程师 生技员 调机员 三坐标检测员 投影检测员 电控工程师 视觉工程师 电控接线员 组立员 工艺工程师 实验工程师 模具装配工 机外预调工 慢走丝工 试模员 电脉冲工 省模工 加工中心工 生产管理储备干部"
            },
            {
              "color": 8,
              "id": "opti2YjPvG",
              "name": "Java开发工程师 C++开发工程师 后端开发工程师 前端开发工程师 GIS开发工程师 算法工程师 数据挖掘工程师 自然语言算法工程师 图像算法工程师 具身智能工程师 云安全工程师 云交付工程师 云网交付工程师 IT运维工程师 全球销售管培生 销售管培生 商务技术助理 财务专员 人力资源专员"
            },
            {
              "color": 9,
              "id": "optAxyhHbt",
              "name": "研发管培生 职能管培生 营销管培生 生产管培生 技术管培生"
            },
            {
              "color": 10,
              "id": "optvnm2FUR",
              "name": "海外销售工程师 海外服务工程师 机械工程师 热能工程师 电气工程师 软件开发 热工安装工程师 原料安装工程师"
            },
            {
              "color": 0,
              "id": "optCuah3Wf",
              "name": "芯片设计工程师 芯片实现工程师 芯片验证工程师 芯片后端工程师 嵌入式软件工程师 驱动软件工程师（ISP、多媒体、编解码） 软件算法工程师（ISP、DSP、AI） 编译器及工具链开发工程师 图像/AI算法工程师 影像质量工程师"
            },
            {
              "color": 1,
              "id": "optoj2cseU",
              "name": "设计工程师 版图工程师 应用工程师 嵌入式应用工程师 测试工程师 现场应用工程师"
            },
            {
              "color": 2,
              "id": "opts6T5UKB",
              "name": "游戏客户端开发工程师 游戏服务端开发工程师 游戏引擎研发工程师 算法工程师 软件工程师 Web前端开发工程师 大数据研发工程师 运维工程师 开发工程师 游戏策划助理 产品策划助理 游戏测试 用户研究分析师 策划助理 原画设计师 技术美术/TA 特效设计师 动作设计师 游戏声音设计师 三维模型设计师 游戏UI设计师 视频设计师 视觉设计师 美术PM助理 游戏运营 游戏运营（海外方向） 游戏编辑 灵活职业岗 读书员 综合文员 战略分析师 预算专员 法务专员 行政专员 人事专员"
            },
            {
              "color": 3,
              "id": "opt980g2Ys",
              "name": "AI算法研究员 计算化学研究员 蛋白纯化研究员 冷冻电镜研究员 结构生物学研究员 肿瘤药效研究员 免疫药效研究员 体外药效研究员 抗体研究员 有机合成研究员"
            },
            {
              "color": 4,
              "id": "optO7Tf7gB",
              "name": "电子工程师 飞控导航算法工程师 飞控控制算法工程师 嵌入式软件工程师 动力系统工程师 无人机气动工程师 云台控制工程师 电机设计工程师 图像算法工程师 相机测试工程师 无人机SLAM算法工程师 多模态算法工程师"
            },
            {
              "color": 5,
              "id": "opt4AU2HJB",
              "name": "TVS/ESD研发工程师 MOSFET研发工程师 GaN/SiC研发工程师 模拟IC电路研发工程师 器件版图工程师 模拟版图工程师 AE工程师 ATE工程师 技术销售工程师 硬件/软件技术支持工程师 管理培训生"
            },
            {
              "color": 6,
              "id": "opti9bcIwA",
              "name": "过程自动化销售 电气海外销售支持工程师 机器人研发工程师 机器人电气工程师 机器人方案工程师 电气工程师培训生 电气助理项目工程师 电气机械设计工程师 电气助理产品工程师 电气IE工程师 电气最终检验测试工程师 电气工业工程工程师 电气物流工程师 电气持续改进专员 电气生产工程专员 电气财务共享中心培训生 电气总账会计 电气应付账款会计 电气应收账款会计 过程自动化服务销售 过程自动化现场服务工程师 机器人助理项目经理"
            },
            {
              "color": 7,
              "id": "opty975s9V",
              "name": "研发类 营销类 供应链类 运营支撑类"
            },
            {
              "color": 8,
              "id": "optxrY7TBH",
              "name": "商品采销 平台运营 招商运营 选址开发 物流运营 售后运营 工程管理 装饰工程设计 职能支持类 IT研发类 区域采销管理 区域运营管理 门店储备干部 物流储备干部 售后储备干部"
            },
            {
              "color": 9,
              "id": "optyUO4IWu",
              "name": "博士研究员（调味品技术、AI 算法、快检技术、流体工程）；研发技术类（食品生物技术、食品应用化学、产品研发、工艺研发、检测技术）；生产技术类（生产管理、工艺管理、质量管理、质量检测、生产计划、设备管理、仓储管理、环保）；营销管理类（国内销售 (华北、华中、华南、苏皖、东北、华东南、华西南、鲁晋豫全国八大区域)、电商运营、商超运营）；信息智能类（算法、软件开发、产品经理）；综合职能类（采购、物流管理、财务、法务、人力、产品策划、品牌策划、食品法规、数据支持、投资理财、销售支持）"
            },
            {
              "color": 10,
              "id": "opt4GjcvoM",
              "name": "财务经理 财务数字化经理"
            },
            {
              "color": 0,
              "id": "optEYA6qMb",
              "name": "电路设计类 研发技术类 量产技术类 生产运营类 信息技术类 市场营销类"
            },
            {
              "color": 1,
              "id": "optaVUNPRB",
              "name": "医学信息沟通专员 神经科学、抗肿瘤、自身免疫及抗感染、全产品方向 零售推广专员 渠道推广专员"
            },
            {
              "color": 2,
              "id": "optiP1XEVI",
              "name": "通信系统总体设计岗 可靠性设计岗 指挥控制系统总体研究岗 智能技术研发总体岗 智能算法模型研发岗 FPGA设计岗 光机电综合管理岗(电气设计) 综合集成系统总体设计岗"
            },
            {
              "color": 3,
              "id": "optsGAIIcX",
              "name": "大模型算法工程师"
            },
            {
              "color": 4,
              "id": "optDwZErqN",
              "name": "分布式存储开发工程师"
            },
            {
              "color": 5,
              "id": "optwv46RUm",
              "name": "AI大模型算法工程师（agent）"
            },
            {
              "color": 6,
              "id": "optOT5pIoi",
              "name": "数据库开发工程师"
            },
            {
              "color": 7,
              "id": "optgWiwgQa",
              "name": "分布式计算开发工程师"
            },
            {
              "color": 8,
              "id": "optjmWCzax",
              "name": "大模型后端开发工程师"
            },
            {
              "color": 9,
              "id": "optq50rt0s",
              "name": "NLP算法工程师"
            },
            {
              "color": 10,
              "id": "optZzkva5j",
              "name": "大数据后端开发工程师"
            },
            {
              "color": 0,
              "id": "opt5r2YyIj",
              "name": "电子设计培训生 电子设计(仿真)培训生 机电研发培训生 制造培训生(电子类) 制造培训生 制造培训生(SQE) 产品培训生 技术销售培训生"
            },
            {
              "color": 1,
              "id": "optR9G8zy4",
              "name": "视觉图像算法工程师 搜索与推荐算法工程师 大模型算法工程师 大语言模型算法工程师 自动驾驶-感知算法工程师-汽车 效果算法工程师-Camera 机器学习/深度学习算法工程师 AI大模型算法工程师-芯片 音频算法工程师 GUI Agent算法研究员"
            },
            {
              "color": 2,
              "id": "optQ2NgZKG",
              "name": "电源研发工程师 射频研发工程师 微波研发工程师 充电桩研发工程师 储能研发工程师 流体/热学仿真 嵌入式软件开发 硬件设计工程师 电气设计工程师 结构设计工程师 变压器与磁电设计 产品测试工程师 海外市场开发 海外技术支持 战略营销培训生 品牌拓展培训生 生产管培生 生产调试"
            },
            {
              "color": 3,
              "id": "optXIyNl3r",
              "name": "测试工程师 人力资源专员 后端开发工程师 前端开发工程师 投放推广 内容运营 图文编辑 公众号运营 用户运营 编辑 核保专员 策略运营 商业分析 商业分析师 产品经理 新媒体运营 医学顾问 HRBP 税务 内审 法务 行政 资金 招聘 培训 AI 产品经理 战略分析 运营专员 客服专员 测试开发工程师 JAVA 开发工程师"
            },
            {
              "color": 4,
              "id": "optSmzuE3f",
              "name": "产品设计/技术支持 销售经理 实验研发 产品研发 管理会计 外贸项目经理"
            },
            {
              "color": 5,
              "id": "optjNxBe7z",
              "name": "量化策略研究员 机器学习研究员 算法开发工程师"
            },
            {
              "color": 6,
              "id": "optzqUpOLc",
              "name": "数字电路设计工程师 数字验证工程师 射频电路设计工程师 模拟电路设计工程师 硅后验证工程师 销售管理 市场管理 计划交付专员 封装工程师 运营NPI工程师 软件工程师 硬件工程师 法务助理"
            },
            {
              "color": 7,
              "id": "optUgxkLQ8",
              "name": "研发/工艺工程师 工艺助理工程师 设备助理工程师 厂务助理工程师 生产储备干部"
            },
            {
              "color": 8,
              "id": "opt8WAqDCS",
              "name": "Software Engineer – University Graduate (US) Quantitative Trading – University Graduate (Australia) Quantitative Research Engineer – PhD Graduate (US) Quantitative Researcher – PhD Graduate (US) Quantitative Research Analyst – University Graduate (US) Quantitative Trader – University Graduate (US) Quantitative Research Analyst – University Graduate (Europe) Quantitative Researcher – PhD Graduate (Asia) Quantitative Researcher – PhD Graduate (Europe) Fundamental Analyst – University Graduate (Australia) Machine Learning Researcher – PhD Graduate (US) Quantitative Research Analyst – University Graduate (Asia)"
            },
            {
              "color": 9,
              "id": "optttcAlAE",
              "name": "校园招聘岗位 研发管培生 汽修管培生 选矿管培生 现场管培生 安环管培生 设计管培生 冶金管培生 电气管培生 化工管培生 电厂管培生 机械管培生 中控管培生 物流管培生"
            },
            {
              "color": 10,
              "id": "optXFPm5YZ",
              "name": "物资采购岗 机械管理岗 安全管理岗 商务管理岗 财务管理岗 工程技术岗 行政宣传岗 船员岗位 综合管理岗 船舶管理岗位 质检管理岗位 工程试验岗位 工程技术及研发岗位 法务管理岗 安全环保管理岗 试验检测岗 人力资源管理岗 行政管理岗 船员岗 物资管理岗 工程管理岗 商务合约岗 质量管理岗 工程测量岗 合约造价岗 工程测绘岗 法律管理岗 宣传文秘岗 人力资源岗 机械工程岗 机电管理岗 成本管理岗 财务会计岗 质检质保岗 安全环保岗 成本采购岗 船舶制造岗 科研与技术支持岗"
            },
            {
              "color": 0,
              "id": "optHa6Ghg1",
              "name": "研发工程师 设计工程师 工艺工程师 信息技术工程师 财务会计 服务工程师 工艺工程师 试验工程师 调试工程师 装配工程师"
            },
            {
              "color": 1,
              "id": "opt9rOXp4S",
              "name": "机械原画师 2D美术（AI向） 游戏原画师（角色/怪物/美宣） 场景原画师 动捕工具开发 动作生成研究员 AI Native游戏LLM研究员 LLM算法研究员（后训练方向） 测试工程师（游戏研发效能工具 / 用户增长） RL算法工程师 3D生成研究员 移动客户端开发工程师（用户增长） 后端开发工程师（用户增长 / 游戏研发效能工具） 前端开发工程师（用户增长 / 游戏研发效能工具） 机器学习平台开发工程师（训练方向） AI集群运维工程师 游戏项目管理 游戏客户端开发（音频方向） 游戏客户端工具开发 游戏服务器开发 游戏运维开发 游戏客户端开发 游戏构建开发 分布式存储研发工程师 大模型推理系统开发工程师 AI Infra数据研发工程师 税务（境内） 多模态统一模型研究员 战略投资研究员 周边电商运营（原神） 技术招聘HR 任务策划 文案策划 技术策划 关卡策划 UI蓝图工程师 UI动效设计师 游戏特效师 音乐制作 境内IP衍生品经销运营 引擎开发工程师 国际化市场内容（音乐策划方向） 3C策划 数值策划 系统策划 交互策划（UE） 战斗策划 载具原画师（内饰/外饰） AI算法工程师（实时渲染方向） AI研发工程师（游戏方向）"
            },
            {
              "color": 2,
              "id": "optzV6zMVT",
              "name": "3D视觉算法工程师 相机标定算法工程师 标定算法工程师 SLAM算法工程师 规控算法工程师 深度学习算法工程师 感知算法工程师 定位导航算法工程师 电机控制工程师 运动控制算法工程师 点云处理算法工程师 立体视觉算法工程师 3D视觉测量算法工程师 视觉SLAM算法工程师 视觉算法工程师（深度学习） 算法优化工程师"
            },
            {
              "color": 3,
              "id": "optRQgxKcv",
              "name": "小班线下主讲教师 竞赛教练"
            },
            {
              "color": 4,
              "id": "optWjQP3Me",
              "name": "干部储备 科研助理（博士） 科研管理 电气设计 自动化设计 智能化设计 工艺设计 能动设计 暖通设计 建筑设计 规划设计 结构设计 给排水设计 装饰设计 前期策划 人工智能工程师 软件工程师 工程造价 安全管理 工程管理 财务管理 法务 市场运营 投融资管理"
            },
            {
              "color": 6,
              "id": "optYRCy2LA",
              "name": "人事专员 巡检 运营管培生 会计专员 运营管理培训生 热动工程师-投管 烟气工程师-投管 水处理工程师-投管 商务专员 项目管理培训生-海外建设 水处理工程师 环境工程师 机械工程师 电控工程师 热动工程师 质量工程师 售后工程师 项目管理培训生-海外PM 现场工程师 解决方案工程师-营销方向 营销助理 解决方案工程师-环境修复 环境工程师-污泥方向 投资助理 品牌专员 采购工程师-电仪或热动方向 审计专员-工程审计方向 法务专员 助理研究员-烟气方向 助理研究员-焚烧方向"
            },
            {
              "color": 7,
              "id": "opt3cd8uac",
              "name": "销售培训生 测试开发 前端开发"
            },
            {
              "color": 8,
              "id": "optL6dklXN",
              "name": "数据库内核开发工程师"
            },
            {
              "color": 9,
              "id": "opttjkWGKf",
              "name": "市场营销国际贸易数字刊印计算机软件人蕷郛个膘力资源 财务管理;"
            },
            {
              "color": 10,
              "id": "optJF6WKNF",
              "name": "装备技术情报研究大数据挖掘与分析数字媒体技术科技创新生态研究科技翻译人工智能大模型开发与应用软件及系统开发知识产权大数据研究战略研究认知理论研究军事仿真及信息技术研究;"
            },
            {
              "color": 0,
              "id": "opteRU8IVb",
              "name": "销售管培生国际贸易管培生技术销售工程师财务管培生物流管培生职能管培生助理产业研究员期货业务专员;"
            },
            {
              "color": 1,
              "id": "optlPKXaGe",
              "name": "土木工程类机械工程类物资管理傀材工程类工程管理类财务管理傀综合管理类;"
            },
            {
              "color": 2,
              "id": "opt4RW8y3a",
              "name": "渠道/零售/运营培训生0PPO生力军市场管培生 储备店长"
            },
            {
              "color": 3,
              "id": "optRWWugP7",
              "name": "工程技术岗安全环保管理岗商务营销岗设备物资/机电管理岗职能管理岗翻译岗"
            },
            {
              "color": 4,
              "id": "opt5pbH74E",
              "name": "嵌入式工程师 机械工程师 电子助理工程师外贸业务员博士后;"
            },
            {
              "color": 5,
              "id": "optrTULqgk",
              "name": "优才生计划供应链领域校招营销领域校招;"
            },
            {
              "color": 6,
              "id": "optd3FDoLL",
              "name": "土木技术类 综合职能类;"
            },
            {
              "color": 7,
              "id": "optyOaKT5j",
              "name": "职能类土建类技术类场类类理类 研发类;"
            },
            {
              "color": 8,
              "id": "optnylGiLe",
              "name": "研发工程师 企业管理"
            },
            {
              "color": 9,
              "id": "optZfIN18M",
              "name": "研发类技术类职能类;"
            },
            {
              "color": 10,
              "id": "optPHDSpor",
              "name": "项目顾问岗 前端开发工程师 后端开发工程师测试工程师 人力资源岗;"
            },
            {
              "color": 0,
              "id": "optK6mhu1T",
              "name": "工艺技术类市场开发类质量管理类设备自动化类生产制造类职能管理类;"
            },
            {
              "color": 1,
              "id": "optKIV6Wnk",
              "name": "职能类研发类营销类;"
            },
            {
              "color": 2,
              "id": "optcSz8vPV",
              "name": "控制科学与工程电气工程机械工程兵器科学与技术抗空宇航科学与技术力学计算机科学与技术电子科学与技术光学工程仪器科学与技术软件工程计算数学人工智能等专业"
            },
            {
              "color": 3,
              "id": "optDztDAE7",
              "name": "不限专业；服务端研发工程师"
            },
            {
              "color": 4,
              "id": "optMMJ0Pd3",
              "name": "Web前端研发工程师"
            },
            {
              "color": 5,
              "id": "opttcT9J16",
              "name": "客户端研发工程师"
            },
            {
              "color": 6,
              "id": "optYBLO1ij",
              "name": "安全工程师"
            },
            {
              "color": 7,
              "id": "optWzwyXlO",
              "name": "产品管培生"
            },
            {
              "color": 8,
              "id": "optP4xBrdF",
              "name": "跨境物流商务管培生"
            },
            {
              "color": 9,
              "id": "optiGaiych",
              "name": "品类运营管培生"
            },
            {
              "color": 10,
              "id": "optjMAtIa6",
              "name": "招商运营管培生"
            },
            {
              "color": 0,
              "id": "optVVLp6n5",
              "name": "比价运营"
            },
            {
              "color": 1,
              "id": "optRcEGziC",
              "name": "平台治理管培生"
            },
            {
              "color": 2,
              "id": "optKUAIJxW",
              "name": "运营管培生"
            },
            {
              "color": 3,
              "id": "opt24STLMQ",
              "name": "设计管培生（创意设计）"
            },
            {
              "color": 4,
              "id": "optB8uPOCX",
              "name": "视频创意制作"
            },
            {
              "color": 5,
              "id": "opttcUuUdM",
              "name": "摄影师（视频方向）"
            },
            {
              "color": 6,
              "id": "optXnn4654",
              "name": "商家运营（多语种优先"
            },
            {
              "color": 7,
              "id": "opt3TCIwpz",
              "name": "跨境）"
            },
            {
              "color": 8,
              "id": "optdHHASkz",
              "name": "用户体验运营管培生（多语种优先"
            },
            {
              "color": 9,
              "id": "opt6nLkgYq",
              "name": "HR管培生"
            },
            {
              "color": 10,
              "id": "optbHRRyVn",
              "name": "行政管培生"
            },
            {
              "color": 0,
              "id": "optRjpFnXJ",
              "name": "公共事务管培生"
            },
            {
              "color": 1,
              "id": "optDnbHoTV",
              "name": "法务助理（跨境）"
            },
            {
              "color": 2,
              "id": "optQgWf6Ny",
              "name": "公共关系管培生"
            },
            {
              "color": 3,
              "id": "optjaSKXsz",
              "name": "新零售管培生、品牌运营经理、数据运营工程师、标准流程工程师、营销管培生、软件产品经理、前端开发工程师、JAVA开发工程师、人力资源专员"
            },
            {
              "color": 4,
              "id": "opttuzbzYQ",
              "name": "算法类、软件类、硬件/机械类、营销类、技术服务类"
            },
            {
              "color": 5,
              "id": "optJu62DvP",
              "name": "量化策略研究员、机器学习研究员、算法开发工程师"
            },
            {
              "color": 6,
              "id": "optW4U9JsW",
              "name": "研究类、金融科技类、市场类、运营职能类"
            },
            {
              "color": 7,
              "id": "opt3jFDPmI",
              "name": "算法类、研发类、应用技术类、职能营销类"
            },
            {
              "color": 8,
              "id": "optiOSgunS",
              "name": "运营管培生、私人教练、团课全职/兼职教练、职能/技术类"
            },
            {
              "color": 9,
              "id": "optMBV6GoX",
              "name": "市场营销管培生、医学市场管培生、营养市场管培生、数字健康管培生、市场运作与分析管培生、商务管培生、人力资源管培生、采购管培生、研发管培生、财务管培生、质量管培生、营运管培生"
            },
            {
              "color": 10,
              "id": "opt4R6FJlb",
              "name": "量化研究岗、量化交易岗、市场助理、基金销售"
            },
            {
              "color": 0,
              "id": "opt1VGsm16",
              "name": "研发技术类、市场营销类、供应链管理类、生产技术类"
            },
            {
              "color": 1,
              "id": "optcTqqEut",
              "name": "前沿技术研究岗、系统设计岗、硬件研发类、软件研发类、结构工艺类、测试实施类"
            },
            {
              "color": 2,
              "id": "opteyV7zjM",
              "name": "总行本部、总行审计条线、总行信息科技板块、总行信用卡中心、各一级分行、子公司岗位"
            },
            {
              "color": 3,
              "id": "optEHQTuUT",
              "name": "施工岗 商务岗 安全岗 机械岗 电气工程及其自动化 供热供燃气通风及空调工程 机械电子工程 自动化 建筑环境与能源应用工程 给排水科学与工程 建筑学 环境设计 城乡规划 工业设计 产品设计 建筑电气与智能化 智能制造工程 机器人工程 通信工程 物联网工程 软件工程 计算机科学与技术 大数据技术与应用 智能科学与技术 人工智能 风景园林 环境科学与工程 环境工程 环境生态工程 植物保护 园林植物与观赏园艺 园艺 林学 设施农业科学与工程 草业科学 草坪科学与工程 历史建筑保护工程 法学 人力资源管理 工商管理 会计学 财务管理 税收学 审计学 新闻学 汉语言文学 马克思主义理论 金融学 投资学 行政管理 国际经济与贸易 工商管理 物业管理 城市规划 区域经济学"
            },
            {
              "color": 4,
              "id": "optGl7ulFr",
              "name": "车辆工程"
            },
            {
              "color": 5,
              "id": "opt80G7EsB",
              "name": "载运工具运用工程"
            },
            {
              "color": 6,
              "id": "optTrLRpnj",
              "name": "机械电子"
            },
            {
              "color": 7,
              "id": "optTIyJ4Qr",
              "name": "暖通空调"
            },
            {
              "color": 8,
              "id": "optNVHV66W",
              "name": "智能制造"
            },
            {
              "color": 9,
              "id": "optzjlq23Z",
              "name": "能源动力"
            },
            {
              "color": 10,
              "id": "optFMBnVIT",
              "name": "电力牵引传动"
            },
            {
              "color": 0,
              "id": "opt9aAnxKr",
              "name": "控制工程"
            },
            {
              "color": 1,
              "id": "optqq3YUtA",
              "name": "轨道交通信号"
            },
            {
              "color": 2,
              "id": "optvoA2niL",
              "name": "电磁兼容"
            },
            {
              "color": 3,
              "id": "optwsadrsX",
              "name": "大数据分析"
            },
            {
              "color": 4,
              "id": "optdbs6Ujy",
              "name": "化工"
            },
            {
              "color": 5,
              "id": "opttmVQwlu",
              "name": "材料成型（焊接）"
            },
            {
              "color": 6,
              "id": "optjzK0Pqg",
              "name": "化学"
            },
            {
              "color": 7,
              "id": "opt4sizvSc",
              "name": "复合材料"
            },
            {
              "color": 8,
              "id": "optuMPErNA",
              "name": "法律"
            },
            {
              "color": 9,
              "id": "optWnp6tcT",
              "name": "会计"
            },
            {
              "color": 10,
              "id": "optG8wAMCp",
              "name": "财务管理"
            },
            {
              "color": 0,
              "id": "optHZp4dcu",
              "name": "物流管理"
            },
            {
              "color": 1,
              "id": "optVQEOlrz",
              "name": "数据科学"
            },
            {
              "color": 2,
              "id": "optRQNCdcS",
              "name": "信息系统"
            },
            {
              "color": 3,
              "id": "optPIy6Sws",
              "name": "智能控制"
            },
            {
              "color": 4,
              "id": "optcbCqBpp",
              "name": "统计"
            },
            {
              "color": 5,
              "id": "opt5F9BhXE",
              "name": "会计/审计/财税/经济/金融；计算机/信息管理/英语"
            },
            {
              "color": 6,
              "id": "optlmqUZEy",
              "name": "道路桥梁与渡河工程 水利水电工程 港口航道与海岸工程 建筑工程 给排水科学与工程 城市地下空间工程 地质工程 岩土工程 铁路工程 隧道工程 工程力学 人工智能 智能建造 安全工程 机械设计制造及其自动化 电气工程 物流工程 无机非金属材料工程 轮机工程 计算机 工程管理 工程造价 财务管理 会计学 法学 市场营销"
            },
            {
              "color": 7,
              "id": "optJGExI1F",
              "name": "底盘电控算法工程师 底盘智能感知算法工程师 智能底盘软件开发工程师 测试验证工程师 AI算法工程师 AI产品经理 转向系统开发工程师 制动系统开发工程师 悬架系统开发工程师 电池PACK结构工程师 BMS开发工程师 导航应用开发工程师 智驾工程师 座舱产品工程师 域控软件开发工程师 车控系统设计工程师 上车体工程师 车身集成工程师 开闭机构工程师 两盖系统工程师 车门系统工程师 总布置工程师 尺寸工程工程师 试制技术工程师 总体技术工程师 验证技术开发工程师 热管理软件工程师 显示影音工程师 电器部件工程师 连接系统工程师 照明系统工程师 工装工艺工程师 内饰开发工程师 仪表板开发工程师 外饰开发工程师 座椅开发工程师 精致工程开发工程师 舆情管理专员 品牌视觉设计专员 官网运营专员 Exterior Designer Interior Designer Product Strategy Specialist HMI动效设计师 3D设计师 短视频运营专员 新媒体运营专员 线索运营专员 媒介采买专员 大客户经理 能力规划专员 海外业务营销专员 海外营销GTM专员 海外订单管理专员 海外业务运营专员 营销专员 销售政策及权益专员 订单管理专员 运营支持专员 综合支持专员 质量工程师 IPD流程管理专员 项目管理工程师 产品体验专员 供应商技术支持工程师 产品采购工程师 非生产采购工程师 党群及文化专员 应收会计 应付会计 人力资源专员"
            },
            {
              "color": 8,
              "id": "optYlFMQiq",
              "name": "技术研发类（工艺研发、工艺整合研发、器件研发、模型研发等方向）；电路设计类（模拟电路设计、数字电路设计、版图设计、CAD 开发、PDK 开发等方向）；工艺工程类（工艺工程、工艺整合工程、产品工程、工艺良率提升、光罩工艺等方向）；设备管理类（设备工程、设备优化、设备性能开发等方向）；智能制造类（运营技术、智能化生产运筹管理等方向）；软件算法类（IT 系统开发、智能制造算法等方向）；质量管理类（质量与可靠性管理、失效分析等方向）；工程支持类（厂务、环保安全等方向）；职能支持类（人力资源、财务、法务等方向）"
            },
            {
              "color": 9,
              "id": "optiz5i1ar",
              "name": "物流营运类 小语种类 产品研发类 综合职能类 财务审计类 海外岗位"
            },
            {
              "color": 10,
              "id": "optZBrt29y",
              "name": "增长算法工程师"
            },
            {
              "color": 0,
              "id": "optboOSP5Q",
              "name": "iOS 开发工程师"
            },
            {
              "color": 1,
              "id": "optgoL6xkx",
              "name": "Android 开发工程师"
            },
            {
              "color": 2,
              "id": "opttrJghBL",
              "name": "Java 开发工程师"
            },
            {
              "color": 3,
              "id": "opteFJM3bl",
              "name": "大模型算法工程师 (基座模型)"
            },
            {
              "color": 4,
              "id": "opt1g3HVpm",
              "name": "大模型算法工程师 (业务应用)"
            },
            {
              "color": 5,
              "id": "optOsFmJOR",
              "name": "Agent 应用开发工程师"
            },
            {
              "color": 6,
              "id": "opt58IP4dJ",
              "name": "音视频服务端开发工程师"
            },
            {
              "color": 7,
              "id": "optQhix0tS",
              "name": "零售部门经理 零售运动主管 供应商质量主管 新产品导入主管 生产供应链主管 物流部门经理"
            },
            {
              "color": 8,
              "id": "optdFYHL8C",
              "name": "电气工程师 机械工程师 软件开发工程师 液压控制工程师 电子电路设计工程师 数据库开发工程师 物流规划师 材料工程师 给排水设计工程师 结构设计工程师 电气设计工程师 编辑 党务管理 行政管理"
            },
            {
              "color": 9,
              "id": "optE75qwx0",
              "name": "客户生意发展部 供应链管理部 品牌增长部 财务部 信息技术部 人力资源部 Information Technology Manager Human Resources Manager One Brand Function(BRM/CMK) Manager Finance & Accounting Manager Customer Business Development Manager Product Supply Digital Engineer/Product Supply Manager"
            },
            {
              "color": 10,
              "id": "optCzTsypf",
              "name": "智慧公路 智慧港口 智慧城市 市政房建 轨道交通 海洋工程 水利水电 海上风电 生态环保 海洋经济 先进工程船舶 先进工程机械 先进专用设备 人工智能AI 工业软件 北斗技术应用 低空经济"
            },
            {
              "color": 0,
              "id": "optPUEnyXD",
              "name": "任务系统总体设计岗"
            },
            {
              "color": 1,
              "id": "optXeOh6c0",
              "name": "产品研发设计师"
            },
            {
              "color": 2,
              "id": "optLsazxPJ",
              "name": "财务会计员"
            },
            {
              "color": 3,
              "id": "optE5M8oiF",
              "name": "铸造工艺员"
            },
            {
              "color": 4,
              "id": "opteqmKxRT",
              "name": "复材工艺师"
            },
            {
              "color": 5,
              "id": "opt17bnHMi",
              "name": "飞机装配工程师"
            },
            {
              "color": 6,
              "id": "optDMzG0do",
              "name": "增材制造/焊接工艺师"
            },
            {
              "color": 7,
              "id": "optd4PYFmB",
              "name": "总装工艺师"
            },
            {
              "color": 8,
              "id": "opt4cGotQ5",
              "name": "电装工艺工程师"
            },
            {
              "color": 9,
              "id": "optBVUmSjL",
              "name": "总体设计岗"
            },
            {
              "color": 10,
              "id": "opt1lTSD0I",
              "name": "结构总体设计岗"
            },
            {
              "color": 0,
              "id": "optz4VfE7k",
              "name": "气动设计岗"
            },
            {
              "color": 1,
              "id": "optTs4TBtp",
              "name": "热管理系统设计岗"
            },
            {
              "color": 2,
              "id": "opttodqNJl",
              "name": "控制与管理系统设计岗"
            },
            {
              "color": 3,
              "id": "optaILPfUQ",
              "name": "起降总体设计岗"
            },
            {
              "color": 4,
              "id": "optUillpms",
              "name": "轨道运行与再入飞行总体设计岗"
            },
            {
              "color": 5,
              "id": "optuZSg8yC",
              "name": "嵌入式系统开发"
            },
            {
              "color": 6,
              "id": "optJjN2u3h",
              "name": "惯性导航系统设计"
            },
            {
              "color": 7,
              "id": "optx1rPsza",
              "name": "伺服系统设计"
            },
            {
              "color": 8,
              "id": "optN2Mg4WI",
              "name": "卫星导航系统设计"
            },
            {
              "color": 9,
              "id": "optBvdJutK",
              "name": "大气传感系统设计"
            },
            {
              "color": 10,
              "id": "optuhT6C1W",
              "name": "半球谐振陀螺设计"
            },
            {
              "color": 0,
              "id": "optz8Yr89s",
              "name": "MEMS结构/控制电路设计"
            },
            {
              "color": 1,
              "id": "optSgQPqoJ",
              "name": "无人机任务规划设计"
            },
            {
              "color": 2,
              "id": "opt8nbFBtG",
              "name": "量子信息技术研发"
            },
            {
              "color": 3,
              "id": "optNYBLVhV",
              "name": "信息智能处理技术研发"
            },
            {
              "color": 4,
              "id": "optmw2H4l2",
              "name": "集成电路设计"
            },
            {
              "color": 5,
              "id": "optownZ2qB",
              "name": "2026届无人平台设计岗"
            },
            {
              "color": 6,
              "id": "optL3ghA11",
              "name": "2026届无人机发射及回收岗"
            },
            {
              "color": 7,
              "id": "optDGT3I4d",
              "name": "2026届起落架设计岗"
            },
            {
              "color": 8,
              "id": "optrf2c51K",
              "name": "2026届复合材料工艺岗"
            },
            {
              "color": 9,
              "id": "optC6KcWFS",
              "name": "2026届法务岗"
            },
            {
              "color": 10,
              "id": "optcbg8LjL",
              "name": "2026届战略采购工程师"
            },
            {
              "color": 0,
              "id": "optmojWaO1",
              "name": "2026届系统研发工程师"
            },
            {
              "color": 1,
              "id": "optNdZRwtL",
              "name": "2026届特种物资选用工程师"
            },
            {
              "color": 2,
              "id": "optQsKg5K0",
              "name": "2026届机械设计工程师"
            },
            {
              "color": 3,
              "id": "optaxB9HCO",
              "name": "电源设计"
            },
            {
              "color": 4,
              "id": "optvJXJU76",
              "name": "结构设计"
            },
            {
              "color": 5,
              "id": "opt6zME3Us",
              "name": "基带算法设计"
            },
            {
              "color": 6,
              "id": "optjTWAo4s",
              "name": "射频通信设计"
            },
            {
              "color": 7,
              "id": "opth95CxC6",
              "name": "电机伺服控制"
            },
            {
              "color": 8,
              "id": "optLe6Ugoj",
              "name": "FPGA设计"
            },
            {
              "color": 9,
              "id": "optEHZKDt9",
              "name": "硬件设计"
            },
            {
              "color": 10,
              "id": "optXIxQVSp",
              "name": "软件设计"
            },
            {
              "color": 0,
              "id": "opt7f6a0vG",
              "name": "总体设计"
            },
            {
              "color": 1,
              "id": "optRnjdN1m",
              "name": "人工智能技术研发"
            },
            {
              "color": 2,
              "id": "opttcy2Nt1",
              "name": "项目管理岗"
            },
            {
              "color": 3,
              "id": "optY298ogt",
              "name": "智能制造工艺工程师"
            },
            {
              "color": 4,
              "id": "opt3EiNUp5",
              "name": "动力服务保障岗"
            },
            {
              "color": 5,
              "id": "optWMS8QwC",
              "name": "安全服务保障岗"
            },
            {
              "color": 6,
              "id": "optnCfvVB4",
              "name": "装备服务保障岗"
            },
            {
              "color": 7,
              "id": "optnDD9FM7",
              "name": "天线/天线罩设计"
            },
            {
              "color": 8,
              "id": "optXjCl0NX",
              "name": "人工智能设计"
            },
            {
              "color": 9,
              "id": "optTFaQ8Nn",
              "name": "光电设计"
            },
            {
              "color": 10,
              "id": "optzCOfAyn",
              "name": "复合材料结构设计岗"
            },
            {
              "color": 0,
              "id": "optIMdVWJ1",
              "name": "上位机软件设计"
            },
            {
              "color": 1,
              "id": "optW7Aemqt",
              "name": "复合材料成型模具设计岗"
            },
            {
              "color": 2,
              "id": "optCTF1oGm",
              "name": "陶瓷基复合材料研发岗"
            },
            {
              "color": 3,
              "id": "optHBiF18j",
              "name": "热结构材料研发岗"
            },
            {
              "color": 4,
              "id": "opt4qy4k8N",
              "name": "复合材料机械加工技术岗"
            },
            {
              "color": 5,
              "id": "optokqNACD",
              "name": "微波射频设计"
            },
            {
              "color": 6,
              "id": "optl6dCyn3",
              "name": "材料力学性能测试岗"
            },
            {
              "color": 7,
              "id": "optl5CfUwF",
              "name": "硬件电路设计"
            },
            {
              "color": 8,
              "id": "opt3UYTJrK",
              "name": "嵌入式软件设计"
            },
            {
              "color": 9,
              "id": "optYWyddl2",
              "name": "伺服系统与结构设计"
            },
            {
              "color": 10,
              "id": "optMsO68MA",
              "name": "雷达总体设计"
            },
            {
              "color": 0,
              "id": "optvGKhtSF",
              "name": "软件研发工程师"
            },
            {
              "color": 1,
              "id": "optYwke1hO",
              "name": "武器装备保障研究"
            },
            {
              "color": 2,
              "id": "optQzTwYmm",
              "name": "航天专利分析"
            },
            {
              "color": 3,
              "id": "optL9jq4Ke",
              "name": "热防护材料研发岗"
            },
            {
              "color": 4,
              "id": "optUqgjBjT",
              "name": "无人机电气系统总体设计"
            },
            {
              "color": 5,
              "id": "opt7qAxGKc",
              "name": "电磁功能材料研发岗"
            },
            {
              "color": 6,
              "id": "optuTgy17a",
              "name": "航天防务标准化战略管理"
            },
            {
              "color": 7,
              "id": "optnUiSoNO",
              "name": "教育培训开发与管理岗（2026应届）"
            },
            {
              "color": 8,
              "id": "optnm4SrBn",
              "name": "作战运用情报研究"
            },
            {
              "color": 9,
              "id": "optcU7XrZp",
              "name": "信息系统运维"
            },
            {
              "color": 10,
              "id": "optvy86H5T",
              "name": "无人机指控系统设计"
            },
            {
              "color": 0,
              "id": "optzdEPLiY",
              "name": "2026届设计员岗"
            },
            {
              "color": 1,
              "id": "optoBw6eFb",
              "name": "吸波材料结构设计岗"
            },
            {
              "color": 2,
              "id": "optdStGMWV",
              "name": "复合材料研发岗"
            },
            {
              "color": 3,
              "id": "optpjFamnd",
              "name": "2026届工艺员岗"
            },
            {
              "color": 4,
              "id": "optpbrqGK6",
              "name": "复合材料自动化制造技术岗"
            },
            {
              "color": 5,
              "id": "optyoQzLRs",
              "name": "电性能设计岗"
            },
            {
              "color": 6,
              "id": "optN5Fjmmj",
              "name": "网络信息化"
            },
            {
              "color": 7,
              "id": "optFE9XAUc",
              "name": "材料热物性能测试岗"
            },
            {
              "color": 8,
              "id": "optO7WoOIg",
              "name": "2026届控制系统设计岗"
            },
            {
              "color": 9,
              "id": "optLLDUAtY",
              "name": "2026届电路设计岗"
            },
            {
              "color": 10,
              "id": "optUarex1L",
              "name": "未告知岗位"
            },
            {
              "color": 0,
              "id": "optnFQGv1C",
              "name": "需求专业：土木工程（建筑工程） 建筑电气与智能化 给排水科学与工程 安全工程 工程机械/机械设计制造及其自动化 汉语言文学 法语 俄语 会计学 法学 人力资源管理 新闻学"
            },
            {
              "color": 1,
              "id": "optxOjlXuA",
              "name": "需求专业：土木（铁道、道桥、隧道、建筑方向） 城市地下空间 城市轨道交通 港口航道 水利水电 采矿 给排水科学 测绘 地质 安全 无机非金属 环境工程 工程力学 林业工程 机械设计制造及其自动化 电气工程及其自动化 轨道交通信号与控制 通信工程 工程管理 工程造价 人力资源管理 会计学 物流管理 法学 汉语言文学 英语 法语 俄语"
            },
            {
              "color": 2,
              "id": "optAirnyVF",
              "name": "技术研发岗 工程设计岗 工程造价岗"
            },
            {
              "color": 3,
              "id": "opthd887Vv",
              "name": "国内销售管培生 海外销售管培生 算法工程师 产品助理 UE5开发工程师"
            },
            {
              "color": 4,
              "id": "optoQLORXv",
              "name": "化工工艺设计师 HSE管理师 施工管理师 开车管理师 采买管理师 监制管理师 物流管理师 费用控制管理师 进度控制管理师 管道布置设计师 设备设计师 研究员 电气设计师 仪表设计师 财务管理专员 结构设计师 暖通空调设计师 给排水设计师 粉体工程设计师 综合管理专员"
            },
            {
              "color": 5,
              "id": "optRItzZeB",
              "name": "规划咨询类岗位 绿色低碳类岗位 海洋生态类岗位 信息技术类岗位 岩土勘察类岗位 项目管理类岗位"
            },
            {
              "color": 6,
              "id": "opt30ACx3z",
              "name": "土木工程 智能建造 交通工程 道路桥梁与渡河工程 水利水电工程 给排水科学与工程 市政工程 工程管理/工程造价 安全工程 法学 人力资源管理 会计学/财务管理 工商管理 新闻学 汉语言文学"
            },
            {
              "color": 7,
              "id": "opthkDsh9i",
              "name": "飞行器控制律设计与仿真(含旋翼机) 气动布局优化设计 飞行器结构设计 飞行器控制理论与控制工程 飞行器动力系统 飞行力学及飞行控制 工程力学 计算流体力学 人工智能 智能产品开发 智能科学与技术 通信理论及其应用 机械电子工程 电机控制 测试与试验技术 系统工程 数据挖掘 数据科学与大数据技术 船舶与海洋结构物设计制造 船舶动力学 电化学 材料失效与保护 高分子化学 公板化学 无机化学 有机化学 飞行器制造工程 飞行器设计与工程 无人驾驶航空器系统工程 飞行器操稳计算 飞行品质仿真(含旋翼机) 飞行器飞行性能仿真(含旋翼机) 布局设计 外形参数设计与优化 电子样机与总体布置 重量平衡与控制 飞行力学 空气动力学 多学科耦合空气动力学(螺旋桨气动设计方向) 人机与环境工程 飞行器设计 飞行器设计技术 航空测试与试验技术 航空器结构与设计 航空材料 航空推进系统 机械制造及其自动化 机械设计与理论 机械制造 机电力电子与电力传动 电力系统及自动化 自动化 电力电子与电力传动 电机系统及其控制 电气工程 需求及技术状态管理 导航 制导与控制 检测技术与自动化装置 状态监视与故障诊断 数字媒体应用技术 软件工程 软件技术 计算机科学与技术 电子与通信工程 光电信息科学与工程 隐身布局设计与仿真 电子工程 固体力学 动力学与控制 材料力学 复合材料与工程 材料表面与界面 材料学 智能监测与控制 测试计量技术与仪器"
            },
            {
              "color": 8,
              "id": "opty112Z59",
              "name": "研发岗 职能岗"
            },
            {
              "color": 9,
              "id": "optuSR91qY",
              "name": "飞行器设计与工程 金属材料工程 机械设计制造及其自动化 机械工程 能量与动力工程 焊接技术与工程 材料成型及控制工程 电气工程与智能控制 测控技术与仪器 材料腐蚀与防护 智能制造工程 飞行器适航技术 航空发动机装配与试车 智能焊接 通航航空器维修 航空发动机制造技术 数控技术"
            },
            {
              "color": 10,
              "id": "optMhG3ZAj",
              "name": "馈电工程师 伺服控制工程师 机械工程师"
            },
            {
              "color": 0,
              "id": "opttXoioPX",
              "name": "工艺技术类 器件工程师 工艺集成工程师 工艺工程师 良率助理技术员 设计服务类 OPC工程师 Tapeout工程师 产品质量类 可靠性工程师 失效分析工程师 质量保证工程师 质量工程工程师 实验室助理技术员 设备工程类 设备工程师 制造工程类 智能制造工程师 自动化工程师 智能制造助理技术员 信息技术类 软件开发工程师 综合类 IE工程师 物料计划工程师 仓储助理专员 采购专员 财经专员 人力资源专员"
            },
            {
              "color": 1,
              "id": "optFflB9mH",
              "name": "体系总体设计师 装备体系设计师 系统总体设计师 智能筹划设计师 任务规划设计师 体系仿真设计师 效能评估设计师 体系试验设计师 模型算法设计师 大数据应用工程师 系统研发工程师（需求专业：计算机科学与技术 人工智能 软件工程 运筹学 模式识别与智能系统 系统工程 自动化 计算机仿真 任务规划 应用数学 导航制导与控制 控制科学与工程 电子科学与技术 电子信息 兵器科学与技术 航空宇航科学与技术 飞行器总体设计 信息与通信工程 地图学与地理信息系统 测绘科学与技术等等 相近专业均可投递简历）"
            },
            {
              "color": 2,
              "id": "optyOvzEuY",
              "name": "工程技术类 机械类 管理类 语言类"
            },
            {
              "color": 3,
              "id": "optc4iQZxh",
              "name": "器件研发工程师 工艺整合研发工程师 工艺研发工程师 流片服务研发工程师 产品开发工程师 工艺整合量产工程师 良率提升工程师 工艺工程师 系统改善工程师 质量工程师 工艺可靠性工程师 失效分析工程师 工业安全工程师 IT-应用开发工程师 产品工程师 销售工程师 财务专员 采购工程师"
            },
            {
              "color": 4,
              "id": "opt9Yqn8qm",
              "name": "业务培训生 管理培训生 营运培训生 营销培训生 业务储备生 管理培训生 FINTECH培训生 总行业务培训生 管理培训生"
            },
            {
              "color": 5,
              "id": "optMGimccj",
              "name": "设计研发类 职能类 财务金融类 市场&营销类 储备干部"
            },
            {
              "color": 6,
              "id": "optF3SppAB",
              "name": "产品技术岗（产品方向） 产品技术岗（技术方向） 市场运营岗"
            },
            {
              "color": 7,
              "id": "optenm8Rxa",
              "name": "\\\"星火·智星+\\\"智能建造人才计划 \\\"星火·零碳创想家\\\"双碳人才计划 \\\"星灿·未来人才\\\"管培生招募计划 \\\"星火·城市合伙人\\\"运营人才计划"
            },
            {
              "color": 8,
              "id": "optcvAkB6Q",
              "name": "管理类 科技类"
            },
            {
              "color": 9,
              "id": "optf5eFeYf",
              "name": "技术研发类 现场运营类 管理支持类 生产技能类 管培生"
            },
            {
              "color": 10,
              "id": "optAkwiYdm",
              "name": "总体论证 软件设计 算法设计 软件开发"
            },
            {
              "color": 0,
              "id": "optP7fuSUY",
              "name": "研究岗：宏观研究方向 研究岗：金属矿业与商品研究方向 研究岗：产业及产融研究方向 人才规划与发展岗 投资管理岗 合规岗 会计岗 党建工作岗 文化宣传岗"
            },
            {
              "color": 1,
              "id": "optSalwMJz",
              "name": "研发类 1、结构工程师 3、液压工程师 5、电气工程师 2、CAE工程师 4、智能化工程师 职能类 1、采购专员 3、财务专员 2、人力专员 4、平面设计师 5、软件开发工程师 技能操作类 1、装配钳工 3、装配液压 2、装配电工 4、售后服务工程师 5、操作服务工程师"
            },
            {
              "color": 2,
              "id": "optgB7WXbK",
              "name": "研发管培生 生产管培生 供应链管培生 销售管培生 财务管培生 品牌管培生"
            },
            {
              "color": 3,
              "id": "optKmnRcL2",
              "name": "应用开发工程师 软件开发工程师 软件测试工程师 产品工程师 现场服务工程师"
            },
            {
              "color": 4,
              "id": "optmjrqhIt",
              "name": "研发类 生产类 国内/海外销售类 国内/海外技术支持类 职能类"
            },
            {
              "color": 5,
              "id": "optl6zAUy4",
              "name": "工艺技术岗 质量岗 检验管培岗 生产管培岗 市场管培岗"
            },
            {
              "color": 6,
              "id": "optTR7LZsu",
              "name": "研发技术类 智能制造类 全球营销类 运营管理类 职能管理类"
            },
            {
              "color": 7,
              "id": "optS2FuCD8",
              "name": "失效分析工程师 研发测试工程师 模拟设计工程师 量产测试工程师 客户质量工程师 现场应用工程师 技术销售工程师 仓储物流专员"
            },
            {
              "color": 8,
              "id": "optwK03sdT",
              "name": "研发类 研发管培生|研发工程师|仿真工程师(电学) 仿真工程师(光学)|测试研发工程师(电学)|测试研发工程师(光学) 封装工程师|产品开发经理|设备开发工程师 工程类 工艺工程师 营销类 销售经理|销售商务|客户工程专员 供应链类 管培生(供应链中心)|PMC工程师|设备维保工程师 支持类 质量工程师|流程管理工程师|项目管理工程师 软件工程师|信息安全工程师|人事专员"
            },
            {
              "color": 8,
              "id": "optlyKFHKh",
              "name": "复合材料工艺岗 法务岗 战略采购工程师 系统研发工程师 特种物资选用工程师 机械设计工程师 结构设计 基带算法设计 射频通信设计 引战系统设计师 可靠性技术研究师 工业软件/嵌入式软件工程师 综合电子电气系统设计师 热能工程师 钛合金焊接工程师 钛合金铸造工程师 增材制造技术工艺 非标装备设计工程师"
            },
            {
              "color": 9,
              "id": "optwVNBgji",
              "name": "高级图像算法工程师 图像算法工程师 算法需求工程师;"
            },
            {
              "color": 10,
              "id": "opt8NLQ073",
              "name": "投资拓展岗金融管理岗招商运营岗工程管理岗商务管理岗财务管理岗法务理岗料研发岗党群管理岗人力资源岗;"
            },
            {
              "color": 0,
              "id": "optrwxTwt5",
              "name": "飞行器设计机电综合设计飞控与导航设计供电与伺服设计人工智能应用技术设计指挥系统设计数据链设计发动机设计机/电工艺设计软件测试岗 飞行试验岗;"
            },
            {
              "color": 1,
              "id": "optAXXaFQa",
              "name": "辅助驾驶感知软件开发工程师辅助驾驶应用软件功能开发工程师 辅助驾驶规控软件开发工程师 辅助驾驶功能开发工程师 辅助驾驶感知算法工程师 智能座舱AI中间件与平台开发(AIOS)大语言模型工程师Autosar基础"
            },
            {
              "color": 2,
              "id": "optLr1yQyV",
              "name": "量化研究员量化开发工程师"
            },
            {
              "color": 3,
              "id": "optTN8LgLh",
              "name": "研发体系营销体系供应链系统职能类;"
            },
            {
              "color": 4,
              "id": "optbIBOBrB",
              "name": "模拟IC设计工程师数字IC设计工程师IC验证硬件工程师数字IC验证工程师模拟版图设计工程师 算法工程师 嵌入式软件工程师 硬件工程师 测试工程师;"
            },
            {
              "color": 5,
              "id": "optX8N0AU1",
              "name": "研发设计岗技术营销岗(含海外)工程咨询岗"
            },
            {
              "color": 6,
              "id": "optg1xSllB",
              "name": "下属各部门岗位"
            },
            {
              "color": 7,
              "id": "optZID60sj",
              "name": "具体见官方公告及投递方式链接"
            },
            {
              "color": 8,
              "id": "optFCadGRw",
              "name": "芯火计划 研发工程师 工艺整合工程师工艺工程师 设备工程师制造工程师CIM工程师;"
            },
            {
              "color": 9,
              "id": "optky6BuZ7",
              "name": "电气工程类自动化类电子信息类土木建筑类机械车辆类交通运输(工程)类工程管理(造价)类财会类工商管理类中文类法学类"
            },
            {
              "color": 10,
              "id": "optklJWdCM",
              "name": "设计研发类工艺技术类管理类技术类"
            },
            {
              "color": 0,
              "id": "opt4hdHa2c",
              "name": "研究员算法工程师光学工程师FPGA工程师硬件工程师 软件工程师嵌入式工程师机械工程师 研发测试工程师 工艺工程师 应用工程师 解决方案工程师销售工程师 交付工程帅;"
            },
            {
              "color": 1,
              "id": "opt8MN4WU0",
              "name": "人工智能类计算机类电子通信类自动化类力学类航空类机械类其他类"
            },
            {
              "color": 2,
              "id": "optWV4vDXU",
              "name": "船体类轮机类电气类机械类材料类其他类;"
            },
            {
              "color": 3,
              "id": "optZRRydrq",
              "name": "技术研发类质量生产类职能支持类海外语言类;"
            },
            {
              "color": 4,
              "id": "optfUFgXfK",
              "name": "工艺研发类IC设计类设备类产品测试类智能制造类信息技术类产品质量类:"
            },
            {
              "color": 5,
              "id": "optWKy8mci",
              "name": "化工类材料类机械类电气类能动类自动化类管理类财务类文秘类营销类程类软件开发类"
            },
            {
              "color": 6,
              "id": "optgXTLsjX",
              "name": "航空航天类机械类材料类与力学类能源动力与仪器类海洋工程与工业工程类电气与自动化类电子信息与计算机类管理科学与工程类;"
            },
            {
              "color": 7,
              "id": "optMXGNF6g",
              "name": "土木工程 城市地下空间开发 道路桥梁与渡河工程 工程管理 工程造价 水利水电工程 给排水科学与工程 建筑电气与智能化 自动化 计算机科学与技术 通信工程 电气工程及其自动化 机械设计制造及其自动化 机电一体化 智能制造 安全工程 应急管理 汉语言文学 新闻学 人力资源管理 法学"
            },
            {
              "color": 8,
              "id": "optRiNig8c",
              "name": "软件开发工程师（嵌入式） 产品工程师（信号分析） 结构工程师 硬件工程师 可靠性工程师 测试工程师（电子） 医学专员 工艺工程师（柔性电极） 工艺工程师（电子） 工艺工程师（机械） 工艺工程师（材料） 技术支持工程师 技术销售代表 市场专员（国际） 采购专员 医学实习生（数据管理） 医学实习生（CTA） 注册实习生 财务实习生（出纳） 审计实习生 人力实习生"
            },
            {
              "color": 9,
              "id": "optwUKzk5V",
              "name": "供应链管培生（相关专业优先:食品、化学、电气工程及自动化、机械机电等相关专业）"
            },
            {
              "color": 10,
              "id": "optgwcWjsW",
              "name": "农艺培训生 机械培训生"
            },
            {
              "color": 0,
              "id": "opt4Q2Dn60",
              "name": "产品经理 品类策划 工业设计 纺织设计 ToB渠道运营 ToC渠道运营 销售管理 产品营销 品牌营销 创意文案 视觉设计 数据产品 用户研究 采购/供应链 人力/财务"
            },
            {
              "color": 1,
              "id": "optoTDjgDU",
              "name": "土木工程 建筑环境与能源工程 建筑工程 工业与民用建筑 给水排水工程 电气工程及其自动化 电力系统及继电保护 热工过程自动化 电力系统及其自动化 高电压与绝缘技术 自动化 测控技术与仪器 输配电工程 高压输配电线路工程 热控检测与技术 能源与动力工程 热能与动力工程 能源动力系统及其自动化 核工程与核技术 机械设计制造及其自动化 起重运输与工程机械 工程机械运用与维护 钢结构技术 机电一体化 焊接技术与工程 材料成型及控制工程 金属材料工程 无损检测 高分子材料 安全工程 建筑安全技术 安全管理 工程造价 工程管理 会计学 财务管理 国际经济与贸易 物流管理 市场营销 人力资源管理 汉语言文学 统计学 计算机科学与技术"
            },
            {
              "color": 2,
              "id": "optkBg3viC",
              "name": "人工智能开发工程师 测试开发工程师 售后工程师 嵌入式开发工程师 C++ 开发工程师 Java 开发工程师 密码算法工程师 IC 验证工程师 数字 IC 设计工程师 C 语言开发工程师 FPGA 开发工程师 硬件工程师 销售工程师 售前工程师"
            },
            {
              "color": 3,
              "id": "optLzFSVQX",
              "name": "信息科学岗 电气自动化岗 物资机械岗 安全管理岗 合同计量岗 金融投资岗 财务审计岗 行政法律岗 翻译岗 技术岗"
            },
            {
              "color": 4,
              "id": "optl5bcP9Y",
              "name": "游戏运营实习生 韩语运营实习生 泰语运营实习生 英语运营实习生 品牌营销实习生 广告优化实习生（韩语） 广告优化实习生（英语） 广告优化实习生（泰语） 广告优化实习生（越南语） 视觉设计实习生 3D动画师实习生 视频制作实习生 视频策划实习生 WEB前端开发实习生 UE策划实习生 游戏UI实习生 二次元剧情策划实习生 行政实习生"
            },
            {
              "color": 5,
              "id": "optM1JGZ46",
              "name": "接受专业：土木工程 工程管理 工程造价 工程力学 安全工程 结构工程 给排水科学与工程 机械设计制造及其自动化 电气工程及其自动化 材料科学与工程 焊接技术与工程 市政工程 交通工程 道路桥梁与渡河工程 铁道工程 桥梁与隧道工程 城市轨道交通工程 地下与隧道工程技术 城市地下空间工程 环境工程 能源与动力工程 新能源科学与工程 风力发电工程技术 光伏发电技术与应用 水利水电工程 水务工程 财务管理 会计学 金融学 经济学 统计学 工商管理 公共事业管理 行政管理 人力资源管理 社会学 劳动与社会保障 汉语言文学 新闻学 法学 市场营销"
            },
            {
              "color": 6,
              "id": "opthAwfvnS",
              "name": "平台电商运营 市场推广 产品经理 直播运营 供应链管理 内容运营 财务管理 渠道运营 平面设计"
            },
            {
              "color": 7,
              "id": "optwqr9YNz",
              "name": "招聘顾问管培生"
            },
            {
              "color": 8,
              "id": "opttjCZEaT",
              "name": "供应链储备干部 生产管理储干 生产质量储干 设备管理储干 精益（IE）储干 仓储物流储干 畜牧饲养储干 连锁运营储备干部 连锁运营储干 连锁人资储干(HRBP) 品牌营销储干 招商拓展储干 核心管培生 连锁运营管培生 供应链管培生 智能制造类管培生 研发创新管培生 人力资源管培生 财务管理管培生 畜牧管培生"
            },
            {
              "color": 9,
              "id": "optKxNMuWD",
              "name": "网络安全工程师 安全研究员（Web漏洞挖掘与利用） AI应用算法工程师 AIGC算法工程师/agent AIGC算法工程师/算法研究 AI大模型算法工程师/OCR/多模态 AI大模型算法工程师/内容抽取及理解 AI大模型算法工程师/agent AI大模型算法工程师/AIGC 广告算法工程师/出价方向 广告算法工程师/召回与模型优化 服务端开发工程师/C++ 服务端开发工程师/Golang 服务端开发工程师/Java Web服务端开发工程师 Web前端开发工程师 硬件开发工程师 嵌入式软件开发工程师 测试开发工程师 用户体验设计师(UE) 产品运营 项目助理 质量专员"
            },
            {
              "color": 10,
              "id": "opt1NYklZq",
              "name": "结构研发岗 硬件研发岗 软件研发岗 机械开发岗 电气开发岗 声学研发岗 光学研发岗 材料开发岗 精密制造工程岗 模具设计岗 生产编程岗 组装工艺岗 自动化设备岗 工装设计与制造岗 商务拓展岗 市场营销岗 销售渠道岗 供应商开发岗 采购履行岗 物流业务岗 运营岗 生产计划调度岗 人力资源岗 财经管理岗 行政管理岗 经营分析岗 教师岗 3D动画师"
            },
            {
              "color": 0,
              "id": "optzxLUjg3",
              "name": "研发类 工程类 品质类 供应链类 市场/营销类 信息技术类 健康医疗类 职能类 管理培训生 制程技术培训生"
            },
            {
              "color": 1,
              "id": "optutV9rjf",
              "name": "工艺管道设计工程师（化学工程、化学工程与工艺、工业催化、高分子材料、生物化工、材料化学、电化学；化学工程、化学工程与工艺、材料化学、电化学；应用化学、分析化学；化工安全、安全工程、安全科学与工程；热能工程、新能源科学与工程、储能科学与工程；油气储运工程；供热、供燃气、通风及空调工程、人工环境工程（含供热、通风及空调等）；化工过程机械、过程装备与控制工程、材料）；环境、给排水设计工程师（环境工程、给排水、生态学；环境工程、市政工程；给排水）；设备机械设计工程师（过程装备与控制工程、化工过程机械；机械设计制造及自动化、机械工程；动力工程及工程热物理；粉体材料科学与工程、采矿工程、矿物加工）；建筑结构设计工程师（土木工程、结构工程；建筑学；总图运输）；电气仪表设计工程师（电气工程及其自动化；自动化、测控技术与仪器、控制科学与控制工程、仪器科学与技术、仪器仪表工程）；工程造价工程师（工程管理、技术经济及管理、工程造价、土木工程、化学工程）；施工安全工程师（安全工程、安全科学与工程）；法务专员（法学、国际法）"
            },
            {
              "color": 2,
              "id": "optjJ0rCOG",
              "name": "商务管理培训生 职能管理培训生（市场 人力资源） 供应链管理培训生（工程设备管理包装运营管理酿造管理 仓储物流管理环境健康和安全采购）"
            },
            {
              "color": 3,
              "id": "optUpwaer2",
              "name": "仲裁秘书 财务审计"
            },
            {
              "color": 4,
              "id": "optFPf4Zb6",
              "name": "工程技术岗 工程造价岗 机电技术岗 安全管理岗 机械管理岗 财务会计岗 人力资源岗 宣传文秘岗 法律管理岗"
            },
            {
              "color": 5,
              "id": "opt59EPzLa",
              "name": "技术储备生 生产储备生 业务储备生"
            },
            {
              "color": 6,
              "id": "optaDTH6TE",
              "name": "技术管理岗 大商务管理岗 其他管理岗"
            },
            {
              "color": 7,
              "id": "optNHB3HZY",
              "name": "电气工程类 自动化类 电子信息类 土木建筑类 机械车辆类 交通运输（工程）类 工程管理（造价）类 财会类 工商管理类 中文类 法学类"
            },
            {
              "color": 8,
              "id": "optGl2Cvpc",
              "name": "岗位未告知"
            },
            {
              "color": 9,
              "id": "opt2PoFBgE",
              "name": "需求专业为：航空宇航科学与技术 动力工程及工程热物理 航空航天 力学 机械 机械工程 控制科学与工程 自动化 计算机 仪器科学与技术 材料科学与工程 化学工程与技术 电气工程"
            },
            {
              "color": 10,
              "id": "optcS3Adhp",
              "name": "研发总监 信息技术总监 智能制造总监 船舶设计师 现场工程师 调试工程师 工艺工程师 项目工程师 研发工程师 审计管培生 党建管培生 保密管培生 安全管培生"
            },
            {
              "color": 0,
              "id": "optGRqyElR",
              "name": "数模混合集成电路设计工程师 数字集成电路设计工程师 SoC数字设计工程师 芯片系统仿真验证工程师 芯片工艺器件建模工程师 EDA软件设计工程师 FPGA应用工程师 财务BP"
            },
            {
              "color": 1,
              "id": "opt8z8mJN9",
              "name": "芯片设计/验证类 软/硬件开发类 数字后端设计与实现类 算法类"
            },
            {
              "color": 2,
              "id": "optJhTTvkF",
              "name": "工艺集成工程师 OPC工程师 器件工程师 良率提升工程师 版图工程师/器件级 在线质量管理工程师 软件开发工程师 失效分析工程师 工艺工程师（掩模mask） 制造工程师 IP平台工程师 IO工程师 版图工程师 ATE测试工程师 存储器工程师 设备工程师 产品工程师 工艺工程师"
            },
            {
              "color": 3,
              "id": "optc2VXd0v",
              "name": "管培生岗位（房屋建筑施工类） 职能管理类岗位 能源水利类岗位（基础设施类） 基础设施类岗位 财务金融类岗位（金融投资类） 机电电气类岗位（房屋建筑施工类） 房屋建筑类岗位"
            },
            {
              "color": 4,
              "id": "optIQgQ3qe",
              "name": "研究员 研究员（量子计算） 算法工程师 软件开发工程师（形式验证方向） 软件开发工程师（Java方向） 软件开发工程师（C方向） 软件开发工程师（嵌入式方向） 咨询师（售前技术支持） 结构工程师 电气工程师 运营专员"
            },
            {
              "color": 5,
              "id": "optGdFB95y",
              "name": "研发工程师 营销业务员 机械工程师 工业工程师 设备维护工程师（机械） 医疗器械工艺研发技术员 生产管培生 市场专员 工艺工程师 财务专员 国际销售代表（校招） IE储备大学生 工艺工程师（校招） 设备管培生 质量管培生 医药代表 研发工程师（校招） 机械工程师 精益工程师 材料研发工程师 人力资源专员 财务共享会计 销售管理储备 技术工程师 生产管理储备 质量工程师 财务管理专员 生产管理储备岗"
            },
            {
              "color": 6,
              "id": "optwwDYVN4",
              "name": "安全管理员 环保管理员 研发技术员 生产助理员 QC QA 设备技术员"
            },
            {
              "color": 7,
              "id": "optyGEs4GB",
              "name": "芯片 介质 算法 固件 硬件 测试 工程 产品 营销 商务 人力资源 采购 财务"
            },
            {
              "color": 8,
              "id": "optXC6Fy6E",
              "name": "算法工程师 硬件工程师 软件工程师 结构工程师 方案经理 海外销售工程师 品牌经理 交付工程师 电商运营工程师 项目管理工程师 系统运维工程师 系统实施工程师 系统开发工程师 网络工程师 品质工程师 制程工程师 设备工程师 测试开发工程师 新产品导入工程师 产品工艺工程师 工业工程师"
            },
            {
              "color": 9,
              "id": "optYJkJI3N",
              "name": "硬件工程师 应用研发工程师 FPGA开发工程师 算法工程师 软件工程师 研发工程师 销售后备人才"
            },
            {
              "color": 10,
              "id": "optUtpFZvA",
              "name": "制程研发工程师 制程工艺工程师 数据处理工程师 MPC开发工程师 设备工程师"
            },
            {
              "color": 0,
              "id": "optcX6b8ck",
              "name": "国际业务市场开发岗"
            },
            {
              "color": 1,
              "id": "opt6IlDquL",
              "name": "材料研发与应用岗"
            },
            {
              "color": 2,
              "id": "opt56HQfKv",
              "name": "人力资源管理岗"
            },
            {
              "color": 3,
              "id": "optxappbad",
              "name": "采购管理岗"
            },
            {
              "color": 4,
              "id": "optGePjNhM",
              "name": "资金管理"
            },
            {
              "color": 5,
              "id": "optPpS4gwP",
              "name": "市场开发 / 法语"
            },
            {
              "color": 6,
              "id": "opty36m2F2",
              "name": "水利研发工程师"
            },
            {
              "color": 7,
              "id": "opt2wB0gke",
              "name": "遥感研发工程师"
            },
            {
              "color": 8,
              "id": "optAU2CILK",
              "name": "地灾防治工程师"
            },
            {
              "color": 9,
              "id": "optp4I222H",
              "name": "氢能工艺岗"
            },
            {
              "color": 10,
              "id": "optbyfrxSA",
              "name": "新型储能研究岗"
            },
            {
              "color": 0,
              "id": "optGDv7nYC",
              "name": "海上新能源岩土工程研究岗"
            },
            {
              "color": 1,
              "id": "optOlsjshx",
              "name": "工程建筑设计师"
            },
            {
              "color": 2,
              "id": "optb0LQ1Sd",
              "name": "工程电气设计师"
            },
            {
              "color": 3,
              "id": "optE6LiO3k",
              "name": "工程水利设计师"
            },
            {
              "color": 4,
              "id": "optSAq5IfA",
              "name": "低空空域规划工程师"
            },
            {
              "color": 5,
              "id": "optFJplgJ7",
              "name": "道路工程师"
            },
            {
              "color": 6,
              "id": "optjlTmmo6",
              "name": "给排水工程师"
            },
            {
              "color": 7,
              "id": "optftkUJ6Z",
              "name": "建筑设计师"
            },
            {
              "color": 8,
              "id": "opt5xksuyD",
              "name": "总承包项目经理"
            },
            {
              "color": 9,
              "id": "optFz58h8L",
              "name": "市场经理 / 项目管理经理"
            },
            {
              "color": 10,
              "id": "optHyZK3d9",
              "name": "勘察工程师"
            },
            {
              "color": 0,
              "id": "optFHocnl2",
              "name": "资源规划工程师"
            },
            {
              "color": 1,
              "id": "optuINUEOe",
              "name": "电气工程师 / 新能源"
            },
            {
              "color": 2,
              "id": "optv1qEbN5",
              "name": "土建工程师"
            },
            {
              "color": 3,
              "id": "optOn7Kld6",
              "name": "环境工程师"
            },
            {
              "color": 4,
              "id": "optxsYEdVs",
              "name": "土壤修复工程师"
            },
            {
              "color": 5,
              "id": "optQpJ2csk",
              "name": "农田水利设计工程师"
            },
            {
              "color": 6,
              "id": "optaaJ6WqU",
              "name": "环评工程师"
            },
            {
              "color": 7,
              "id": "optUWHeJv6",
              "name": "水土保持工程师"
            },
            {
              "color": 8,
              "id": "optJBJ3sbB",
              "name": "水电工程师"
            },
            {
              "color": 9,
              "id": "opt2FG8rQA",
              "name": "物探工程师"
            },
            {
              "color": 10,
              "id": "optRMyszBG",
              "name": "地信遥感工程师"
            },
            {
              "color": 0,
              "id": "opt8y27v71",
              "name": "材料试验工程师"
            },
            {
              "color": 1,
              "id": "optSpxqETJ",
              "name": "岩土试验工程师"
            },
            {
              "color": 2,
              "id": "optSbQRUuH",
              "name": "地质工程师"
            },
            {
              "color": 3,
              "id": "optQJsXZJb",
              "name": "数字化产品工程师"
            },
            {
              "color": 4,
              "id": "optUi1oN2R",
              "name": "网络安全工程师"
            },
            {
              "color": 5,
              "id": "optxJLemDM",
              "name": "设计咨询工程师"
            },
            {
              "color": 6,
              "id": "optfVaASxV",
              "name": "工程造价工程师"
            },
            {
              "color": 7,
              "id": "optcKfwcUa",
              "name": "设备成套采购工程师"
            },
            {
              "color": 8,
              "id": "optfDGrIS1",
              "name": "建筑材料与大体积混凝土温控专业工程师"
            },
            {
              "color": 9,
              "id": "optbMRPahA",
              "name": "电气工程师"
            },
            {
              "color": 10,
              "id": "optUVHRQeg",
              "name": "水力机械专业工程师"
            },
            {
              "color": 0,
              "id": "optkXA2dE5",
              "name": "储能洞库工程师"
            },
            {
              "color": 1,
              "id": "optScQDQjN",
              "name": "水利水电工程师"
            },
            {
              "color": 2,
              "id": "opthPBJn2r",
              "name": "水文勘测岗"
            },
            {
              "color": 3,
              "id": "optITAuOvG",
              "name": "新能源规划工程师"
            },
            {
              "color": 4,
              "id": "optqsmsjm3",
              "name": "水利规划工程师"
            },
            {
              "color": 5,
              "id": "optpTDU59P",
              "name": "水利模型开发工程师"
            },
            {
              "color": 6,
              "id": "optZwyGHne",
              "name": "水利设计师"
            },
            {
              "color": 7,
              "id": "opt9u98JaQ",
              "name": "水工设计师"
            },
            {
              "color": 8,
              "id": "optu6tc5uw",
              "name": "水利工程师"
            },
            {
              "color": 9,
              "id": "optpOx3vm7",
              "name": "水利工程设计师"
            },
            {
              "color": 10,
              "id": "optILi2PXI",
              "name": "给排水设计工程师"
            },
            {
              "color": 0,
              "id": "opt4YEUAEA",
              "name": "生态修复工程师"
            },
            {
              "color": 1,
              "id": "optF2uzWvi",
              "name": "国际项目文控管理岗"
            },
            {
              "color": 2,
              "id": "optXECpB6I",
              "name": "国际项目财务管理岗"
            },
            {
              "color": 3,
              "id": "optduiLB80",
              "name": "国际项目 HSE 管理岗"
            },
            {
              "color": 4,
              "id": "optQZx6Iys",
              "name": "国际项目质量管理岗"
            },
            {
              "color": 5,
              "id": "optMlJPiH2",
              "name": "国际项目采购管理岗（需求专业：水利类 力学类 电气类 机械类 土木类 林学类 地质类 测绘类 建筑类 生态学 材料类 化学类 计算机类 海洋工程类 农业工程类 能源动力类 地理科学类 电子信息类 交通运输类 安全科学与工程类 管理科学与工程类 环境科学与工程类 自然保护与环境生态类 工商管理类 金融学类 外国语言文学类 ）"
            },
            {
              "color": 6,
              "id": "opt5KQywbk",
              "name": "研发器件工程师 研发工艺整合工程师 封装研发工程师 外延研发工程师 产品良率工程师 测试开发工程师 工艺整合工程师 良率提升工程师 生产计划控制工程师 设备工程师 工艺工程师 测试工程师 制造工程师 厂务工程师 EHS工程师 IE工程师 质量工程师 可靠性工程师 失效分析工程师 产品工程师 产品应用工程师 系统架构工程师 现场应用工程师 销售工程师 软件开发工程师 信息安全工程师 采购专员 物流专员 物料计划专员 技术培训生岗位"
            },
            {
              "color": 7,
              "id": "optqOYbkir",
              "name": "互联网金融 渠道销售 产品及支持 行业研究 固定收益研究 行政前台"
            },
            {
              "color": 8,
              "id": "optO0yfbgj",
              "name": "电控工程师"
            },
            {
              "color": 9,
              "id": "opt1QEg1YE",
              "name": "研发测试工程师"
            },
            {
              "color": 10,
              "id": "optMYTao84",
              "name": "针卡工程师"
            },
            {
              "color": 0,
              "id": "optLpLgMN5",
              "name": "交付工程师"
            },
            {
              "color": 1,
              "id": "optehEwstK",
              "name": "销售工程师"
            },
            {
              "color": 2,
              "id": "optzuTVn6v",
              "name": "解决方案工程师"
            },
            {
              "color": 3,
              "id": "optw573pJ3",
              "name": "研究员 / 机械"
            },
            {
              "color": 4,
              "id": "optb1IfgZZ",
              "name": "研究员 / 光学"
            },
            {
              "color": 5,
              "id": "optwA2GQt1",
              "name": "研究员 / 算法"
            },
            {
              "color": 6,
              "id": "optlP56Oye",
              "name": "研究员 / 硬件"
            },
            {
              "color": 7,
              "id": "optUMaUHqI",
              "name": "FPGA 工程师"
            },
            {
              "color": 8,
              "id": "optduZfBH3",
              "name": "嵌入式工程师"
            },
            {
              "color": 9,
              "id": "optmKmK8Zk",
              "name": "研发岗（材料、玻璃陶瓷等专业） 设计岗（设计、自动化、机械类专业） 品质岗（工业工程、机械、电气 材料、仪器仪表等专业） 实验岗（(本科)机械工程、自动化 仪器仪表等专业 (硕士)材料、玻璃陶瓷等专业）"
            },
            {
              "color": 10,
              "id": "optqT9S0oA",
              "name": "暖通类岗位（建筑环境与能源应用工程、能源与动力工程、供热通风与空调工程等相关专业） 管道类岗位（给排水科学与工程、环境工程、化学工艺与工程等相关专业） 电气类岗位（电气工程及其自动化、建筑电气与智能化等相关专业） 土建类岗位（土木工程、工程管理、建筑工程等相关专业） 装饰类岗位（土木工程、工程管理、建筑工程、环境设计、建筑装饰与装修等相关专业） 造价类岗位（工程造价、工程管理等相关专业） 安全类岗位（安全工程、安全科学与工程、工程管理等相关专业） 自控类岗位（电气工程及其自动化、自动化工程、机械设计制造及其自动化、工业设计、过程装备与控制工程等相关专业） 机械类岗位（机械设计制造及其自动化、工业设计、过程装备与控制工程等相关专业） 采购管理（工程类相关专业） 软件开发工程师（计算机、软件工程、电子信息等相关专业） 交付工程师（计算机、自动化、信息化、机械等相关专业） 法语翻译（法语相关专业） 西班牙语翻译（西班牙语相关专业） 葡萄牙语翻译（葡萄牙语相关专业） 法务（法学相关专业） 财务管理（财务管理、会计、审计等相关专业） 行政人力（人力资源管理、工商管理、公共事业管理等相关专业）"
            },
            {
              "color": 0,
              "id": "opt6f27bLy",
              "name": "研究助理工程师（生物材料、生物医学、机械类、电子、化学、金属材料、材料学等专业） 开发助理工程师（生物材料、金属材料、机械材料等专业） 质量管理助理工程师（生物材料、微生物、医学、药学、机械、电子等专业） 医学支持专员（医学、药学、生物医学、临床等专业） 国际/国内注册助理工程师（药事管理、医学、药学、化工、机械设计、机械电子、生物材料、生物工程、生物医学工程等专业） 人力资源专员（专业不限"
            },
            {
              "color": 1,
              "id": "optq7ZKoPj",
              "name": "英语口语流利"
            },
            {
              "color": 2,
              "id": "optpFgqdqO",
              "name": "接受海外派遣优先） 工艺技术助理工程师（包装工程等专业） 海外业务专员（语言类、医药类、理工类、国贸等专业"
            },
            {
              "color": 3,
              "id": "opt4MgguWg",
              "name": "英语、西语等小语种"
            },
            {
              "color": 4,
              "id": "optMGQK3UH",
              "name": "口语流利）"
            },
            {
              "color": 5,
              "id": "optgGg7FeN",
              "name": "机械工程师 电气工程师 软件工程师 方案规划工程师 视觉研发工程师 电机研发工程师 质量工程师 工艺工程师 项目管理专员 采购管理专员 财务管理专员 计划管理专员 仓储管理专员 销售管理专员 视觉设计专员 市场运营专员"
            },
            {
              "color": 6,
              "id": "optb3pVQhW",
              "name": "研发管培生 营销管培生 供应链管培生"
            },
            {
              "color": 7,
              "id": "opt924CE7u",
              "name": "营销类 研发类 供应链类 信息管理类 财务管理类 人力资源类"
            },
            {
              "color": 8,
              "id": "optcAJAepF",
              "name": "软件研发工程师（铁路信号、计算机、自动控制、通信工程、软件工程等相关专业） 项目工程师（计算机、自动化、通信、信号、交通工程等专业） 设计工程师（铁路信号、交通运输、电气、车辆等轨道交通相关专业） 测试工程师 U3D工程师（软件工程、计算机、铁路信号、通信工程等相关专业） 3D模型工程师（数字媒体艺术、影视动画、动漫游戏等相关专业） 区域销售经理（轨道交通）"
            },
            {
              "color": 9,
              "id": "optYgqsLqy",
              "name": "外贸业务员（CET6及以上"
            },
            {
              "color": 10,
              "id": "optwfJEYzi",
              "name": "专业不限） 采购员（专业不限） 平面设计师（设计、视觉传达等相关专业） 产品开发员（专业不限） 质量工程师（机械、物理、化学类专业优先） 生产管培生（专业不限）"
            },
            {
              "color": 0,
              "id": "optX66dWxs",
              "name": "工艺员、技术员等（需求专业大类： 航空宇航科学与技术类/航空航天类; 机械工程类/机械设计制造类/机械类; 材料科学与工程类/材料类(锻造、焊接、金属材料); 计算机类/电子信息类(人工智能); 仪器类(无损检测); 管理科学与工程类）"
            },
            {
              "color": 1,
              "id": "optwIjSq6H",
              "name": "餐厅管理岗、一线营运实习生"
            },
            {
              "color": 2,
              "id": "optIreZoTK",
              "name": "需求专业：计算机科学与技术、软件工程、网 络空间安全、云计算、智能科学与技 术、控制科学与工程、仪器科学与技 术、光学工程、机器人、量子光学与量 子信息、物理学、核工程、核科学与技 术、能源动力、航空宇航科学与技术、 航空航天工程、飞行器设计与工程、飞 行器控制与信息工程、兵器、力学、机 械设计制造及其自动化、机械工艺技 术、动力工程及工程热物理、机械工 程、自动化、材料、电子科学与技术、 电子信息、信息与通信工程、地球物理 学、电气工程、电力电子与电力传动、 汽车制造、车辆工程、工业设计等专 业。"
            },
            {
              "color": 3,
              "id": "optE9za1W9",
              "name": "科技创新与数字化管理岗 财务管理岗 文秘岗 低碳与能源管理岗 培训开发岗 合同管理岗 品牌管理岗 环境保护管理岗 船体技术管理岗 消防安全管理岗 电气技术岗 三副、三管、电子电气员 中控策划管理岗 市场开发岗 数字化产品管理岗 薪酬绩效管理岗 安全管理岗 工程管理岗"
            },
            {
              "color": 4,
              "id": "optq0uTVy2",
              "name": "一、销售业务类 岗位：海外销售助理、海外技术支持、销售助理工程师、国内销售助理 （需求专业：机械、机电一体化、电子信息工程、电气及自动化、国际贸易、国际商务、英语、市场营销等） 二、研发技术类 岗位：助理工程师（电子/软件/机械/电气/项目管理） （需求专业：机械、电子信息工程、电气及自动化、机电一体化等）三、生产运营类 岗位：生产管培生（品质/物控/IE/工艺/仓储） （需求专业：机电一体化、机械、工业工程、电气及自动化、物流等） 四、职能运营类 岗位：管培生（财务/采购/企管/人力资源） （需求专业：财会、物流管理、经管、人力资源等）"
            },
            {
              "color": 5,
              "id": "opttDzXaVK",
              "name": "研发中心 供应链&质量管理部 市场部（专业要求：电气工程 电气工程及其自动化 电机与电器 电力电子与电力传动 电力系统及其自动化 自动化 管理与统计类 等相关专业）"
            },
            {
              "color": 6,
              "id": "optMe9Xhsg",
              "name": "设计研发类 电源工程师 电气工程师 软件工程师 电机控制器工程师 电子硬件工程师（专业需求： 电气工程 电力电子与电力传动 电子科学与技术 电磁场与无线技术 电磁场与微波 电子信息工程 计算机科学与技术 软件工程）工艺技术类 工艺员 试验技术员（专业需求： 电气工程 电子信息工程 电子科学与技术 机械工程 测控技术与仪器）管理类（专业需求 ：人力资源管理 工业工程 汉语言文学 审计学）技能类（专业需求： 电气自动化 电子信息 机械 机电一体化技术）"
            },
            {
              "color": 7,
              "id": "optFVA2CO4",
              "name": "数学/物理竞赛教练 主讲教师(数学/物理/化学/英语) （理科主讲不限专业;英语主讲需相关专业背景）"
            },
            {
              "color": 8,
              "id": "optEtIR99h",
              "name": "机械设计制造类 金属材料类 计算机类 工业工程类 自动控制类 财务会计类 土木工程类 纪检审计类"
            },
            {
              "color": 9,
              "id": "optjGMjJcP",
              "name": "研发技术类 业务支持类 项目运营类 行政职能类"
            },
            {
              "color": 10,
              "id": "opttUaK5UP",
              "name": "技术研发类 质量生产类 职能支持类 海外语言类"
            },
            {
              "color": 0,
              "id": "opt9JLs7aT",
              "name": "设备工程师 工艺工程师 工艺集成工程师 良率提升工程师 专项工艺工程师 专项设备工程师 工程支援工程师 智能制造系统工程师 制造管理工程师 生产控制工程师 自动化控制工程师 智造助理工程师 先进工艺研发工程师 先进工艺集成研发工程师 失效分析工程师 器件模型工程师 电路设计工程师 版图设计工程师 OPC(光学临近效应修正) 产品工程师 产品测试工程师 质量工程师 可靠性分析研发工程师 环境及化学分析工程师 工程师 PDK开发工程师 研发支持工程师 动力安环类 动力工程师 计划信息类 系统开发与运维工程师 消防监控及紧急应变运行 人工智能工程师 工业工程工程师 采购工程师 供应链多元化项目 工程师 环境及体系管理工程师 安全工程师 工程师 物流工程师 仓库专员 法务专员 财务专员 文秘专员 人力资源专员 华力人才训练营"
            },
            {
              "color": 1,
              "id": "optporE3aW",
              "name": "自如管家"
            },
            {
              "color": 2,
              "id": "optEoY3lAS",
              "name": "营销类 方案销售 营销助理 客户经理；研发类 硬件工程师 软件工程师 硬件测试工程师 软件测试工程师 系统工程师 算法工程师；工程类 实施工程师 助理UI设计师 项目工程师 测试工程师 数据配置工程师 工程设计师"
            },
            {
              "color": 3,
              "id": "optZPlkjF1",
              "name": "大模型算法研究员/工程师、大模型机器学习平台研究员/工程师"
            },
            {
              "color": 4,
              "id": "optigj3XzM",
              "name": "销售（国内销售、海外销售）；技术设计（化工 / 制药工艺设计、电仪设计、自控设计、管道设计、机械设计、结构设计、建筑设计、暖通设计、给排水设计、静装备设计、冷作工艺、焊接工艺、机电安装、吊装、包装等）；项目管理（项目工程师、施工技术工程师）；采购（采购、供应链管理、材料工程师）；质量管理（QA、文控工程师、理化工程师、计量工程师、检验工程师）；验证；生产管理储备"
            },
            {
              "color": 5,
              "id": "optMZj1gBz",
              "name": "总行管理培训生岗 综合业务岗（科技金融） 综合业务岗（资金营运中心） 综合业务岗（小企业信贷中心） 综合业务岗（各分支行管理培训生） 综合柜员岗（各分支行）"
            },
            {
              "color": 6,
              "id": "optzRyHRTd",
              "name": "算法工程师 解决方案工程师 系统架构师 大数据&AI工程师 网络安全工程师 网络工程师 硬件设计师 软件开发工程师（C/C++/Java） 嵌入式软件开发工程师 模拟IC设计工程师 软件测试工程师 FPGA测试工程师（南京、成都） 可靠性设计工程师 渗透测试工程师 结构设计工程师 电源设计工程师 检验/试验工程师 硬件质量师（需求专业：计算机类 计算机科学与技术、软件工程、网络工程、信息安全工程、空间信息与数字技术、智能科学与技术、云计算与大数据等 电子信息类 电子信息工程、通信工程、微电子科学与工程、电磁场与微波技术、信息工程、控制科学与工程、仪器科学与技术、信息对抗技术、集成电路设计与集成系统、模式识别与智能系统、导航制导与控制等 自动化与仪器类 自动化、智能电网信息工程、电气工程与智能控制、机械电子、测控技术与仪器等）"
            },
            {
              "color": 7,
              "id": "optrsPuvU4",
              "name": "微波器件研发技术 微波铁氧体器件研发技术 多晶器件研发技术 射频软磁器件研发技术 磁电集成微波模块研发技术 电机研发技术 软件开发 自动化机械设计 永磁组件研发技术 旋磁材料研发技术 永磁材料研发技术 材料测试技术 多层片式工艺设计技术 MEMS工艺技术 工艺研发技术 质量工艺技术 工艺技术 机械加工技术 纪检监察 消防保卫管理"
            },
            {
              "color": 8,
              "id": "optJwRsPjY",
              "name": "射频与电子信息系统仿真研究师 信号特征与数据分析研究师 信号处理算法研究师 多源信息融合研究师 雷达探测系统设计师 先进封装/微组装工艺师 二次电源电路设计师 高密度集成SIP设计师 微波芯片设计师 测试开发及技术工程师 电子战系统设计师 通信与一体化系统设计师 电磁兼容设计师 系统测试工程师 仿真产品开发工程师 仿真建模与评估工程师 雷达试验设计工程师 大数据处理与分析设计师 人工智能算法设计师 无线电引信总体设计师 模拟电路设计师 多源信息融合与群体协同设计师 上位机软件设计师 雷达结构设计与分析设计师 可靠性设计师 工业设计师 热控设计师 雷达信号处理与干扰对抗设计师 天线工程师 天线罩工程师 天线测试工程师 雷达协同探测设计师 雷达信号处理设计师 量子探测设计师 天线罩及弹舱结构设计师 伺服控制设计师 FPGA设计师 嵌入式软件设计师 高速电路设计师 集成电路设计师 微波系统组件设计师 高功率防护总体设计师 水声探测总体设计师/水下电磁探测设计师 智能算法嵌入式平台(FPGA、ZYNQ、智能芯片等)部署设计师"
            },
            {
              "color": 9,
              "id": "opt8nxIRlg",
              "name": "软件研发工程师项目工程师设计工程师试工程师 U3D工程师 3D模型工程师 区域销售经理(轨道交通)"
            },
            {
              "color": 10,
              "id": "optdDkgAfe",
              "name": "外贸业务员采购员平面设计师产品开发员质量工程师生产管培生;"
            },
            {
              "color": 0,
              "id": "optxBd7iPC",
              "name": "产品研发类制造技术类销售类职能类"
            },
            {
              "color": 1,
              "id": "optvvmfZFa",
              "name": "工程技术岗设备管理岗试验检测岗安全管理岗翻译岗；"
            },
            {
              "color": 2,
              "id": "optkr0Rso7",
              "name": "大宗商品trader(业务岗)、信用证岗(职能岗）"
            },
            {
              "color": 3,
              "id": "optSurxC2H",
              "name": "技术管理类经济管理类财务管理类安全科学与工程类 综合管理类"
            },
            {
              "color": 4,
              "id": "optmdLyRfF",
              "name": "建筑设计类景观设计类空间设计类艺术视觉传达设计文旅运营"
            },
            {
              "color": 5,
              "id": "optAk0wIMl",
              "name": "电气设备仿真工程师算法工程师海外售前工程师 商务助理法务专员总经理助理"
            },
            {
              "color": 6,
              "id": "optwkMplYP",
              "name": "计算机类电子信息类自动化与仪器类"
            },
            {
              "color": 7,
              "id": "optlEBsAXi",
              "name": "产业规划发展商品与供应链管理商业零售服务数字智能商业投资与融资商业金融服务商业地产发展职能管理"
            },
            {
              "color": 8,
              "id": "optDF5N4uU",
              "name": "创新技术研究员(博士)模拟IC设计工程师数字IC设计工程师数字IC验证工程师 AI算法部署工程师硬件工程师FPGA工程师 DBF算法工程师"
            },
            {
              "color": 9,
              "id": "optHpa9s0X",
              "name": "储备总经理计算机类电气/电力电子/电子信息类机械类职能类营销类运类工程类 运营/运维类;"
            },
            {
              "color": 10,
              "id": "optHm3hFLz",
              "name": "专业技术类综合职能类"
            },
            {
              "color": 0,
              "id": "optWHxkhMm",
              "name": "土木建筑类电气控制类化工生物类机械类材料类其他类;"
            },
            {
              "color": 1,
              "id": "optLNdLIog",
              "name": "研发技术类质量制造类技术应用类职能管理类"
            },
            {
              "color": 2,
              "id": "opt3DauQQr",
              "name": "数据分析管培生"
            },
            {
              "color": 3,
              "id": "optEa1EL1c",
              "name": "销售类 营运类 市场品牌类 生产类 品质管理类 仓储管理类 职能类"
            },
            {
              "color": 4,
              "id": "optLMeAkGI",
              "name": "设计研发方向生产运营方向外贸业务方向内贸营销方向财务经营方向职能综合方向;"
            },
            {
              "color": 5,
              "id": "optClEIE0B",
              "name": "客户管理岗商业管理岗工程技术岗市场拓展岗人力行政岗财务管理岗社区经营岗;"
            },
            {
              "color": 6,
              "id": "optFRmgJoR",
              "name": "研发类 工艺类专业技术类"
            },
            {
              "color": 7,
              "id": "optsbi4sEZ",
              "name": "机械类工业工程类材料成型类车辆工程类英语西班牙语人力资源物流等专业;"
            },
            {
              "color": 8,
              "id": "optgXUZJzY",
              "name": "航天工程师"
            },
            {
              "color": 9,
              "id": "optNHnOQjC",
              "name": "研发类销售类生产技术类职能供应类链其他"
            },
            {
              "color": 10,
              "id": "optexkXCUC",
              "name": "汽车金融管培生(商务拓展方向、HRBP方向)、海外管培生(需英语)"
            },
            {
              "color": 0,
              "id": "opt2dFcpYa",
              "name": "咨询/设计/研发岗/市场营销岗/建造岗/经济岗"
            },
            {
              "color": 1,
              "id": "optsJDM0zE",
              "name": "国内营销管培生国际管培生语言类国际管培生 制剂研发工程师 新药研发项目管理工程师"
            },
            {
              "color": 2,
              "id": "optQlCg26s",
              "name": "机器学习研究员量化策略研究员量化开发工程师 深度学习算法研究员A交叉领域研究员深度学习系统工程师;"
            },
            {
              "color": 3,
              "id": "opthZ8eujS",
              "name": "航空发动机类机械类材料类制/气类管理类及其他专业;"
            },
            {
              "color": 4,
              "id": "optbe1392o",
              "name": "电源设计类电路设计类微波与射频技术类嵌入式与控制系统类微系统设计类电子封装与工艺类结构与真设计类可性与试类"
            },
            {
              "color": 5,
              "id": "opthFZ7Yat",
              "name": "鍤们军贸业务岗财务/审计岗综合职能岗:"
            },
            {
              "color": 6,
              "id": "optS9NLfDK",
              "name": "化工类机械类自动化类土建类材料类他类:"
            },
            {
              "color": 7,
              "id": "optlfRKs8G",
              "name": "技术管理行政管理 党群管理"
            },
            {
              "color": 8,
              "id": "optb2klQlG",
              "name": "研发类项目类售后类技术类"
            },
            {
              "color": 9,
              "id": "opt8fgcVpx",
              "name": "集团战略管培生研发类项目销售类信息技术类制造运营类中后台类;"
            },
            {
              "color": 10,
              "id": "optVi03SzX",
              "name": "IC研发类软件类算法类硬件类供链运营支撑类;"
            },
            {
              "color": 0,
              "id": "optc89OFzt",
              "name": "见习分析师/医疗组、硬科技组;见习投资者关系专员"
            },
            {
              "color": 1,
              "id": "opt5vjt0ek",
              "name": "投融资经理/分析师/硬科技组;"
            },
            {
              "color": 2,
              "id": "optnsuYjkq",
              "name": "研发培训生产品培训生运营培训生际培训生战略培训生法务培训生人力培训生则务培训生行政培训生;"
            },
            {
              "color": 3,
              "id": "opt4H4oRok",
              "name": "营销管理类工程师类职能类;"
            },
            {
              "color": 4,
              "id": "optBTuqfYk",
              "name": "销售顾问 市场新媒体/主播 交付专员 售后技术（机电、钣金、油漆） 服务顾问 客户关爱"
            },
            {
              "color": 5,
              "id": "opt1ziH2Vj",
              "name": "算法类: 大模型预训练|RLHF|多模态|推理优化 工程类: 分布式训练|CUDA|高性能存储|Al Infra 产品类: AI产品|开发者生态|增长运营|API商业化"
            },
            {
              "color": 6,
              "id": "optAoTN0gG",
              "name": "数智菁英培训生岗位 金融科技培训生岗位 客户经理培训生岗位 客服经理培训生岗位"
            },
            {
              "color": 7,
              "id": "optc8AKL46",
              "name": "研发类 营销管理类 制造工艺类 车联网类 数字化技术类 采购管理类 工艺规划类 物流管理类 职能类"
            },
            {
              "color": 8,
              "id": "optgHtHdhS",
              "name": "茶产研专员 设备创新与优化 JAVA开发工程师 前端开发工程师 产品经理 测试开发工程师 UI设计师 人力资源"
            },
            {
              "color": 9,
              "id": "optpvyyQgQ",
              "name": "技术岗 产品经理岗 电子研发岗 软件开发岗 产品测试岗 信息技术岗 硬件开发岗 产品工程岗 结构研发岗 项目管理岗 工业工程岗 模具设计岗 流体仿真岗 AI算法岗 设备开发/管理岗 非技术岗 交付管理岗 电子技术分析岗 物流管理岗 审计管理岗 制造管理岗 财务管理岗 质量管理岗 标准化管理岗 营销岗 海外销售岗(接受外派) 销售管理岗(国内驻外) 技术支持岗"
            },
            {
              "color": 10,
              "id": "opt6uuRbRH",
              "name": "算法工程师 数字后端工程师 数字验证工程师 模拟芯片工程师 射频芯片工程师 射频模组工程师 射频天线工程师 初级芯片工程师"
            },
            {
              "color": 0,
              "id": "opt9O4sZih",
              "name": "需求专业：水利工程类：水利水电工程（含农业水利工程）"
            },
            {
              "color": 1,
              "id": "optBlU9UUD",
              "name": "水利科学与工程（水利方向）"
            },
            {
              "color": 2,
              "id": "opt13DlwfI",
              "name": "水利工程"
            },
            {
              "color": 3,
              "id": "optnW6dLu5",
              "name": "土木水利（水利方向）等； 土木工程类：土木工程（含智能建造"
            },
            {
              "color": 4,
              "id": "optQw7eW81",
              "name": "道路桥梁与渡河工程"
            },
            {
              "color": 5,
              "id": "optsvsLb9V",
              "name": "地下城市空间工程"
            },
            {
              "color": 6,
              "id": "optXm2G3ri",
              "name": "铁道工程"
            },
            {
              "color": 7,
              "id": "optfC05SoI",
              "name": "交通工程"
            },
            {
              "color": 8,
              "id": "optLb9mzpj",
              "name": "给排水科学与工程"
            },
            {
              "color": 9,
              "id": "optlpcvlQJ",
              "name": "工程力学等）"
            },
            {
              "color": 10,
              "id": "optPwPGY54",
              "name": "建筑环境与能源应用工程（通风、暖通方向）"
            },
            {
              "color": 0,
              "id": "optxvg3vkS",
              "name": "建筑电气与智能化"
            },
            {
              "color": 1,
              "id": "optMnEIncM",
              "name": "土木水利（土木方向）等； 测绘及地质类：测绘工程（含遥感科学与技术"
            },
            {
              "color": 2,
              "id": "opt2YmMhyl",
              "name": "地理空间信息工程等）"
            },
            {
              "color": 3,
              "id": "optKpGHf8b",
              "name": "地质工程（含勘查技术与工程"
            },
            {
              "color": 4,
              "id": "opthpuaTBW",
              "name": "资源勘查工程）等； 机械、电气及材料类：机械设计制造及其自动化（含机械工程"
            },
            {
              "color": 5,
              "id": "opt9Edxiwp",
              "name": "车辆工程）"
            },
            {
              "color": 6,
              "id": "optbHKnao0",
              "name": "电气工程及其自动化（含电气工程与智能控制）"
            },
            {
              "color": 7,
              "id": "optVEjyr7o",
              "name": "新能源科学与工程"
            },
            {
              "color": 8,
              "id": "optnsNM9Nu",
              "name": "能源与动力工程（水利水电动力工程方向）"
            },
            {
              "color": 9,
              "id": "opt7b8bIh0",
              "name": "材料成型及控制工程"
            },
            {
              "color": 10,
              "id": "optMCdIN30",
              "name": "焊接技术与工程"
            },
            {
              "color": 0,
              "id": "optMPOW73R",
              "name": "材料科学与工程（建筑材料方向）"
            },
            {
              "color": 1,
              "id": "optZGXGuam",
              "name": "金属材料工程"
            },
            {
              "color": 2,
              "id": "optLkSdWAq",
              "name": "无机非金属材料工程等； 安全管理类：安全工程"
            },
            {
              "color": 3,
              "id": "optnHktrp0",
              "name": "应急技术与管理"
            },
            {
              "color": 4,
              "id": "optBN2K144",
              "name": "安全生产监管"
            },
            {
              "color": 5,
              "id": "optYmmc0cu",
              "name": "消防工程"
            },
            {
              "color": 6,
              "id": "optmxloaxQ",
              "name": "安全防范工程等； 经营管理类：工程造价"
            },
            {
              "color": 7,
              "id": "optlNoMZOV",
              "name": "工程管理（造价方向）等； 财会金融类：财务管理"
            },
            {
              "color": 8,
              "id": "optA3jCXKH",
              "name": "会计学"
            },
            {
              "color": 9,
              "id": "optA62w9We",
              "name": "审计学"
            },
            {
              "color": 10,
              "id": "optzGrgCO1",
              "name": "投资学"
            },
            {
              "color": 0,
              "id": "optQ9fEPrE",
              "name": "金融学等； 外语语言类：西班牙语"
            },
            {
              "color": 1,
              "id": "optY1qRDXt",
              "name": "阿拉伯语等； 其他：采矿工程"
            },
            {
              "color": 2,
              "id": "optYUWUM2G",
              "name": "矿物加工工程"
            },
            {
              "color": 3,
              "id": "opt2gKaHJ9",
              "name": "物流管理（含物流工程）"
            },
            {
              "color": 4,
              "id": "opt4fG1MgS",
              "name": "法学"
            },
            {
              "color": 5,
              "id": "optbWpHkCN",
              "name": "农学"
            },
            {
              "color": 6,
              "id": "optnQ6woiA",
              "name": "动物科学。"
            },
            {
              "color": 7,
              "id": "optZFjmOZ7",
              "name": "伺服电机设计工程师 模具设计工程师 机电产品装配工艺工程师 环境与可靠性试验工程师 材料锻热工艺工程师"
            },
            {
              "color": 8,
              "id": "optYj6YzSF",
              "name": "需求专业：土木工程 交通工程 工程力学 结构工程 地质工程 隧道工程 岩土工程 铁道工程 城乡规划 风景园林 测绘工程 环境工程 物流管理 安全工程 投资学 金融学 财务管理 计算机科学技术 软件工程 人力资源管理 法学 西班牙语 法语"
            },
            {
              "color": 9,
              "id": "optPdNM5xN",
              "name": "需求专业：土木水利 能动工程 机械工程 电气工程 安全工程 可持续能源 工程管理 法律法学 财务会计 税务管理 人力资源 汉语言文学 新闻学 葡萄牙语 西班牙语"
            },
            {
              "color": 10,
              "id": "optIfAmbXT",
              "name": "机械工程师（机械相关专业） 项目助理（机械相关专业） 电气工程师（电气/自动化相关专业） 软件开发工程师（智能制造、计算机科学与技术、 软件工程、互联网） 销售助理（机械/电气相关专业） 制造工艺工程师（机械相关专业） 机器人工程师（机器人、机械、自动化相关专业）"
            },
            {
              "color": 0,
              "id": "optsWmTpXe",
              "name": "储备区域经理（管培生） 运营类 职能类 产研类"
            },
            {
              "color": 1,
              "id": "opt9ImFWp1",
              "name": "机械类（车辆工程、力学、机械电子工程、载运工具运用工程、智能制造、机械设计制造及其自动化、机械工程等相关专业） 电气类（电气工程及其自动化、电气工程、控制工程、自动化、电子信息等相关专业） 计算机类（计算机科学与技术、软件工程、人工智能、数据科学与大数据等相关专业） 材料类（焊接技术与工程、金属材料工程、材料科学与工程、复合成型材料、电池类等相关专业） 能源动力类（能源与动力工程、船舶与海洋工程、海洋工程与技术、新能源科学与工程、储能科学与工程等相关专业） 管理类（会计、法学等相关专业） 市场营销类（法语、俄语、西班牙语等相关专业）"
            },
            {
              "color": 2,
              "id": "optQcuL7Mg",
              "name": "（不限专业）新零售管培生 营销专员 B2B渠道代表 体验店FM 体验顾问 零售代表 服务体验顾问 服务技术顾问 KA代表"
            },
            {
              "color": 3,
              "id": "optXV659sM",
              "name": "法务岗 财务岗 工程岗 土木工程 工程造价 智慧建造 技术质量 安全 施工管理 党务干事 出纳 会计 工程管理 智能建造 人力资源 前期管理 配套管理 施工管理岗 经营管理岗 安全管理岗 施工岗 核算岗 研发工程师 试验检测岗 路桥检测岗 业务受理岗"
            },
            {
              "color": 4,
              "id": "opt1XavC0L",
              "name": "单晶材料工艺开发技术 质量技术岗 上位机软件设计技术岗 微波混合集成工艺设计技术岗 射频系统设计技术岗 射频微系统设计技术岗 逻辑开发技术岗 射频设计技术岗 射频电路设计技术岗 数字电路硬件设计技术岗 测试开发技术岗 版图、结构设计技能岗 信号处理设计技术岗 组部件电源设计技术岗 模块电源设计技术岗 混合电源设计技术 产品测试工艺开发 铌酸锂薄膜调制器设计研发 光电子封装工艺开发 光学精密加工工艺开发 光电集成设计 光电子芯片工艺开发 软件与算法设计技术岗 电路设计与仿真技术岗 工艺研发设计 隔离器件/模块设计岗 封装测试工艺开发技术岗 芯片制造工艺开发技术岗 组件研发设计技术岗 模块研发设计技术岗 器件研发设计技术岗 芯片研发设计技术岗 材料研发设计技术岗 数字电路设计技术岗 光电探测器与集成器件设计技术岗 模拟电路设计技术岗 封装工艺开发技术岗 测试开发技术 测试开发技术 半导体工艺开发技术岗 硬件电路设计技术岗 机械设计技术岗 机械设计技术岗 电子装联工艺技术岗 真空镀膜工艺技术岗 系统设计技术岗 结构设计技术岗 压电器件设计岗 微波器件设计技术岗 压电陶瓷材料设计岗 晶体器件设计技术岗 惯性结构设计 半球陀螺工艺设计 惯性电路设计 系统集成设计技术岗 微系统工艺研究技术岗 支撑技术岗 数字电路设计技术岗 射频电路设计技术 模拟电路设计技术岗 版图设计技术 支撑技术 系统产品设计技术 数模混合电路设计技术 精益工程岗 机加工艺技术岗 产品质量技术岗 电镀工艺岗 陶瓷工艺岗 烧结工艺 外壳设计岗 可靠性技术岗 成品检验技术岗 模拟电路设计技术岗"
            },
            {
              "color": 5,
              "id": "optcd2uh5w",
              "name": "广西总部管培生 分公司储备干部 销售管培生 终端培训管培生 品牌策划管培生 新零售管培生 电商管培生 新媒体运营管培生 财务管培生 人资管培生 门店店长储备 新媒体运营 主播 业务经理储备 行业直销员"
            },
            {
              "color": 6,
              "id": "optmiOqKoq",
              "name": "研发类管培生 （机械类、电气类、车辆类、自动化类、电子信息类优先） 营销类管培生 （工科类、小语种类、营销类优先） 运营类管培生 （工科类、机械类、材料类优先） 职能类管培生 （金融类、财务类、小语种类、经管类优先）研发技术 国内销售业务 海外销售业务 国内售后技术 海外售后技术 营销职能 生产管理/ 生产职能 质量管理 采购/SQE/ 物流/物控 财务管理 人力资源管理 法务 金融业务 (国内/海外) 技改设备 后勤管理"
            },
            {
              "color": 7,
              "id": "optIFNOY04",
              "name": "医学信号处理算法研究工程师(博士) 医学信号处理算法研究工程师 系统控制算法研究工程师(博士) 系统控制算法研究工程师 医学图像处理研究工程师(博士) 医学图像处理研究工程师 图像系统算法研究工程师 软件开发工程师(大模型)(博士) 软件开发工程师 软件测试工程师 试剂研发工程师(博士) 试剂研发工程师(俄语)(博士) 试剂研发工程师 硬件开发工程师 电源开发工程师 自动化开发工程师 机械开发工程师(博士) 机械开发工程师 包装标贴设计工程师 液路系统工程师 气路结构工程师 产品设计验证工程师 传感器工程师(精密结构设计) 传感器工程师(声学设计)(博士) 产品工艺开发工程师 临床工程师(临床医学与生物医学方向) 临床工程师(临床医学与检验医学方向)(博士) 临床工程师(临床医学与检验医学方向) 光学系统工程师 电磁兼容(EMC)工程师 UX/UI用户体验设计师 产品数字化工程师 知识产权工程师 产品注册工程师(临床评价方向) 销售工程师 技术支持工程师 技术支持工程师(韩语/俄语/西语) 临床应用专员 智能制造开发工程师 精密制造技术工程师 供应链管理工程师 采购资源与技术开发工程师 试剂产品工程师 工业工程师 质量管理工程师(仪器质量方向) 质量管理工程师(体外诊断试剂方向) 质量管理工程师(质量体系/试剂) 质量管理工程师(上市后方向)"
            },
            {
              "color": 8,
              "id": "optX6YKs2l",
              "name": "产品开发工程师 材料工程师 电气工程师 机械工程师 工艺工程师 设备工程师 检测工程师 技术工程师 软件开发工程师 交付顾问 IT运维工程师 质量工程师 采购工程师 计划工程师 人力岗 法务岗 财务岗 证券岗 安全工程师 环保工程师 知识产权工程师 生产管培生 IE工程师 销售工程师 外贸业务 市场专员 客服专员"
            },
            {
              "color": 9,
              "id": "optszPmqCj",
              "name": "国际销售（英） 研发工程师 销售管培生 研发管培生 国际销售（俄） 国际销售（日） 国际销售（法） 国际销售（西） 国际销售跟单（英） 国际销售（朝鲜） 国内大客户销售 电子工程师 嵌入式软件工程师 质量工程师 会计 算法工程师 自动化工程师 PE工程师 环保工程师 能源管理工程师 行政专员 IE工程师 电镀工程师 人力资源专员 安全专员 模具工程师 生管物控 注塑工程师 设备工程师 铸造工程师 生产管培生 投资助理 高校校园大使"
            },
            {
              "color": 10,
              "id": "optRkGeBPu",
              "name": "综合工程师(安装、装饰、基础设施方向) 商务工程师 安全工程师 机械工程师 质量工程师 测量工程师 试验工程师 法务管理 财务管理 行政管理 人力管理 党群管理"
            },
            {
              "color": 0,
              "id": "optXWAmp83",
              "name": "游戏研发工程师(UE5客户端方向) 游戏研发工程师(客户端方向) 游戏研发工程师(服务端方向) 技术美术工程师(程序向) 策划管培生 游戏策划(校招) 市场管培生(上海/北京) 运营管培生 英/日/法/韩/土/德/葡/西/意/俄语客服 技术美术工程师(美术向) 校园大使"
            },
            {
              "color": 1,
              "id": "optmwtNIUZ",
              "name": "信号处理设计岗 微波电路设计岗 系统设计岗 嵌入式开发岗 数字电路设计岗 中低频电路设计岗 结构设计岗 装调工艺师 产品工艺师"
            },
            {
              "color": 2,
              "id": "optNiiTVTN",
              "name": "人资专员 SQE工程师 采购工程师 品质工程师 产品经理 五金开发工程师 产品设计工程师 工艺工程师 测试工程师 Layout工程师 结构工程师 结构工程师 电子工程师 校园大使 电子工程师"
            },
            {
              "color": 3,
              "id": "optEvcYU9B",
              "name": "大模型应用开发工程师/实习生 Rust开发工程师/实习生 数据开发工程师/实习生 策略研究员/实习生 机器学习研究员/实习生 策略分析师/实习生"
            },
            {
              "color": 4,
              "id": "optfuovNK9",
              "name": "软件开发工程师 勘察工程师 检测工程师 岩土工程师 测绘工程师 生态治理工程师 低空经济项目工程师"
            },
            {
              "color": 5,
              "id": "optak8OoBG",
              "name": "金融管培生 财务管培生 审计管培生 项目管理管培生 工艺工程师 翻译 数字化管培生 国贸管培生 供应链管培生 采购管培生 采购工程师 原料采购管培生 营销管培生 IE管培生 设备与能源管培生 计划管培生 质量管培生 安环管培生 检测管培生 工艺管培生 FP工艺管培生 LFP工艺管培生 生产管培生 设备管培生 设备工程师 人力管培生 研发管培生 研发工程师 研发管理管培生"
            },
            {
              "color": 6,
              "id": "optfdxzpXN",
              "name": "实体产品经理 国内电商平台 跨境电商平台 法务支持 财务管理产品方向 项目管理助理 会计 品质控制 供应链计划管理 AI应用工程师"
            },
            {
              "color": 7,
              "id": "optoUqehXT",
              "name": "国内营销管培生 国际管培生 语言类国际管培生 制剂研发工程师 新药研发项目管理工程师"
            },
            {
              "color": 8,
              "id": "optVZm7OI0",
              "name": "动漫剧责编 动漫剧编剧 海外社媒专员 SEO专员 大数据工程师 java工程师 字幕校验 字幕标注 泰语产品运营 西语产品运营 编辑 印尼产品运营 韩语产品运营 数据分析 产品经理 葡语产品运营 日语产品运营 海外管培生 海外内容策略 AI平台素材内容运营 素材策略 投放运营 投放产品经理 大数据开发工程师 测试工程师 演员"
            },
            {
              "color": 9,
              "id": "optQxfiPSl",
              "name": "技术研发类（所需专业:机械类、车辆工程、机械工程、机械电子、材料成型及控制、轴承设计、金属材料、热处理、高分子(橡胶)材料、锻造、电气自动化、工业工程、力学等相关专业） 智能制造/现场类（所需专业:机械类、材料类、电气类、自动化类、仪器类工业工程等） 质量管理/生产类（所需专业:机械类、材料类、工业工程、标准化工程、质量管理工程、测控技术与仪器、物流管理等） 汽车电子类（所需专业:机械类、车辆工程、机械电子、计算机类、软件工程、电子信息等）软件开发类（所需专业:计算机类、电子信息类、信息管理与信息系统等） 市场类（所需专业:机械类、国际经济与贸易、市场营销、电子商务、工商管理等） 供应链类（所需专业:供应链、物流工程、物流管理、采购管理、机械类、工业工程等） 安全环境类（所需专业:安全工程、环境工程）职能类（所需专业:人力资源管理、工商管理、行政管理、会计学、财务管理、法务、审计、经济学、投资学、统计、产业规划等）博士（所需专业:机械类、车辆工程、轴承方向、底盘方向、机械电子、软件类等）"
            },
            {
              "color": 10,
              "id": "optAKVSbuN",
              "name": "技术类 研发技术岗 工艺技术岗 生产管理岗 质量管理岗 设备管理岗 安全环保岗 工程管理岗 信息技术岗 职能类 财务管理岗 市场营销岗 经营管理岗 人力行政岗"
            },
            {
              "color": 0,
              "id": "optJiGVKg5",
              "name": "技术设计类 研发类 工程/业务管理类 职能管理类"
            },
            {
              "color": 1,
              "id": "optCiywxlV",
              "name": "需求专业：冶金工程类 冶金工程、机械工程、流体、金属材料工程、材料科学工程、材料成型加工工程 信息科学类 电气工程、自动化、仪器仪表、通信工程、控制工程、计算机科学与技术、软件工程、大数据、视觉设计、平面设计、勘测工程、机器人工程、网络工程、信息管理与信息系统 建筑工程类 建筑学、土木工程、结构工程、工程管理、安全工程、工程造价、交通运输(总图)、物流工程、建筑电气与智能化、城乡规划 能环化工类 热能工程、供热供燃气通风及空调工程、化学工程与技术、动力工程及工程热物理、能源与动力工程、环境科学与工程、给排水科学与工程、暖通 人文经管类 会计学、俄语、英语、法律、市场营销"
            },
            {
              "color": 2,
              "id": "opt9pJeSNq",
              "name": "策划类 运营类 用户运营 系统策划 关卡策划 运营策划 数值策划 美术类 游戏原画师 市场类 市场优化师 程序类 数据分析师 数据开发工程师 U3D开发工程师 游戏测试工程师 后端开发工程师 cocos开发工程师"
            },
            {
              "color": 3,
              "id": "opt0uy51Xn",
              "name": "机电设备安装类（电气工程及其自动化、自动化、电气工程与智能控制、建筑电气与智能化、测控技术与仪器、建筑环境与能源应用工程、能源与动力工程、供热通风与空调工程、过程装备与控制工程、给排水科学工程、消防工程、工程造价、安全工程等相关专业） 石油化工类（石油工程、能源化学工程、化工安全工程、化学工程与工艺、焊接技术与工程等相关专业） 环境治理类（环境科学与工程、环境工程、环境生态工程、环保设备工程等相关专业） 基础设施类（新能源、水利水电工程、水务工程等相关专业） 职能管理类（人力资源管理、企业管理、行政管理、汉语言文学、心理学、法学等相关专业）"
            },
            {
              "color": 4,
              "id": "optSxSunPE",
              "name": "管培生 卓越工程师 大模型算法工程师 图像算法工程师 数据挖掘算法工程师 硬件（电气）工程师 嵌入式开发工程师 PLC开发工程师 电气工艺工程师 产品测试工程师 机械（结构）设计工程师 机械（结构）工艺工程师 机械（钣金）工艺工程师 CAE仿真工程师 C#开发工程师 数据开发工程师 系统运维工程师 软测开发工程师 软件测试工程师 IE工程师 涂装工艺工程师 PE工程师 业务经理（国内/国外） 售前工程师（国内/国外） 运营经理 销售数据分析师 售后工程师 采购工程师"
            },
            {
              "color": 5,
              "id": "optgjyaFmZ",
              "name": "博士生岗位 创意设计岗 环境工程师 环境设计岗 检测工程师 科研管理岗 能源低碳咨询 销售代表 职能管理类岗 资产运营管理 设备工程师 博士生岗位 结构工程师 岩土工程师 管理培训生 研发工程师"
            },
            {
              "color": 6,
              "id": "optiTLme4I",
              "name": "管理培训生 (生产管理类) 管理培训生 (销售零售类)"
            },
            {
              "color": 7,
              "id": "optl8YReSp",
              "name": "管培生 大模型算法工程师"
            },
            {
              "color": 8,
              "id": "opt3V68era",
              "name": "产品研发 技术改造 生产计划 采购管理 质量管理 工艺管理 现场管理 营销 人力资源 财务 运营管理 知识产权 安全环保 法务 采矿工程师 电气工程师 测量工程师 选矿工程师 俄语销售 哈萨克语销售 西班牙语销售 英语销售"
            },
            {
              "color": 9,
              "id": "optZhrLid5",
              "name": "专家人才/博士后 模拟IC设计师 数字IC设计师 器件设计师 数字IC验证工程师 MEMS封装设计师 MEMS产品工程师 MEMS研发工程师 多相电源系统工程师 MCU系统工程师 系统应用工程师 系统应用工程师 系统应用工程师 系统应用工程师 数字电源工程师 封装研发工程师 封装研发工程师 功率半导体产品工程师 软件工程师 高性能计算（算力）软件工程师 现场应用工程师（FAE工程师） FAE工程师（嵌入式） 版图工程师 版图工程师 量产测试方案开发工程师 专利工程师 产品分析和改进工程师 销售市场工程师 质量保障工程师 项目管理工程师 生产计划专员"
            },
            {
              "color": 10,
              "id": "optYqctXxH",
              "name": "销售工程师 大客户经理 技术工程师（精机事业部） 技术工程师（轴承事业部） 供应链工程师 外调专员 业务助理 人才引进招聘官 电商客服"
            },
            {
              "color": 0,
              "id": "optkREofEz",
              "name": "模拟芯片设计工程师 数字芯片设计工程师 数字芯片验证工程师 显示算法工程师 客户技术支持工程师 版图工程师 销售工程师"
            },
            {
              "color": 1,
              "id": "optpgrqIh9",
              "name": "算法工程师 软件开发工程师（Java/Python） 技术支持工程师（实施/客户支持） 产品需求分析师 测试工程师"
            },
            {
              "color": 2,
              "id": "optYzKQ6Pt",
              "name": "研发设计 开发运营 项目管理 质量安全 技术设计 生产管理 商务 采购 职能"
            },
            {
              "color": 3,
              "id": "optw2dnFlZ",
              "name": "机械类（需求专业或方向:机械工程、机械设计、机械制造、机电一体化、车辆工程、车辆制动、载运工具运用工程等）材料类（需求专业或方向:材料成型(铸造、锻压、焊接、热处理)、复合材料、金属材料、材料工程、材料加工、表面工程等）电气类（需求专业或方向:电气工程、自动化、控制工程、测控技术、嵌入式开发、机器人工程、软件工程、计算机科学等）其他类（需求专业或方向: 无损检测、液压、工业工程、安全工程、 环境工程等）软件开发工程师（需求专业或方向: 电子工程、自动化、计算机科学与技术、通信工程、电子信息工程等）嵌入式系统工程师（需求专业或方向: 电子工程、自动化、计算机科学与技术、通信工程、电子信息工程等）"
            },
            {
              "color": 4,
              "id": "optGSWWC6V",
              "name": "机械设计工程师机加工艺工程师 结构仿真工程师 控制调试工程师PLC开发工程师 电气设计工程师安调一体工程师 软件开发工程师视觉算法开发工程师 电子研发工程师系统集成工程师 质量工程师 分析检测工程师 天线设计工程师 研发实验员 热能工程师 产品工程师 工艺工程师 财务专员 销售助理 采购助理 市场运营支持专员 品牌与运营专员 职能管培生 人力资源专员"
            },
            {
              "color": 5,
              "id": "optHpwog9u",
              "name": "技术研发类（机械类、材料成型及控制工程、工业设计、车辆工程、智能制造工程、农业机械化及其自动化、农业电气化等、材料类、焊接技术与工程、电气工程及其自动化、自动化、机器人工程、包装工程、测控技术与仪器、工业工程、轮机工程、船舶电子电气工程、航空航天工程、飞行器设计与工程、理论与应用力学、工程力学、声学、物理学、化学类、电子信息类等） 质量类（标准化工程、质量管理工程、机械、材料、测控技术与仪器、工业工程） 软件开发类（计算机类、电子信息类、软件工程、大数据分析、通信、控制、自动化、物联网、人工智能等） 营销/供应链类（国际经济与贸易、市场营销、物流管理、英语、德语、俄语、日语、电子商务、机械制造、材料类、化学类、供应链类） 安全环境类（环境科学与工程、环境工程、安全工程、安全生产监管等）研究交易/职能（研究、交易、投资、基建、行政、人事、财务、法务等岗位相关专业"
            },
            {
              "color": 6,
              "id": "optWMYSAon",
              "name": "行政管理、人力资源管理、工商管理、 教育学、心理学、汉语言文学、英语、新闻学、金融学、经济学、投资学、会计学、财务管理、审计、税务、统计、法学、工程造价、土木工程、土建类、给排水工程、政策研究、产业规划等） 智能制造类（机械类、材料类、电气类、自动化类、仪器类、工业工程类、化学类、新能源类、电子信息类、机电类、车辆工程等） 博士后（机械类、材料类、化学类、轴承方向、底盘方向、电子信息工程、自动化、电气、计算机、机电一体化、力学、车辆工程等）"
            },
            {
              "color": 7,
              "id": "optYKTsH4K",
              "name": "埃珂森管培生"
            },
            {
              "color": 8,
              "id": "optnM6xGBG",
              "name": "一、工程技术与研发类 采矿技术员（采矿工程专业） 选矿技术员（矿物加工工程专业） 设备管理员（机械工程类专业） 工艺工程师（化工、材料类专业） 电气技术员（电气类专业） 水利技术员（水资源管理相关专业） 化工技术员（化学工程与工艺专业） 化验技术员（应用化学专业、分析化学专业、化工专业） 二、产业投资类 矿业投资分析员（地质类专业、矿业经济类专业） 油气投资分析员（地质类专业、石油工程类专业） 三、供应链类 供应体系管理工程师（供应链管理类专业） 采购管理工程师（化工专业、材料类专业） 四、安全环保类 环保及双碳管理（环境工程及相关专业） 安全管理（安全工程专业、安全管理相关专业） 五、职能类 财务专员（法语类专业、财务管理专业、会计学专业） 合规专员（法律专业、经济类专业） 法务专员（法学类专业） 人力专员（法语类专业）"
            },
            {
              "color": 9,
              "id": "optxuvBsWs",
              "name": "海外管培生（需求专业：技术类 电气工程及其自动化、电力系统及其自动化、新能源科学与工程、 能源与动力工程、储能科学与工程等相关专业 综合类 外国语言文学类专业 (英语、商务英语、阿拉伯语、法语、西班牙语等) 涉外法律、国际会计等专业）"
            },
            {
              "color": 10,
              "id": "opt2qC2YWY",
              "name": "软件类 机械类 电气类 视觉类 质量类 采购类 职能类 项目类 应用类 IT类 储备干部 管培生"
            },
            {
              "color": 0,
              "id": "optFLKsZfk",
              "name": "跨境电商运营类 平台运营 文案编辑 （专业不限"
            },
            {
              "color": 1,
              "id": "opt9fwPq4Z",
              "name": "英/德/法/西/意等语言类、国际 商务、国际经济与贸易、信息管理与信息系统、经济学、广告学、市场营销为佳） 产品供应链类 采购 质量 质检 仓储运营 （理工科专业优先） 订单管理类 跟单 单证 订单 （专业不限） IT技术类 运维 测试 JAVA 数据分析 （软件工程、计算机科学与技术、物联网工程、数据分析、应用统计等相关专业）"
            },
            {
              "color": 2,
              "id": "optX11LPvN",
              "name": "管理类 营销类 技术类 供应链类职能类 制造品质"
            },
            {
              "color": 3,
              "id": "optT7QrHX3",
              "name": "物理层开发工程师 算法工程师 嵌入式软件工程师 FPGA工程师 测试开发工程师 OAM开发工程师 NMS开发/测试工程师 核心网开发/测试工程师"
            },
            {
              "color": 4,
              "id": "optCLGVu1R",
              "name": "研发设计类 工程技术类 产品品质类 智能制造类 综合职能类"
            },
            {
              "color": 5,
              "id": "optuPlFKV1",
              "name": "AI 大模型 感知 图像 雷达 规控 端到端 嵌入式 操作系统 应用软件 网络安全 白盒测试 电子 结构 光学 仿真 射频 软件测试 硬件测试 测试开发 产品经理 项目经理 工艺 设备 生产管理 质量 采购 人力资源"
            },
            {
              "color": 6,
              "id": "optGhM7hsY",
              "name": "方案顾问 应用工程师 服务工程师 机械设计 电气设计 光学工程师 算法工程师 图像算法工程师 算法工程师（图形学方向） 算法工程师（机器人学方向） 软件开发工程师"
            },
            {
              "color": 7,
              "id": "opt1QJrz4G",
              "name": "研究员 初级研究员 化验专员 体系QA 助理工程师 生产操作工 包装设计工程师 媒介运营专员 电商运营专员 财务专员 IT运维技术员"
            },
            {
              "color": 8,
              "id": "optAcGDayF",
              "name": "模拟IC研发工程师 数字IC研发工程师 电控算法工程师 硬件设计工程师 AE系统工程师 嵌入式软件工程师"
            },
            {
              "color": 9,
              "id": "opt9m0n4dg",
              "name": "投资银行类 投资研究类 财富管理类 市场销售类 运营管理类"
            },
            {
              "color": 10,
              "id": "opt45LGI3l",
              "name": "汽车销售管培生 售后服务管培生 新媒体运营管培生 二手车运营管培生"
            },
            {
              "color": 0,
              "id": "optJpPowER",
              "name": "跨境电商运营管培生 站内推广管培生 站外推广管培生 质量管培生 外贸业务管培生 计划交付管培生 仓储物流管培生 采购管培生 财务管培生 产品经理管培生"
            },
            {
              "color": 1,
              "id": "optobw4mnb",
              "name": "需求专业为：应用数学 计算数学 通信工程 信息工程 光电技术 控制工程 导航制导 电子信息 电气工程 全电技术与电机 可靠性工程 机械工程 计算机 软件 人工智能 系统工程与仿真 体系对抗 飞行器设计 航空宇航技术 空气动力学 飞行力学 流体力学 会计学 财务管理 工商管理"
            },
            {
              "color": 2,
              "id": "opt2i5LNPS",
              "name": "计算机视觉算法工程师 AIGC算法工程师 图像处理算法工程师 智能驾驶感知算法工程师 智能驾驶后处理算法工程师 视觉SLAM算法工程师 C/C++工程师 算法优化工程师 大模型训练推理工程师 计算摄影产品经理 智能驾驶产品经理 海外市场产品经理 海外市场销售工程师 智能视觉算法评测工程师 智能驾驶测试工程师 车载自动化测试工程师 感知算法测试开发工程师 AI算法测试开发工程师"
            },
            {
              "color": 3,
              "id": "optvOVLkme",
              "name": "半导体材料研发工程师 液晶材料研发工程师 化学研发工程师 质量保证工程师 检测工程师 工艺工程师"
            },
            {
              "color": 4,
              "id": "optpAvMysc",
              "name": "需求专业为：信息与通信工程 通信与信息系统 电气工程 自动化 模式识别与智能系统 控制工程 物联网工程 电路与系统 仪器仪表工程 电子科学与技术 计算机 软件工程 机械工程 交通运输工程等相关专业"
            },
            {
              "color": 5,
              "id": "optE4y4lJo",
              "name": "模拟设计工程师 数字设计工程师 数字验证工程师 软件开发工程师 硬件工程师/应用工程师 ESD工程师"
            },
            {
              "color": 6,
              "id": "opt96Y8Jcr",
              "name": "硬件工程师 软件工程师 结构工程师 装备硬件工程师 装备软件工程师 硬件测试工程师 Java软件开发工程师 前端软件开发工程师 数字化工程师 设备技术员 工艺技术员"
            },
            {
              "color": 7,
              "id": "optKyUx5dE",
              "name": "强化学习研究员 机器学习研究员 算法工程师 后台开发工程师"
            },
            {
              "color": 8,
              "id": "optIj17kOd",
              "name": "材料科学与工程 无机非金属材料工程专业 测绘工程 土木工程 地质工程"
            },
            {
              "color": 9,
              "id": "opt4e7z8XV",
              "name": "项目管理类 船舶管理类"
            },
            {
              "color": 10,
              "id": "optYNhFc2S",
              "name": "JAVA开发工程师 总经理助理"
            },
            {
              "color": 0,
              "id": "opt9K9dkx0",
              "name": "需求专业为：科技研发类（博士） 工程技术类 基础设施类 新能源类 建筑设计类 机电安装类 金融财务类 职能管理类"
            },
            {
              "color": 1,
              "id": "opt7JtNdjT",
              "name": "研发工程师 工艺工程师 产品经理 职能管理 市场营销 国际业务发展管培生 研发技术专家"
            },
            {
              "color": 2,
              "id": "optg6zkW9R",
              "name": "光学工程师 工艺管理工程师 芯片设计工程师 FPGA工程师 算法工程师 生态合作经理"
            },
            {
              "color": 3,
              "id": "optA2pXzEP",
              "name": "软件工程师 算法工程师 机械结构工程师 材料工程师 工业设计工程师 解决方案工程师 嵌入式/上位机软件开发工程师 硬件工程师 光学工程师 电气工程师 工艺工程师 临床应用工程师 义齿云设计师 国际商务经理 审计、会计 质量工程师 人力资源 三维动画设计"
            },
            {
              "color": 4,
              "id": "optLbPfRWk",
              "name": "合作伙伴经理 销售经理 售前工程师 安全服务工程师 技术支持工程师 安全运营工程师 安全开发工程师 安全研究工程师 研发项目经理 后端研发工程师 前端研发工程师 系统研发工程师 AI算法工程师 AI应用开发工程师 AI产品经理 运维开发工程师 软件测试工程师"
            },
            {
              "color": 5,
              "id": "optPUjsqeD",
              "name": "光学开发工程师 材料开发工程师 半导体材料及工艺开发工程师 电学开发工程师 新技术新材料开发工程师 知识产权工程师 质量保证（QA）工程师 生产管理工程师 新产品导入（NPI）工程师 新工艺开发工程师 客户经理 关键客户项目管理（KAPM） 项目管理（PM） 产品规划 证券事务专员 翻译员"
            },
            {
              "color": 6,
              "id": "optKzkZwMZ",
              "name": "冶金工程师 粉末冶金工程师 材料工程师 磁学工程师 产品设计与解决方案工程师 耐材工程师 机械设计工程师 仿真工程师 高分子工程师 包覆工程师 化学工程师 电力电子工程师"
            },
            {
              "color": 7,
              "id": "optzIX5c5L",
              "name": "科创研发类 矿业资源类 安环管理类 多语服务类 融资管理类 市场营销类 行政运营类 质控体系类 人力资源类 财务管理类 信息技术类 供应链管理类 机械设备类 生产运营类"
            },
            {
              "color": 8,
              "id": "optm2K2P80",
              "name": "电声工程师 电子工程师 结构工程师 产品工程师 嵌入式软件 Linux应用开发 单片机 包装工程师 CMF工程师 研发博士 电芯设计工程师 材料研发工程师 测试开发工程师 电控设计工程师 AOI工程师 工艺开发工程师 储备生产主管 DQE工程师 系统开发工程师 项目管理 PQE工程师 环保工程师 设备工程师 SQE工程师 CQE工程师 销售专员 市场专员 资源开发工程师 生产计划员 PMC专员 采购专员 人力资源管培生 财务管培生"
            },
            {
              "color": 9,
              "id": "optDaCdvDc",
              "name": "飞行器总体设计师 飞行器结构/强度设计师 装配工艺师 系统设计师 发动机总体/结构设计师 硬件设计师 嵌入式设计师 铆装技师 玻璃钢工 机械师 航电师 发动机装配技师 机加操作师"
            },
            {
              "color": 10,
              "id": "opt3fnpVkY",
              "name": "销售代表 销售工程师 （不限专业）"
            },
            {
              "color": 0,
              "id": "optLsvB7cL",
              "name": "光技术 嵌入式软件开发 AI开发 软件测试 硬件开发 硬件测试 结构设计 结构工艺工程师 市场拓展经理 解决方案经理 商务经理 施工经理 路由规划工程师 海缆交付技术工程师 项目经理 人力资源专员 采购工程师 项目助理"
            },
            {
              "color": 1,
              "id": "optPCpxHk4",
              "name": "Java开发工程师 Web前端开发工程师 移动端开发工程师 算法工程师 软件测试工程师 系统运维工程师 产品经理To B端 交互设计UI/UE"
            },
            {
              "color": 2,
              "id": "opt9Okers5",
              "name": "需求专业：人工智能相关专业、量子信息相关专业 火箭发动机相关专业、自动化类 控制科学与工程类、通信类/信息与通信工程类 仪器类/仪器科学与技术类 电子信息类/电子科学与技术类 光学类、航空航天类/航空宇航科学与技术类 兵器类/兵器科学与技术类 力学类/数学类/物理学类 机械类/机械工程类/机械设计制造类 计算机类/计算机科学与技术类 网络空间安全类/软件工程类 电气类/电气工程类/电力技术类 动力工程及工程热物理类/能源动力类 人力资源/财务/法律/工程管理/管理学等"
            },
            {
              "color": 3,
              "id": "optYlkOtB2",
              "name": "需求专业：招聘专业： 土木类：土木工程（铁道、道路、桥梁、轨道、建筑方向）、城市地下空间、城市轨道交通、港口航道、水利水电 土木相关类：测绘工程、地质工程、工程力学、安全工程、无机非金属材料 机械四电类：机械工程、机械设计制造及其自动化 商务管理类：工程管理、工程造价 经济管理类：人力资源管理、会计学、财务管理、物流管理、审计学、国际经济与贸易 语言类：英语、法语、俄语、西班牙语、阿拉伯语"
            },
            {
              "color": 4,
              "id": "optUC8w6Df",
              "name": "设计研发/工程技术岗位 航空宇航科学与技术类、无人机系统工 程类、人工智能类、控制科学与工程类、 机械类、电子信息类等专业 制造技术岗位 智能制造类、机械类、控制科学与工程 类、复合材料类等专业 维修服务工程师岗位 机械类、控制科学与工程类等专业 综合管理类岗位 工业工程类、管理类"
            },
            {
              "color": 5,
              "id": "opt3wWvhNL",
              "name": "设计研发 工艺技术 驻地工程师 职能管理"
            },
            {
              "color": 6,
              "id": "opt0mkFSGG",
              "name": "美术设计师"
            },
            {
              "color": 7,
              "id": "optLj6PLDb",
              "name": "主题乐园策划"
            },
            {
              "color": 8,
              "id": "optyVHQJ5P",
              "name": "运维开发工程师"
            },
            {
              "color": 9,
              "id": "optm5jOSi7",
              "name": "VR编剧"
            },
            {
              "color": 10,
              "id": "optoZWsQKt",
              "name": "CAE工程师"
            },
            {
              "color": 0,
              "id": "optML7h3Wu",
              "name": "射频工程师"
            },
            {
              "color": 1,
              "id": "optDtSfdeX",
              "name": "飞控算法工程师"
            },
            {
              "color": 2,
              "id": "optaF7PHNw",
              "name": "组合导航算法工程师"
            },
            {
              "color": 3,
              "id": "optKj7hlUM",
              "name": "无人机视觉算法工程师"
            },
            {
              "color": 4,
              "id": "optxcLpEZO",
              "name": "无人机结构设计工程师"
            },
            {
              "color": 5,
              "id": "optYD0wTZc",
              "name": "无人机总体设计工程师"
            },
            {
              "color": 6,
              "id": "optJ0vL35T",
              "name": "无人机集群调度算法工程师"
            },
            {
              "color": 7,
              "id": "optSUlkNUk",
              "name": "无人驾驶算法工程师"
            },
            {
              "color": 8,
              "id": "optagOFKBa",
              "name": "舞步规划设计师"
            },
            {
              "color": 9,
              "id": "optxIJXwkv",
              "name": "产品结构工程师"
            },
            {
              "color": 10,
              "id": "opthyH0u8r",
              "name": "无人机集群算法工程师"
            },
            {
              "color": 0,
              "id": "optlttbP8r",
              "name": "规划设计师"
            },
            {
              "color": 1,
              "id": "optyVgMsGG",
              "name": "景观设计师"
            },
            {
              "color": 2,
              "id": "optV7LIyp3",
              "name": "艺术设计师"
            },
            {
              "color": 3,
              "id": "optaecsuQx",
              "name": "建装装饰设计师"
            },
            {
              "color": 4,
              "id": "optvVp2GEj",
              "name": "内装装饰设计师"
            },
            {
              "color": 5,
              "id": "optuuZuzpN",
              "name": "建筑装饰方案设计师"
            },
            {
              "color": 6,
              "id": "opt8PDRa86",
              "name": "景观方案设计师"
            },
            {
              "color": 7,
              "id": "optqjG8O15",
              "name": "造型设计师"
            },
            {
              "color": 8,
              "id": "optdb45ZCq",
              "name": "动画表演师"
            },
            {
              "color": 9,
              "id": "optIaJTLsR",
              "name": "灯光合成师"
            },
            {
              "color": 10,
              "id": "optuJuUPY5",
              "name": "工业设计类 整车研发类 技术研发类 新能源研发类 营销管理类 国际营销类 生产质量类 供应链管理类"
            },
            {
              "color": 0,
              "id": "optUBcWw8Z",
              "name": "移动端视频研发工程师 移动端研发工程师/主站"
            },
            {
              "color": 1,
              "id": "optIzKWJJM",
              "name": "供应链 销售 市场"
            },
            {
              "color": 2,
              "id": "opteCpWHci",
              "name": "JAVA开发工程师 算法工程师 大数据开发工程师 前端开发工程师 ETL开发工程师 需求分析师 数据产品助理 人资管培生 财务管培生 销售培养生"
            },
            {
              "color": 3,
              "id": "optkvQxD8h",
              "name": "应用开发 信息化 产品封测工艺技术 集成电路设计 基础元器件研发 职能管理 产品装配工艺技术 电子功能材料研发"
            },
            {
              "color": 4,
              "id": "optvIOQO4I",
              "name": "研发类 营销类 供应链 职能类 设计类 产品类"
            },
            {
              "color": 5,
              "id": "opt16lPruJ",
              "name": "算法类 人工智能 机器学习 软件类 C/C++/C# JAVA 软件测试 硬件类 硬件开发 硬件测试 信号类 工程测试 系统设计 项目实施 其他类 转向架 U3D 3D模型"
            },
            {
              "color": 6,
              "id": "optjjLtwge",
              "name": "人工智能 智能制造工程 电力电子与电力传动(电源) 空天智能电推进技术 等离子体物理(电推进) 动力工程及工程热物理(电推进) 电子科学与技术 计算机科学与技术 原子分子与物理(频标) 电气工程 电子信息 光学工程 光学 控制科学与工程 航空宇航科学与技术 仪器科学与技术 空间环境工程 人机与环境工程 机械电子工程 材料科学与工程 软件工程 兵器科学与技术 地球物理学 矿业工程 物理学类 机械类 力学类 材料类"
            },
            {
              "color": 7,
              "id": "optB1P31on",
              "name": "技术类（JAVA 开发工程师（杭州）、IOS 开发工程师（杭州）、测试开发工程师（杭州）、客户端安全开发工程师（杭州））；产品类（产品策划专员（杭州 / 上海））；企业服务类（安全策略交付员（北京 / 杭州 / 广州））。"
            },
            {
              "color": 8,
              "id": "optCnExMyI",
              "name": "软件算法类 硬件研发类 技术类 暖通制冷类 光学及显示 芯片类 结构类 技术工艺类 营销类 运营类 供应链管理类 生产制造类 质量类 职能类"
            },
            {
              "color": 9,
              "id": "optg12sBvo",
              "name": "算法：大模型/搜索/推荐 研发：大模型AGENT工程师/JAVA开发 产品：AI产品经理"
            },
            {
              "color": 10,
              "id": "optHS7YgKE",
              "name": "研发岗 销售岗 采购岗 人事岗 项目岗 质量岗 运营岗 物流岗 财务岗"
            },
            {
              "color": 0,
              "id": "optuNfB1Le",
              "name": "海外销售助理 销售会计 费用会计 结构工程师 电子工程师 法务专员 行政专员 投资者关系专员 产品经理管培生 质量工程师 测试工程师 采购工程师 ME工程师 IT产品经理 电商运营类管培生"
            },
            {
              "color": 1,
              "id": "opt5yVohVR",
              "name": "投资经理 F计划管培生"
            },
            {
              "color": 2,
              "id": "optDsfb2Pl",
              "name": "工程技术岗（土木工程、铁道工程、道路桥梁与渡河工程、城市地下空间工程、建筑工程、给排水科学与工程、建筑环境与能源应用工程、测绘工程、工程力学、智能建造、水利水电工程、采矿工程、弹药工程与爆炸技术、建筑电气与智能化、电气工程及其自动化、轨道交通信号与控制、通信工程等）；安全质量岗（土木工程相关、安全工程等）；试验检测岗（无机非金属材料工程等）；物资设备岗（机械设计制造及自动化、国际经济与贸易、物流管理等）；商务管理岗（工程管理、工程造价等）；法学管理岗（法学等）；财务管理岗（财务管理、会计学等）；党群人力岗（人力资源管理、行政管理、汉语言文学、劳动与社会保障等）；驻外翻译岗（法语、俄语、英语等）。"
            },
            {
              "color": 3,
              "id": "optxOe1RAZ",
              "name": "产品企划类 研发技术类 管培生类 创新设计类 职能支持类 营销管理类 供应链类 制造技术类"
            },
            {
              "color": 4,
              "id": "optGrgybqC",
              "name": "后台开发工程师 前端开发工程师 产品经理 产品运营 用户体验设计师 品牌设计师 销售工程师 项目经理 客户成功顾问 项目运维经理 售前工程师 技术支持工程师 海外市场运营 信息化工程师 财务专员 招聘专员"
            },
            {
              "color": 5,
              "id": "optdsOgGph",
              "name": "核保经营 职能支持 产品规划 查勘作业 平台运营 理赔核赔 精算定价 诉讼管理 数据建模 风控管理【热招专业：星乘管培主（数学、应用统计、数据科学、金融工程、金融数学、精算学、保险精算学、计算机科学等相关专业） 星禾管培生（农业、牧业、气象、植物生产类、农业工程类、动物生产类、自然保护与环境生态类、水产类、生物学类、动物医学类、畜牧学等相关专业） 星源管培生（能源材料、能源工程、机电工程、能源动力、电气工程"
            },
            {
              "color": 6,
              "id": "optnY570hf",
              "name": "电子科学、材料科学与工程、机械类、光伏材料及 应用等相关专业） 星航管培生（法学、法律、诉讼法、经济法、金融法等相关专业）】】"
            },
            {
              "color": 7,
              "id": "optNKaTYGI",
              "name": "数字化技术开发 智能设备研发 勘察设计 规划咨询 检测监测"
            },
            {
              "color": 8,
              "id": "opteKaTWZj",
              "name": "百匠新人：（投资拓展类 设计管理类 成本招采类 工程管理类 客户关系类 营销管理类 人力资源类 财务管理类 商业运营类）；万象生：（招商类 营运类 推广类 客关类 商业物业类 写字楼类）；万悦生：（工程服务岗 环境服务岗 客户服务岗 财务运营岗 人力资源岗）；置业顾问；综合管家"
            },
            {
              "color": 9,
              "id": "optelE3NDX",
              "name": "系统应用研发工程师 嵌入式软件研发工程师 嵌入式软件工程师（FPGA） 嵌入式硬件研发工程师 系统软件研发工程师 人工智能工程师 Web开发工程师 网络安全研发工程师"
            },
            {
              "color": 10,
              "id": "optHsNXT3y",
              "name": "整车研发 智舱智驾 驱动与新能源 试制试验 制造 质量保证 大众品牌营销 奥迪品牌营销"
            },
            {
              "color": 0,
              "id": "optPeLTXuN",
              "name": "工程类（港航、土木、路桥、轨道、水利、建筑、电力、机械、新能源、生态环保、工程造价、安全工程、工程管理）；财务经济类（会计、审计、税务、财务管理）；法律综合类（法学、党建、语言类、人力）。"
            },
            {
              "color": 1,
              "id": "optj4W74eG",
              "name": "工学（核工程类、能源动力类、电气类、自动化类、机械类、材料类、计算机类、土木类、水利类、地质类、仪器类、力学类、电子信息类、安全科学与工程类、测绘类、环境科学与工程类、化工与制药类、建筑类、公安技术类、交通运输类、海洋工程类）；理学（化学类、物理学类、心理学类、统计学类、数学类、大气科学类、海洋科学类、地质学类）；管理学（管理科学与工程类、工商管理类、图书情报与档案管理类、物流管理与工程类、公共管理类、工业工程类、电子商务类）；经济学（经济学类、金融学类、财政学类、经济与贸易类）；文学（新闻传播学类、中国语言文学类、外国语言文学类）；法学（法学类、马克思主义理论类、社会学类、政治学类）；教育学（教育学类）。"
            },
            {
              "color": 2,
              "id": "optFCIN7DP",
              "name": "综合管理培训生 供应链管理培训生 农业培训生"
            },
            {
              "color": 3,
              "id": "optS5m3EV3",
              "name": "经济管理类 交通运输类 船舶工程类 生产运营类 工程技术类 建筑设计类 物业管理类 人工智能类 信息科学类 医学生物类 安全工程类 法律类 其他"
            },
            {
              "color": 4,
              "id": "optvGXrjEi",
              "name": "产品营销 品牌发展与产品开发 事业部 大数据 电商 销售&大客户管理 医学/皮肤科学美容 北亚运营 信息技术 企业事务 财务控制 人力资源 可持续发展 研发和创新"
            },
            {
              "color": 5,
              "id": "opt9ksvHSA",
              "name": "专业管理类 （财务、统计、物流管理、材料学、计算机） 营销管理类 （市场营销工商管理、营销管理、产品设计） 技术研发类 （机械、机电一体化、工业设计） 制造管理类 （机械、机电一体化、工业工程、物流管理）"
            },
            {
              "color": 6,
              "id": "optGONGXy0",
              "name": "储备干部岗 技术研发岗 战略投资岗 财务岗 信息技术岗 内外贸销售岗 海外助理岗 工艺技术岗 动力技术岗 分析化验岗 设备电仪岗"
            },
            {
              "color": 7,
              "id": "optYJCvJhQ",
              "name": "研发技术类（软件、人工智能、计算机、机械、材料、电子、测控、光电等相关专业） 智能制造类（机械、电子、工业工程、光电、机器人、模具设计等相关专业） 营销类（国贸、机械、计算机、英语、韩语、日语、葡萄牙语等相关专业） 供应链类（机械、电子、国贸、物流、葡萄牙语、财经类等相关专业） 信息技术(IT)类（计算机网络、计算机应用、软件工程、信息安全、网络工程等相关专业） 财务金融类（财务管理、会计学、金融学、税收学等相关专业） 人力资源类（专业不限） 综合管理类(质量、运营管理)（工业工程、机械、电子、质量、光电、英语、财务、项目管理等相关专业）"
            },
            {
              "color": 8,
              "id": "optehogybU",
              "name": "前端开发工程师 后端开发工程师 产品经理 产品运营 海外广告投放 产品设计师 海外业务服务专员 人力资源专员 行政专员"
            },
            {
              "color": 9,
              "id": "optvbOs87F",
              "name": "技培生（研发） 技培生（技术） 技培生（营销）（招聘专业 电气、自动化、人工智能、电子、机械、计算机、软件等工科类专业）"
            },
            {
              "color": 10,
              "id": "optDWAoO8b",
              "name": "技术岗 机械设计（机械设计制造及其自动化/机械电子工程/机械类其他相关专业） 电气设计（电气工程及自动化/电力工程/自动化/电气类其他相关专业） 机械研发工程师（机械设计制造及其自动化） 电气研发工程师（电气工程及自动化） 嵌入式软件研发工程师（电气工程及其自动化） 云平台前端研发工程师（计算机科学技术、软件工程） 工业工程师（工业工程） 职能岗 双语宣讲师（电气专业、播音主持专业、旅游管理专业、行政类专业等） 财务BP（财会类专业） 采购商务（电气工程及自动化） 采购商务（机械设计制造及其自动化） 质检岗 质检工程师（电气相关专业/发电厂电气部分/电力系统自动化/机械专业/机电一体化）"
            },
            {
              "color": 0,
              "id": "optEPfzEu8",
              "name": "工程技术岗 暖通技术岗 财务管理岗 机械管理岗 商务预算岗 物资采购岗 职能管理岗 驻外翻译岗 法律合规岗"
            },
            {
              "color": 1,
              "id": "opthSJ6ThB",
              "name": "软件开发工程师 信号设计工程师 现场工程师 人事专员 商务专员 系统安全工程师"
            },
            {
              "color": 2,
              "id": "optgDai4jQ",
              "name": "销售管培生 工科管培生 KA销售"
            },
            {
              "color": 3,
              "id": "optIytgLbr",
              "name": "工程技术岗 商务管理岗 安全质量岗 试验检测岗 机械电气岗 物流运输岗 财务管理岗 综合管理岗"
            },
            {
              "color": 4,
              "id": "optLKj84tk",
              "name": "Java开发工程师 AI算法工程师 运维工程师 销售经理"
            },
            {
              "color": 5,
              "id": "optALSRVQ2",
              "name": "高级研发工程师 运营管培生 海外销售工程师 技术项目经理 光学工程师 激光工艺工程师 嵌入式软件工程师 硬件工程师 应用工程师"
            },
            {
              "color": 6,
              "id": "optO7F9v0B",
              "name": "研发岗（药理、合成、制剂、分析等） 生产岗（合成、发酵、提取、制剂等） 质量岗（QA、QC等） 销售岗（医药销售代表、销售实习） 职能岗（注册、EHS）"
            },
            {
              "color": 7,
              "id": "optxqDfmZl",
              "name": "综合职能类 品牌营销类 信息技术类 生产制造类 供应链与采购类 海外人才储备类"
            },
            {
              "color": 8,
              "id": "optRuD9uFC",
              "name": "电商运营 电商推广 电商设计 三维渲染 产品经理 供应链运营"
            },
            {
              "color": 9,
              "id": "optrnnV6qC",
              "name": "需求专业为：港口航道工程 测绘与勘探 陆地工程机械 岩土工程 航海技术 机械自动化 轮机管理 船舶海洋工程 船舶电气 市政工程 水利水电工程 城市规划 土木房建 道路与桥梁 环境工程 土壤修复 矿山机械 过程装备与控制 金融学 安全管理 市场开发 工程造价 法律合规 国际工程管理 计算机科学与技术 软件工程 网络工程 电子与计算机工程"
            },
            {
              "color": 10,
              "id": "optI6thkep",
              "name": "产品经理 项目经理 感知算法工程师 数据算法工程师 机器人算法工程师 多模态大模型开发工程师 系统架构工程师 信号及点云算法工程师 FPGA工程师 光学工程师 光学系统工程师 光学设计工程师 硬件数字工程师 硬件模拟工程师 模拟IC设计工程师 IC验证工程师 芯片系统工程师 电机开发工程师 电磁设计工程师 力学仿真工程师 机械结构工程师 知识产权工程师 产品规划工程师 标准化工程师 功能安全工程师 SLAM标定算法工程师 3D GS三维重建算法工程师 软件开发工程师 系统集成测试工程师 软件测试工程师 可靠性测试工程师 自动化机械工程师 生产软件开发工程师 标定工艺工程师 NPI工程师 测试工艺工程师 IE工程师 制造工艺工程师 管培生 高级品牌公关专员 高级客户经理 高级商务专员 高级文案创意专员 产品应用工程师 高级活动运营专员 业务拓展工程师（英/德/日/韩语方向） PMC工程师 MRO采购工程师 项目采购工程师 需求计划工程师 采购履行工程师 项目物流工程师 HRBP 高级COE专员 高级招聘专员 高级投资者关系专员 财务BP 高级内审专员 高级税务专员 高级法务专员 PQE工程师 SQE工程师 体系工程师 项目质量工程师 应用软件工程师 工程专员 信息安全工程师 需求分析工程师 高级政企项目专员 高级政企事务专员 高级行政专员"
            },
            {
              "color": 0,
              "id": "optR6SUgZj",
              "name": "金融科技岗 管理培训生 通用业务岗 定向柜员岗 投资与研究岗 信息科技岗"
            },
            {
              "color": 1,
              "id": "optAsLKLcb",
              "name": "研发技术类(硬件、软件、结构工程师) 电力电子、自动化、电气工程、控制理论、机械工程、 机械设计等专业 数字化类(应用软件开发/信息安全/系统运 维(数据库方向)/BI开发、人工智能(大模 型方向)/大数据分析工程师) 计算机、计算机软件、人工智能、数据信息处理等 专业 工程技术类(精益、IE、设备、测试、PTE、 ME"
            },
            {
              "color": 2,
              "id": "opttf8w38w",
              "name": "机械设计工程师) 工业工程、材料科学与工程、机械电子工程、 机电、自动化、电气自动化等专业 销售/项目类(助理销售、项目专员) 市场营销/国际贸易/电子信息等专业 专业职能类(质量、采购"
            },
            {
              "color": 3,
              "id": "optbDcJQwY",
              "name": "人资"
            },
            {
              "color": 4,
              "id": "optduj8aiu",
              "name": "财务) 材料、应用电子、电子信息、供应链管理、人力资 源"
            },
            {
              "color": 5,
              "id": "optQpBDbCa",
              "name": "财务等专业 海外工厂(越南):IE、PTE、ME工程师"
            },
            {
              "color": 6,
              "id": "optm1cOxvh",
              "name": "游戏原画设计师 2名 游戏UI设计师 2名 游戏策划2名 游戏测试 5名 客服5名 华为云商务专员10名"
            },
            {
              "color": 7,
              "id": "optsZm6Nng",
              "name": "结构强度设计"
            },
            {
              "color": 8,
              "id": "optcRCVWNY",
              "name": "综合管理"
            },
            {
              "color": 9,
              "id": "optIucoYhQ",
              "name": "战略规划管理"
            },
            {
              "color": 10,
              "id": "optmio3UeE",
              "name": "民机项目设计研发"
            },
            {
              "color": 0,
              "id": "opt5jcJ7ue",
              "name": "数字化测量技术"
            },
            {
              "color": 1,
              "id": "optHgF9LTk",
              "name": "电性能测试"
            },
            {
              "color": 2,
              "id": "optwT5Wq1H",
              "name": "供应链管理"
            },
            {
              "color": 3,
              "id": "optNuxXMFa",
              "name": "电磁特性试验技术研发"
            },
            {
              "color": 4,
              "id": "opt38WuvbJ",
              "name": "产品检验员"
            },
            {
              "color": 5,
              "id": "opt1k7yUJF",
              "name": "无损检测"
            },
            {
              "color": 6,
              "id": "optejh1Nx2",
              "name": "工艺技术"
            },
            {
              "color": 7,
              "id": "optEe50R7H",
              "name": "信息化运维"
            },
            {
              "color": 8,
              "id": "opt2Z3va6q",
              "name": "信息系统开发"
            },
            {
              "color": 9,
              "id": "optmAtOdZG",
              "name": "工艺装备设计"
            },
            {
              "color": 10,
              "id": "optIZmyJzR",
              "name": "先进制造技术研发"
            },
            {
              "color": 0,
              "id": "optcLIO6Eb",
              "name": "复合材料工艺技术"
            },
            {
              "color": 1,
              "id": "opt9fvLBrL",
              "name": "非金属材料研发"
            },
            {
              "color": 2,
              "id": "opt5v252KQ",
              "name": "总体与电磁设计技术研发"
            },
            {
              "color": 3,
              "id": "optWJLg3pN",
              "name": "光电探测系统工程师 图像信号处理算法工程师 嵌入式软件开发工程师 伺服控制算法工程师 雷达信号处理工程师 光学设计工程师 FPGA开发工程师 硬件工程师 结构研发工程师"
            },
            {
              "color": 4,
              "id": "opt8308la1",
              "name": "需求专业为：土木工程 工程力学 安全工程 工程管理 智能建造 机械工程 建筑学 电气工程 建筑环境与能源应用工程 给排水科学与工程 市政工程 城市与地下空间 公路工程 道路桥梁与渡河工程 交通工程 水务工程 勘察技术与工程 水利水电工程 水文与水资源工程 环境科学与工程 环境生态工程 园林绿化工程 城乡规划 风景园林 环境设计 人力资源管理 财务管理 会计学 法学 政治学与行政学 思想政治教育 汉语言文学 新闻学 网络与新媒体 工商管理 行政管理 物业管理 资产运营 金融投资 劳动与社会保障 信息管理与信息系统"
            },
            {
              "color": 5,
              "id": "optJiLtwTG",
              "name": "生物研发 多肽合成 分析研发 项目管理 质量管理 原料药/制剂外贸销售 成品药销售 储备药店店长 药品电商运营 生产岗 职能岗"
            },
            {
              "color": 6,
              "id": "optVGPy5rM",
              "name": "研发技术类 生产管理类 工艺技术类 质量管理类 市场营销类 财务金融类 职能支持类"
            },
            {
              "color": 7,
              "id": "optQT8kIGa",
              "name": "电学专利工程师 机械专利工程师 生化专利工程师"
            },
            {
              "color": 8,
              "id": "optyW5k0Xx",
              "name": "物理设计工程师 可测试性设计（DFT）工程师 前端设计工程师 前端验证工程师 硬件工程师 存储器IP设计工程师 软件开发工程师 电路设计工程师 热设计工程师"
            },
            {
              "color": 9,
              "id": "optOqkrdOn",
              "name": "产品开发 经营管理 亚马逊运营 品牌营销 TikTok运营"
            },
            {
              "color": 10,
              "id": "optL18I3M8",
              "name": "器件研发 芯片测试 芯片导入 版图设计 电路设计 电路仿真 PCB设计 IPM设计 可靠性测试 失效分析 产品测试 DBC测试 FAE 电气设计 PLC 设备自动化 结构设计 工艺研发 量产工艺 项目质量 供应商质量 客诉质量 制程质量 精益生产 生产管理 桌面运维 软件开发 上位机软件开发 市场营销"
            },
            {
              "color": 0,
              "id": "optxofcuRM",
              "name": "管理管培生 品牌管培生 电商管培生 商品管培生 外贸管培生 设计管培生 新零售管培生 营销管培生 职能管培生 IT管培生"
            },
            {
              "color": 1,
              "id": "optcofdXYA",
              "name": "运控算法工程师 感知算法工程师 运筹优化算法工程师 机械工程师 电气工程师 电机应用工程师 减速机应用工程师 硬件（本身）测试工程师 工艺工程师 嵌入式工程师 产品规划工程师 产品经理 Java开发工程师 软件测试工程师 软件测试开发工程师 战略分析岗 数据分析岗 产品市场岗（OP/BD/SE/区域） 交付运营岗（中/日区域） 项目助理（中/日区域） 销售助理（中/日区域） 解决方案岗（中/日区域 / 战略大客户 / 集成设备方向） 技术支持工程师（中/美/澳/韩/新区域） UI/UX设计 品牌设计 ID工业设计 采购工程师 物料计划工程师 国际物流工程师 供应商质量工程师 采购跟单 财务岗 人力资源岗"
            },
            {
              "color": 2,
              "id": "optwbGzcmH",
              "name": "技术研发岗"
            },
            {
              "color": 3,
              "id": "optcnzPtHP",
              "name": "软件类 测试类 硬件类 VMC AI大模型 机械设计 功能安全 信息安全"
            },
            {
              "color": 4,
              "id": "optDc99tlh",
              "name": "投资银行 投资交易 资产管理 财富管理 机构业务 金融科技 合规风控 财务运营 党群职能 分支机构财富顾问岗  需求专业为：经济金融、财会管理、信息技术、数理统计、理工类、 法律类等相关专业(详见岗位要求);复合专业背景优先"
            },
            {
              "color": 5,
              "id": "optaC347O7",
              "name": "快消销售储备 五金销售储备 计划储备 采购储备 仓储储备 运输储备 国内船务储备 财务储备 融资储备 审计储备 公关储备 环境安全储备 品质安全储备 快消生产管理储备 进出口储备 HRBP储备 行政储备"
            },
            {
              "color": 6,
              "id": "optfE9Ty64",
              "name": "道桥类 港口航道与海岸工程 石油化工类 交通类 市政类 水利水电类 环境工程类 土木工程 工程管理 给排水科学与工程 电气工程及其自动化 安全工程 机械类 材料类 中国语言文学类 新闻传播学类 法学类 马克思主义类 财务管理 会计学 系统研发 智能控制 算法编程 智能建造 地下空间 基础建材"
            },
            {
              "color": 7,
              "id": "optVzZiT44",
              "name": "道路桥梁与隧道工程 土木工程 交通运输 公路与城市道路工程 铁道工程 城市地下空间工程 市政工程 水利水电工程 岩土工程 结构工程 工程造价 工程管理 给排水工程 电气工程及其自动化 建筑环境与能源应用工程 测绘工程 安全工程 金融学 会计学 经济学 财务管理 工商管理 人力资源管理 行政管理 公共管理 法学"
            },
            {
              "color": 8,
              "id": "optTL5TwvP",
              "name": "（助理）电子工程师 （助理）软件工程师 （助理）机械工程师 销售工程师"
            },
            {
              "color": 9,
              "id": "optFlEomzL",
              "name": "技术类 产品类 运营类 教研类 职能类"
            },
            {
              "color": 10,
              "id": "opt0CJn6Re",
              "name": "算法工程师 后端开发工程师 前端开发工程师 软件测试工程师 产品经理 交互设计师"
            },
            {
              "color": 0,
              "id": "opt3RqNkvS",
              "name": "需求专业为：土木工程 管理科学 与工程类 地理科学类 地质类 矿业类 安全科学 与工程类 机械类 交通运输类 测绘类 水利类 海洋工程类 市政类 电气与 自动化类 材料类 建筑类 生态环保类 能源动力类 计算机与 电子信息类 投资金融类 经济类 工商管理类 中文 新闻传播类 财务会计类 法学类 外国语类 数学统计类 财政学类"
            },
            {
              "color": 1,
              "id": "optRVXLa8g",
              "name": "新材料研发工程师 催化剂研发工程师 技术管培生 AI算法工程师 电气工程师 国内营销管培生 国际营销管培生 开发工程师 市场推广 生产运营管培生 职能岗 退役军人专项 投资助理"
            },
            {
              "color": 2,
              "id": "opt4EtShRS",
              "name": "售后工程师 商务运营岗 产品经理 运营专员 质谱售后工程师 销售经理 销售助理 产品需求工程师 行政岗 项目专员 系统工程师 临床注册岗 研发工程师（分子方向） 研发工程师（免疫方向） 软件工程师 算法工程师 工艺工程师 设备维修工程师 研发工艺师 原料研发工程师 QC工程师 业务经理 技术工程师 IT运维专员"
            },
            {
              "color": 3,
              "id": "optIkTYoMp",
              "name": "营销管培生 海外销售工程师 销售运营管培生 技术研发工程师 电力电子软/硬件工程师 嵌入式软/硬件工程师 产品工程师 售前技术工程师 项目经理 生产储备干部 IE工程师 质量工程师 采购工程师 物流专员 人力资源管培生 财务管培生"
            },
            {
              "color": 4,
              "id": "optm9X4uwQ",
              "name": "金融柜员岗 理财经理岗 寄递营业部经理岗 客户经理岗"
            },
            {
              "color": 5,
              "id": "optMavR2zC",
              "name": "强度试验设计岗 测控技术研究岗 结构动力学研究 软件/系统开发岗 嵌入式开发 电气自动化 飞机气候环境适应性研究岗 机电液系统设计 声学仿真计算 结构健康监测 液压系统设计 计量岗 强度试验设计岗（上海岗） 测控技术研究岗（上海岗） 新闻宣传岗 工会干事 团委干事 质量管理岗 测控产品开发岗（上海岗）"
            },
            {
              "color": 6,
              "id": "optS7gCEN6",
              "name": "硬件工程师 新能源硬件工程师 电气工程师 机械工程师 上位机软件工程师 新能源软件工程师 Java后端工程师 嵌入式软件工程师 测试工程师 产品工程师 海外产品工程师 客户服务经理 销售经理 海外销售经理 投标工程师 销售管理专员 计划工程师 采购工程师 工艺工程师 质量工程师 交付管理工程师 财务管理专员 人力资源专员 行政专员（英语）"
            },
            {
              "color": 7,
              "id": "opt4hRIpae",
              "name": "服务端工程师 iOS开发工程师 测试工程师 WEB前端开发工程师 U3D客户端工程师 UI设计师 视觉设计师 视频设计师 角色原画师 场景原画师 角色模型师 场景模型师 动作设计师 特效设计师 广告创意策划 商业化策划 系统策划（SLG/卡牌） 数值策划（SLG） 游戏运营专员 海外投放专员 广告投放专员 直播运营专员 项目管理专员 证券事务专员 渠道商务负责人 直播运营助理 海外用户运营专员（印尼语） 海外运营专员（日本） 外贸业务员（汕头） 系统策划 数值策划 文案策划 JAVA服务端工程师 PHP开发工程师 C++服务端工程师 客户端工程师 GOLANG开发工程师 运维工程师 美宣原画师 交互设计师 动画设计师 视频编导 国内营销专员 市场分析专员 数据分析专员 渠道运营助理 海外渠道运营助理 海外营销专员（泰语、英语、越南语） 海外用户运营专员（韩语、泰语、印尼语）"
            },
            {
              "color": 8,
              "id": "optTFa674l",
              "name": "芯火计划 研发工程师 工艺整合工程师 工艺工程师 设备工程师 制造工程师 CIM工程师"
            },
            {
              "color": 9,
              "id": "optUbgq5yU",
              "name": "销售类 技术类 职能管理类 管培生"
            },
            {
              "color": 10,
              "id": "optI7wG4OJ",
              "name": "项目管理 物业管理"
            },
            {
              "color": 0,
              "id": "opt2GN5SK0",
              "name": "试剂研发工程师 试剂研发高级工程师 蛋白研发工程师 蛋白研发高级工程师 化学试剂研发工程师 临床监查员 算法高级工程师 软件工程师 临床医学高级工程师 产品经理 销售工程师 国际产品经理 应用技术专家 国际技术服务工程师"
            },
            {
              "color": 1,
              "id": "optsfGIOO3",
              "name": "施工管理（土木工程、工程管理、建筑幕墙） 计划调度（土木工程类、工程管理、建筑幕墙、机械类等专业） 研发设计（土木工程类、建筑幕墙、机械设计制造及其自动化、工程力学、结构工程等专业） 招采管理（土木工程、工程管理、建筑学、机械类等工程类或机械类等专业） 商务管理（工程管理、造价等相关专业） 投标管理（工程管理、工程造价类等专业）"
            },
            {
              "color": 2,
              "id": "optWpTKBbZ",
              "name": "小学教师 初中教师 竞赛教练"
            },
            {
              "color": 3,
              "id": "optOLiU03r",
              "name": "软件研发 硬件研发 NPI新产品导入 采购"
            },
            {
              "color": 4,
              "id": "opt5y0hwFi",
              "name": "招聘方向：风电光伏 氢能技术 灵活发电 煤转化 碳捕集与封存 新型电力系统 装备与器件 油气勘探开发（招聘专业：数学/物理学/化学/海洋科学/地球物理学/ 地质学/统计学/气象/力学/机械工程/仪器科学 与技术/材料科学与工程/动力工程及工程热物 理/电气工程/电子科学与技术/控制科学与工 程/计算机科学与技术/土木工程/水利工程/化 学工程与技术/地质资源与地质工程/矿业工程 /石油与天然气工程/船舶与海洋工程/环境科 学与工程/软件工程/电子信息/能源动力等）"
            },
            {
              "color": 5,
              "id": "optEMmiukn",
              "name": "高级研发工程师（化学、化工、高分子材料相关专业） 工艺工程师（化学、化工、高分子材料相关专业） 营销/市场服务（化学、化工、高分子材料相关专业） 研发工程师（化学、化工、高分子材料相关专业） 技术工程师（化学、化工、高分子材料相关专业） 机电仪工程师（自动化、电气、机械等 相关专业） 能源管理工程师（能源、动力 相关专业） 水处理工程师（环境、给排水 相关专业）"
            },
            {
              "color": 6,
              "id": "opt7iGwUlT",
              "name": "总行常规岗位 总行定向派驻岗位 分行培训生 客户经理 柜员 运营培训生 营销培训生 金融科技生 管理培训生 本级及同城支行管 本级及同城支行客 产品经理"
            },
            {
              "color": 7,
              "id": "optjnScP7l",
              "name": "需求专业：  土木工程类：土木工程、工程力学、工程管理、工程造价、材料科学、安全工程、测绘工程等      基础设施类：道路桥梁与渡河工程、公路工程、交通工程、城市地下空间工程、水利水电工程等      建筑设计类：建筑学、城乡规划、风景园林、环境艺术设计、装饰艺术设计等      机电安装类：电气工程及其自动化、建筑电气与智能化、给排水科学与工程、建筑环境与能源应用工程、环境工程等      职能管理类：中文、行政、新闻传播、法学、会计学、税收管理、财务管理等"
            },
            {
              "color": 8,
              "id": "optMSNpgLG",
              "name": "研发类 技术类 市场类 海外储备（需求学科 管理学 机械工程 金属材料 电气工程 经济学 材料科学 冶金工程 仪器仪表技术）"
            },
            {
              "color": 9,
              "id": "optdSqYujT",
              "name": "硬件开发工程师 软件设计师 硬件工程师 结构设计师 伺服系统设计师 传动系统设计师 工艺设计师 质量工程师 体系管理员 供应链管理工程师 采购工程师（招聘专业： 电子信息工程 电子科学与技术 信息与通信工程 计算机科学与技术 控制工程 软件工程 通信工程 应用电子技术 微电子科学与工程 机械设计制造 及其自动化 机械工程 自动化等相关专业）"
            },
            {
              "color": 10,
              "id": "opto1ASXxp",
              "name": "管培生：产业运营（新材料方向） 产业运营（生物医药方向） 企业服务 / 园区管家"
            },
            {
              "color": 0,
              "id": "opt9kFfFdY",
              "name": "Linux环境C语言开发工程师 Windows环境C++开发工程师 Java开发工程师 AI安全产品开发工程师 安全研究员（开发方向） 测试工程师 售前工程师 测评工程师 渗透测试工程师 密码技术工程师 安全研究员（安全评估方向） 计划行政经理 商务经理"
            },
            {
              "color": 1,
              "id": "opt5Ku2CY7",
              "name": "软件算法类 硬件研发类 光学及显示类 芯片类 结构类 材料类 仿真研发类 暖通制冷类 技术工艺类 技术类 测试类 设计类 营销类 运营类 人力资源类 财经金融类 行政类 其他管理类 质量类 制造工艺类 安全类 生产制造类 供应链管理类"
            },
            {
              "color": 2,
              "id": "opt4ZL75es",
              "name": "研发技术类 产品设计类 营销类 智能制造类 供应链类 财务金融类 综合管理类"
            },
            {
              "color": 3,
              "id": "opthfQyh5u",
              "name": "工程监理 工程造价 工程技术咨询 水务市政设施管养 环保设施运营 技术研发（招聘专业 水利水电工程、给排水科学与工程、市政工程、土木工程、道路与桥 梁、地质岩土、工程管理、环境工程、风景园林、电气工程及其自动 化、机电工程、工程造价）"
            },
            {
              "color": 4,
              "id": "optINT2hGc",
              "name": "雷达系统设计工程师 雷达信号处理算法工程师 芯片算法工程师 气象算法工程师 目标算法工程师 数据算法工程师 数值模式工程师 天线工程师 FPGA开发工程师 IC设计工程师 射频工程师 硬件工程师 自动化工程师 嵌入式软件工程师 C++开发工程师 Java开发工程师 Web前端开发工程师 气象工程师 目标工程师 水文应用工程师 产品经理 机械工程师 仿真工程师 研发测试工程师"
            },
            {
              "color": 5,
              "id": "opt1XGKQ2M",
              "name": "算法开发类精密运动控制、计算物 理算法、深度学习算法 硬件开发类 FPGA、硬件、射频、 电气、layout、光学、产品 软件开发类 驱动、软件、自动化软 件、视觉软件 测试类硬件测试、软件测试 机械类 机械、传热、制冷 CFD、EMC仿真、 SI仿真 仿真类  应用开发类 应用开发、 视觉应用开发 技术支持类 售后服务、实验室运维 质量管理类 成品/出厂检验、 客户/过程质量管理 供应链类 采购、计划、工艺、调 试、组装...."
            },
            {
              "color": 6,
              "id": "optHdt8OB5",
              "name": "业务工程师（专业不限） 研发工程师（化学工程与工艺等相关专业） 工艺工程师（化学工程与工艺等相关专业） 安调工程师（机械工程、能源动力等工科专业） 电仪工程师（测控技术与仪器、自动化、电气工程等相关专业） 自控工程师（控制工程、电气自动化、系统工程等相关专业） 人事专员（人力资源、工商管理等相关专业） 管培生（专业不限）"
            },
            {
              "color": 7,
              "id": "opth69bT1D",
              "name": "科学素养教师(小学/初中) 国际素养教师 高中学科教师(数学/物理) 数学竞赛教练(年薪30W+)"
            },
            {
              "color": 8,
              "id": "opte6KlmbN",
              "name": ".NET开发 前端开发 软件测试 技术支持 新媒体运营 私域运营 销售 客户助理 商务助理"
            },
            {
              "color": 9,
              "id": "optr5TD8J9",
              "name": "软件研发岗(信息安全方向) 大数据开发 人工智能研发岗 软件研发岗(人工智能) 软件研发岗(大数据) 软件研发工程师 人工智能工程师(专业需求为：计算机 电子信息 人工智能 大数据 软件工程 信息安全 应用统计 控制科学等)"
            },
            {
              "color": 10,
              "id": "optMf5uuYw",
              "name": "供应链类 研发类 职能类 营销类"
            },
            {
              "color": 0,
              "id": "opt1UrKwtz",
              "name": "医学专员"
            },
            {
              "color": 1,
              "id": "optb8lAygc",
              "name": "临床药理研究员"
            },
            {
              "color": 2,
              "id": "optBlR3ej9",
              "name": "CRA-Ⅰ"
            },
            {
              "color": 3,
              "id": "optkWN54Iq",
              "name": "客服"
            },
            {
              "color": 4,
              "id": "optjeoPWkf",
              "name": "合同管理员"
            },
            {
              "color": 5,
              "id": "optOqJf9pj",
              "name": "内容运营专员"
            },
            {
              "color": 6,
              "id": "optXfgPt8J",
              "name": "短视频商务专员"
            },
            {
              "color": 7,
              "id": "optZwDXAXZ",
              "name": "直播商务专员"
            },
            {
              "color": 8,
              "id": "optAGMel2m",
              "name": "视频编导专员"
            },
            {
              "color": 9,
              "id": "optu9tpeX6",
              "name": "研发设计（结构）工程师"
            },
            {
              "color": 10,
              "id": "optbUPS0zx",
              "name": "注塑技术员"
            },
            {
              "color": 0,
              "id": "optuiXZ7TP",
              "name": "设备维护工程师"
            },
            {
              "color": 1,
              "id": "optYI7gLjZ",
              "name": "质检员"
            },
            {
              "color": 2,
              "id": "optXPftPsE",
              "name": "药品研发"
            },
            {
              "color": 3,
              "id": "opta2E6e4p",
              "name": "市场专员（国际医药业务）"
            },
            {
              "color": 4,
              "id": "optjc0hun1",
              "name": "设备技术员（制药方向）"
            },
            {
              "color": 5,
              "id": "opt9opskxi",
              "name": "注册专员"
            },
            {
              "color": 6,
              "id": "optSPkidDr",
              "name": "质管员 (现场 / 文件)"
            },
            {
              "color": 7,
              "id": "optykFLbiB",
              "name": "QA"
            },
            {
              "color": 8,
              "id": "optp4xZ4rh",
              "name": "QC"
            },
            {
              "color": 9,
              "id": "optve5of9b",
              "name": "生产储备干部"
            },
            {
              "color": 10,
              "id": "opt6kdpcdX",
              "name": "销售内勤"
            },
            {
              "color": 0,
              "id": "optfu9lovF",
              "name": "出纳"
            },
            {
              "color": 1,
              "id": "optJdKEQwe",
              "name": "技术研发类 机械工程师 AGV开发类 电机控制软件工程师 算法工程师(AI大模型方向) 算法工程师(机器人运动控制方向) 商业先锋类 销售工程师（相关专业：机械工程、车辆工程、机械电子工程、电气工程及其自动化、自动化、电子信息工程、智能装备与系统、市场营销、工商管理、计算机科学与技术、人工智能、数据科学与大数据技术、智能科学与技术、机器人工程......）"
            },
            {
              "color": 2,
              "id": "optGEQi93B",
              "name": "AI算法工程师 广告创意策划 运营中心-储备干部 产品培训生 游戏文案策划 人力资源管培生 视觉设计师 组织运营储备生 经营管理储备生 总经办助理"
            },
            {
              "color": 3,
              "id": "opt8QZJ4gv",
              "name": "专业要求：  1.基础设施类：土木工程、工程管理、工程造价、道路与桥梁工程、轨道交通工程、岩土工程、市政工程、城市地下空间工程、公路工程、安全工程、测绘工程、无机非金属材料、材料工程、机械设计与制造、水利水电工程等；  2.机电安装类：电气工程与自动化、给排水科学与工程、建筑环境及能源应用工程、建筑电气与智能化等  3.职能管理类：人力资源管理、行政管理、中文、汉语言文学、新闻学、工商管理等  4.财务管理类：会计学、财务管理、税务、审计学等"
            },
            {
              "color": 4,
              "id": "optrCn5Kzr",
              "name": "技术管理岗 商务合同管理岗 财务管理岗 法务管理岗 人力资源管理岗 信息化建设岗(需求专业：能源动力工程 储能科学与工程 新能源科学与工程 电气工程及其自动化 环境工程 工程造价 工程管理 管理科学与工程 国际经济与贸易 电子信息工程 计算机科学与技术 劳动与社会保障 人力资源管理 法学 经济法 民商法 国际法)"
            },
            {
              "color": 5,
              "id": "opthxvZJ4M",
              "name": "安装技术岗 土建技术岗 仪电技术岗 安全管理岗 工程造价岗 设材管理岗 财务管理岗 人力资源岗 法务岗 党务岗 翻译岗(专业需求为：化学工程与工艺、化工设备与机械、机械设计制造、 过程装备与控制工程、材料成型与控制工程、 焊接工程与技术、工程力学等 土木工程、建筑工程、市政工程、工程管理、 测绘工程、结构工程、建筑学、给排水工程等 电气工程及其自动化、自动化、测控技术等 安全管理(工程)、安全科学与工程等 工程造价、工程管理等相关专业 物流工程、材料科学工程、物流管理、供应链管理等 会计学、财务管理等 人力资源管理、劳动与社会保障等 法学、法律等专业 马克思主义理论、思想政治教育、汉语言文学等 英语、俄语、阿拉伯语、葡萄牙语等)"
            },
            {
              "color": 6,
              "id": "optwZ33dBs",
              "name": "企业法务岗 审计管理岗 物资管理岗 综合管理岗 工程测绘岗 成本管理岗 英语翻译岗 财务管理岗"
            },
            {
              "color": 7,
              "id": "optRjAWKvu",
              "name": "咨询投诉岗 质量管理岗 IT运维岗 咨询岗 95518客服岗 运行支持岗 运行支持岗 数据平台建设岗 运行支持岗 运行支持岗 运维管理岗 软件开发岗 运行支持岗 人工智能算法研发工程师 后端开发岗 软件开发工程师 薪酬绩效岗 出纳岗 人员管理岗"
            },
            {
              "color": 8,
              "id": "opttpAqSLm",
              "name": "大型企业发展与改革研究 开放经济研究 经济形势分析 发展规划编制与理论研究 重大平台及重大项目研究 海洋经济战略规划研究 城市群与都市圈研究 区域经济与产业研究 城乡融合、新型城镇化和乡村振兴战略与省域实践研究 城市更新与片区开发研究 城乡规划技术应用与研究 现代物流与供应链管理咨询研究 低空经济研究 轨道交通咨询研究 港航发展规划咨询研究 项目投融资研究 水利发展规划咨询研究 区域发展与城乡规划咨询研究 集成电路产业研究 人工智能产业研究 高端装备产业研究 创新战略研究 生物医药产业研究 乡村振兴研究 产业平台研究 能源发展咨询研究 碳达峰碳中和咨询研究 生态评价与环境管理咨询研究 循环经济咨询研究 共同富裕咨询研究 人口和公共服务咨询研究 数字文化 综合规划岗 铁路项目咨询管理 党建理论研究与综合管理"
            },
            {
              "color": 9,
              "id": "opt1tmOqHM",
              "name": "未提及具体岗位"
            },
            {
              "color": 10,
              "id": "optfXQ6ihP",
              "name": "需求专业 ：信息与通信工程、电子科学与技术、控制科学与工程、仪器科学与技术、兵器科学与技术、集成电路、人工智能、机械工程、电子封装技术、材料加工技术、航空宇航科学与技术、光学工程、电气工程、大数据、云计算、计算机科学与技术等相关专业"
            },
            {
              "color": 0,
              "id": "optcPJ9TfI",
              "name": "机械工程师 电气工程师 软件工程师 售前技术支持 审计专员"
            },
            {
              "color": 1,
              "id": "optkBiXsV5",
              "name": "所需专业为：人工智能 智能科学与技术 航空宇航科学与技术 飞行器设计与工程 飞行器制造工程 飞行器动力工程 飞行器环境与生命保障工程 飞行器适航技术 飞行器质量与可靠性 力学 机械工程 机械设计制造及其自动化 机械电子工程 智能制造 电磁场与无线技术 控制科学与工程 电气工程及其自动化 电子信息工程 自动化 信息与通信工程 复合材料与工程 材料科学与工程 材料成型及控制工程 计算机科学与技术 软件工程 网络工程 数据科学与大数据技术 网络与信息安全 企业管理 法学 人力资源管理 物流与供应链管理 工业工程"
            },
            {
              "color": 2,
              "id": "optJLGxzfP",
              "name": "算法 Java Android 嵌入式 数据开发 测试开发 web前端 产品管理 人工智能教学研究员 软件测试 系统运维 研发管培生 C#/X++/.net 硬件开发 电气 自动化 市场营销管培生 生产计划 PE 商务 财务 技术支持 售前 销售工程师 机电系统工程师 海外技术支持"
            },
            {
              "color": 3,
              "id": "optymHupuD",
              "name": "项目管理工程师"
            },
            {
              "color": 4,
              "id": "optaFW8Ygp",
              "name": "硬件开发工程师"
            },
            {
              "color": 5,
              "id": "optqJfwccQ",
              "name": "FAE 技术文员"
            },
            {
              "color": 6,
              "id": "optHrJSSlc",
              "name": "海外商务专员（小语种优先 / 储备销售）"
            },
            {
              "color": 7,
              "id": "optgwgehyx",
              "name": "行业销售助理工程师（国内外）"
            },
            {
              "color": 8,
              "id": "optAEvg5qz",
              "name": "海外技术支持工程师（储备销售）"
            },
            {
              "color": 9,
              "id": "optaLONKjf",
              "name": "海外销售工程师"
            },
            {
              "color": 10,
              "id": "optAKuuxF3",
              "name": "海外销售助理（储备销售）"
            },
            {
              "color": 0,
              "id": "optocQ1Ivn",
              "name": "PQE 工程师"
            },
            {
              "color": 1,
              "id": "optQ5s6IkX",
              "name": "SQE 工程师"
            },
            {
              "color": 2,
              "id": "optrdVWe1L",
              "name": "ME&IE 工程师"
            },
            {
              "color": 3,
              "id": "optSo78rBZ",
              "name": "采购工程师"
            },
            {
              "color": 4,
              "id": "opt796LFuU",
              "name": "人力资源助理"
            },
            {
              "color": 5,
              "id": "optAtJEuAl",
              "name": "智造技术工程师 智造管理工程师（专业要求: 机械类、材料类、自动化类、控制类、电气类、电子类、工程类、计算机技术类、语言类、人工智能类等相关专业优先;）"
            },
            {
              "color": 6,
              "id": "optYpWSFQh",
              "name": "招聘需求专业：  土木工程类：土木工程、工程力学、工程管理、工程造价、安全工程、机械工程、测绘工程等；  基础设施类：道路桥梁与渡河工程、公路工程、交通工程、城市地下空间工程、水利水电工程、能源与动力工程、新能源科学与工程、可再生能源科学与工程、机械工程及其自动化等；  建筑设计类：建筑学、结构力学等；  机电安装类：电气工程及其自动化、建筑电气与智能化、给排水科学与工程、建筑环境与能源应用工程、环境工程、通信工程等。  数字建造类：计算机科学与技术、网络安全、数据科学与大数据技术、物联网工程、软件工程、机器人工程等；  职能管理类：汉语言文学、新闻学、哲学、法学、人力资源管理、会计学、财务管理、行政管理、工商管理、企业管理等"
            },
            {
              "color": 7,
              "id": "optKHSwPJl",
              "name": "职能管理岗  技术研究岗(专业需求为：管理学、经济学、工学等相关专业"
            },
            {
              "color": 8,
              "id": "opt2ftkFwn",
              "name": "覆盖物流管理与工程(含供应链优化)、会计学(含财务分析)、工商管理(含组织管理)、计算机科学与技术(网络安全、信息化方向)、网络空间安全(含保密技术)、公共管理(含体系建设)、航空宇航推进理论与工程、工程热物理、热能工程、动力机械及女工程、流体机械及工程、制冷及低温工程、化工过程机械、飞行器设计、机械设计及理论、机械制造及其自动化、机械电子工程、软件工程、流体力学、计算力学、固体力学、工程力学、控制理论与控制工程、计算数学、电机与电器、电力电子与电力传动、电工理论与新技术等 相关专业)"
            },
            {
              "color": 9,
              "id": "optptYCH5X",
              "name": "工作站博士后勘察设计岗技术管理岗安全管理岗财务管理岗经济管理岗物资设备岗机械设备岗行政管理岗其他专业岗;"
            },
            {
              "color": 10,
              "id": "opt4QlHq1F",
              "name": "电源硬件工程师 监控硬件工程师设备开发工程师 DSP软件工程师Java开发工程师测试工程师 监控软件工程师电气开发工程师技术支持工程师因内/海外校招供应链管理量管理 采购管理成本管理;"
            },
            {
              "color": 0,
              "id": "optkGOVqF3",
              "name": "博士生专区工程技术类品质管理类项目管理刺职能管理类生产技术类海外管培生实习生专区;"
            },
            {
              "color": 1,
              "id": "optDCPqfrg",
              "name": "研发测试类市场营销类生产制造类"
            },
            {
              "color": 2,
              "id": "optEZ1Jtrm",
              "name": "电气工程 计算机科学与技术软件工程仪器科学与技术飞行器动力学与控制控制理论与控制工程网络空间安全基础信息与图像处理电子科学与技术航空宇航科学与技术交通运输工程 信息与通信工程 导航制导与控制飞"
            },
            {
              "color": 3,
              "id": "optL74WWTD",
              "name": "投运类科技类市场类子公司岗位;"
            },
            {
              "color": 4,
              "id": "opt89ef5tu",
              "name": "算法/网络安全/大数据类软件/嵌入式类件/结构类器件电路类国内营销/技术支持类测试/支持类供应链类体验设计类综类"
            },
            {
              "color": 5,
              "id": "optUJQZARa",
              "name": "固收研究岗权益研究岗固收交易岗;"
            },
            {
              "color": 6,
              "id": "optqHRaiuw",
              "name": "金属材料类冶金类机械类电类类综合管理类现场操作类设备维修类"
            },
            {
              "color": 7,
              "id": "optQ9eZ6lC",
              "name": "研发技术类制造类营销类职能类;"
            },
            {
              "color": 8,
              "id": "optlU9r2rl",
              "name": "试验测试技术岗试验工艺技术岗信息化技术岗技术研发岗;"
            },
            {
              "color": 9,
              "id": "optpxT9LSH",
              "name": "亚马逊云技术支持工程师"
            },
            {
              "color": 10,
              "id": "optBOavtbJ",
              "name": "核工程与核技术、辐射防护、环境、电子信息、药理毒理、生物化学、自动化控制、核电子学、化学化工、机械、材料、安全工程、放射药物、智能装备、放射化学、人工智能相关专业"
            },
            {
              "color": 0,
              "id": "optFFR3o3o",
              "name": "研发设计储干、生产/质量储干、行政类专员储干(采购、商务、财务行政、文字)、技术员"
            },
            {
              "color": 1,
              "id": "optz4C2Qv3",
              "name": "人工智能类航空类机械类电子电气类材料类计算机类管理类;"
            },
            {
              "color": 2,
              "id": "optyKBTwnE",
              "name": "信息与通信工程、电子科学与技术、控制科学与工程、仪器科学与技术、兵器科学与技术、集成电路、人工智能、机械工程、电子封装技术、材料加工技术、航空宇航科学与技术、光学工程、电气工程、大数据、云计算、计算机"
            },
            {
              "color": 3,
              "id": "optRXwmmpU",
              "name": "系统设计N性设计综合管理计划财务集成验证元器件/标材/工艺质量管理人力资源技术研究采购管理适航体系纪检审计"
            },
            {
              "color": 4,
              "id": "opt4cGknCC",
              "name": "研发类营销类供应链类职能类:"
            },
            {
              "color": 5,
              "id": "optfoDiYk0",
              "name": "网络安全工程师 安全研究员（Web漏洞挖掘与利用） AI应用算法工程师 AIGC算法工程师-agent AIGC算法工程师-算法研究 AI大模型算法工程师-OCR/多模态 AI大模型算法工程师-内容抽取及理解 AI大模型算法工程师-agent AI大模型算法工程师-AIGC 广告算法工程师-出价方向 广告算法工程师-召回与模型优化 服务端开发工程师-C++ 服务端开发工程师-Golang 服务端开发工程师-Java Web服务端开发工程师 Web前端开发工程师 硬件开发工程师 嵌入式软件开发工程师 测试开发工程师 用户体验设计师(UE) 产品运营 项目助理 质量专员"
            },
            {
              "color": 6,
              "id": "optT3Qd3Wx",
              "name": "工艺集成工程师 OPC工程师 器件工程师 良率提升工程师 版图工程师-器件级 在线质量管理工程师 软件开发工程师 失效分析工程师 工艺工程师（掩模mask） 制造工程师 IP平台工程师 IO工程师 版图工程师 ATE测试工程师 存储器工程师 设备工程师 产品工程师 工艺工程师"
            },
            {
              "color": 7,
              "id": "optvz3Ibwm",
              "name": "市场开发 - 法语"
            },
            {
              "color": 8,
              "id": "optnaDC6ov",
              "name": "电气工程师 - 新能源"
            },
            {
              "color": 9,
              "id": "optzWEKE4J",
              "name": "研究员 - 机械"
            },
            {
              "color": 10,
              "id": "optiexPhbS",
              "name": "研究员 - 光学"
            },
            {
              "color": 0,
              "id": "optDlAOx4t",
              "name": "研究员 - 算法"
            },
            {
              "color": 1,
              "id": "optkOdB3cf",
              "name": "研究员 - 硬件"
            },
            {
              "color": 2,
              "id": "opt2bisxHl",
              "name": "暖通类岗位（建筑环境与能源应用工程、能源与动力工程、供热通风与空调工程等相关专业）  管道类岗位（给排水科学与工程、环境工程、化学工艺与工程等相关专业）  电气类岗位（电气工程及其自动化、建筑电气与智能化等相关专业）  土建类岗位（土木工程、工程管理、建筑工程等相关专业）  装饰类岗位（土木工程、工程管理、建筑工程、环境设计、建筑装饰与装修等相关专业）  造价类岗位（工程造价、工程管理等相关专业）  安全类岗位（安全工程、安全科学与工程、工程管理等相关专业）  自控类岗位（电气工程及其自动化、自动化工程、机械设计制造及其自动化、工业设计、过程装备与控制工程等相关专业）  机械类岗位（机械设计制造及其自动化、工业设计、过程装备与控制工程等相关专业）  采购管理（工程类相关专业）  软件开发工程师（计算机、软件工程、电子信息等相关专业）  交付工程师（计算机、自动化、信息化、机械等相关专业）  法语翻译（法语相关专业）  西班牙语翻译（西班牙语相关专业）  葡萄牙语翻译（葡萄牙语相关专业）  法务（法学相关专业）  财务管理（财务管理、会计、审计等相关专业）  行政人力（人力资源管理、工商管理、公共事业管理等相关专业）"
            },
            {
              "color": 3,
              "id": "optO5jgqZ7",
              "name": "专业不限）  采购员（专业不限）  平面设计师（设计、视觉传达等相关专业）  产品开发员（专业不限）  质量工程师（机械、物理、化学类专业优先）  生产管培生（专业不限）"
            },
            {
              "color": 4,
              "id": "optEqED11S",
              "name": "数学/物理竞赛教练  主讲教师(数学/物理/化学/英语) （理科主讲不限专业;英语主讲需相关专业背景）"
            },
            {
              "color": 5,
              "id": "optlZPTx56",
              "name": "见习分析师-医疗组、硬科技组;见习投资者关系专员"
            },
            {
              "color": 6,
              "id": "optefNcGgR",
              "name": "投融资经理/分析师-硬科技组;"
            },
            {
              "color": 7,
              "id": "optjnfKjlp",
              "name": "土木水利（水利方向）等；  土木工程类：土木工程（含智能建造"
            },
            {
              "color": 8,
              "id": "optSdpsXPU",
              "name": "土木水利（土木方向）等；  测绘及地质类：测绘工程（含遥感科学与技术"
            },
            {
              "color": 9,
              "id": "opteBwaPMV",
              "name": "资源勘查工程）等；  机械、电气及材料类：机械设计制造及其自动化（含机械工程"
            },
            {
              "color": 10,
              "id": "optgiY0CS5",
              "name": "无机非金属材料工程等；  安全管理类：安全工程"
            },
            {
              "color": 0,
              "id": "optO9SvcHy",
              "name": "安全防范工程等；  经营管理类：工程造价"
            },
            {
              "color": 1,
              "id": "optfNseMsa",
              "name": "工程管理（造价方向）等；  财会金融类：财务管理"
            },
            {
              "color": 2,
              "id": "opt3ioE0RR",
              "name": "金融学等；  外语语言类：西班牙语"
            },
            {
              "color": 3,
              "id": "opt2PzP41i",
              "name": "阿拉伯语等；  其他：采矿工程"
            },
            {
              "color": 4,
              "id": "opt6Axl2RW",
              "name": "机械类（车辆工程、力学、机械电子工程、载运工具运用工程、智能制造、机械设计制造及其自动化、机械工程等相关专业）   电气类（电气工程及其自动化、电气工程、控制工程、自动化、电子信息等相关专业）   计算机类（计算机科学与技术、软件工程、人工智能、数据科学与大数据等相关专业）   材料类（焊接技术与工程、金属材料工程、材料科学与工程、复合成型材料、电池类等相关专业）   能源动力类（能源与动力工程、船舶与海洋工程、海洋工程与技术、新能源科学与工程、储能科学与工程等相关专业）   管理类（会计、法学等相关专业）   市场营销类（法语、俄语、西班牙语等相关专业）"
            },
            {
              "color": 5,
              "id": "optp2iWQsI",
              "name": "单晶材料工艺开发技术  质量技术岗  上位机软件设计技术岗  微波混合集成工艺设计技术岗  射频系统设计技术岗  射频微系统设计技术岗  逻辑开发技术岗  射频设计技术岗  射频电路设计技术岗  数字电路硬件设计技术岗  测试开发技术岗  版图、结构设计技能岗  信号处理设计技术岗  组部件电源设计技术岗  模块电源设计技术岗  混合电源设计技术  产品测试工艺开发  铌酸锂薄膜调制器设计研发  光电子封装工艺开发  光学精密加工工艺开发  光电集成设计  光电子芯片工艺开发  软件与算法设计技术岗  电路设计与仿真技术岗  工艺研发设计  隔离器件/模块设计岗  封装测试工艺开发技术岗  芯片制造工艺开发技术岗  组件研发设计技术岗  模块研发设计技术岗  器件研发设计技术岗  芯片研发设计技术岗  材料研发设计技术岗  数字电路设计技术岗  光电探测器与集成器件设计技术岗  模拟电路设计技术岗  封装工艺开发技术岗  测试开发技术  测试开发技术  半导体工艺开发技术岗  硬件电路设计技术岗  机械设计技术岗  机械设计技术岗  电子装联工艺技术岗  真空镀膜工艺技术岗  系统设计技术岗  结构设计技术岗  压电器件设计岗  微波器件设计技术岗  压电陶瓷材料设计岗  晶体器件设计技术岗  惯性结构设计  半球陀螺工艺设计  惯性电路设计  系统集成设计技术岗  微系统工艺研究技术岗  支撑技术岗  数字电路设计技术岗  射频电路设计技术  模拟电路设计技术岗  版图设计技术  支撑技术  系统产品设计技术  数模混合电路设计技术  精益工程岗  机加工艺技术岗  产品质量技术岗  电镀工艺岗  陶瓷工艺岗  烧结工艺  外壳设计岗  可靠性技术岗  成品检验技术岗  模拟电路设计技术岗"
            },
            {
              "color": 6,
              "id": "optMcE6Akm",
              "name": "医学信号处理算法研究工程师(博士)  医学信号处理算法研究工程师  系统控制算法研究工程师(博士)  系统控制算法研究工程师  医学图像处理研究工程师(博士)  医学图像处理研究工程师  图像系统算法研究工程师  软件开发工程师(大模型)(博士)  软件开发工程师  软件测试工程师  试剂研发工程师(博士)  试剂研发工程师(俄语)(博士)  试剂研发工程师  硬件开发工程师  电源开发工程师  自动化开发工程师  机械开发工程师(博士)  机械开发工程师  包装标贴设计工程师  液路系统工程师  气路结构工程师  产品设计验证工程师  传感器工程师(精密结构设计)  传感器工程师(声学设计)(博士)  产品工艺开发工程师  临床工程师(临床医学与生物医学方向)  临床工程师(临床医学与检验医学方向)(博士)  临床工程师(临床医学与检验医学方向)  光学系统工程师  电磁兼容(EMC)工程师  UX/UI用户体验设计师  产品数字化工程师  知识产权工程师  产品注册工程师(临床评价方向)  销售工程师  技术支持工程师  技术支持工程师(韩语/俄语/西语)  临床应用专员  智能制造开发工程师  精密制造技术工程师  供应链管理工程师  采购资源与技术开发工程师  试剂产品工程师  工业工程师  质量管理工程师(仪器质量方向)  质量管理工程师(体外诊断试剂方向)  质量管理工程师(质量体系-试剂)  质量管理工程师(上市后方向)"
            },
            {
              "color": 7,
              "id": "opthRuwpXQ",
              "name": "人资专员  SQE工程师  采购工程师  品质工程师  产品经理  五金开发工程师  产品设计工程师  工艺工程师  测试工程师  Layout工程师  结构工程师  结构工程师  电子工程师  校园大使  电子工程师"
            },
            {
              "color": 8,
              "id": "optzwKHA3d",
              "name": "机电设备安装类（电气工程及其自动化、自动化、电气工程与智能控制、建筑电气与智能化、测控技术与仪器、建筑环境与能源应用工程、能源与动力工程、供热通风与空调工程、过程装备与控制工程、给排水科学工程、消防工程、工程造价、安全工程等相关专业）  石油化工类（石油工程、能源化学工程、化工安全工程、化学工程与工艺、焊接技术与工程等相关专业） 环境治理类（环境科学与工程、环境工程、环境生态工程、环保设备工程等相关专业） 基础设施类（新能源、水利水电工程、水务工程等相关专业） 职能管理类（人力资源管理、企业管理、行政管理、汉语言文学、心理学、法学等相关专业）"
            },
            {
              "color": 9,
              "id": "opts2ytOIH",
              "name": "管理培训生 (生产管理类)  管理培训生 (销售零售类)"
            },
            {
              "color": 10,
              "id": "optL9DxJB1",
              "name": "01 工程技术、物资设备岗 土木工程、道路桥梁与渡河工程、建筑工程、 智能建造、电气工程及其自动化、工程力学、 地质工程、轨道交通信号与控制、环境工程、 交通工程、材料成型及控制工程、测绘工程、 采矿工程、勘查技术与工程、资源勘查工程、 通信工程、城市地下空间工程、水利水电工程 机械工程、城市轨道交通工程、电子信息工程 给排水科学与工程、建筑环境与能源应用工程 02 商务管理岗 工程管理、工程造价 03 建筑安全岗 安全工程、消防工程、弹药工程与爆炸技术 04 试验检测岗 无机非金属材料工程、高分子材料与工程、 材料科学与工程 05 财经管理岗 会计学、财务管理、金融学、审计学 06 交通运输岗 交通运输、车辆工程 07 法律合规岗 法学 08 综合管理岗 汉语言文学、新闻学、人力资源管理等 09 驻外翻译岗 葡萄牙语、西班牙语、法语"
            },
            {
              "color": 0,
              "id": "opte85lxFN",
              "name": "投资 战略 运营 营销 财务 合规 研发 供应链 AI产品经理 AI(文商旅方向)"
            },
            {
              "color": 1,
              "id": "optL8jEZmc",
              "name": "研发管培生 产品开发管培生 技术项目管理管培生工程项目管理管培生 工程管培生 自动化管培生 模具设计管培生 检测管培生 供应链管理管培生 物料计划管培生 采购管培生 物流管培生 生产管理管培生 工业工程管培生 设备管理管培生 品质管培生 质量项目管理管培生 研发质量管培生 项目管理管培生 销售管培生 交付管理管培生 财务管培生 审计 培生 人力资源管培生 证券管培生 信息技术管培生 关务管培生 政 培生 环境健康安全 管培生 社会责任管培生"
            },
            {
              "color": 2,
              "id": "optcNZanSr",
              "name": "研发类 技术支持类 厂建类 职能类"
            },
            {
              "color": 3,
              "id": "optkxLj3FA",
              "name": "工程管理类 营销策划类 人力资源类 设计管理类 投资拓展类 财务管理类 客户服务类 成本管理类 商业策划类 商业招商类 AI工程类 产品经理类 设计管理类 财务管理类 工程管理类 成本管理类"
            },
            {
              "color": 4,
              "id": "optpK2nnx0",
              "name": "管理培训生类 营销管理类 金融科技类 精算类 运营管理类 财务管理类 法律与风险管理类 客户服务类 医疗健康类 投资管理类 战略管理类 营销与服务类 人力资源与综合行政类"
            },
            {
              "color": 5,
              "id": "optSlXPgD9",
              "name": "总行投资交易类"
            },
            {
              "color": 6,
              "id": "optnngcEbI",
              "name": "总行法律与风险管理类"
            },
            {
              "color": 7,
              "id": "optGIx8Hpk",
              "name": "总行财务管理类"
            },
            {
              "color": 8,
              "id": "optVeaharl",
              "name": "总行金融科技类"
            },
            {
              "color": 9,
              "id": "optuAvEEGb",
              "name": "总行纪检监察与组织人事类"
            },
            {
              "color": 10,
              "id": "opt9fhlnXW",
              "name": "总行博士后研究人员"
            },
            {
              "color": 0,
              "id": "optBTuFmf1",
              "name": "分行营销英才"
            },
            {
              "color": 1,
              "id": "optH0yxepR",
              "name": "分行金融科技类"
            },
            {
              "color": 2,
              "id": "optyCes4tD",
              "name": "分行法律与风险管理类"
            },
            {
              "color": 3,
              "id": "optclKD42e",
              "name": "分行财务管理类"
            },
            {
              "color": 4,
              "id": "optLYaxN5C",
              "name": "研发工程师（人工智能）"
            },
            {
              "color": 5,
              "id": "opteXFa4gZ",
              "name": "研发工程师（信息安全）"
            },
            {
              "color": 6,
              "id": "optLGbSjRr",
              "name": "研发工程师（开发方向）"
            },
            {
              "color": 7,
              "id": "opt1mVVCVv",
              "name": "市场数据分析类"
            },
            {
              "color": 8,
              "id": "optnhYsZy4",
              "name": "算法模型类"
            },
            {
              "color": 9,
              "id": "opt29p5fLX",
              "name": "风险策略算法应用类"
            },
            {
              "color": 10,
              "id": "optHi4mUOV",
              "name": "风险数据分析类"
            },
            {
              "color": 0,
              "id": "optu2I3hEo",
              "name": "法律与风险管理类"
            },
            {
              "color": 1,
              "id": "optBKP95jh",
              "name": "投资交易类"
            },
            {
              "color": 2,
              "id": "optkoJH4R0",
              "name": "产品销售类"
            },
            {
              "color": 3,
              "id": "opttiv9Lrv",
              "name": "风控合规类"
            },
            {
              "color": 4,
              "id": "optbbEkDtV",
              "name": "运营科技类"
            },
            {
              "color": 5,
              "id": "optzsaLLXd",
              "name": "综合管理类"
            },
            {
              "color": 6,
              "id": "optszcD7Rw",
              "name": "管理培训生（市场与发展部 销售部 供应链部 研发部 人力资源部 财务部）"
            },
            {
              "color": 7,
              "id": "opt0XiykH2",
              "name": "@具体见各机构招聘计划（总行机构、境内37家一级分行、综合化子公司）"
            },
            {
              "color": 8,
              "id": "optXcoxrkF",
              "name": "总行管理培训生(信息科技、业务发展、金融市场、风险合规、综合管理等5个方向)、 上海总部管理培训生、审计员、审计数据分析员、管理培训生、信息科技岗、营业网点业务岗位(营销服务)、营业网点业务岗位(综合服务)、小语种专项计划"
            },
            {
              "color": 9,
              "id": "optdBs3DzT",
              "name": "计算机类(深度学习、机器视觉方向)、测绘类(测绘工程、地球物理方向);"
            },
            {
              "color": 10,
              "id": "opt5RZNAPf",
              "name": "同道人、理想生、绿星原力、启航生专项岗位"
            },
            {
              "color": 0,
              "id": "optPio84u2",
              "name": "具体见投递方式链接;"
            },
            {
              "color": 1,
              "id": "optj4O0Gqg",
              "name": "研发类销服类智能制造类供应链类职能类"
            },
            {
              "color": 2,
              "id": "optmuAiMjp",
              "name": "天线工程师射频工程师系统工程师程师结构工程师件工程师电源工程师入式软件工程师应用软件工程师工艺工程师"
            },
            {
              "color": 3,
              "id": "optYOzEtiY",
              "name": "人工智能开发Java开发前端开发C开发大数据开发软件测试运维岗UI设计产品岗运营岗;"
            },
            {
              "color": 4,
              "id": "optwmHXbZy",
              "name": "研发类市场/技术支持类;"
            },
            {
              "color": 5,
              "id": "optoraBNqi",
              "name": "境内39家一级(直属)分行15家直属机构6家\n综合化子公司;"
            },
            {
              "color": 6,
              "id": "optxiOITVG",
              "name": "市场管培生售前技术工程师技术支持工程师网络安全工程师C开发工程师试工程师件工程师FPGA工程师人力资源专员;"
            },
            {
              "color": 7,
              "id": "optzwGKC9A",
              "name": "电力系统工程师AI算法工程师C++开发工程师C++开发工程师件设计工程师开发工程师测试工程师纸设计工程师程服务工程师销售助理销售管培生;"
            },
            {
              "color": 8,
              "id": "optW2gkCrF",
              "name": "研发类生产及工程技术类营销及供应链类职能类;"
            },
            {
              "color": 9,
              "id": "optCgM4iba",
              "name": "机械工程师总装工艺工程师非标设备工程师冲压工艺工程师程程焊装工艺工程师三电工艺工程师动力工程设计师;"
            },
            {
              "color": 10,
              "id": "optQ7FVy53",
              "name": "勘察技术岩土技术测绘技术文物保护技术岩土工程检测及物探测技术市政设计:"
            },
            {
              "color": 0,
              "id": "opthFhxXNK",
              "name": "科研工艺岗 采购管理岗 生产管理类 质量检验岗 信息化岗 装配试车工艺岗 机械工艺岗 综合管理岗 材料工艺岗 服务保障岗"
            },
            {
              "color": 1,
              "id": "opt8ccCEUm",
              "name": "光学系统设计研发岗 专业 光学、光学工程、物理、数学、光电、电子科学与技术、测控 光学仪器工程研发岗 专业 光学、光学工程、物理、数学、光电、电子科学与技术、测控 光学系统集成工艺研发岗 专业 机械、测控、光学、物理、仪器类相关专业 精密光机制造工艺研发岗 专业 机械、光学工程、测控、物理学、精密仪器、光学等相关专业 光学镀膜工艺研发岗 光学、光学工程、物理、材料等相关专业 机械设计研发岗 专业 机械相关专业 力学设计/仿真与测试岗 专业 力学相关专业 机电控制技术研发岗 专业 应用数学、测控、自动控制原理等相关专业 软件/算法研发岗 专业 数学"
            },
            {
              "color": 2,
              "id": "opts0RWt2l",
              "name": "测控、通信、计算机等相关专业 光学系统集成技术岗 专业 机械、测控、光学、物理、仪器类相关专业 光学系统集成技术岗 专业 机械、测控、光学、物理、仪器类相关专业 软件工程技术岗 专业 测控、通信、计算机等相关专业 光电测试技术岗 专业 光学工程、物理、仪器科学与技术等相关专业 机械设计技术岗 专业 机械相关专业"
            },
            {
              "color": 3,
              "id": "optywxPpGT",
              "name": "需求专业为：计算机科学与技术 电子科学与技术 集成电路工程 软件工程 信息与通信工程 电气工程 信息系统集成 人工智能 电子信息 控制科学与工程 仪器科学与技术 机械工程 材料科学与工程"
            },
            {
              "color": 4,
              "id": "optOgZNmLs",
              "name": "需求专业：冶金材料大类: 冶金工程、金属材料工程、材料成型及控制工 程、材料科学与工程、化学工程与工艺等 机械类电气大类: 机械工程、仪器仪表、机械制造及自动化、电 气工程、测控技术、工程力学、计算机科学与 技术等 环境安全能源大类: 环境工程、安全工程、环保科学、能源与动力 工程、工程热物理等 地矿大类: 矿物加工、采矿工程、选矿工程、测绘测量工 程、水文地质等 管理大类: 工业工程、人力资源管理、行政管理、财务管 理、会计学等"
            },
            {
              "color": 5,
              "id": "optAqsud60",
              "name": "航空工程(发动机控制方向) 控制科学与工程 自动化 机器人工程 电机与电器 电气工程 电气工程及其自动化 机械工程 机械电子工程(EHA、EMA方向) 机械设计制造及其自动化 飞行器制造工程 动力工程及工程热物理 流体机械及工程(液压泵方向) 航空宇航推进理论与工程 飞行器动力工程 力学、可靠性工程 适航技术与管理 计量技术 仪器科学与技术 测控技术与仪器"
            },
            {
              "color": 6,
              "id": "optol4qJJX",
              "name": "软件开发工程师（数据开发方向、数据科学方向、前端&移动端方向） 全栈工程师（后端方向） 【北斗】自动驾驶大模型算法工程师 HR系统优化 员工健康和福利优化岗 薪酬核算岗 薪酬激励设计分析岗 AI Coding探索 商品品类运营岗 小象种子计划校招生 大模型Infra工程师（训练/推理优化） 大模型后训练研究员（国际化） 商业分析师（BA/DS） 产品运营岗（用户/商家及供给/内容/工具系统/体验运营方向） 内容策划传播（廉正文化方向） 公共关系岗 安全管理岗 廉正制度流程运营岗 法务岗 廉正监察岗 采购与供应链计划岗 内审专员 财务培训生（阿拉伯语、葡萄牙语方向、资金运营方向） 销售运营岗（供给策略运营/营销策略运营/销售数据分析/销售效能优化/业务培训与沟通） 项目管理岗 市场营销岗 物流运营岗 履约策略运营岗 平台支持运营管理 大客户合作岗 国际化销售培训生 (SMB) 行政岗"
            },
            {
              "color": 7,
              "id": "optXxvaDmK",
              "name": "技术培训生（变压器研发 质量体系 储能研发 商务技术 设计 检测 工艺 软件开发 供管采购 海外售后 所需专业:电气/机械/电力电子/质量管理/计算机/物流管理/英语等相关专业） 销售培训生（所需专业:电气/机械/英语/阿拉伯语等）"
            },
            {
              "color": 8,
              "id": "opt9FJYi0f",
              "name": "AI算法工程师 C++开发工程师 Java开发工程师 技术支持工程师 交付工程师 需求规划岗(机械类专业) 咨询顾问(机械类专业) 技术实习岗(C++/JAVA/算法/测试/3D交付) 职能实习岗(招聘/培训/运营/视频/市场/助理)"
            },
            {
              "color": 9,
              "id": "optRnDTApe",
              "name": "设计研发类 专业技术类 技术营销类 职能支持类"
            },
            {
              "color": 10,
              "id": "optH5uK4cX",
              "name": "智造研发类：材料工艺、智能装备、电气工程师、设备工程 师、生产管培、人工智能研发、信息化研发等；市场营销类：国内营销、国际营销、市场品牌、客户服务、 包装研发、铝模设计优化研发等；企业管理类：企业管培、人力管培、财务管培、精益管培、计划管培、供应链管培等"
            },
            {
              "color": 0,
              "id": "optl0bduUb",
              "name": "总监助理 外贸业务员 结构工程师 系统工程师 供应商质量工程师(SQE) 客户质量工程师(CQE) 产品质量工程师(PQE) 品质储备干部 计划专员(PMC) 船务专员 整机成本工程师 部品成本工程师 采购专员"
            },
            {
              "color": 1,
              "id": "opti7TH5JL",
              "name": "给排水设计岗"
            },
            {
              "color": 2,
              "id": "optyzYY1HL",
              "name": "给排水研究岗"
            },
            {
              "color": 3,
              "id": "opteRe5SCp",
              "name": "固废设计岗 (环境工程)"
            },
            {
              "color": 4,
              "id": "optLz57lev",
              "name": "结构设计岗"
            },
            {
              "color": 5,
              "id": "optkKklTgK",
              "name": "电气设计岗"
            },
            {
              "color": 6,
              "id": "optwzEqoSx",
              "name": "工程经济岗"
            },
            {
              "color": 7,
              "id": "optm4cl77n",
              "name": "水工结构岗"
            },
            {
              "color": 8,
              "id": "optkXcFrbx",
              "name": "水利工程岗"
            },
            {
              "color": 9,
              "id": "optZ0sMd2N",
              "name": "道路设计岗"
            },
            {
              "color": 10,
              "id": "optmhrDrrT",
              "name": "建筑设计岗"
            },
            {
              "color": 0,
              "id": "optIx8MZ1G",
              "name": "桥梁设计岗"
            },
            {
              "color": 1,
              "id": "optVdvPnXP",
              "name": "燃气设计岗"
            },
            {
              "color": 2,
              "id": "optSjC1B7o",
              "name": "暖通设计岗"
            },
            {
              "color": 3,
              "id": "optHdpe01K",
              "name": "风景园林岗"
            },
            {
              "color": 4,
              "id": "optrvERFVy",
              "name": "智慧水务岗"
            },
            {
              "color": 5,
              "id": "optArGGBZo",
              "name": "动画工程师"
            },
            {
              "color": 6,
              "id": "optst4gh9F",
              "name": "平面设计岗"
            },
            {
              "color": 7,
              "id": "optJ8TkD4R",
              "name": "工程管理岗"
            },
            {
              "color": 8,
              "id": "optQJTtxo6",
              "name": "图像信息处理系统设计师 软件设计师 机电一体化设计师 嵌入式系统设计师 大气光学设计师 伺服控制(硬件)设计师 工程技术员 人力资源管理 营销经理 项目管理"
            },
            {
              "color": 9,
              "id": "optTIdVRHN",
              "name": "需求专业为：航空发动机控制类 机械类 电子电机类 材料类 自动化 计算机及软件类 工业工程 马哲/中文 法学类"
            },
            {
              "color": 10,
              "id": "optUt9bjd6",
              "name": "产品研发岗 产品设计岗 售后技术支持岗 质量控制岗 制造工艺岗 信息化运维岗 企业运营岗"
            },
            {
              "color": 0,
              "id": "optPe5bZcC",
              "name": "管培生（市场部） 机械设计工程师 电气设计工程师 涂装设计工程师 项目工艺工程师 工艺规划工程师 项目经理 数字化仿真工程师 建筑规划工程师 电气工程师"
            },
            {
              "color": 1,
              "id": "opt3dabBCm",
              "name": "智能算法开发方向 通信算法开发方向 抗干扰算法开发方向 卫星通信算法开发方向 相控阵算法开发方向 相控阵天线方向 射频电路算法开发方向 车载嵌入式开发 模型工程师 算法工程师 软件开发工程师-C/C++ 鸿蒙/Android开发工程师 智能应用开发工程师 通信协议开发工程师 嵌入式开发工程师 软件开发工程师-JAVA web开发工程师 射频工程师 单板硬件工程师 结构工程师 硬件开发工程师 软件测试工程师 硬件测试工程师 解决方案测试工程师 解决方案经理 客户经理 产品行销 技术支持工程师 服务经理 终端市场营销工程师 供应链管理工程师 人力资源专员"
            },
            {
              "color": 2,
              "id": "optnpNZAtH",
              "name": "芯片设计 电路设计 半导体器件设计 工艺研发 电子封装 智能制造 仪器设备 科研管理（需求专业为：电子信息类 电磁场与微波技术、电子与通信工程、电子科学与技术、集成电路工程、微电子学与固体电子学、电路与系统、物理电子学、无线电物理、半导体器件、信号与信息处理、 电力电子、电气工程、光电子、量子器件、三维集成、自动导航、MEMS等 材料工艺类 半导体材料、电子封装、材料类、材料科学与工程、电子功能材料、凝聚态物理、化学工程、金属材料、陶瓷材料等 智能制造类 智能制造、测控仪器、自动化、计算机、软件、机械设计制造及其自动化、机械电子、电气自动化、数学、统计学等 科研管理类 安全工程、安全管理等）"
            },
            {
              "color": 3,
              "id": "optBnREFpa",
              "name": "网格数据处理算法工程师 三维重建算法工程师 AI图形算法工程师 几何算法工程师 标定算法工程师 储备架构师/储备研发经理 C++软件开发工程师 三维渲染开发工程师 嵌入式软件开发工程师 3D打印机械结构设计工程师 非标自动化工程师 齿科3D打印材料研发工程师 系统工程师（软硬件产品） 储备产品经理 海外销售工程师（齿科、计量方向） 海外技术支持工程师 技术支持工程师（计量、检测方向） 应用工程师（齿科数字化方向） 销售管培生（齿科数字化方向） 涉外法务管培生 市场营销管培生 海外营销管培生 销售管培生（工业3D扫描方向） 财务管培生 供应链管培生 人力资源管培生"
            },
            {
              "color": 4,
              "id": "optWhtj892",
              "name": "运营类实习生（专业不限）"
            },
            {
              "color": 5,
              "id": "optb1Es2rf",
              "name": "智未来精英类 科技研发类 科技支撑类 综合职能类"
            },
            {
              "color": 6,
              "id": "optZOjO5HD",
              "name": "需求专业为：电气类 信号类 通信类 土木类 能源动力类 自动化类 计算机类 机械类 材料类 数学类 力学类 工程管理类 语言管理类 财会类 法学类"
            },
            {
              "color": 7,
              "id": "optWmblQVg",
              "name": "天猫运营/亚马逊运营/新媒体运营 新媒体编导/直播培训生 电子工程师/结构工程师/AI智能训练师 采购工程师"
            },
            {
              "color": 8,
              "id": "opte1kDIf9",
              "name": "研发类 智能化信息化类 工程设计类 咨询类 新材料、核心装备等产品类（需求专业：冶金 材料 机械 计算机 电气 数学 自动化 物理化学 力学 电子信息 能源化工 矿物加工 软件工程 控制工程 人工智能 工业工程 物流工程 通信 能源动力 流体传动及控制 化工 热能工程 工程热物理 暖通 建筑 给排水 土木工程 园林 总图运输 管理科学与工程 工程管理 新材料 核心装备 电力电子）"
            },
            {
              "color": 9,
              "id": "optdOIhlrP",
              "name": "市场营收类 研究开发类 生产服务类 综合管理类"
            },
            {
              "color": 10,
              "id": "opts7GwKW1",
              "name": "投研类 运营类 营销类"
            },
            {
              "color": 0,
              "id": "opt9h7sUy1",
              "name": "工艺管道设计工程师 电气设计工程师 自控设计工程师 结构设计工程师 暖通设计工程师 采购工程师 进度控制工程师 安全管理工程师 翻译"
            },
            {
              "color": 1,
              "id": "optrzFbkWJ",
              "name": "工艺工程师 客服工程师 生产工程师 工业工程类/统计类 研发工程师 设备工程师 财务会计师 软件开发工程师"
            },
            {
              "color": 2,
              "id": "optoNGqlCW",
              "name": "产品经理 AI算法工程师 大模型应用开发工程师 大模型项目经理 业务管培生 海外运营"
            },
            {
              "color": 3,
              "id": "optDwLlMr3",
              "name": "畜牧兽医学科:动物科学、动物医学、动物药学、畜牧学、兽医学、草业科学、水产养殖学 生物食品农学科:生物技术、生物工程、食品科学与工 程、食品质量与安全、农学、农业资源与环境、种子科学 与工程、粮食质量与安全 机械工程学科:农业机械自动化、机械制造与自动化、电 气自动化、工业工程、数控技术、安全工程、消防工程 经管财法学科:工商管理、人力资源管理、财务管理、会 计学、经济学、农林经济管理、国际经济与贸易、金融 学、电子商务、法学、市场营销、行政管理、公共事业管理、物流工程、供应链管理养殖技术管培生 农产品储备干部 供应链管培生 营销业务岗 技术服务岗 生产技术岗 安全管理岗 兽医专才岗 动物营养配方师 食品产品开发 储备职能岗"
            },
            {
              "color": 4,
              "id": "opttXR7puB",
              "name": "算法类 风险管理类 技术类 产品类 运营类 设计类"
            },
            {
              "color": 5,
              "id": "optLOkX5XU",
              "name": "岗 位 软件设计岗、软件算法岗、水声算法岗、硬件设计岗 声学测量算法岗 专 蒼业 计算机、软件工程、电子信息、水声工程、自动化、 仪器仪表、应用声学、声学工程、信号与信息处理、 振动与噪声控制工程、测控等相关工科电子类专业"
            },
            {
              "color": 6,
              "id": "optGiPhbiY",
              "name": "机械工程师 电气工程师 调试工程师 电气制图工程师 PLM系统开发工程师"
            },
            {
              "color": 7,
              "id": "optH9qnrPY",
              "name": "人工智能 6G网络技术 光通信网络 无线网络 智算及算力 区块链 云计算 网信安全 大模型 视频图像大数据 量子计算 后端开发 软件研发 机器人 人工智能治理 具身智能 AIGC 强化学习 算法安全 密码技术 大数据安全 新一代通信 AI Agent AI Infra 硬件安全 量子信息网络"
            },
            {
              "color": 8,
              "id": "optSGfrlIw",
              "name": "气动工程师 结构设计工程师 加工工艺工程师 制造工艺工程师 采购工程师 仓储物流规划师 质量控制工程师 供应商质量工程师 项目开发 品牌营销 方案工程师 报价工程师 财务分析师"
            },
            {
              "color": 9,
              "id": "opttkCCDsq",
              "name": "产品类 市场类 商分类 供应链类 硬件研发类 软件研发类"
            },
            {
              "color": 10,
              "id": "optCookIgh",
              "name": "结构设计 材料配方 性能测试 仿真模拟 系统开发 信息安全 产品工艺 机械工程师 电气工程师 内贸营销 国际营销 销售支持 采购员 生产管培生 IE工程师 项目管理工程师 行政岗位 HRBP"
            },
            {
              "color": 0,
              "id": "optRslNer9",
              "name": "运营方向、 采购工程师、设计/研发方向、技术支持方向、销售方向"
            },
            {
              "color": 1,
              "id": "opt4E2ppbz",
              "name": "高分子化学与物理 化工系统工程 应用化学 化学工程与工艺 油气储运 有机化学 有机合成 药剂学 农药学 制药工程与技术 材料科学与工程 高分子材料 聚合物光学材料 纺织材料 无机非金属材料 表面工程 聚合反应工程 过程装备与控制工程 机电一体化 电气工程及其自动化 机械制造 仪器仪表 测控技术 控制科学 国际经济与贸易 市场营销 商务英语 工商管理 金融学 国际金融 期货 经济学 财务管理 会计学 统计学 数学 资产评估 企业管理 工商管理 人力资源管理 质量管理 工程相关管理 旅游管理 酒店管理 电子商务 物流管理 供应链管理 物流信息技术 交通运输 铁道运输 车辆工程 安全工程 环境工程 给排水科学与工程 热能动力工程 能源与动力工程 软件工程 数据科学与大数据技术 网络安全 云计算 人工智能 编程设计 工程造价 工程管理 工业工程 岩土工程技术 暖通工程 建筑工程技术 微生物 细胞生物学 分子生物学 生物技术 食品健康与安全 植物保护 农业资源与环境 农业昆虫与害虫防治 西班牙语 葡萄牙语 韩语 日语 乌尔都语 土耳其语"
            },
            {
              "color": 2,
              "id": "opt15oeFBR",
              "name": "工艺类 生产工艺工程师 生产管理工程师 工艺研发工程师 物理、材料（稀土永磁方向） 设备类 设备研发工程师 设备维修工程师 自动化工程师 视觉检测工程师 自动化、机械及自动化、视觉检测、机电、电气、智能控制、测控仪器与技术、控制工程等相关或相似 表面处理类 电镀工艺工程师 化学工艺工程师 工艺研发工程师 化学、化工、材料化学、物理化学 软件类 软件开发工程师 计算机、软件相关（精通C#/.NET、SQL Server、Javascript、H5)"
            },
            {
              "color": 3,
              "id": "optnjZ7CV0",
              "name": "电力电子硬件工程师 软件开发工程师（电力电子控制） 软件开发工程师（上位机方向） 结构设计工程师 测试工程师 技术支持工程师(专业需求为：电气工程 自动化 电力电子 与电力传动 测控技术与仪器 电子信息 控制工程 机械设计等相关专业)"
            },
            {
              "color": 4,
              "id": "opt55OrAow",
              "name": "抗体科学家 生物学项目经理 生信分析科学家 产品经理 技术销售工程师 生化分析研究员 项目管理 抗体项目管理 抗体检测研究员 AI产品专员 数据分析工程师 质谱分析助理工程师 生化分析实验员 项目专员 抗体开发实验员 抗体检测实验员"
            },
            {
              "color": 5,
              "id": "optFbGpcKO",
              "name": "电气工程师 结构工程师 热机工程师 热控工程师 造价工程师 岩土工程师 测量工程师 能源研究工程师 研发工程师 技术支持 客户专员 采购管理"
            },
            {
              "color": 6,
              "id": "opt37RKdD5",
              "name": "实习技术研发工程师 材料与工艺研发工程师 采购工程师 销售经理"
            },
            {
              "color": 7,
              "id": "optTcPtXG4",
              "name": "智能制造类 产品研发类 软件研发类 硬件研发类(专业需求为：机械类、材料类、电气类、自动化类、计算机类、工业工程、智能制造工程、质量管理、安全工程、机械类、材料类、化学类(电化学方向)、计算机科学与技术、人工智能、软件工程、数据科学与大数据技术、计算机类电子信息类、自动化类等)"
            },
            {
              "color": 8,
              "id": "optLJiGUdT",
              "name": "系统与总体类 适航类 结构强度类 气动传热与燃烧类 控制系统类 材料工程类 制造工程类 信息技术类 电驱类 采购与供应链管理类 质量管理类 产品经济性管理类 生产管理类 运行支持类 服务工程类 技术管理类 运行管理类 制造技术类 测试技术类 试验验证类 设备工程技术类 检验计量类 技能操作类(专业需求为：数学、物理学、系统科学、统计学、力学、机械工程、人工智能、仪器科学与技术、材料科学与工程、动力工程及工程热物理、电子科学与技术、电气工程、控制科学与工程、计算机科学与技术、船舶与海洋工程、 航空宇航推进理论与工程、管理科学与工程等)"
            },
            {
              "color": 9,
              "id": "optXR01aS5",
              "name": "检测工程师 特种设备无损检测工程师 智慧矿山工程师 数智应用工程师(虚拟现实) 数智应用工程师 电气工程师 勘察项目工程师 科技研发岗 基建工程师 资源勘查工程师 新能源工程师 公共基础设施建设工程师 工程管理岗 勘察设计工程师 土建工程师 矿山建设与生态修复工程师 机电工程师(化工机械方向) 氢能与储能工程师 电气设计师 建筑设计师 矿山通风工程师 采矿工程师 矿山机电工程师 选矿工程师 物探工程师 测绘工程师 基础设施建设工程师 岩土工程勘察设计师 语言类岗位 经营预算岗 博士后研究员 水利水电工程研究员 岩土一体化工程研究员 电气工程研究员 盐湖资源开发利用研究员 资源勘查工程研究员 地球物理反演方向研究员 能源动力研究员 智慧矿山研究员 人工智能研究员(专业需求为：资源勘查工程、采矿工程、矿业工程、矿山机电技术、机械工程、矿物加工工程、勘查技术与工程、冶金工程(矿物加工方向)、选矿工程、安全工程、地球物理、地球物理数据处理、融合与智能解译、能源与动力工程、电气工程、电气工程及其自动化、水利水电工程、新能源科学与工程、储能科学与工程、化学与机械工程、测绘工程、遥感科学与技术、地理信息系统、计算机科学与技术、软件工程、物联网、土木工程、地质工程、岩土工程、岩石力学、城市地下空间工程、结构工程、环境工程、建筑学、英语、俄语、哈萨克语等)"
            },
            {
              "color": 10,
              "id": "opt8x4VD8Y",
              "name": "行业研究员(高端装备方向) 行业研究员(军工方向) 行业研究员(新能源方向) 行业研究员(制造方向) 行业研究员(策略方向) 行业研究员(消费方向) 行业研究员(周期方向) 行业研究员(医药方向) 行业研究员(TMT方向) 行业研究员(宏观与非银金融方向) 市场营销类 华北机构客户经理 电商运营岗 综合事务岗(财富中台) 营销支持岗(财富中台)"
            },
            {
              "color": 0,
              "id": "optHKkYqj5",
              "name": "软件工程师 结构工程师 电子工程师 产品工程师 工业设计工程师 法务类 调查专员 运营专员 工业工程师 制造工程师 设备工程师 自动化工程师 工艺工程师 品质工程师 方案工程师 技术服务工程师 国际销售工程师 国内销售工程师 采购专员 财务类 人力资源类 计划专员 物流专员 商务专员 IT 工程师"
            },
            {
              "color": 1,
              "id": "optTMwb71o",
              "name": "自动驾驶算法工程师 自动驾驶先行技术研究员 深度学习研究员 软件开发工程师 测试工程师 产品经理 项目经理 综合管培生"
            },
            {
              "color": 2,
              "id": "optdml8cOE",
              "name": "需求专业为：通信与信息系统 信号与信息处理 电气工程 电路与系统 计算机应用技术 软件工程 测试计量技术及仪器 控制理论与控制工程 电磁场与微波技术 电力电子与电力传动 微电子学与固体电子学"
            },
            {
              "color": 3,
              "id": "opt0DiPkJD",
              "name": "管培生(质量、机械、电气自动化等技术类"
            },
            {
              "color": 4,
              "id": "optTy6tV1g",
              "name": "以及财务管理类)"
            },
            {
              "color": 5,
              "id": "optNENUAI8",
              "name": "硬件工程师 软件工程师 电气工程师 结构工程师 项目工程师 硬件设计师 软件设计师 结构设计师"
            },
            {
              "color": 6,
              "id": "opt0sLiA7c",
              "name": "研发技术岗 企业管理岗 市场营销岗 人力资源岗 战略发展岗 供应链管理岗 生产管理岗 设备管理岗 安全/环保管理岗 质量管理岗 生产现场关键控制岗"
            },
            {
              "color": 7,
              "id": "optlMoNMak",
              "name": "嵌入式软件开发类 系统软件开发类 硬件开发类 技术支持类 市场营销类 智能制造类（专业要求 电气工程 电力系统 智能电网 自动控制 电力电子 测控仪器 计算机 软件工程 电子信息 工业工程）"
            },
            {
              "color": 8,
              "id": "optkiUzxOx",
              "name": "营销类 技术研发类 职能类 生产类（专业要求:农牧类、生化类、机戒类、经管类））"
            },
            {
              "color": 9,
              "id": "optBmhBYDx",
              "name": "数字IC设计工程师 嵌入式软件工程师 软件工程师 数字IC验证工程师 验证软件工程师 系统工程师 硬件工程师 测试工程师 销售工程师"
            },
            {
              "color": 10,
              "id": "optABwDr9f",
              "name": "技术推广工程师（无机非金属材料、交通工程、道路材料、 金属材料、给排水工程等相关专业） 海外推广工程师（越南语、泰语、印尼语、阿拉伯语、西班牙语等 小语种专业(外国留学生亦可)） 研发工程师（高分子化学物理、有机化学相关专业 水泥基材料、混凝土材料相关方向） 实验员（混凝土材料、化学类相关专业）"
            },
            {
              "color": 0,
              "id": "optIEDT9f1",
              "name": "工艺工程师 产品设计师（任职要求: 纺织、轻化、染整、设计等相关专业） 设备维护工程师 电机研发工程师 电机工艺工程师（任职要求: 机械、机电、电机、电磁、电气、仪表等相关专业） 化工研发工程师 化工工艺工程师（任职要求: 化学工程、高分子、化工技术等相关专业） 外贸业务员 内贸业务员（任职要求: 日语、英语、俄语、韩语、国际贸易、市场营销等相关专业） 财务会计 成本核算员 调度员（任职要求: 会计、财务、金融及其它与生产相关的专业） 管理储备（专业不限）"
            },
            {
              "color": 1,
              "id": "opt714dIVi",
              "name": "总体工程师 性能操稳工程师 强度工程师 结构工程师 线束工程师 飞控软件工程师 智能算法工程师 仿真系统工程师 仿真软件工程师 售前系统工程师 销售工程师 科研项目管理 科研生产管理 适航工程师 质量工程师 检验检测工程师 采购工程师"
            },
            {
              "color": 2,
              "id": "optq2B7vOm",
              "name": "路径规划算法工程师 机器人算法工程师 3D SLAM算法工程师 点云算法工程师 Android开发工程师 嵌入式开发工程师 后端开发工程师 软件测试工程师 AI架构师 系统开发管培生 机械结构工程师 产品管培生 视觉/平面设计师 海外市场管培生 海外销售管培生 海外FAE管培生 审计 HRBP"
            },
            {
              "color": 3,
              "id": "optYo5uZnn",
              "name": "化工操作类 （化学工程与工艺、应用化学、化学、能源化学工程、环境工程、环境科学与工程、给排水科学与工程、能源与 动力工程、油气储运工程） 分析检验类 （工业分析与检验、应用化学、化学、能源化学工程、化学工程与工艺） 电气维护类 （电气工程及其自动化） 仪表维护类 （自动化、测控技术与仪器） 营销类 （化工类、市场营销类、财务类） 信息类 （计算机科学与技术、软件工程）"
            },
            {
              "color": 4,
              "id": "opt96GXS6S",
              "name": "后端开发 算法 数据分析 运营经理 大客户销售 产品经理 HRBP 财务BP 会计"
            },
            {
              "color": 5,
              "id": "optBBFHl6N",
              "name": "嵌入式软件工程师 硬件工程师 电气工程师 EMS软件工程师 结构工程师 博士研究员 售前技术工程师 技术工程师 海外技术工程师 外贸业务员"
            },
            {
              "color": 6,
              "id": "optD729iL0",
              "name": "Al+科研工程师(配方方向) （专业要求：工业催化、化学工程、有机化学、高分子材料）精细合成工程师 （专业要求：有机化学、化学） 模拟工程师 （专业要求：力学、化工） 聚合研发工程师 （专业要求：高分子材料、高分子化学） 工艺工程师 （专业要求：化学工程、化学工艺、工业催化、有机化学、能源工程） 工艺安全工程师 （专业要求：化学工程、化学工艺、安全工程） 热工工程师 （专业要求：热能与动力工程） 管道工程师 （专业要求：化学工程、化工过程机械、油气运输） 管材工程师 （专业要求：化工过程机械、金属材料（焊接方向）） 管机工程师 （专业要求：化工过程机械） 静设备工程师 （专业要求：化工过程机械） 动设备工程师 （专业要求：化工过程机械、动力工程） 工业炉工程师 （专业要求：化工过程机械、热能与动力工程） 环境工程师 （专业要求：环境工程、市政工程、给排水） 消防工程师 （专业要求：环境工程） 结构工程师 （专业要求：土木工程、结构工程） 建筑工程师 （专业要求：建筑学） 暖通工程师 （专业要求：建筑环境与能源应用工程）仪表工程师 （专业要求：控制理论与控制工程、自动化、仪表检测技术） 电气工程师 （专业要求：电气工程及其自动化、电力系统及其自动化、新能源科学与工程（电气类）） 电信工程师 （专业要求：通信工程） 数字化交付-数字化工程师 （专业要求：化工优先） 产业数智化-实施运维岗 （专业要求：计算机、化学工程、仪表自动化、过程控制） 产业数智化-研发岗 （专业要求：计算机、化学工程、仪表自动化、过程控制） 网络安全工程师 （专业要求：计算机、网络、信息安全） 人工智能AI工程师 （专业要求：计算机与人工智能） 检验工程师 （专业要求：化工、过控、自动化、电气、材料） 物流工程师 （专业要求：物流管理、工业工程、供应链管理） 合同工程师 （专业要求：工程类、工程管理类专业） 计划工程师 （专业要求：工程类、工程管理类专业）费控/费估工程师 （专业要求：工科类专业"
            },
            {
              "color": 7,
              "id": "optsDoXajs",
              "name": "工程管理、工程造价类优先） 施工安装工程师 （专业要求：材料、力学、工艺、设备工程） 施工电仪工程师 （专业要求：电气、仪表工程） 施工土建工程师 （专业要求：土建工程） 施工安全工程师 （专业要求：安全工程） 施工计划工程师 （专业要求：工程管理） 国内商务经理 （专业要求：化工） 海外商务经理 （专业要求：化工、金融、语言类） 文件工程师 （专业要求：化工、语言类） 管道设计岗 （专业要求：化学工程、化工过程机械、油气运输） 电气设计岗 （专业要求：电气工程） 结构设计岗 （专业要求：结构工程） 收入成本管理 （专业要求：财会） 人力资源管理岗 （专业要求：安全管理岗） 组织干部与 （专业要求：政治学、法学、纪检监察、人力资源管理、企业管理类相关专业） 安全管理岗 （专业要求：化学工程、安全工程） 法务 （专业要求：法律）宣传业务岗 （专业要求：英语、管理学类、政治学类、新闻宣传类） 工艺管道工程师（工艺方向） （专业要求：化学工程、化学工艺、工业催化、有机化学、能源工程） 工艺管道工程师（管道方向） （专业要求：化学工程、化工过程机械、油气运输） 结构工程师 （专业要求：土木工程、结构工程） 电气工程师 （专业要求：电气工程及其自动化、电力系统及其自动化、新能源科学与工程（电气类）） 设备工程师 （专业要求：化工过程机械） 工艺工程师 （专业要求：化学工程、化学工艺、工业催化、能源工程） 建筑工程师 （专业要求：建筑学） 仪表工程师 （专业要求：工业自动化（过程）、过程控制及自动化、测控技术及仪器仪表） 工艺/结构工程师 （专业要求：化学工程与工艺、化学工程等相关专业；土木工程、结构工程） 工艺工程师助理 （专业要求：化工）"
            },
            {
              "color": 8,
              "id": "optkvLrkFz",
              "name": "技术开发及研究 技术推广及服务（中山） 技术推广及服务（南京） 技术推广及服务（深圳）"
            },
            {
              "color": 9,
              "id": "optl9V72eQ",
              "name": "电气工程师 力学工程师 机械工程师 项目工程师 结构工程师 施工工程师 安全工程师 装备工程师 国际市场经理 销售工程师 商务工程师 生产计划主管 战略主管 法务主管 人力主管 财务主管 工艺工程师 质量工程师 检测工程师 采购工程师"
            },
            {
              "color": 10,
              "id": "optwxxNUu8",
              "name": "医学事务 卫生经济 真实世界研究咨询"
            },
            {
              "color": 0,
              "id": "optONLpWdW",
              "name": "工程管理 交通设计 合同管理 机料管理 试验检测 安全管理 财务管理 照明工程 特种设备 综合管理 数智管理 战新产业"
            },
            {
              "color": 1,
              "id": "optRqm8zVn",
              "name": "需求专业：水利类 土木类 机械类 电气类 财务类 管理类 测绘类 语言类"
            },
            {
              "color": 2,
              "id": "optbWeyvkz",
              "name": "科研岗、工程岗；招聘专业：电子科学与技术、信息与通信工程、数学、物理学、控制 科学与工程、电气工程、光学工程、软件工程、力学、机械工 程、计算机科学与技术、航空宇航科学与技术、船舶与海洋工 程、智能科学与技术、仪器科学与技术、材料科学与工程等理 工科相关专业"
            },
            {
              "color": 3,
              "id": "optk2kmHKn",
              "name": "厅堂助理 零售市场经理助理 零售信贷经理助理 行政助理"
            },
            {
              "color": 4,
              "id": "optJ4M31I1",
              "name": "研发设计类：（电气工程、控制科学与工程、通信工程等;冶金工程、材料加工工程(轧钢)、无机非金属材料(炭素材料方向)、矿业加工工程、机械工程(含液压方向)、热能工程、暖通工程、化学工程等;给排水工程、市政工程等） 工程咨询类： （工程管理、工程造价等;城乡规划、土地资源管理等） 项目管理类： （安全工程、消防工程、机械工程等专业）"
            },
            {
              "color": 5,
              "id": "opt3hzvcU5",
              "name": "需求专业：急需紧缺专业: 机械工程 人工智能 信息与通信工程 控制科学与工程 电子科学与技术 计算机科学与技术 航空宇航科学与技术 动力工程 力学 数学 材料科学与工程 化学工程与技术 仪器科学与工程 软件工程 集成电路科学与技术"
            },
            {
              "color": 6,
              "id": "opt6qV2q3K",
              "name": "工程管理岗 工程技术岗 商务合约岗 安全管理岗 电气工程岗 建筑设计岗 党群行政岗 人力资源岗 审计法务岗 财务管理岗 投资规划岗 数字技术岗"
            },
            {
              "color": 7,
              "id": "optmpdnNPS",
              "name": "技术岗（土建） 技术岗（电气、水暖） 技术岗（钢结构） 技术岗（焊接） 检测技术 施工岗（土建） 施工岗（电气） 施工岗（钢结构） 工程造价岗 质量管理岗 安全管理岗 物资设备管理岗 财务管理岗 人力资源管理岗 党群管理岗 信息化管理岗 行政管理岗 法务管理岗"
            },
            {
              "color": 8,
              "id": "optKGo0Bi0",
              "name": "原创设计管培生"
            },
            {
              "color": 9,
              "id": "optLngx74T",
              "name": "软装家居顾问"
            },
            {
              "color": 10,
              "id": "opt48G6YYD",
              "name": "带货主播"
            },
            {
              "color": 0,
              "id": "opt1FToonp",
              "name": "财务管培生"
            },
            {
              "color": 1,
              "id": "optqCFuT6q",
              "name": "品牌管培生"
            },
            {
              "color": 2,
              "id": "opthcikxxy",
              "name": "制造管培生"
            },
            {
              "color": 3,
              "id": "optMjDMmsA",
              "name": "展厅设计管培生"
            },
            {
              "color": 4,
              "id": "optVPU6RvX",
              "name": "产品管培生 硬件工程师 软件工程师 研发测试工程师 结构工程师 后端开发工程师 前端开发工程师 产品文档工程师 项目管理工程师 layout工程师 销售管培生 售后工程师 技术支持工程师 财务专员 人事专员 供应链专员 工艺工程师 品质工程师 维修工程师"
            },
            {
              "color": 5,
              "id": "optPnFvb4o",
              "name": "研究开发类 科技管理类 国内外市场类 质量管理类 智能制造类 工程技术类 国际业务类 设计类（专业要求：电气工程及其自动化、电机与电器、电力系统及其自动化、测控技术与仪器、机械设计制造及其自动化、电力电子与电力传动、控制理论与控制工程、机电一体化、化学工程与工艺、应用化学、计算机科学与技术、软件工程、电子科学与技术、通信工程、信息安全、应用数学、高分子材料、材料化学、材料科学与工程、材料成型及控制工程、焊接技术与工程、金属材料、能源与动力工程、热能与动力工程、风能与动力工程、新能源科学与工程、土木工程、采矿工程、地质工程、工程造价、水电工程、冶金工程、矿物加工工程、工程管理、物流管理、交通运输、阿拉伯语、西班牙语、葡萄牙语、俄语、英语、德语、荷兰语、印尼语、法语、国际贸易等相关专业）"
            },
            {
              "color": 6,
              "id": "optyVdHxqi",
              "name": "合成研究员 生物研究员 药化研究员 制剂技术员 质研技术员 合成技术员 工艺研发技术员 战略发展专员 原料药采购员 业务助理 技术员 外贸销售员 国际销售代表 软件工程师 硬件工程师 分析技术员 安规工程师 中试研究员 生产管培生 设备管培生 QE工程师 生产技术员 电仪技术员 设备技术员 环保技术员 电气工程师 安全管理员 实验室技术员 会计专员 行政专员 法务专员 设备采购员 人力资源专员 运营专员 运维工程师 数据分析专员 医药代表 注册助理 订单管理员"
            },
            {
              "color": 7,
              "id": "optFr3Lb6R",
              "name": "光电系统总体设计 光学设计 光电探测器器件设计 激光器设计 交叉学科激光器设计 集成电路设计 硬件电路设计 嵌入式开发 伺服控制 算法设计 软件研发 人工智能 结构设计与仿真 制冷机设计 光电材料设计 光学装调工艺师 生产装调工艺师"
            },
            {
              "color": 8,
              "id": "optzTsXDvj",
              "name": "电商管培生"
            },
            {
              "color": 9,
              "id": "optTR7USc1",
              "name": "抖音直播管培生"
            },
            {
              "color": 10,
              "id": "opti3GCSCE",
              "name": "抖音官旗带货主播"
            },
            {
              "color": 0,
              "id": "optVaF8P0l",
              "name": "营销策划助理"
            },
            {
              "color": 1,
              "id": "optt3OqEV4",
              "name": "抖音投放助理"
            },
            {
              "color": 2,
              "id": "optG5kwfr4",
              "name": "电商推广助理"
            },
            {
              "color": 3,
              "id": "optcPwX3yE",
              "name": "短视频拍摄剪辑助理"
            },
            {
              "color": 4,
              "id": "optfKkWjFa",
              "name": "电商运营助理"
            },
            {
              "color": 5,
              "id": "optSSXYPDT",
              "name": "抖音直播中场控"
            },
            {
              "color": 6,
              "id": "optISyR47i",
              "name": "26 届管培生"
            },
            {
              "color": 7,
              "id": "optXF8CXcK",
              "name": "测试开发"
            },
            {
              "color": 8,
              "id": "optdeUbNV1",
              "name": "前端开发"
            },
            {
              "color": 9,
              "id": "optMynP7Iw",
              "name": "Golang 开发（基础架构方向）"
            },
            {
              "color": 10,
              "id": "optPpAPkOT",
              "name": "算法"
            },
            {
              "color": 0,
              "id": "optrtSmXbw",
              "name": "全栈开发（大前端）"
            },
            {
              "color": 1,
              "id": "optAhYnXPt",
              "name": "C++ 开发（数据库方向）"
            },
            {
              "color": 2,
              "id": "opt6P4127H",
              "name": "数据分析师（数据产品）"
            },
            {
              "color": 3,
              "id": "optRbER4EJ",
              "name": "逆向工程师"
            },
            {
              "color": 4,
              "id": "optFvfHcCH",
              "name": "Agent 服务端（java）"
            },
            {
              "color": 5,
              "id": "opt5039KQc",
              "name": "运维（服务器选型测试方向）"
            },
            {
              "color": 6,
              "id": "optunBUVXv",
              "name": "中后台技术产品"
            },
            {
              "color": 7,
              "id": "optEvlJedV",
              "name": "用户产品经理"
            },
            {
              "color": 8,
              "id": "opt7UhJsFT",
              "name": "收益产品经理"
            },
            {
              "color": 9,
              "id": "optFb0FF7n",
              "name": "【国际】：前端产品经理"
            },
            {
              "color": 10,
              "id": "optd4NTX61",
              "name": "中后台产品经理"
            },
            {
              "color": 0,
              "id": "optVsnRUtH",
              "name": "营销运营（用户端）"
            },
            {
              "color": 1,
              "id": "optMbB1Mgg",
              "name": "活动运营"
            },
            {
              "color": 2,
              "id": "optJBxfBPs",
              "name": "UI / 视觉设计师"
            },
            {
              "color": 3,
              "id": "optmvDCKsf",
              "name": "用户运营"
            },
            {
              "color": 4,
              "id": "optjzmzT0n",
              "name": "收益管理策略分析师"
            },
            {
              "color": 5,
              "id": "optLvjzfWz",
              "name": "海外社媒运营"
            },
            {
              "color": 6,
              "id": "opt2HhH7zH",
              "name": "用户增长运营"
            },
            {
              "color": 7,
              "id": "opt0y3sfiH",
              "name": "海外目的地运营"
            },
            {
              "color": 8,
              "id": "optprLkouO",
              "name": "新媒体运营"
            },
            {
              "color": 9,
              "id": "optJhMY4kz",
              "name": "品牌运营"
            },
            {
              "color": 10,
              "id": "opti8GBbv0",
              "name": "国内机票平台运营"
            },
            {
              "color": 0,
              "id": "optt2GRnD2",
              "name": "整合营销"
            },
            {
              "color": 1,
              "id": "optSmarm1J",
              "name": "海外流量运营"
            },
            {
              "color": 2,
              "id": "optRG0RGcr",
              "name": "营销运营助理"
            },
            {
              "color": 3,
              "id": "optV3Rx1mS",
              "name": "机票平台运营"
            },
            {
              "color": 4,
              "id": "optIZb4UgE",
              "name": "酒店供应链商务"
            },
            {
              "color": 5,
              "id": "opt1apLz2z",
              "name": "酒店分销商务"
            },
            {
              "color": 6,
              "id": "optEIneuqA",
              "name": "机票供应链运营"
            },
            {
              "color": 7,
              "id": "optZoYaQVN",
              "name": "客端产品运营"
            },
            {
              "color": 8,
              "id": "optUYHl8Di",
              "name": "品类运营"
            },
            {
              "color": 9,
              "id": "optCoOvc9Y",
              "name": "生产/工艺 生产/技术及综合 电气仪控(强电) 化学工程与工艺、化工分析、应用化学、化工类、制冷与低温工程等相关专业 电气工程、电气工程及自动化等专业"
            },
            {
              "color": 10,
              "id": "optUk0wdun",
              "name": "软件工程师 算法工程师 售前方案工程师 售后工程师 大客户销售 销售工程师 外贸助理 人事助理 展厅讲师 推广工程师"
            },
            {
              "color": 0,
              "id": "optp9iagSU",
              "name": "营销管理管培生 项目管理方向 营销策划方向"
            },
            {
              "color": 1,
              "id": "optBTuq4B2",
              "name": "AI产品/互联网产品 AI数据分析 AI金融研究 战略研究 金融机构客户经理 算法工程师 客户端开发工程师 Web前端开发工程师 软件测试工程师 信息安全咨询师 服务端开发工程师 移动端开发工程师 测试开发工程师 运维工程师"
            },
            {
              "color": 2,
              "id": "optl7M4BFL",
              "name": "外贸业务员（西班牙语/葡萄牙语/阿拉伯语） 产品支持助理 助理工艺工程师 招聘助理 雇主品牌运营 初级电商运营 助理算法工程师 3D激光SLAM算法工程师 Business Development"
            },
            {
              "color": 3,
              "id": "optzTeFNal",
              "name": "计算机类 电子信息类 自动化类 电气类 车辆类 机械类 数学类 营销类 能动类 材料类 语言类 管理类"
            },
            {
              "color": 4,
              "id": "optfXbV0Gl",
              "name": "科技类 IC设计/验证工程师、算法工程师、软件开发工程师、电气工程师、硬件工程师、测试工程师、设备工程师、运维实施工程师、技术服务工程师等； 市场类 市场管理、数据运营、销售经理、政务运营、大客户销售代表、解决方案工程师等； 职能类 财务专员、审计专员、法务专员、人力资源专员、综合管理岗等；"
            },
            {
              "color": 5,
              "id": "optazvbno0",
              "name": "理工类、机械类、电气类、电子类、材料类、仪器类、轻工技术类、动力工程类、控制科学类、计算机技术类、土木工程类、纺织工程类、化工类、通信类、生物制药类、交通运输类、交通运输类、化学类、生物类、医学类、基础医学、临床医学、口腔医学、药学类、中医学、医学检验类、医学影像类、护理类、公共卫生类、经济、管理类经济类、贸易类、统计类、金融类、财会类、营销类、管理科学与工程类、工商管理类、公共管理类、行政人力类、法学、文学类、法学类、马克思主义理论类、中文类、外语类、新闻类"
            },
            {
              "color": 6,
              "id": "optzztEDiu",
              "name": "门店陈列管培生 门店运营管培生 门店顾客体验管培生"
            },
            {
              "color": 7,
              "id": "optzymSpeC",
              "name": "科技研发类 工程技术类 经营管理类 贸易服务类"
            },
            {
              "color": 8,
              "id": "opteK6m0qv",
              "name": "店总管培生 招商管培生 市场管培生 人力资源管培生 品牌经营管培生 运营管培生 技术管培生 商品规划管培生"
            },
            {
              "color": 9,
              "id": "optlCHs2QO",
              "name": "技术类岗位管理类岗位;"
            },
            {
              "color": 10,
              "id": "opt1bnm7Ld",
              "name": "博士研究岗装备研发软件开发硬件开发材料研发检测及似乎认证技术电气设计机械设计项目管理市场营销公司治理财务管理"
            },
            {
              "color": 0,
              "id": "optNFZWAFl",
              "name": "研发工程师产品装调/技术支持/工程师管理岗;"
            },
            {
              "color": 1,
              "id": "optoRgOR49",
              "name": "智能制造类产品研发类软件研发类硬件研发类;"
            },
            {
              "color": 2,
              "id": "optykQ8rHZ",
              "name": "建筑工程类材料机械电气类建筑设计类安全质量类企业管理类其他职能类;"
            },
            {
              "color": 3,
              "id": "optQPlXYTF",
              "name": "科研/研发岗技术服务岗行业支撑/政策研究岗市场业务岗;"
            },
            {
              "color": 4,
              "id": "optQkcv9wT",
              "name": "运营类买手类私域营销方向职能类数据方向AI算法方向产品经理方技术方;"
            },
            {
              "color": 5,
              "id": "optB8uonw5",
              "name": "研发/实验室类机械类艺类项管理类设施/E类IT类职能类;"
            },
            {
              "color": 6,
              "id": "optCGMEbrk",
              "name": "光电系统类光电器件类电子信息控制傀儡计算机与软件类机械类材料类生产工艺类"
            },
            {
              "color": 7,
              "id": "optb7WdmAQ",
              "name": "产品类市场类商分类供类发类软件研发类;"
            },
            {
              "color": 8,
              "id": "opt7ImRBZq",
              "name": "机械类材料类电气/自动化类工能/软件类化学化工类管理类;"
            },
            {
              "color": 9,
              "id": "optgkPCL4z",
              "name": "审计税务咨询"
            },
            {
              "color": 10,
              "id": "opthi96TCw",
              "name": "研发技术智能制造技术营销类管理类;"
            },
            {
              "color": 0,
              "id": "optbhbM2xA",
              "name": "机械助理工程师测试开发助理工程师电子助理工程师软件助理工程师销售/贸易类助理工程师管培生;"
            },
            {
              "color": 1,
              "id": "opt1OOBd8W",
              "name": "科研工艺岗装配试车工艺岗机械工艺岗料工艺岗服务保障岗综合管理岗采购管理岗生产管理类质量检验岗信息化岗;"
            },
            {
              "color": 2,
              "id": "opthMIBbFs",
              "name": "销售培训生无线网络工程师无线数据工程师网络优化工程师软开发工程师(AI方向)户订单专员供应链计划控制专员射频测试技术开发工程师;"
            },
            {
              "color": 3,
              "id": "optabeYAGz",
              "name": "具体见官方公告及投递方式链接;"
            },
            {
              "color": 4,
              "id": "optjLS33QQ",
              "name": "研发设计项目管理经营商务财务金融职能管理"
            },
            {
              "color": 5,
              "id": "opthn1RKVF",
              "name": "引领芯未来管培生项目设计研发类芯算法类工艺研发类工艺技术类设备技术类;"
            },
            {
              "color": 6,
              "id": "optqXFZJic",
              "name": "研发类、技术类 、项目类 、销售类"
            },
            {
              "color": 7,
              "id": "optKROTCwK",
              "name": "展务 展陈设计 教育普及培训助理"
            },
            {
              "color": 8,
              "id": "opttgR8bnH",
              "name": "出版物鉴定（专技岗位）"
            },
            {
              "color": 9,
              "id": "optl7Rk8HP",
              "name": "地质类(地质、地质工程、资源勘查工程) 测绘类(矿山测量、测量工程) 采矿类(采矿工程) 矿加类(矿物加工) 流体类(流体力学) 化工类(化学工程与工艺、材料化工、高分子材料与工程) 冶金类(冶金工程(湿法冶金)) 机械类(工程机械、机械工程、机械设计、机械设计制造及其自动化、化工机械) 电气类(电气工程及其自动化) 自控类(自动化、测控技术与仪器、过程装备与控制工程、控制科学与工程(系统研发与仿真方向博士)) 安全类(安全工程) 环境类(环境工程) 信息类(计算机科学技术、信息管理与信息系统) 仓管类(仓储管理) 经管类(管理、经济、法律优先) 英语类(英语)"
            },
            {
              "color": 10,
              "id": "optCHYoIAb",
              "name": "岗位为告知"
            },
            {
              "color": 0,
              "id": "optfzKHYqv",
              "name": "需求专业为：电气工程及其自动化"
            },
            {
              "color": 1,
              "id": "optkt5HIhc",
              "name": "研发技术类: 电力电子硬件工程师 研发技术类: 嵌入式软件工程师 研发技术类: 结构工程师 研发技术类: 测试工程师 制造管培生: 生产储备干部 生产管理类: 质量管理维修工程师 职能类: 采购方向 职能类: 人力资源财务管理"
            },
            {
              "color": 2,
              "id": "optJ944Xu7",
              "name": "土木工程类 土木工程、工程力学、测绘工程、工程管理、工程造价、安全工 程、材料科学与工程、无机非金属材料工程等 基础设施类 道路桥梁与渡河工程、公路工程、交通工程、城市地下空间工程、 水利水电工程等 建筑设计类 建筑学、城乡规划、风景园林、环境艺术设计、装饰艺术设计等 机电安装类 电气工程及其自动化、建筑电气与智能化、给排水科学与工程、机械工程、环境工程、建筑环境与能源应用工程等 职能管理类 汉语言文学、马克思主义哲学、新闻与传播、法学、人力资源管 理、会计学、财务管理、税务、行政管理等 科技研发类(硕、博士学历专业需求) 1.材料学"
            },
            {
              "color": 3,
              "id": "optMa3uWxv",
              "name": "绿色建材、高性能建材等方向 2.机械工程"
            },
            {
              "color": 4,
              "id": "optcoIEoCX",
              "name": "机械自动化相近方向 3.结构工程"
            },
            {
              "color": 5,
              "id": "optMCB7anJ",
              "name": "水工、近海相近方向"
            },
            {
              "color": 6,
              "id": "optOZVSuOF",
              "name": "IT与技术研发类 综合支撑类"
            },
            {
              "color": 7,
              "id": "opt37br4m8",
              "name": "海外工程管理 国内工程管理 驻外翻译 驻外会计岗 需求专业分别为： 土木工程(房建、道桥)、水利水电工程、给排水科学与工程(市政工程)、工程管理(造 价)、电气工程等； 土木工程(道桥)、水利水电工程、给排水科学与工程(市政工程)、工程管理(造价)等； 法语、葡萄牙语； 会计、财务管理等"
            },
            {
              "color": 8,
              "id": "optUaVgQne",
              "name": "光学目标特性技术研究 （光学工程、工程热物理（红外辐射）等） 光学测试产品研发 （光学工程、机械工程、软件工程、计算机科学与技术、仪器科学与技术、电子信息等） 几何量计量测试技术研究 （仪器科学与技术、光学工程、机械工程、电子信息等） 无线电计量技术研究 （电磁场与微波技术、通信工程、无线电物理等） 无损检测与测试技术研究 （声学、自动化、仪器科学与技术、计算机科学与技术等） 环境探测载荷研究 （人工智能、光学工程、仪器科学与技术、电子信息等） 集成电路可靠性保障技术研究 （电子科学与技术、通信工程等） 集成电路测试硬件研发 （集成电路工程、电子科学与技术等） 光电器件可靠性技术研究 （电子科学与技术、光学工程等） 元器件破坏性物理分析 （电子科学与技术、微电子学与固体电子学等） 元器件可靠性总体技术研究 （电子科学与技术、微电子学与固体电子学等） 雷达与电子对抗系统研究 （集成电路工程、电子科学与技术、通信工程、控制工程等） 数字信号处理 （通信工程、控制工程、电子科学与技术等） 微波组件技术研究 （电磁场与微波技术、通信工程、控制工程等） 电装工艺技术研究 （通信工程、光学工程、材料工程、机械工程等）"
            },
            {
              "color": 9,
              "id": "optfqpiJ2M",
              "name": "材料研发、应用研发、分析研发、Al应用开发、专利情报、结构设计、产品开发、机械设计、电气工程师、嵌入式工程师、项目管理、质量管理、生产管 理、工艺研发、采购、营销等各类岗位 （专业：材料类、化学类、生物类、机械类、电气类、电子类、计算机类、工业工程、数学、统计学、光学、物 理学等专业方向"
            },
            {
              "color": 10,
              "id": "opte4c8Ehu",
              "name": "同样欢迎专业背景不同但极具创新潜力的优秀同学踊跃投递）"
            },
            {
              "color": 0,
              "id": "optwszsKCM",
              "name": "智能软件评测技术研究 数据智能算法技术研究/应用 软件评测 FPGA评测 软件研发 信息系统运维 信息安全评估 信息化装备总体设计(专业需求为：计算机类、软件工程类、航空航天类、信息与通信工程类、电子信息类、控制科学与工程类、网络空间安全类、数学类等相关专业)"
            },
            {
              "color": 1,
              "id": "optx9hwhKI",
              "name": "智能建造 新型建材 清洁能源 城市运营 土建工程师 技术工程师 商务工程师 安全工程师 质量工程师 物资工程师 测量工程师 基建工程师 试验工程师 机电工程师 装饰工程师 初级设计师 党建宣传岗 人力资源岗 财务管理岗 法务管理岗 行政综合岗"
            },
            {
              "color": 2,
              "id": "optQVnOckE",
              "name": "技术研发类 生产技术类 技术支持类 职能管理类（面相专业：集成电路 微电子 电子信息 物理 化学 光电 材料 自动化 机械 哈 工业工程 管理 等相关专业）"
            },
            {
              "color": 3,
              "id": "optDgdrfBa",
              "name": "研发设计工程师 产品工艺工程师 设备运维工程师 管理人员"
            },
            {
              "color": 4,
              "id": "optLF358sX",
              "name": "材料研发工程师 工艺质量工程师 设计开发工程师(专业需求为：金属材料、材料加工工程、冶金工程、材料成型及控制、模具设计、机械工程等相关专业)"
            },
            {
              "color": 5,
              "id": "optWTHU8cs",
              "name": "中学数学教师 直属单位音乐教师 小学书法教师"
            },
            {
              "color": 6,
              "id": "opt8x1QlHW",
              "name": "招商服务科 企业服务科员 综合管理部 职员 行政办公室 其他人员(一般管理人员) 财务管理部 其他人员（一般管理人员） 投资管理岗 财务部职员 创新创业及人才服务专员 招商部专员 招商专员"
            },
            {
              "color": 7,
              "id": "opt21L9RLI",
              "name": "研发类 结构工程师（工业工程、机械设计及其自动化等理工类专业） 电控工程师（电气工程、电子信息等相关专业） 制冷工程师（制冷、低温工程、能源与应用工程等相关专业） 营销类 项目经理（理工科相关专业优先） 销售专员（理工科、西班牙语、俄语、法语等小语种专业） 销售工程师（理工科相关专业优先） 解决方案工程师（建筑环境与能源应用工程、生物学、医学工程等相关专业） 产品经理（生物学、医学工程等相关专业） 职能类 资金税务专员（财务管理相关专业） 运营专员（财务管理相关专业） 行政人事专员（人力资源管理等相关专业） 审计专员（审计、法学、财务等相关专业） 采购工程师（成本管理、材料科学、机械设计及其自动化等相关专业） 工程技术类 质量工程师（电气工程、电子信息等相关专业） 认证工程师（理工科相关专业） 工艺工程师（工业工程、机械设计及其自动化等理工类专业） 生产类管理与综合 班长（理工类相关专业）"
            },
            {
              "color": 8,
              "id": "optfEEr8MX",
              "name": "算法/网络安全/大数据类 软件/嵌入式类 硬件/结构类 国际营销/技术支持类 测试/支撑类"
            },
            {
              "color": 9,
              "id": "optLQSLPKQ",
              "name": "招聘专业 材料类相关专业 材料科学与工程、材料成型及控制工程、 无机非金属材料工程、材料物理等 机械类相关专业 机械设计制造及其自动化、电气工程、 机械工程、机械电子工程等 其他专业 焊接技术与工程、供应链管理、物流管理、 档案管理、安全工程、环境科学、计算机、 人工智能、财务会计、数学等相关专业"
            },
            {
              "color": 10,
              "id": "optvPL3Cnq",
              "name": "机场工程储备、机场生产储备/维修助理、地面保障储备、运行控制储备、航母保障储备、航空IT储备、航空安全与质量储备、模拟机维护储备、模拟机部件保障储备、标准与训练储备、航空运力管理储备"
            },
            {
              "color": 0,
              "id": "optsGq1ek2",
              "name": "管培生、研发、工艺、应用、营销"
            },
            {
              "color": 1,
              "id": "optp8nJbyl",
              "name": "化学类、化学工程类、力学类、航天航空类、兵器类、动力工程及工程物理类、仪器类、控制类、材料类、安全类、机械类、物理学类、数学类、软件类"
            },
            {
              "color": 2,
              "id": "optZkDyZ4Q",
              "name": "产品研发类、产品应用类、智能制造类"
            },
            {
              "color": 3,
              "id": "optTxBKeh9",
              "name": "电路设计工程师、光纤传感工程师、光模块设计工程师、光器件研发工程师、机械设计工程师、电气设计工程师、光电线缆研发工程师"
            },
            {
              "color": 4,
              "id": "optEL2Zc0Z",
              "name": "研发类、测试类、工艺类、计算类、品质类、销售类、材料类、设备类、项目类、职能类、自动化类"
            },
            {
              "color": 5,
              "id": "opt1KhUrMz",
              "name": "产品类、美术类、研发类、发行类"
            },
            {
              "color": 6,
              "id": "optDZ1qTLj",
              "name": "产品实现方向、市场运营方向、综合职能方向"
            },
            {
              "color": 7,
              "id": "optPUtxMne",
              "name": "运营类、产研类、商务类、职能类、设计类"
            },
            {
              "color": 8,
              "id": "optW0u2wVs",
              "name": "计算机数学类、电气自动化类、能源动力类、机械车辆类、智能制造类、材料化学类、营销经营类"
            },
            {
              "color": 9,
              "id": "optVzIS4C1",
              "name": "勘测设计、项目管理、市场商务、职能管理四大职业发展序列"
            },
            {
              "color": 10,
              "id": "optVj03qm8",
              "name": "电力电子博士类、管培生类、研发类"
            },
            {
              "color": 0,
              "id": "opt1jhjGAy",
              "name": "研发类、工艺类、市场类、职能类"
            },
            {
              "color": 1,
              "id": "optkSBz8SM",
              "name": "高级产品设计、产品设计、产品设计(驻外研发、产品推广和培训)、事业部技术、组干干事、宣传干事、电商主播、电商运营、战略研究及投资规划、产品销售及营销管理、零部件产品销售信息系统管理、建筑技术及项目管理、安全及职"
            },
            {
              "color": 2,
              "id": "optNIRr4Lq",
              "name": "人工智能与算法类、系统开发类、产品与战略类、机械及机器人类、生物技术与应用类"
            },
            {
              "color": 3,
              "id": "optU1SbXdO",
              "name": "算法工程师、软件开发工程师、芯片设计工程师、芯片验证工程师、光学工程师、硬件工程师"
            },
            {
              "color": 4,
              "id": "optep3WlDc",
              "name": "技术类岗位、营销类岗位、运营类岗位"
            },
            {
              "color": 5,
              "id": "optQDlGUvk",
              "name": "未来之星岗位、研发类、外贸类、生产类"
            },
            {
              "color": 6,
              "id": "optgm2UOxF",
              "name": "芯片研发、软件研发、硬件研发、解决方案、产品测试、技术支持、智能制造、博士专区"
            },
            {
              "color": 7,
              "id": "optb1qALiU",
              "name": "运行模拟员、电气维修工程师、仪器维修工程师、化学分析工程师、机械维修工程师"
            },
            {
              "color": 8,
              "id": "optbx9L8xJ",
              "name": "Web开发工程师、算法工程师、Java开发工程师、结构工程师、需求工程师、硬件产品经理、嵌入式开发工程师"
            },
            {
              "color": 9,
              "id": "optNvCRyZA",
              "name": "科技研发岗(博士后)、工艺设计岗、工程设计岗、研发岗、工程管理/项目管理/策划咨询岗、职能管理类"
            },
            {
              "color": 10,
              "id": "optWpMuOqR",
              "name": "启航新星工程师(工程技术方向、科技研发方向)、工程技术人员"
            },
            {
              "color": 0,
              "id": "opttHBfuh3",
              "name": "人工智能、集成电路科学与工程、电子科学与技术、计算机科学与技术、仪器科学与技术、力学信息与通信工程、动力工程及工程热物理、远等学与任务规划、软件工程、控制科学与工程、智能科学与工程、航空宇航科学与技术、光学工程"
            },
            {
              "color": 1,
              "id": "optdW3klBA",
              "name": "研发类岗位、技术类岗位、营销类岗位"
            },
            {
              "color": 2,
              "id": "optkh7VqQX",
              "name": "化学、应用化学、生物化工、化学工程与工艺、精细化工、制药工程、化工设备与机械、机电一体化、电气自动化、机械工程及自动化、制造工程、安全工程、环境工程等相关专业"
            },
            {
              "color": 3,
              "id": "opt56tp6Pb",
              "name": "核工程类、热能动力类、机械类、电气类、仪表类、化学类、材料类、财务经营类、其他类"
            },
            {
              "color": 4,
              "id": "opt1eM4et5",
              "name": "技术研发类、智能制造类、国内营销类、海外营销类、职能管理类"
            },
            {
              "color": 5,
              "id": "optNHvLq2f",
              "name": "航空航天类、控制科学与工程、兵器类、电子信息类、计算机类、力学类、自动化类、工业工程类、材料类"
            },
            {
              "color": 6,
              "id": "optu2DDarc",
              "name": "总部管理培训生、子公司管理培训生"
            },
            {
              "color": 7,
              "id": "optYswubQ1",
              "name": "研发类、工程类、品质类、职能类"
            },
            {
              "color": 8,
              "id": "optbbPAr4D",
              "name": "机械研发类、智能控制类、生产管理类、营销服务类"
            },
            {
              "color": 9,
              "id": "optqu7sOK2",
              "name": "管培生类、经营者类、工程师类"
            },
            {
              "color": 10,
              "id": "opthbr9zfm",
              "name": "零售商品类、研发设计类、品牌市场类、电商类、生产采购类"
            },
            {
              "color": 0,
              "id": "optsu993SE",
              "name": "管理培训生、职能岗、业务岗、技术开发岗、市场开发岗"
            },
            {
              "color": 1,
              "id": "opt2lOwtLp",
              "name": "产品创新研发类、创意设计类、项目管理类、品牌营销类、智能制造类、数字化与信息化类、采购/供应链/质量类、战略职能支持类"
            },
            {
              "color": 2,
              "id": "optxq862yE",
              "name": "具身算法工程师"
            },
            {
              "color": 3,
              "id": "optWHJtKDZ",
              "name": "各学科教师岗位"
            },
            {
              "color": 4,
              "id": "optopY7prY",
              "name": "研发类岗位、综合管培生、市场类岗位"
            },
            {
              "color": 5,
              "id": "optMxP77sE",
              "name": "国际管培生、科技管培生、速递管培生、圆通航空"
            },
            {
              "color": 6,
              "id": "opt92goQOp",
              "name": "营销(外贸)商务类、技术研发类、智能制造类、成本核算类、品质工程类、职能支持类、数字信息类"
            },
            {
              "color": 7,
              "id": "optmtkiPXs",
              "name": "管理培训生、研发类、生产工艺类、营销类、职能类"
            },
            {
              "color": 8,
              "id": "opt2Kkk7es",
              "name": "产品研发、产品保障、网络运维、综合职能、市场营销"
            },
            {
              "color": 9,
              "id": "optnlcjowU",
              "name": "数字前端工程师、模拟前端工程师、后端/版图工程师、硬件研发/开发工程师、AI测试工程师、AI编译器工程师、FPGA开发工程师、测试工程师应用开发工程师、系统测试工程师、系统应用工程师、嵌入式软件工程师、测试软件开发工程师"
            },
            {
              "color": 10,
              "id": "optmtDk6ZV",
              "name": "化学与化工类、环境与能源类、食品与生物类、纺织科学与工程类、地质与矿业工程类、物理学与声学类、材料科学与工程类、电子与电气工程类、信息与通信工程类、计算机及数据科学类、机械/控制及自动化类"
            },
            {
              "color": 0,
              "id": "optVu8IXjD",
              "name": "产品开发、人工智能、信息技术、制造供应、营销管理、职能管理"
            },
            {
              "color": 1,
              "id": "optCW9HzeS",
              "name": "经营管理类、安全运行类、机电工程类、数字研发类、职能支持类"
            },
            {
              "color": 2,
              "id": "optTir8MZA",
              "name": "算法类、研发类、产品项目类"
            },
            {
              "color": 3,
              "id": "optxfAv1Cf",
              "name": "科技研发、经营管理、工程技术、贸易服务、技能类等"
            },
            {
              "color": 4,
              "id": "optXVMqJyH",
              "name": "硬件类、软件类、影像类、供应链类、品质类、财务类、人力资源类、营销服务类"
            },
            {
              "color": 5,
              "id": "optzMEnpg3",
              "name": "亚马逊运营岗、市场营销岗、人力资源岗、财务岗、法务岗、供应链管理岗"
            },
            {
              "color": 6,
              "id": "optGmvPGG8",
              "name": "电气工程及其自动化、输电线路工程、结构工程、岩土工程、摄影测量与遥感/地理信息、测绘工程、工程造价、会计学、汉语言文学类、工程管理及相关专业"
            },
            {
              "color": 7,
              "id": "optvaTUBLl",
              "name": "AI视频内容运营实习生 多语言本地化翻译(韩/俄/葡/西/德/法) 市场分析"
            },
            {
              "color": 8,
              "id": "optrSXSzIv",
              "name": "模拟IC设计工程师 数字IC设计工程师 射频IC设计工程师 算法工程师 系统设计工程师 封装设计工程师 技术支持工程师 测试开发工程师 应用验证工程师（需求专业：集成电路类 集成电路设计与集成系统、微电子科学与 工程、集成电路科学与工程 电子信息类 电子信息科学与技术、电子信息工程、电 子科学与技术、通信工程 电子封装类 电子封装技术、材料科学工程(电子材料 方向)）"
            },
            {
              "color": 9,
              "id": "optMXSfbyC",
              "name": "电气设计师 结构设计师 通信设计师 新能源资源工程师 综合能源咨询师 技经造价师 数字化研发岗 国内外总承包项目管理工程师 全国市场技术营销"
            },
            {
              "color": 10,
              "id": "optyKFaASE",
              "name": "需求专业为：航空宇航科学与技术、力学、光学工程、机械工程、仪器科学与技术、控制科学与工程、电子科学与技术、计算机科学与技术、软件工程、信息与通信工程、电气工程、工程热物理、测绘科学与技术、材料科学与工程、遥感科学与技术、人工智能、集成电路、数学等相关专业）"
            },
            {
              "color": 0,
              "id": "optGDwYzyg",
              "name": "外贸业务员 外贸跟单员 外贸采购员 设计师岗 管培生岗 电商类岗位"
            },
            {
              "color": 1,
              "id": "optJfd5zr6",
              "name": "宏观\\\\债券\\\\策略分析师 金融工程分析师 股票分析师 市场分析师 申万指数技术全栈工程师 产业研究院研究员"
            },
            {
              "color": 2,
              "id": "optKO9bVRm",
              "name": "数字工程师 软件工程师 硬件工程师 Windows驱动开发工程师 Linux驱动开发工程师 GPGPU驱动工程师 高性能计算库开发工程师 AI工程师 嵌入式软件工程师 协议工程师 IC设计工程师 IC验证工程师 FPGA工程师 微波工程师 算法工程师 营销储备干部 核算会计 调试工程师 检验工程师 检测工程师"
            },
            {
              "color": 3,
              "id": "optGI8a4CE",
              "name": "需求专业为：城市地下空间工程 道路桥梁与渡河工程 市政工程 水利水电工程 地质工程 勘查技术与工程 测绘工程 交通工程 环境科学与工程 风能与动力工程专业 光伏发电与应用技术专业 土木工程 工程力学 材料科学与工程 无机非金属材料 安全工程 机械工程 机械设计制造及其自动化 建筑环境与设备工程 给水排水工程 电气工程及其自动化 建筑电气与智能化 工程管理 工程造价 建筑学 城乡规划 风景园林 艺术设计学 环境设计 经济学 金融学 统计学 审计学 会计学 财务管理 俄语翻译 国际商务 法学 企划管理 行政办公"
            },
            {
              "color": 4,
              "id": "optl6SCMEK",
              "name": "科技研发岗 房屋建筑 基础设施 勘察设计 财务管理 职能管理 投融资及地产开发 创新业务"
            },
            {
              "color": 5,
              "id": "optO3uxVkV",
              "name": "专业需求：1.技术管理类：土木工程、智能建造、工程力学、焊接技术与工程、材料成型及控制工程、建筑电气与智能化、建筑环境与能源应用工程、无机非金属材料工程等。 2.商务管理类：工程造价、工程管理等。 3.物流管理类：物流管理等。 4.财务管理类：财务管理、会计学等。 5.党群综合类：汉语言文学、新闻学、行政管理等。"
            },
            {
              "color": 6,
              "id": "opt8H4Iyo5",
              "name": "船舶设计研发岗 船舶生产管理岗 船舶质量检查岗"
            },
            {
              "color": 7,
              "id": "optxFt41yu",
              "name": "研发工程师 工艺工程师 电器工程师 机械工程师 运动控制工程师 算法工程师 路径规划工程师 调度工程师 机器人工程师 财务专员 仓库专员 采购工程师 质量工程师 售前工程师 生产储备干部 计划专员 安环专员 销售工程师 客户专员 服务工程师 海外服务工程师 海外销售工程师 软件实施工程师 软件开发工程师 电气工程师 研发工程师 机械工程师 售前技术支持 工程实施员"
            },
            {
              "color": 8,
              "id": "optZWh2XZW",
              "name": "需求专业：电气工程及其自动化 轨道交通信号与控制 通信工程 铁道信号 自动化 电子信息工程 计算机科学与技术 建筑电气与智能化 建筑设备与环境工程 土木工程 工程管理 工程造价 汉语言文学 人力资源管理 物流管理"
            },
            {
              "color": 9,
              "id": "optot2a8wt",
              "name": "电气工程及其自动化 铁道信号、轨道交通信号与控制 电子信息工程、通信工程 安全工程 工程管理、工程造价 会计学、财务管理 人力资源管理（招聘专业： 电气工程及其自动化 铁道信号、轨道交通信号与控制 电子信息工程、通信工程 安全工程 工程管理、工程造价 会计学、财务管理 人力资源管理）"
            },
            {
              "color": 10,
              "id": "opta8CFKkP",
              "name": "科研与技术服务岗（专业需求：工程力学、无机非金属材料、道路材料、岩土工程、地质工程、测绘工程、地下水科学与工程、土木工程、港口航道与海岸工程、海洋工程与技术、船舶与海洋工程、水利水电工程、环境科学与工程、计算机信息工程等。）"
            },
            {
              "color": 0,
              "id": "optBEvj6xo",
              "name": "招聘专业：工程技术类 水利水电、土木工程、道路与桥梁工程、公路工程、城市地 下空间工程、工程力学、工程管理、工程造价、安全工程。 测绘工程、机械设计制造及自动化、能源与动力工程、新能 源科学与工程等相关专业。 机电安装类 电气工程及其自动化、自动化、建筑环境与能源应用工程、 给排水科学与工程等相关专业 装饰智能类 建筑电气与智能化、通信工程、软件工程等相关专业。 数字科技类 人工智能技术应用、软件工程、计算机科学与技术、大数据 技术、信息安全等相关专业。 职能管理类 法学、会计学、财务管理、人力资源管理、新闻学、汉语信 文学、市场营销等相关专业。"
            },
            {
              "color": 1,
              "id": "opt054WoYU",
              "name": "房屋建筑类（土木工程、智能建造、工程管理、工程造价、材料学与工程、安全工程、机械工程、物流管理等） 基础设施类（道路桥梁与渡河工程、公路工程、市政工程、隧道与地下工程、水利水电工程等） 机电安装类（电气工程及其自动化、建筑电气与智能化、给排水科学与工程、建筑环境与能源应用工程等） 职能管理类（法学、会计学、财务管理、市场营销、金融学等）"
            },
            {
              "color": 2,
              "id": "optDaVZ2T9",
              "name": "科技创新 技术营销 项目管理"
            },
            {
              "color": 3,
              "id": "opt0hRxYeG",
              "name": "房屋建筑类（土木工程、工程管理、工程造价、安全工程、工程力学、电气工程及其自动化、给排水科学与工程、建筑环境与能源应用工程等;） 基础设施类（市政工程、城市地下空间工程、道路桥梁与渡河工程、测绘工程等） 水务环保类（水利水电工程、港口航道与海岸工程等） 金融财务类（会计学、财务管理等） 职能管理类（汉语言文学、法学、新闻学、人力资源管理、行政管理、工商管理等）"
            },
            {
              "color": 4,
              "id": "opt2lAuIPL",
              "name": "研发工程师: Slam算法、AI算法、结构方向 市场营销: 市场营销、视觉设计 销售类: 全球销售(日韩德法西等)、跨境电商运营 职能类: HR、IT产品经理"
            },
            {
              "color": 5,
              "id": "optV0H2nGw",
              "name": "JAVA开发工程师 算法工程师-自然语言处理方向"
            },
            {
              "color": 6,
              "id": "optayrDTZk",
              "name": "算法工程师 人工智能工程师 电力市场研究员 电力系统研究员 大数据工程师 软件开发工程师 产品经理 网络安全工程师 UI设计师 需求分析师 实施工程师 提示工程师 电力市场交易员 行业大客户销售 市场推广专员 商务专员 合同专员"
            },
            {
              "color": 7,
              "id": "optBo4BUrZ",
              "name": "量化研究员、多频率量化策略的研究、交易和开发"
            },
            {
              "color": 8,
              "id": "optODSzEDu",
              "name": "策略实盘交易运维、CTA/股票/期权/期货高频、量化开发实习生、策略研究及交易相关平台的设计和开发、Python、C++方向、量化研究实习生、研究分析海量金融数据、挖掘有效信号"
            },
            {
              "color": 9,
              "id": "optVZXyoPQ",
              "name": "开发和优化量化模型策略、股票、期货、期权方向基金运营实习生 基金产品的日常运行管理及相关数据统计处理工作"
            },
            {
              "color": 10,
              "id": "optjvxYoxl",
              "name": "公众号运营 对数据敏感"
            },
            {
              "color": 0,
              "id": "optr1zJwVE",
              "name": "善于总结分析"
            },
            {
              "color": 1,
              "id": "optB7een4u",
              "name": "导航制导与控制系统设计师 射频综合设计师 嵌入式软件设计师 电子产品研发设计师 光学产品设计师 智能博弈与仿真设计师 健康管理与故障诊断系统设计师 通信与导航系统设计师 信息安全设计师(专业需求为：应用数学、导航制导与控制、 控制理论与控制工程、通信与信息系统、 理论与应用力学、工程力学、 飞行器设计与工程等专业 通信与信息系统、信号与信息处理、 电磁场与微波技术、微电子学与固体电子学、 电子信息工程等专业 电子信息工程、计算机应用技术、软件工程、 智能科学与技术、模式识别与智能系统等专业 通信与信息系统、信号与信息处理、 微电子学与固体电子学、电子信息工程等专业 光学工程、电子信息工程等专业 应用数学、运筹学与控制论、 智能科学与技术、软件工程、 计算机应用技术、信息与计算科学等专业 数据科学与大数据技术、 计算机应用技术、电磁场与微波技术、 微电子学与固体电子学等专业 通信与信息系统、信号与信息处理、 电磁场与微波技术、微电子学与固体电子学、 电子与通信工程、电子信息工程等专业 网络空间安全、信息安全、计算机应用技术、 通信与信息系统、信号与信息处理等专业)"
            },
            {
              "color": 2,
              "id": "opt74pY8cp",
              "name": "电源硬件工程师 控制软件工程师 嵌入式软件工程师 电气工程师 结构工程师 热设计工程师 销售工程师 海外销售工程师 产品经理 售后技术支持 投资经理 财务管培生 质量工程师 工艺工程师 供应链管培生"
            },
            {
              "color": 3,
              "id": "optr6hYBeD",
              "name": "电气工程师（电气工程、电力系统及其自动化、高电压与绝缘、电力电子、输电线路工程、通信工程等）；热机工程师（动力工程及工程热物理、核科学与技术、能源动力、流体机械及工程、可再生能源科学与工程、清洁能源技术等）；结构工程师（土木工程、结构工程、钢结构工程等）；水工结构工程师（港口、海岸及近海工程、船舶与海洋工程、水利工程等）；总图工程师（城市规划、总图运输、道路交通工程等）；建筑工程师（建筑学等）；电网数字化工程师（电气工程、计算机科学与技术等）；热控工程师（自动化、控制科学与工程、智能控制、人工智能等）；人工智能工程师（人工智能、计算机科学等）；新能源资源工程师（风能与动力工程、可再生能源科学与工程、地图学与地理信息系统等）；环保工程师（生态治理、水利工程方向）（生态学、水利水电、水利工程等）；水务工程师（市政工程、给排水工程、水利水电工程、应用化学、化学工程等）；岩土工程师（地质工程、岩土工程等）；测量工程师（测绘科学与技术、摄影测量与遥感等）；造价工程师（能源动力、新能源、土木工程、电气工程、技术经济等）；安全工程师（安全工程、安全科学与工程等）；财务管理（财务、金融、会计等）"
            },
            {
              "color": 4,
              "id": "optrruGiwG",
              "name": "策略研究员 AI算法研究员 开发工程师"
            },
            {
              "color": 5,
              "id": "optTm2euaW",
              "name": "端到端感知算法工程师 模型量化和部署算法工程师 端到端离线模型算法工程师 主动安全感知算法工程师 视觉跟踪算法工程师 视觉感知算法工程师 自动驾驶软件工程师 自动驾驶系统工程师 MCU软件开发工程师 标定算法工程师 定位算法工程师 SLAM算法工程师 C++地图开发工程师 机器学习研究工程师 规划算法工程师 控制算法工程师 决策算法工程师 预测算法工程师 仿真研发工程师 主动安全规划算法工程师 自动驾驶车辆调试工程师 自动驾驶技术项目经理 L4智驾产品经理 L4交付项目经理 智驾产品经理 PMO项目管理 项目经理"
            },
            {
              "color": 6,
              "id": "optI4TnHGt",
              "name": "市场拓展工程师 测试工程师 软件开发工程师 硬件工程师 软件应用工程师 商务专员 服务工程师"
            },
            {
              "color": 7,
              "id": "optJZvBq2a",
              "name": "审计 审计业务中台 投融资与财务顾问 并购重组与破产重整 企业绩效与财务管理 风险管理与合规咨询 数字化规划 数字数据技术服务 资产评估 信息系统审计与咨询 管理信息系统咨询 前端开发 后端开发 税务咨询 工程造价咨询 人力资源 财务 行政"
            },
            {
              "color": 8,
              "id": "optTbimRqv",
              "name": "水产类 动科类 畜牧兽医类 生物类 食品类 制药类"
            },
            {
              "color": 9,
              "id": "opt6dB3zrL",
              "name": "需求专业为：计算机类（深度学习、机器视觉方向） 测绘类（测绘工程、地球物理方向）"
            },
            {
              "color": 10,
              "id": "optxSP8kke",
              "name": "飞行器总体设计岗 轨道运行与再入飞行总体设计岗 作战及任务总体设计岗 起降总体设计岗 结构总体设计岗 综合强度设计岗 重复使用评价设计岗 颤振分析岗 气动布局设计岗 气动性能预测岗 主动流动控制岗 动力系统总体设计岗 推进剂增压输送系统设计岗 能源系统设计岗 飞行控制与管理系统设计岗 飞行控制算法设计岗 弹道优化设计岗 热管理系统设计岗"
            },
            {
              "color": 0,
              "id": "opttcgeCSg",
              "name": "研发技术类 营销业务类 服务支持类 生产管理类"
            },
            {
              "color": 1,
              "id": "optYYmaSx2",
              "name": "物理类专业工程师 超导低温技术工程师 机械工程专业工程师 材料科学与工程专业研究人员 化学专业研究人员 生物学专业研究人员 博士后 海外优青激光技术工程师 \\\"鹏城孔雀计划\\\"特聘岗位 加速器技术工程师 光束线技术工程师 控制开发工程师 光学工程专业工程师 核科学与技术专业工程师 其他理工科专业工程师、研究人员 专业组组长 动力工程及工程热物理专业 仪器科学与技术专业工程师 电气工程专业工程师 电子科学与技术专业工程师 控制科学与工程专业工程师 信息与通信工程专业工程师 计算机科学与技术专业工程师 机械工程专业工程师(专业需求为：加速器相关专业或方向、物理学、人工智能、软件开发、计算机工程等 核技术及应用、原子核物理、物理学 物理、材料、核科学与技术、电子信息、电气电力、自动化、精密仪器等 物理、核科学与技术、电子信息、电气电力、自动化、精密仪器等 控制工程、自动化、机械工程、导航制导与控制、仪器科学与技术、航空航天工程、过程装备与控制工程、车辆工程等 计算机、通信、软件工程、数据科学、地理信息系统、物联网工程、自动化等 电子、核科学、应用物理、仪器科学与技术等 电子信息工程、电子信息科学与技术、电子科学与技术、通信工程、自动化、电气工程及其自动化等 微波工程、电子工程、电磁场与微波技术、高功率微波、雷达工程、物理学等 机械设计制造及其自动化、机械电子工程、车辆工程、材料成型及控制工程、智能制造工程、航空航天工程等 微波 应用物理 化工过程机械、制冷及低温工程、动力工程及工程热物理、核技术与应用、真空 电气工程及其自动化 化工机械、流体机械、制冷及低温工程、机电工程 控制科学与工程、测控技术与仪器、电气工程及其自动化 物理、光学工程等 电子信息、电气自动化相关专业 物理、电子科学与技术、通信、自动化 光学、光学工程 光电信息、物理学、电子等相关专业 精密仪器、机械结构、航空航天等 光学工程、核科学与技术、同步辐射和自由电子激光相关专业 精密光学机械、仪器科学与技术 光学工程、电子学 、核技术等 电子科学与技术、计算机等 物理学、物理化学、等离子物理等 光学工程、精密仪器等 光学工程、仪器科学与技术等 测绘、机械、光学工程等 光学、材料科学、物理学与技术等 加速器物理与工程相关专业"
            },
            {
              "color": 2,
              "id": "optXBr1zh5",
              "name": "具备扎实的带电粒子光学基础 超快电子或超快光学实验相关专业"
            },
            {
              "color": 3,
              "id": "optgeXCbDJ",
              "name": "具备扎实的科学仪器实验操作经验及数据分析技术 物理学、材料学、化学 物理学、光学 物理学、光学 仪器仪表、化学、分析化学及生物 光学、仪器仪表、分析化学及生物 应用光学、精密仪器、工程物理 化学、计算机科学与技术、电子科学与信息技术 电子科学与信息技术、计算机科学与技术 物理学、仪器科学与技术、仪器设计等 物理、化学、光学、核技术与应用或相关专业 物理化学、凝聚态物理、激光光谱、原子分子物理等 气相小分子光解离动力学、原子分子反应动力学和激光光谱研究；物理化学、激光与非线性光学、原子分子物理等 星际化学、表面光化学研究；物理化学、激光与非线性光学、原子分子物理等 核技术及应用、光学、物理、仪器仪表等 真空或精密机械 机械工程、机械设计制造及其自动化、机器人工程 测控技术与仪器、智能科学与技术、仪器科学与技术)"
            },
            {
              "color": 4,
              "id": "optWOXx6ZR",
              "name": "化工工艺设计工程师 管道设计工程师 自控设计工程师 电气设计工程师 设备设计工程师 结构设计工程师 总图设计工程师 暖通设计工程师 热工设计工程师 给排水设计工程师 项目控制工程师 咨询工程师 采购工程师 施工管理工程师 数字化工程师 人工智能工程师 网络安全工程师 海外经营"
            },
            {
              "color": 5,
              "id": "optWvjwW7l",
              "name": "发动机研发类 新能源研发类 生产制造类 营销服务类 数字化应用类 职能管理类(专业需求为：能源动力类、车辆类、机械类、控制工程类 、车辆类、能源动力类、电气类、机械类、控制工程类、能源动力类、车辆类、机械类、材料类、能源动力类、车辆类、市场营销类、外语类、计算机科学与技术、软件工程、财会类、管理类、经济类等)"
            },
            {
              "color": 6,
              "id": "optrz3Poxq",
              "name": "研发 项目 采购 销售 数字化 工艺 质量 生产 物流 维修 工业化 环境安全 财务 人事"
            },
            {
              "color": 7,
              "id": "optMe5gFYR",
              "name": "星钻管培生 星耀计划生 业务应届生 外贸业务岗 跨境运营岗 产品开发岗"
            },
            {
              "color": 8,
              "id": "optru6xGWS",
              "name": "人工智能 软件开发 机械结构 材料 运动控制 飞行器 机器人 电机电气"
            },
            {
              "color": 9,
              "id": "optqi3RQ0k",
              "name": "高端电缆研发工程师 产品研发工程师 国际业务经理 销售业务经理 项目技术工程师 机房运维工程师 内部实施顾问 生产管培生 质量管理员 成本核算会计 工艺技术员 软件开发工程师 测试工程师"
            },
            {
              "color": 10,
              "id": "optcgTrb2A",
              "name": "材料研发工程师 电芯研发工程师 电化学仿真工程师 PACK结构工程师 PACK电气设计工程师 BMS开发工程师 生产主管/经理/厂长 设备工程师 工艺工程师 质量工程师 IE精益工程师 PMC工程师 EHS工程师 采购主管/经理 国内储能/动力销售 海外大客户销售 销售运营 供应链运营 产品经理 项目经理 人力资源管理 市场品牌、媒体管理 财务管理 法务、监察、审计 行政管理、后勤管理 IT技术管理 智能制造数字"
            },
            {
              "color": 0,
              "id": "optV5HKxJ3",
              "name": "设计员 工艺员 检验员 设备工程员 信息工程员 无损检测员 商务员 生产建造员 安全管理员 物资采购员 电焊工 船体装配工 船舶电工 船舶管系工 船舶钳工 船体冷加工 车工 船舶起重工 船舶轮机员 工程测量工"
            },
            {
              "color": 1,
              "id": "opt9bk1lS4",
              "name": "电气工程师（电气工程、电力系统及其自动化（含电力市场方向））；自动化工程师（自动化）；结构工程师（道桥工程、结构工程、工业与民用建筑、土木工程、水工结构工程、水利水电工程、隧道工程）；岩土工程师（岩土工程、地质工程、勘察技术与工程、水文地质、地下水科学与工程、结构工程、土木工程）；测绘工程师（测绘工程、测绘地理信息技术）；水文气象工程师（大气科学、水文与水资源工程）；环保工程师（生态学）；水保工程师（水土保持与荒漠化防治）；电厂化学工程师（电厂化学）；软件工程师（计算机科学与技术、软件工程）；信息安全工程师（计算机科学与技术、软件工程、信息安全、网络安全）；总图设计师（总图、交通运输、土木工程、城市规划、道路桥梁）；造价工程师（土木工程、工程造价、技术经济管理、电气工程）；通信工程师（通信工程）；安全工程师（安全工程）；热动工程师（能源与动力工程）；采购工程师（英语、电气工程）；给排水工程师（给水排水科学与工程、市政工程、环境工程、水利水电工程）；运煤工程师（能源与动力工程）；海上风电工程师（新能源科学与工程、能源与动力工程）；氢能与储能工程师（新能源科学与工程、能源与动力工程、储能科学与工程）；项目管理师（电气工程、能源与动力工程）；财会管理师（会计学）；宣传管理师（传播学、广告学、视觉传达设计）；档案管理师（档案学）"
            },
            {
              "color": 2,
              "id": "optUeOPHJg",
              "name": "电气工程类（电气工程、电力系统及其自动化、高电压与绝缘技术、电力电子与电力传动等相关专业）；土木与建筑类（土木工程、结构工程、特结、智能建造）；能源动力类（热能工程、热能与动力工程、热工及自动化、储能工程、动力工程及工程热物理、燃气轮机工程、新能源科学与工程相关专业）；技术经济类（技术经济及管理、工程管理、工程经济、工程造价、管理科学与工程）；软件与计算机类（计算机科学与技术、软件工程、人工智能、地理信息系统、通信工程、网络工程）；水利工程类（水工结构、水利水电工程、水力机械工程、水利工程、海洋与船舶工程、给排水科学与工程）；测绘与地质类（摄影测量与遥感、测绘工程、地质工程、岩土工程、地理信息科学）；安全工程类（安全工程、安全科学与工程）；机械与自动化类（自动化、机械工程）；环境与生态类（环境工程、生态学、植物学、动物学、水土保持与荒漠化防治）；化学工程类（应用化学、化学工程、化学工艺）；工商管理类（市场营销等相关专业）；材料类（材料工程、无机非金属材料）"
            },
            {
              "color": 3,
              "id": "optBAkZMNS",
              "name": "软件开发工程师 测试工程师 系统工程师 数据库管理工程师 合规管理岗 人工智能研究与应用工程师 数据分析师 需求分析师 用户体验岗 人力资源岗"
            },
            {
              "color": 4,
              "id": "optlkwQ0t5",
              "name": "兵器类 机械类 材料类 电子信息类 计算机类 自动化类 光学工程类 仪器类 化学类 数学类 航空航天类 经管类"
            },
            {
              "color": 5,
              "id": "optSHbOfzr",
              "name": "产品工程师 质量工程师 工艺工程师 项目工程师 电机设计工程师 机械工程师 机械结构工程师 电气工程师 系统工程师（电控） 软件测试工程师 基础软件开发工程师 需求分析工程师 功能安全工程师 网络安全工程师（专业要求：机械类、信息技术类、软件类、计算机类、电子类）"
            },
            {
              "color": 6,
              "id": "optxTS5Eyj",
              "name": "铸造/锻造工程师/技师 通信产品经理/产品工程师 算法工程师 热能工程师 矿产勘探/地质勘测工程师 机械工程师 化工工程师 化学分析测试员 数据开发 电气工程师"
            },
            {
              "color": 7,
              "id": "optwoghlQ9",
              "name": "营销(外贸) 商务类 技术研发类 智能制造类 成本核算类 品质工程类 职能支持类"
            },
            {
              "color": 8,
              "id": "optESUBqSU",
              "name": "测绘工程 无机非金属材料 人力资源管理"
            },
            {
              "color": 9,
              "id": "opt4hOy1vZ",
              "name": "用户服务中心管培生 新媒体方向岗位-内容编辑、视频剪辑"
            },
            {
              "color": 10,
              "id": "optAtU0C8T",
              "name": "广银理财投资交易类 广银理财产品销售类 广银理财风控合规类 广银理财运营科技类 广银理财综合管理类"
            },
            {
              "color": 0,
              "id": "optwPxPNXv",
              "name": "总体设计师 硬件工程师 算法设计师 数据处理工程师 软件工程师 智能交互工程师 机械工程师"
            },
            {
              "color": 1,
              "id": "optUfpQE6N",
              "name": "AI大数据类 研发技术类 工程技术类 质量管理类 项目管理/运营类 职能类"
            },
            {
              "color": 2,
              "id": "optzhl43uM",
              "name": "机械类（车辆工程、载运工具运用工程、机械工程、力学、机械电子、暖通空调、智能制造、能源动力等机械类相关专业）；电气类（电力牵引传动、电气工程、控制工程、自动化、轨道交通信号、电磁兼容等电气类相关专业）；计算机类（计算机科学与技术、软件工程、大数据分析、人工智能、数学等计算机类相关专业）；材料类（化工、材料成型（焊接）、化学、复合材料等材料类相关专业）；管理类（法律、审计、会计、财务管理、物流管理等管理类相关专业）。"
            },
            {
              "color": 3,
              "id": "optZpcPA5Z",
              "name": "运营管培生（电商/视频/活动） 电商内容运营管培生 品类运营管培生 电商策略管培生 内容运营管培生 视频运营管培生 推广运营管培生 直播运营管培生 碎片化运营管培生 亚马逊运营管培生 独立站运营管培生 供应链运营管培生 新增海外市场管培生 核心运营管培生 人才发展管培生 营运管培生 审计监督管培生 人力行政管培生 产品策划管培生 产品运营管培生 推广管培生 作策划管培生 营销策划管培生 成本管理管培生 计划管培生 采购管培生 供应商管理管培生 品类管培生 供应链管培生 产品企划管培生 产品经理管培生 IT产品经理管培生 数据产品经理管培生 开发工程师管培生 BI工程师管培生 IT运维工程师管培生 结构设计管培生（硬体） 工艺管培生（软体） 结构管培生 视觉设计管培生 空间设计管培生 产品设计管培生 品牌设计管培生"
            },
            {
              "color": 4,
              "id": "optTmNEqt4",
              "name": "储备店长"
            },
            {
              "color": 5,
              "id": "optXYMCSa5",
              "name": "市场营销岗（专业不限）运营柜员岗（专业不限）定向培养生（业务管理方向）（专业不限）定向培养生（数学金融方向）（科学、技术、工程、数学等理工类专业）"
            },
            {
              "color": 6,
              "id": "optjkZnBMd",
              "name": "靶向研发工程师 组学算法工程师 生物信息分析师 组学数据分析与转化支持 AI科研助理 科研技术型销售经理 产品经理 售后技术支持"
            },
            {
              "color": 7,
              "id": "optvm8AhMa",
              "name": "研发设计岗（专业：车辆工程、能源与动力工程、新能 源科学与技术等 自动化、控制工程、电气工程及其 自动化、电子信息等 机械设计制造及其自动化、机械电 子工程等 人工智能、大数据、计算机科学与 技术、软件工程等） 工程技术岗（专业：电气工程、自动化、控制工程、软 件工程等 车辆工程、机械设计制造及其自动 化、机械电子工程等） 营销岗（汽车类、机械类、电气类）"
            },
            {
              "color": 8,
              "id": "optQdrSqJq",
              "name": "审计员 税务员"
            },
            {
              "color": 9,
              "id": "optGjjQPJC",
              "name": "云帆领航者-管培生 云巅探索者-精英研发岗 算法 C++开发 服务端开发 前端开发 多方向开发工程师 体验设计师"
            },
            {
              "color": 10,
              "id": "opt2HQR45D",
              "name": "国际营销经理 结构工程师 电气工程师 制冷工程师"
            },
            {
              "color": 0,
              "id": "optB2hmIDv",
              "name": "研发类、Android开发工程师、驱动工程师、基带工程师、软件测试工程师、射频工程师、结构工程师、硬件测试工程师、研发项目经理、PCB工程师、软件项目经理、算法工程师、营销类、设计类、包装工程师、技术支持工程师、采购类、采购工程师、职能类、总经办助理"
            },
            {
              "color": 1,
              "id": "opto8Q5ulh",
              "name": "储备干部 营运/营运加盟类 人力类 行政/非经营性采购 质管类 商品类 财务类 审计类 新店设计类"
            },
            {
              "color": 2,
              "id": "opt7tZt0fW",
              "name": "算法工程师 软件开发工程师 芯片设计工程师 芯片验证工程师 光学工程师 硬件工程师"
            },
            {
              "color": 3,
              "id": "optKPmPPxm",
              "name": "项目管理岗 商务合约岗 装修工程岗 电气工程岗 弱电工程岗 给排水工程岗 暖通工程岗 安全工程岗 采购供应链岗 设计协调岗 财务会计岗 人力资源岗 翻译岗"
            },
            {
              "color": 4,
              "id": "optcmVN6HK",
              "name": "硬件工程师 软件工程师（驱动、中间件） 软件工程师（UI） 应用研发工程师 SoC应用工程师 SoC技术支持工程师 应用服务工程师"
            },
            {
              "color": 5,
              "id": "optkIOFI0a",
              "name": "结构工程师 机械工程师 地下工程检测监测工程师 计量检测工程师 道路检测工程师 建材检测工程师 节能检测工程师 电气工程师 造价工程师 材料工程师(专业需求为：结构工程、土木工程 电气工程及其自动化 岩土工程 机械电子工程、自动化、土木工程 土木工程(道路桥梁方向) 材料科学与工程、无机非金属材料工程 建筑环境与能源应用工程、电气工程及其自动化 电气工程及其自动化工程造价 材料科学与工程、无机非金属材料工程)"
            },
            {
              "color": 6,
              "id": "optqwWCGmg",
              "name": "总体设计工程师 算法工程师 射频工程师 天线工程师 波控工程师 功放工程师 嵌入式硬件工程师 SIP微系统工程师 FPGA工程师 嵌入式软件工程师 软件开发工程师 软件测试工程师 伺服控制工程师 热设计工程师 工艺工程师 结构工程师 可靠性工程师 调试工程师 财务(需求专业为：通信类 电子信息类 电路系统类 雷达类 信息对抗类 军队指挥类 人工智能类 计算机软件类 导航制导类 自动控制类 仪器仪表类 电磁兼容类 测控类 微电子类 航空航天类 飞行器类 网络安全类 兵器类 水声工程类 船舶类 机械电子类 可靠性 工程力学 工程热物理类 电气类 应用数学类 应用物理类等专业)"
            },
            {
              "color": 7,
              "id": "opt9ghUoZk",
              "name": "工程技术岗 体系能力研发岗 平台系统设计岗 场景情报研究岗 总体研发岗 制造技术岗 综合管理岗 飞行技术岗"
            },
            {
              "color": 8,
              "id": "optrSycbX1",
              "name": "软件开发、会计核算、试验技术研发、先进水动技术应用、先进气动材料学、试验分析、内外流一体化设计与分析、防热结构设计与仿真分析、气动力数值仿真与优化、气动-结构耦合设计与分析、设备研发、课题分析、智能空气动力学、经营管理、总统设计、特种设备设计、测控设计、风洞结构设计、系统设计、仿真与测试、体系研究、动力系统设计、总体设计、导航与控制技术、应用系统设计、控制率设计、测控系统设计、控制系统设计、燃油系统设计、设备及工装结构设计、飞控系统设计、飞行器总体设计、无人机系统任务规划、飞行试验总体设计、六性设计、动力电池组设计与安全应用、航电系统工程师、结构系统设计、工艺设计、电气系统设计、嵌入式软件工程师、空气动力基础科学研究、技术助理、检验检测、设备工程师、工艺工程师（需求专业：力学、航空宇航科学与技术、飞行器设计、计算机科学与技术、软件工程、人工智能、控制科学与工程、机械工程、人机与环境工程、导航制导与控制、动力工程及工程热物理、电气工程、仪器科学与技术、电子科学与技术、信息与通信工程、测绘科学与技术、系统科学、材料学与工程、财会、审计、经管等）"
            },
            {
              "color": 9,
              "id": "optVja5yiF",
              "name": "投资类人才储备岗位 综合类人才储备岗位"
            },
            {
              "color": 10,
              "id": "opt7ca2Zfe",
              "name": "机械工程 机械 机械设计制造及其自动化 材料成型及控制工程 航空宇航科学与技术 飞行器设计与工程 飞行器动力工程 焊接技术与工程 材料科学与工程 金属材料工程 材料与化工 无损检测 工业工程"
            },
            {
              "color": 0,
              "id": "optVVevfwm",
              "name": "工艺设备工程师 测试工程师 设备工程师 仿真设计工程师 产品工程师 版图设计工程师"
            },
            {
              "color": 1,
              "id": "optyiEqnTx",
              "name": "需求专业为：集成电路 计算机科学技术 微电子科学与工程 控制科学与工程 机械设计及自动化 机械工程 电子科学与技术 微电子学与固体电子学 电子信息 可靠性 人工智能 软件工程 材料科学与工程 机电一体化 电气自动化技术 采购管理 计算机科学与技术 供应链管理 物流管理与工程"
            },
            {
              "color": 2,
              "id": "optHr6qy23",
              "name": "需求专业为：人工智能 智能建造 土木工程 机械工程 计算机技术 软件工程 自动化 暖通 土木工程(房建方向) 结构工程 化学 环境工程 电气化"
            },
            {
              "color": 3,
              "id": "optbAFgaQs",
              "name": "语文、数学、英语教师 中学科学教师 中学人文教师 双语数学、物理、化学、生物教师 物理实验教师 船舰模型教师 车辆工程教师 摄影教师"
            },
            {
              "color": 4,
              "id": "optxNSD4Do",
              "name": "需求专业为：土木工程 工程造价 工程管理 智能建造 结构工程 岩土工程 地基基础 工程力学 理论与应用力学 建筑与土木工程 给排水科学与工程 电气工程及其自动化 建筑电气与智能化 建筑环境与设备工程 机械设计制造及其自动化 测量工程 测绘工程 安全工程 材料科学与工程 城市地下空间工程 市政工程 港口航道与海岸工程 桥梁与隧道工程 道路与铁道工程 交通土建工程 交通工程 公路与城市道路工程 土木工程（交通道桥方向） 隧道与地下工程 采矿工程 地质工程 环境科学与工程 水利水电工程 历史建筑保护工程 建筑遗产保护 建筑学 城乡规划 风景园林 园林 环境设计 经济学 经济统计学 税收学 金融学 金融工程 国际经济与贸易 贸易经济 会计学 财务管理 审计学 法学 社会工作 汉语言文学 工商管理 行政管理 人力资源管理"
            },
            {
              "color": 6,
              "id": "optnvDY61r",
              "name": "智能建造 土木工程 力学 材料科学与工程 机械工程 安全工程 工程管理 工程造价 水利水电工程 港口海岸工程 水务工程 测绘工程 地质工程 采矿工程 油气储运工程 交通工程 铁道工程 桥梁工程 隧道工程 市政工程 环境工程 建筑学 城乡规划 风景园林 能源与动力 电气及其自动化 建筑环境与能源应用 给排水 建筑电气与智能化 化学工程与工艺 氢能科学 新能源科学与工程 储能科学与工程 智能电网信息 材料成型及控制 地理信息科学 遥感技术 计算机科学与技术 人工智能与自动化 机器人工程 电子信息 供应链管理 物流管理 经济学 税收学 金融学 投资学 审计学 会计学 财务管理 法学 中文类 新闻类 管理科学与工程 外国语 工商管理 人力资源管理 行政管理"
            },
            {
              "color": 7,
              "id": "optAonRWqi",
              "name": "系统总体设计师 飞行器总体设计师 探测制导总体设计师 指挥控制总体设计师"
            },
            {
              "color": 8,
              "id": "optHjRB8gY",
              "name": "采矿 通风 计算机类 电气 机械 自动化类 地质 测量 钻探类 发电技术 电气自动化类 电厂化学"
            },
            {
              "color": 9,
              "id": "optv3mTiGf",
              "name": "数智技术研发岗（人工智能 大数据 算法 云计算） 技术研发岗（基带开发 天线设计 硬件开发 系统论证 智能无人系统开发 软件开发 智能感知应用）"
            },
            {
              "color": 10,
              "id": "optw0Ahmwo",
              "name": "工艺工程师 IT支持工程师 材料工程师 计划员 财务分析 董事长助理 生产管理 销售代表 销售支持 外贸业务员 电商运营"
            },
            {
              "color": 0,
              "id": "optOdprLWH",
              "name": "Analog Design Engineer、 Digital Design Engineer、 Digital Verification Engineer、 Mixed Signal Engineer、 Product Evaluation Engineer、 Test Development Engineer、 FAE、 System Application Engineer、 Customer Account Specialist、 Sales Operation Specialist、 Customer Quality Engineer"
            },
            {
              "color": 1,
              "id": "opt3Nc6NbO",
              "name": "职能管理类 金融财务岗 商务管理岗 工程技术岗"
            },
            {
              "color": 2,
              "id": "optKKjfVZR",
              "name": "研发类 硬件工程师、结构工程师、嵌入式软件工程师、算法工 程师、应用软件工程师、产品工程师、测试工程师 职能类 项目助理、人力资源助理、内审专员、财务专员 其他类 SAP助理工程师、智能制造工程师、服务流程设计专员"
            },
            {
              "color": 3,
              "id": "optr6nwaFQ",
              "name": "硬件:研发、测试、技术支持、Layout 软件:嵌入式软开、BIOS工程师 产品:产品工程师、结构与散热 市场:市场、海外、策划、品牌管理 供应:策略采购、品质管理 职能:人资、行政、财务"
            },
            {
              "color": 4,
              "id": "optwU1HJ7v",
              "name": "大宗商品研究岗 宏观研究岗"
            },
            {
              "color": 5,
              "id": "optY7fyjF7",
              "name": "博士专项 机械工程师 总体设计 仿真工程师 嵌入式硬件工程师 嵌入式软件工程师 测试工程师 电气助理工程师 基础应用工程师 标准化工程师 真空系统工程师 材料研发工程师 工艺工程师 销售管培生 制造管培生 证券事务管培生 管培生"
            },
            {
              "color": 6,
              "id": "optfFcosUm",
              "name": "硬件工程师 嵌入式软件工程师 软件开发工程师 FAE现场技术支持工程师 软件测试工程师 销售工程师 销售助理 品质工程师 工艺工程师 制造工程师"
            },
            {
              "color": 7,
              "id": "optdUzNjVN",
              "name": "座椅工程-产品设计工程师 内饰工程-产品设计工程师 内饰工程-技术培养生 安全工程-产品工程师 造型-初级创意设计师 CAE工程师 安全工程-CAE工程师 电子工程-产品工程师 电子工程-硬件工程师 电子工程-软件工程师 技术项目管理工程师"
            },
            {
              "color": 8,
              "id": "optMH3HKS3",
              "name": "研发工程师 、技术应用推广工程师 、管培生"
            },
            {
              "color": 9,
              "id": "optOja7MtU",
              "name": "热能动力设计岗、电气工程设计岗、自动化工程岗、技术经济设计岗、水务工程设计岗、资源工程设计岗、土木建筑设计岗、水利水工设计岗、勘测工程设计岗、环境工程设计岗、网络信息岗"
            },
            {
              "color": 10,
              "id": "opt1jo9PNK",
              "name": "工程设计岗、安装设计岗、土建技术岗、测量技术岗、经营费控岗、安全管理岗、设材管理岗、财务管理岗、"
            },
            {
              "color": 0,
              "id": "optAZTC2jg",
              "name": "商业岗位、市场岗位、研发岗位、供应链岗位、职能支持岗位、"
            },
            {
              "color": 1,
              "id": "opteFLwTVl",
              "name": "食品研发、市场营销、电商运营、品牌运营、职能销售、生产管理、质量管理、企业管理"
            },
            {
              "color": 2,
              "id": "optExX4hOG",
              "name": "产品研发类、IT自动化类、工艺制程类、市场销售类、质量管理类、智能制造类 •"
            },
            {
              "color": 3,
              "id": "optoctruo4",
              "name": "研发类、数据与算法类、产品服务类、营销类、职能类、语言"
            },
            {
              "color": 4,
              "id": "optXe0IeMc",
              "name": "软件开发类、算法类、产品类、技术支持类、安全研究类、、"
            },
            {
              "color": 5,
              "id": "optBHqI0UB",
              "name": "安全 后端 前端 测试 产品 运维 APP研发 数据分析 设计师 买手 企划 招商 管培生 电商平台治理 平台商家管理 服装质量 供应商管理 成本管控 国际物流 质量管理 财务 项目管理"
            },
            {
              "color": 6,
              "id": "optApZK5K8",
              "name": "AI QUANT FinTech 产品销售 投资银行 研究分析 投资交易 风控合规 清算运营 财务审计 培训生"
            },
            {
              "color": 7,
              "id": "optcGybDyT",
              "name": "数据研发岗 数据管理岗 算法工程岗 信息规划岗 软件开发岗（C++方向） 软件开发岗（Java方向） 党建业务岗 纪检监督岗 法律合规岗 财务管理岗"
            },
            {
              "color": 8,
              "id": "optlDpDjlp",
              "name": "软件类 驱动系统类 整车工程与集成类 设计类 产品开发类 产品规划类 产品体验类 储备生类 人力资源/财务/运营类"
            },
            {
              "color": 9,
              "id": "optZoa4NVW",
              "name": "管理培训生 销售管理培训生 电商市场管理培训生 市场管理培训生"
            },
            {
              "color": 10,
              "id": "opts4yxhtI",
              "name": "声学研发工程师 马达研发工程师 电机研发工程师 材料研发工程师 光学设计工程师 机械设计工程师 结构设计工程师 电气设计工程师 芯片设计工程师 制程技术工程师 算法工程师 仿真工程师 质量工程师 项目管理 战略规划专员 会计专员 产能计划 生产计划 物料计划 采购专员 财务BP 商务专员 KA销售 交付经理"
            },
            {
              "color": 0,
              "id": "optmrmoHTm",
              "name": "工程设计岗 安装技术岗 土建技术岗 测量技术岗 经营费控岗 安全管理岗 设材管理岗 财务管理岗 综合管理岗"
            },
            {
              "color": 1,
              "id": "optGQ5xhLe",
              "name": "区域营销 电商运营 视觉设计 产品运营 产品线销售 新媒体运营 区域销售 产品营销策划 具身智能大模型算法 AI算法 感知算法 软件测试工程师 SLAM算法 机械臂算法 实验室测试工程师 硬件预研工程师 规划控制算法 硬件开发工程师 硬件测试工程师 仿真工程师 结构开发工程师 测试开发工程师 认证工程师 产品经理/AI产品经理 TSE助理工程师 模具工程师 用户体验测试工程师 结构预研工程师 软件项目经理 预研/软件项目工程师 MCU开发工程师 大区产研专员 嵌入式软件开发工程师 自动化测试工程师 质量数据工程师 数据分析师 采购工程师 测试工艺工程师 EMC工程师 工业工程师 新产品导入工程师 电子工艺工程师 设备工程师 工艺研究资深工程师 财务BP HRBP 战略BP 内审/内控管培生 行政BP 法务BP 信息安全工程师 CMF设计师 专利诉讼 消费者洞察研究员 视觉设计师 公关传播 JAVA开发工程师 工业设计师 专利工程师 大数据开发工程师"
            },
            {
              "color": 2,
              "id": "optWWINOCz",
              "name": "国际管培生（海外快递 海外货运 国际供应链） 科技管培生（开发 算法 产品） 速递管培生（营运 网点管理 财务 人力资源） 圆通航空（机务工程 运控工程 综合职能）"
            },
            {
              "color": 3,
              "id": "optT3IQULr",
              "name": "管培生 飞机维修(含卓越工程师计划) 信息技术 飞行签派 气象 营销管理 地面服务 行政与生产职能 新鹭程乘务员"
            },
            {
              "color": 4,
              "id": "optYWri4UZ",
              "name": "C++软件开发工程师 嵌入式开发工程师 算法工程师（大模型、机器学习框架软件、组合优化、密码方向） 芯片工艺研发工程师 封装设计工程师 量子芯片设计仿真工程师 仿真工程师 量子测控工程师 硬件测试工程师（安装测试方向） 售前、销售 专利工程师"
            },
            {
              "color": 5,
              "id": "opt5fO5wbs",
              "name": "产品工程师 销售工程师"
            },
            {
              "color": 6,
              "id": "optWphlRkQ",
              "name": "营销商务类 研发技术类 生产管理类 供应链管理类 工程项目管理类 职能类"
            },
            {
              "color": 7,
              "id": "opt10F9AxJ",
              "name": "管培生岗 经办岗 （经济金融专业 数学统计专业 信息科技专业 财务会计专业 相关产业专业 法律专业 其他专业）"
            },
            {
              "color": 8,
              "id": "optWXSNfmU",
              "name": "金融科技职位（软件开发方向、软件测试方向、IT 系统管理方向、业务分析师方向、数据管理与分析方向）；总行应届生项目（总行部门方向、境外机构方向）；金融服务中心、信用卡中心；省直分行职位（金融 “五篇大文章” 方向、金融科技方向、营销方向、金科储备生方向、营运方向）。"
            },
            {
              "color": 9,
              "id": "opticlnvUu",
              "name": "嵌入式软件开发工程师（应用层） 嵌入式软件开发工程师（底层） 嵌入式软件测试工程师"
            },
            {
              "color": 10,
              "id": "opt1gLh4oB",
              "name": "AI算法工程师 机器视觉工程师 C/C++开发 嵌入式开发 Web开发 移动应用开发 软件测试 硬件开发 结构工程师 营销管培生 大客户销售 产品经理"
            },
            {
              "color": 0,
              "id": "opt011wGr2",
              "name": "C++软件工程师 图像算法工程师 嵌入式软件工程师 硬件工程师 结构工程师 电子技术员 海外销售 国内销售 PMC管培生 工业工程管培生 品质管理管培生 人力资源管理"
            },
            {
              "color": 1,
              "id": "optpLDfroP",
              "name": "嵌入式软件工程师 应用软件工程师 FPGA工程师 硬件开发工程师 结构开发工程师 光学工程师 系统测试工程师 硬件测试工程师 应用技术工程师 行销工程师"
            },
            {
              "color": 2,
              "id": "optpkctiYP",
              "name": "硬件工程师 DSP软件工程师 嵌入式软件工程师 上位机软件工程师 Java工程师 软件运维工程师 电气工程师 结构工程师 测试工程师 EMC工程师 海外产品工程师 产品工程师 客服工程师 生产储备干部 采购管培生 计划工程师 质量工程师 CQE工程师 PQE工程师 试制工程师 自动化工程师 装备设计工程师 PIE工程师 IE工程师 工艺工程师 数据平台工程师 总经办管培生 财务管培生 人力资源管培生 品牌营销专员 IT管培生"
            },
            {
              "color": 3,
              "id": "optj3w5WLT",
              "name": "职能岗类 管培生（专业不限） 市场与战略类 市场与战略专员（管理学、经济学、工商管理、战略管理等相关专业） 行政专员（文秘、行政专业优先） 会计（会计、财务管理、审计等相关专业） 安全专员（安全工程专业） 质量管理员（质量工程、标准化工程、金属材料类、机械类等相关专业） 设备管理员（电气类、机械类相关专业） 生产计划员（机械类或其他相关专业） 营销类 外贸、内贸专员（国贸、英语、市场营销、理工类优先） 技术类 机械研发工程师（结构设计/计算仿真/质量/项目管理方向）（材料、机械工程、轮机工程、机械设计及理论、机械制造及其自动化等相关专业；研究方向或课题涉及传动系统者优先） 高分子材料工程师（高分子材料、材料科学与工程等相关专业） 铸造技术员（材料成型及控制工程（铸造）、金属材料工程等相关专业） 锻造技术员（材料成型及控制工程（锻造）、金属材料工程等相关专业） 热处理技术员（材料成型及控制工程（热处理）、金属材料工程等相关专业） 冶金技术员（冶金工程、金属材料等相关专业） 机加工技术员（机械制造及其自动化、机械工程等相关专业） 涂装技术员（材料成型及控制工程（表面）、材料化学、机械等相关专业） 涂装车间管理员（化工工程、材料科学、环境工程、机械工程等相关专业） 成型车间管理员（机械工程、材料成型相关专业） CNC车间管理员（机械工程、工业工程、自动化、数控技术等相关专业） 装配车间管理员（机械类、电气类等相关专业）"
            },
            {
              "color": 4,
              "id": "opt2oi8JNU",
              "name": "电机设计（电磁） 减速器设计（结构） 电机设计（工艺） 现场工艺（电装方向） 现场工艺师（电机绕、嵌线方向） 现场工艺师（机加工方向） 专业工艺师 控制器设计（硬件） 控制器设计（工艺） 上位机设计 具身智能设计师 Slam定位设计师 感知算法设计师 控制算法设计师 协同算法设计师 路径规划设计师 电动关节设计师 电机性能测试工程师 电磁兼容测试工程师（专业需求：电气工程 电机与电器 机械工程等 化学专业 材料分析 冶金专业 机械制造自动化 材料专业(焊接、 电装方向)等 电气工程 电力电子 电机与电器 机械工程等 计算机科学与技术 控制科学与工程 机械电子工程 人工智能 机器人学 机械工程 自动化等 电气工程 电力电子 电子信息 电机与电器）"
            },
            {
              "color": 5,
              "id": "optuoges0C",
              "name": "人工智能技术 地下空间与隧道 智慧交通 空间遥感 路线 路基路面 桥梁 隧道 交通工程 测绘遥感 地质勘察 市政工程 项目管理 工程造价"
            },
            {
              "color": 6,
              "id": "optJ6xKwzX",
              "name": "种鸡饲养管理 孵化管理 设备师 畜牧师 青年鸡饲养管理 营销管理 技术服务 禽病综合防控 实验室检测 饲料配方 研发工程师 行政 人资 法务 信息 物流 采购"
            },
            {
              "color": 7,
              "id": "optE1hi9OX",
              "name": "投资助理 管培生 人事行政 运营 量化研究 算法 金融管培生"
            },
            {
              "color": 8,
              "id": "opthB6Lrke",
              "name": "人工智能工程师 指挥控制工程师 反无人系统工程师 体系设计工程师 软件开发工程师 通信与对抗工程师 无人机总体工程师 精导产品工程师 巡飞产品工程师 气动工程师 结构工程师 飞控工程师 导航工程师 电气工程师 机电工程师 硬件设计工程师 图像算法工程师（需求专业：人工智能类 指挥控制类 计算机类 电子信息类 电气类 控制科学与工程类 力学类 兵器类 航空宇航科学与技术类 机械类 仪器类 数学类）"
            },
            {
              "color": 9,
              "id": "optwwUjaE2",
              "name": "汽车消费金融中心培训生（专业不限"
            },
            {
              "color": 10,
              "id": "opt4MCr59C",
              "name": "经济学、管理学、数学、计算机等专业或复合知识背景优先）"
            },
            {
              "color": 0,
              "id": "optBxDxCvE",
              "name": "生产管理 技术管理 商务管理 安全管理 质量环境 物资管理 试验测量 职能管理类 财务法务类"
            },
            {
              "color": 1,
              "id": "opt7rlzYzt",
              "name": "芯片开发 SoC设计 SoC验证 处理器设计 处理器验证 高性能计算 编译器 算子开发 量化工具研发工程师 软件平台 大模型适配 软件栈 驱动 测试 其他 FAE 芯片规划 管培生"
            },
            {
              "color": 2,
              "id": "opt7ptOXda",
              "name": "客户经理 NLP算法工程师"
            },
            {
              "color": 3,
              "id": "optEra9mro",
              "name": "投资研究类 投资银行类 市场营销类 职能支持类 （专业：金融经济类 会计财务类 数理统计类 计算机科学类）"
            },
            {
              "color": 4,
              "id": "opti7gLaci",
              "name": "产品经理 机械 电气 热管理 算法 仿真 售后服务管培生 营销专员 工作秘书 财务 配件管理"
            },
            {
              "color": 5,
              "id": "optBk7It23",
              "name": "智能装备健康管理工程师 智能无人装备工程师 装甲防护工程师 动力辅助工程师 动力电池匹配工程师 车辆电传动工程师 行动系统工程师 嵌入式系统工程师 高压配电设计工程师 总体工艺工程师 总装工艺工程师 车体制造工程师 先进工艺工程师 工装设计工程师 机加工艺工程师 表面处理工程师 应用开发工程师 电机设计工程师 电气工程师 检验技术工程师 企业管培生"
            },
            {
              "color": 6,
              "id": "optzwUezIq",
              "name": "研发设计岗 项目管理 市场岗 运营岗 人事岗 财务/经营分析 法律 供应链 系统运维/开发 环保/安全相关专业 IE 计划/仓储物流 品质 测试/工艺/整合/制造"
            },
            {
              "color": 7,
              "id": "opth5FRcV3",
              "name": "硬件设计师 软件设计师 电力电子设计师 电驱动设计师（专业：电气工程类、控制科学与工程类 电子科学与技术类、仪器科学与技术类 电子信息类、计算机类）"
            },
            {
              "color": 8,
              "id": "optlzVsEMR",
              "name": "航天总体设计类 发动机设计类 电气与控制类 结构与材料类 地面系统与测试类 质量与标准管理类 财务与审计类 市场与运营类 行政与支持类 供应链与项目管理类 工艺与制造类 精密加工与装配类 质量检测与保障类 生产管理类 发射保障类"
            },
            {
              "color": 9,
              "id": "opt4FaCIYu",
              "name": "技术研发类 综合职能类 产品/营销类 生产运营类 供应链类（所需专业 机械及自动化|材料|化学|电子信息|电气工程|食品科学|生物制药 轻工技术与工程|计算机科学与技术|工业设计|市场营销国际贸易 统计学|财务管理类|人力资源|新闻传播|法学|工业工程等）"
            },
            {
              "color": 10,
              "id": "opttd0wIXD",
              "name": "材料分析工程师"
            },
            {
              "color": 0,
              "id": "optTrk0Oh5",
              "name": "材料工艺工程师"
            },
            {
              "color": 1,
              "id": "opt5vpJC68",
              "name": "仓储管培生"
            },
            {
              "color": 2,
              "id": "optkjW2Xzb",
              "name": "机械结构设计工程师"
            },
            {
              "color": 3,
              "id": "optowyIYjB",
              "name": "机械制图工程师"
            },
            {
              "color": 4,
              "id": "opt36tzgMM",
              "name": "计划管培生"
            },
            {
              "color": 5,
              "id": "opt38fokcg",
              "name": "精益工程师"
            },
            {
              "color": 6,
              "id": "optWGnw1Bv",
              "name": "模具工程师"
            },
            {
              "color": 7,
              "id": "optkTkR72u",
              "name": "市场策划管培生"
            },
            {
              "color": 8,
              "id": "optzGbZS1H",
              "name": "市场开拓管培生"
            },
            {
              "color": 9,
              "id": "optBJBM9vm",
              "name": "市场维护管培生"
            },
            {
              "color": 10,
              "id": "optKKECkHF",
              "name": "台架测试工程师"
            },
            {
              "color": 0,
              "id": "optQANZZBG",
              "name": "制造部管培生"
            },
            {
              "color": 1,
              "id": "opt3WqCBLO",
              "name": "质量管培生"
            },
            {
              "color": 2,
              "id": "optGxukbqb",
              "name": "法务管培生"
            },
            {
              "color": 3,
              "id": "optHDNwRCU",
              "name": "材料测试工程师"
            },
            {
              "color": 4,
              "id": "optrthMhIp",
              "name": "安环工程师"
            },
            {
              "color": 5,
              "id": "optfSe0Imv",
              "name": "材料研发工程师"
            },
            {
              "color": 6,
              "id": "optBgkfDAh",
              "name": "具身智能工程师（模型方向） 检测技术研发工程师 电器研发工程 工控行业项目经理（科研/政府项目） 机器人测试工程师 足式机器人运动控制工程师 助理软件开发工程师 检测工程师 电机本体研发工程师 助理电气工程师 智慧交通解决方案工程师(专业需求为：电气工程(及其自动化) 电机电器 计算机科学 软件工程 软件工程 自动化 控制工程 电力电子 电子 交通信息工程 交通信息控制 机械工程(及其自动化) 智能制造 可靠性 机电一体化 机器人 通信工程 理工大类)"
            },
            {
              "color": 7,
              "id": "optZJXB7cz",
              "name": "工程研发工程师 项目管理工程师 自动化工程师 质量工程师 生产管理工程师 精益工程师 制造工程师 采购工程师 生产计划工程师 数字化开发工程师 客户商务专员"
            },
            {
              "color": 8,
              "id": "optIqLFYsU",
              "name": "芯片类 软件类 产品测试类 制造工程类 硬件类 IT类 封测技术类 供应链类"
            },
            {
              "color": 9,
              "id": "optwLsRa1E",
              "name": "网络研发工程师 通信研发工程师 雷达研发工程师 电磁研发工程师 C++软件开发工程师 技术服务工程师 市场销售管培生"
            },
            {
              "color": 10,
              "id": "opt0K5oakj",
              "name": "财务储备 供应链储备 营销管理储备 职能储备 IT运维储备 IT网络运维储备 IT开发储备"
            },
            {
              "color": 0,
              "id": "optrBxcZWZ",
              "name": "兽医助理 配怀/产房技术员 设备技术员 育肥技术员 兽医博士 育种博士 育种技术员 营养技术员 会计 生产管理员 养殖技术员 技术员 育种技工 种禽孵化技术员 养殖技工 采购专员 订单专员 客服 业务员 质检员 调度员 内勤 司磅员 运营专员 育种实习生 营销实习生"
            },
            {
              "color": 1,
              "id": "opt1lnw4Q4",
              "name": "固收研究员 指数与量化研究员 交易员 机构销售岗 渠道销售岗 券商销售岗 基金会计 运维开发岗 风险管理岗"
            },
            {
              "color": 2,
              "id": "optZQHrMAI",
              "name": "智能制造 软件开发 电子封装 MEMS工艺 导航算法 IC设计 机械设计 系统建模与控制 需求专业为：微电子学与固体电子学、导航制导与控制、 集成电路设计、电磁场与微波技术、信号处 理、机械电子工程、测控仪器、自动化、力 学、计算机、电子封装、材料科学与工程、 智能制造等"
            },
            {
              "color": 3,
              "id": "optivFvm8a",
              "name": "硬件工程师 系统设计师 射频工程师 软件工程师 通信工程师 水声工程系统设计师 机械结构设计师（需求专业：电子、火控、雷达、空气动力学、飞控、 计算机、电磁场与微波、计算机科学与技术、自动化、控制科学与工程系统工程、通信工程、信息工程、人工智能、通信与信息系统、信息与信号处理、博士研究生"
            },
            {
              "color": 4,
              "id": "optkzkBupi",
              "name": "水声物理、水声工程(声纳工程)、水声信号处理、流体力学、动力机械工程、机械设计、机电工程等相关专业）"
            },
            {
              "color": 5,
              "id": "optF1CKltn",
              "name": "系统总体设计 控制与算法开发 半导体工艺技术 电路与电源设计 仿真与测试评价 光电材料技术 光学系统技术 激光器设计 集成电路设计 结构设计 嵌入式开发 逻辑开发 图像与雷达信号处理 工艺技术 保密技术 企业管理 财务会计 绩效管理"
            },
            {
              "color": 6,
              "id": "optGaWQR0X",
              "name": "研发类(通信、电子、物理、光学、光电信息、化学、电子材料) 测试类(数学、物理、光学、电子、机械) 工艺类(电子信息、光电信息、封装工艺、材料物理、物理学、应用物理) 计算机类(大数据、数据治理) 品质类(质量管理、工业工程) 销售类(市场营销、电子信息、光学) 材料类(电子、材料、板材、机械) 设备类(机械、电子、自动化、电气) 项目类(电子信息、电子、机械) 职能类(人力资源、财务、市场营销、国际贸易、英语、日语、越南语) 自动化类(自动化控制、人工智能、AI)"
            },
            {
              "color": 7,
              "id": "optoH63dO5",
              "name": "量化策略研究员"
            },
            {
              "color": 8,
              "id": "optNAXlM3H",
              "name": "会员大消费事业部/RoiAI技术组/运营专员"
            },
            {
              "color": 9,
              "id": "optAGQ4ApM",
              "name": "物流管理工程师 仓储管理工程师 饲料生产储备干部 采购工程师（物流管理） 采购工程师（饲料原料） 采购工程师（供应链运营） 农产品分析师 贸易工程师 营养师 饲料检测研发工程师 营养研发岗 销售工程师 财务管培生 采购管培生（子公司主管方向） 财务管培生（肉食） 人力资源管培生（肉食） 供应链管培生 采购管培生（供应商管理方向） 采购管培生（项目管理方向） 物流管理岗（冷链物流方向） 供应链管培生（肉食） 运力招采岗 仓储管理岗 供应链金融岗 销售管培生"
            },
            {
              "color": 10,
              "id": "opttmQVOHI",
              "name": "AI大模型算法工程师 感知算法工程师BEV OCC 仿真与3D重建算法工程师 导航端到端算法工程师 算法工程师（步态） 感知算法工程师分割与检测 视觉感知算法工程师 AI仿真算法工程师 算法工程师（操作） AI算法应用工程师 运动控制工程师 伺服软件工程师 Rust 开发工程师 后端开发工程师 前端开发工程师 硬件测试工程师 C++ 开发工程师 软件测试工程师 传动工程师 机械工程师 硬件工程师 技术支持工程师 机器人产品经理 UI设计师 产品经理 证券事务专员 财务专员"
            },
            {
              "color": 0,
              "id": "optsTTJDQ3",
              "name": "工程技术岗 商务管理岗 安全管理岗 物资设备管理岗 工程试验岗 财会与审计岗 法律合规岗 综合管理岗位(专业需求为：土木工程、交通工程(含民航机场工程建设等相关土建专业)、交通管理(飞行 运行管理)、交通运输(空中交通管制)、铁道工程、道路桥梁与渡河工程、智能建 造、水利水电工程、地下空间工程、结构工程、市政工程、]工程力学、地质工程、勘 查技术与工程、采矿工程、测绘工程、电气工程及其自动化(含机场弱电等相关专 业)、电子工程(含机场目视助航等相关专业)、通信工程、新能源科学与工程、环 境科学与工程、油气储运工程、能源与动力工程、给排水科学与工(程(管网建设)、 建筑环境与能源应用工程、建筑环境与设备工程、计算机科学与技术等专业、工程管理、工程造价、安全工程、机械工程类、物流工程、工业工程、无机非金属材料工程、化学工程、材料科学与工程、会计学、审计学、法学、人力资源管理、汉语言文学)"
            },
            {
              "color": 1,
              "id": "optpYY8gIF",
              "name": "需求专业为：电气工程及其自动化 自动化 通信工程 信号工程 轨道交通信号与控制 土木工程 建筑电气与智能化 建筑环境与能源工程 给排水科学与工程 工业与民用建筑 工程力学 材料科学与工程 轨道交通电气与控制 机械工程 机械设计制造及自动化 工程管理 工程经济 工程造价 智慧建筑与建造 水利水电工程 测绘工程 安全工程 安全质量管理 新能源科学与工程 物资管理 法学 人力资源管理"
            },
            {
              "color": 2,
              "id": "opte1LwIHa",
              "name": "服装设计管培生 模杯技术管培生 越南语管培生 法务管培生 行政管理管培生 内容编辑管培生 直播运营管培生 数据分析管培生 平面设计管培生 市场营销管培生 产品企划管培生 服装版师管培生 材料开发管培生 财务管培生 人力资源管培生 销售管理管培生 电商运营管培生 商品管理管培生 模杯技术培训生"
            },
            {
              "color": 3,
              "id": "opt9JWsRyM",
              "name": "生产管培生 人力管培生 文秘管培生 工程管培生 财务金融管培生 开发运维管培生 贸易采购管培生 装置运行工程师 热动集控工程师 机械工程师 自控工程师 电力工程师 人力资源管理 财务管理 贸易采购管理 开发运维管理"
            },
            {
              "color": 4,
              "id": "optUgvcdO2",
              "name": "固体力学数值算法与软件研发 多物理耦合算法与软件研发 流体力学数值算法与软件研发 声学数值算法与软件研发 CAE前处理算法与软件研发 CAE后处理算法与软件研发 数值代数算法与软件研发 电磁学数值算法与软件研发 CAE软件工程工具链架构与技术研发 CAE界面引擎架构研发 多学科系统级仿真软件研发 CAE软件交互体验设计 多体动力学算法与软件研发 并行计算技术研究与平台研发 性能优化方法与工具研发 CAE智能技术与软件研发 固体力学CAE软件研发与工程应用 爆轰与高速冲击CAE软件研发与工程应用 CAE软件性能优化方法与工具研发 电子学CAE仿真软件研发与工程应用 电磁学CAE软件研发与工程应用 多学科系统仿真CAE软件研发与工程应用 多物理耦合CAE软件研发与工程应用 流体力学CAE软件研发与工程应用 加工工艺CAE软件研发与工程应用 CAE软件代理模型研发与应用 项目主管 项目助理 行政秘书 文化宣传主管 人力资源主管 科研财务助理 信息化主管 行政主管"
            },
            {
              "color": 5,
              "id": "optlbuiWvT",
              "name": "软件工程师 硬件工程师 数智化系统工程师 智能制造工程师 材料研发工程师 器件研发工程师 真空技术工程师 低温技术工程师 光学设计工程师 系统装配工艺师 仿真工程师 可靠性工程师 会计"
            },
            {
              "color": 6,
              "id": "opt3AdiQ49",
              "name": "机械 仿真 液压 电气 软件/算法 工艺 营销管理 国内/国际业务工程师 国际营销经理 服务管理 制造管理 质量管理 计划运营 财务 采购 品类"
            },
            {
              "color": 7,
              "id": "optklVRCv7",
              "name": "模拟电路设计工程师 数字电路设计工程师 数字验证工程师 算法工程师 嵌入式软件工程师 EMC工程师 系统工程师 版图设计工程师 系统应用工程师 现场应用工程师 助理测试工程师 功率器件研发工程师 电源应用工程师 电机应用工程师 战略运营专员 管理培训生"
            },
            {
              "color": 8,
              "id": "opt5qbH1r2",
              "name": "工程技术岗 综合管理岗 语言类岗位"
            },
            {
              "color": 9,
              "id": "opttGHL11W",
              "name": "研发类、运维类、营销类、技术支持类等"
            },
            {
              "color": 10,
              "id": "optd4aR4sR",
              "name": "产品开发工程师 财务专员 采购专员 IT专员 电气工程师 外贸业务员 工艺/制程工程师 质量工程师 销售专员 研发工程师 机械类相关专业 财会类、经济类专业 供应链管理、商科类专业 计算机相关专业 电气类专业 国际贸易、语言专业相关 工科类相关专业 质量管理等工科类专业 专业不限"
            },
            {
              "color": 0,
              "id": "optAxl2VfE",
              "name": "市场营销、工科类优先 线缆、电子、机械等工科类专业"
            },
            {
              "color": 1,
              "id": "opt9XRksoB",
              "name": "需求专业为：电气工程、电力系统及其自动化、高电压 与绝缘技术、电力电子与电力传动等相关 专业、土木工程、结构工程、特结、智能建造、热能工程、热能与动力工程、热工及自动化、储能工程、动力工程及工程热物理、 燃气轮机工程、新能源科学与工程相关专 业、技术经济及管理、工程管理、工程经济、工程造价、管理科学与工程、计算机科学与技术、软件工程、人工智能、地理信息系统、通信工程、网络工程、水工结构、水利水电工程、水力机械工程、水利工程、海洋与船舶工程、给排水科学与工程、摄影测量与遥感、测绘工程、地质工程、岩土工程、地理信息科学、安全工程、安全科学与工程、自动化、机械工程、环境工程、生态学、植物学、动物学、水土保持与荒漠化防治、应用化学、化学工程、化学工艺市场营销等相关专业、材料工程、无机非金属材料"
            },
            {
              "color": 2,
              "id": "optTWEl6GM",
              "name": "营销推广类 海外销售 海外电商运营(小语种方向) 海外电商运营(英语方向) 海外市场推广(小语种方向) 国内电商运营 国内市场推广 职能类 财务信息化专员战略规划专员 产研类 箱包设计师"
            },
            {
              "color": 3,
              "id": "opt9ytCUyh",
              "name": "1、算法类:大模型算法、CV算法、NLP算法 2、开发类:JAVA开发、前端开发、C++开发、测试开发 3、产品类:AI产品经理、增长产品经理"
            },
            {
              "color": 4,
              "id": "opt0S22U3N",
              "name": "小学全职老师（数学、英语） 初中全职老师（数学、英语、物理、化学） 高中全职老师（数学、英语、物理、化学）（专业不限）"
            },
            {
              "color": 5,
              "id": "optbljW2b4",
              "name": "管理培训生（专业要求:财会类、金融经济类、经济管理 类、法学类、数学类、统计类、计算机类、汉语言文学类专业毕业）"
            },
            {
              "color": 6,
              "id": "optfhtSQBh",
              "name": "需求专业为：电气工程 林业及园林 石油工程 工程管理 工程造价 建筑学 机械电子工程 机械工程 消防工程 土木工程 智能建造 地下空间 安全工程 工程力学 市政工程 水务工程 通信工程 城市设计 城乡规划 测绘工程 环境工程 风能与动力 水利水电工程 电子信息工程 新能源工程 建筑环境与能源应用 光伏发电技术 化学工程与工艺 过程装备与控制 测控技术与仪器 勘察技术与工程 能源与环境系统 能源与动力工程 焊接技术与工程 计算机科学与技术 给排水科学与工程 机械制造及自动化 电气工程及其自动化 电气工程与智能控制 风景园林等相关专业 职能管理类 行政管理 思想政治 人力资源管理 公共管理 汉语言文学 劳动社会关系 经济学 新闻学 工商管理 会计 金融 法学等相关专业"
            },
            {
              "color": 7,
              "id": "optdIGHcHe",
              "name": "招聘专业：建筑 结构 电气工程 自动化 给排水 暖通空调 城乡规划 人文地理与城乡规划 环境工程 市政工程 桥梁工程 道路工程 交通工程 岩土工程 地质工程 工程测量 工程造价 工程管理 园林景观 室内设计 环境艺术设计 技术经济 产业经济 计算机科学与技术 物联网工程 人工智能"
            },
            {
              "color": 8,
              "id": "optAg912R1",
              "name": "招聘专业：冶金类、材料类、矿加类 机电类、自动化类、能动类 财务类、化学类、安环类"
            },
            {
              "color": 9,
              "id": "optJ9NFo05",
              "name": "权益研究员 渠道销售经理 销售支持经理 电商运营经理 金融业务系统开发工程师"
            },
            {
              "color": 10,
              "id": "optqQZP3wO",
              "name": "射频设计工程师 模拟设计工程师 数字设计工程师 版图设计工程师 射频测试工程师 封装设计工程师 测试软件工程师 滤波器设计工程师 新品导入工程师 量产测试工程师 生产计划工程师 采购工程师 质量工程师 IT工程师 运维开发工程师 销售管培生 技术支持工程师 财务管培生"
            },
            {
              "color": 0,
              "id": "opt7UPnYbV",
              "name": "科技创新岗 工程管理岗 成本管理岗 招采管理岗 投资开发岗 财务管理岗 营销管理岗 综合管理岗（面向专业 工程管理与商务法务类 土木工程、工程管理、工程造价、电气工程、市 政工程、风景园林、法学及相关专业; 设计研发与科技创新类 建筑学、土木工程、风景园林、机电设计、环境工 程、室内装饰、环境艺术、材料科学与工程及相关 专业; 营销客服与资产运营类 市场营销、传播学、社会学、物业管理、经济学、 统计学及相关专业; 财务审计与投资开发类 会计学、税务、财务管理、审计学、统计学、金融 学、经济学、投资学、房地产经营与管理、土地资 源管理、产业经济学、城乡规划及相关专业; 综合管理类 行政管理、汉语言文学、马克思主义理论、人力 资源管理、工商管理、政治经济学及相关专业）"
            },
            {
              "color": 1,
              "id": "optvEKPkIi",
              "name": "大客户经理(动物科学、海洋水产、生命科学、微生物学、食品科学、资源环境、农学、市场营销等专业) 水产动保销售工程师(水产养殖相关专业) 畜禽动保区域销售经理(专业不限) 海外业务专员（销售/行政）(越南语、印尼语专业)"
            },
            {
              "color": 2,
              "id": "optYTJmJ9J",
              "name": "电机产品研发设计岗、电气产品研发设计岗、机械设计岗、软件设计岗、硬件设计岗"
            },
            {
              "color": 3,
              "id": "opt1Mfbrof",
              "name": "金融科技类、综合管理类"
            },
            {
              "color": 4,
              "id": "optW3M9Vz8",
              "name": "设计管理类、投资发展类、营销管理类、运营管理类、工程管理类、成本相关类、客户管理类、产业园区类、商业管理类、邮轮业务类、物业服务类、数字科技类、综合管理类、财务管理类"
            },
            {
              "color": 5,
              "id": "optjgb4M4v",
              "name": "兵器类、计算机类、化学类、机械类、自动化类、数学类、材料类、光学工程类、航空航天类、电子信息类、仪器类、经营类"
            },
            {
              "color": 6,
              "id": "opt9HjdIZx",
              "name": "语言类(日语/韩语)/国际经济与贸易(英语)/家庭服务及服装设计与工程/视觉传达设计/经营管理及市场营销等专业"
            },
            {
              "color": 7,
              "id": "optyDPV5Ia",
              "name": "工艺研发工程师、材料研发工程师、研发助理工程师、储备干部、各事业部负责人、内贸销售经理、外贸销售经理、专职销售经理、销售内部"
            },
            {
              "color": 8,
              "id": "opt6W7jEVi",
              "name": "财融类、供应链类、营销管理类、职能类"
            },
            {
              "color": 9,
              "id": "opt7wURIuG",
              "name": "航空宇航科学与技术类、力学类、机械类、动力工程及工程物理类、电子科学与技术类、信息与通信工程类、控制科学与工程类、计算机科学与技术类、兵器科学与技术类、仪器科学与技术管理类"
            },
            {
              "color": 10,
              "id": "optJpd8zGr",
              "name": "土木工程、工民建、铁道工程、工程造价、工程管理、安全工程、城市地下空间工程、道路桥梁与隧道工程、水利水电、物流工程、物流管理、会计学、财务管理、国际经济与贸易、金融、税务、英语、葡萄牙语、阿拉伯语"
            },
            {
              "color": 0,
              "id": "optsKFYr2F",
              "name": "技术类、生产类、业务类"
            },
            {
              "color": 1,
              "id": "optHLCeVPX",
              "name": "产品研发类、专业技术类、职能支持类、市场营销类、生产运营类"
            },
            {
              "color": 2,
              "id": "optjrPJB0P",
              "name": "研发技术类、质量制造类、市场营销类、职能管理类"
            },
            {
              "color": 3,
              "id": "optqLqEGBC",
              "name": "计算机科学与技术、软件工程、物联网工程、控制科学与工程、大数据技术与应用、网络工程、电子信息、信息与通信工程、自动化类"
            },
            {
              "color": 4,
              "id": "optSy4flon",
              "name": "机械类、控制类、液压类、农学类、计算机类、语言类、管理类等专业"
            },
            {
              "color": 5,
              "id": "optpO8Gomg",
              "name": "运载火箭总体设计师、空间飞行器总体设计师、运载火箭制导控制设计师、运载火箭结构总体设计师、运载火箭地面设备总体设计师、火工系统设计师、运载火箭控制综合设计师、液体火箭发动机系统设计师、液体火箭动力系统总体设计师"
            },
            {
              "color": 6,
              "id": "optdMcCeTb",
              "name": "化学类、材料类、物理类、机械类、计算机类、经管类等"
            },
            {
              "color": 7,
              "id": "opt85quFE8",
              "name": "工程技术岗、商务管理岗、安全管理岗、物资设备管理岗、工程试验岗、财务与审计岗、法律合规岗、综合管理岗位"
            },
            {
              "color": 8,
              "id": "optWsPx1lW",
              "name": "工程应用类、计算机科学类、高性能计算类"
            },
            {
              "color": 8,
              "id": "optVyPmuCW",
              "name": "科技类专项人才"
            },
            {
              "color": 9,
              "id": "optTApYQ4c",
              "name": "综合营销岗"
            },
            {
              "color": 10,
              "id": "optOTT4CaP",
              "name": "柜面服务岗"
            },
            {
              "color": 0,
              "id": "opt3C1uaCT",
              "name": "园区运维管理岗"
            },
            {
              "color": 1,
              "id": "opt3BdMYjT",
              "name": "信息技术运维岗"
            },
            {
              "color": 2,
              "id": "optY5YRjMA",
              "name": "外语类专项人才"
            },
            {
              "color": 3,
              "id": "optFPmTXzL",
              "name": "部门经办岗"
            },
            {
              "color": 4,
              "id": "optlSlVRIx",
              "name": "通用类岗位"
            },
            {
              "color": 5,
              "id": "optLjDMJfi",
              "name": "工程技术类（工艺工程、质量管理、供应链、整车研发、技术服务、生产管理、建模仿真）； 动力 & 能源类（充电及能源产品、电池工程、电力电子、电芯工程、电驱及动力总成）； 硬件类（设备工程、硬件测试、硬件开发、通信工程）； 软件类（基础架构、软件开发、软件测试、算法、产品经理、运维 / 技术支持）； 材料类（金属材料相关岗位）； 物流及设施运营类（物流及仓储管理、设施运营）； 销售交付类（销售交付、服务、销售运营）； 服务类（客户服务、售后支持）； 环境健康安全类（环保、职业健康、生产安全、消防、安保等）； 职能支持类（对外沟通、人力、财务、法务、企业综合事务）"
            },
            {
              "color": 6,
              "id": "optuOG3iM6",
              "name": "总行培训生 总行金市条线培训生 总行外汇条线培训生 总行信息技术部培训生 (人工智能new、软件研发、数据研发、系统管理) 博士后 分行培训生 分行信息技术培训生 营销培训生 (公司金融方向、小微金融方向、零售金融方向) 运营培训生 (综合柜员方向)"
            },
            {
              "color": 7,
              "id": "opto1doSEG",
              "name": "研发类（机器人工程"
            },
            {
              "color": 8,
              "id": "optFRg789u",
              "name": "软件工程、计算机视觉、计算机科学与技术、工业互联网工程、信息与计算科学、数据科学与大数据技术"
            },
            {
              "color": 9,
              "id": "optYhF9tc0",
              "name": "光学、电气工程及其自动化、自动化 / 控制理论与控制工程）； 工程设计类（机械类"
            },
            {
              "color": 10,
              "id": "optP72DONz",
              "name": "自动化类"
            },
            {
              "color": 0,
              "id": "optHkjdnXX",
              "name": "计算机 / 软件工程"
            },
            {
              "color": 1,
              "id": "optw3Y7UFS",
              "name": "过程控制与装备工程 / 化工机械及相关专业"
            },
            {
              "color": 2,
              "id": "optLhFcxdl",
              "name": "暖通工程 / 能源与动力类"
            },
            {
              "color": 3,
              "id": "opt8qm0t2r",
              "name": "化学工程与工艺 / 表面工程技术"
            },
            {
              "color": 4,
              "id": "optFHNFLiW",
              "name": "工业工程）； 其他类（国际贸易、英语、财会类）。"
            },
            {
              "color": 5,
              "id": "optU8Ds8xe",
              "name": "贸易类、营销类、产品类、 财务类、IT类、生产类(生产、EHS)、 品管类(QA、QC)、 储运类、财务类、 养殖类、贸易类、营销类"
            },
            {
              "color": 6,
              "id": "optKx4RWn9",
              "name": "培训专员"
            },
            {
              "color": 7,
              "id": "optYBqpAD8",
              "name": "电力交易专员"
            },
            {
              "color": 8,
              "id": "optu3f98kc",
              "name": "运营专员（管培生）"
            },
            {
              "color": 9,
              "id": "opt8C9M1R3",
              "name": "运营专员（储备运营管理岗）"
            },
            {
              "color": 10,
              "id": "optW4nBShl",
              "name": "嵌入式软件工程师（常州）"
            },
            {
              "color": 0,
              "id": "optQ4Y92xt",
              "name": "嵌入式软件工程师（南京）"
            },
            {
              "color": 1,
              "id": "opt9wawGw4",
              "name": "电气工程师（充电方向）"
            },
            {
              "color": 2,
              "id": "opt4Y1DUwQ",
              "name": "电气工程师（微电网方向）"
            },
            {
              "color": 3,
              "id": "optnFsmzwb",
              "name": "电气工程师（储能方向）"
            },
            {
              "color": 4,
              "id": "optwh21bPV",
              "name": "系统工程师（储能方向）"
            },
            {
              "color": 5,
              "id": "optkZCdvmC",
              "name": "结构工程师（储能方向）"
            },
            {
              "color": 6,
              "id": "optqkYJidm",
              "name": "JAVA 工程师（数字化方向）"
            },
            {
              "color": 7,
              "id": "optfkxR9jY",
              "name": "电力电子硬件工程师（杭州）"
            },
            {
              "color": 8,
              "id": "optEfJXYTd",
              "name": "JAVA 工程师（云产品方向）"
            },
            {
              "color": 9,
              "id": "optE3ieEx2",
              "name": "电力电子固件工程师（杭州）"
            },
            {
              "color": 10,
              "id": "opt6sVNnFI",
              "name": "电力电子硬件工程师（南京）"
            },
            {
              "color": 0,
              "id": "optRKskmVu",
              "name": "仪器研发类 试剂研发类 市场推广类 法规注册类（电子类、机械类、计算机类、生物类、医学类、小语种类）"
            },
            {
              "color": 1,
              "id": "opt5FJx9hU",
              "name": "工程开发技术人员 软件研发 环境科学/环保 能源/矿产/地质 项目管理 施工员 数据工程师"
            },
            {
              "color": 2,
              "id": "optHkV5FXR",
              "name": "嵌入式软件开发工程师 硬件开发工程师 技术支持工程师"
            },
            {
              "color": 3,
              "id": "optJDdG1RB",
              "name": "软件 硬件 结构 机器人 算法 视觉 前端 后端 测试 供应链管理 采购 工艺 设备 质量 认证 电商 内容 策划 短视频 零售 设计 海外销售 亚马逊运营 产品 UI 财务 科技项目 储备干部"
            },
            {
              "color": 4,
              "id": "optvFEaC06",
              "name": "服务工程师（机械） 工程师管培生"
            },
            {
              "color": 5,
              "id": "optOKpIcXS",
              "name": "U3D/C++/JAVA/大数据/测试开发管培生 关卡/系统/数值策划管培生 UI/平面/动画/原画/音频设计管培生 海外/小语种/推广/用户运营管培生 市场/投放/游戏视频设计管培生 财务/HR/行政/法务管培生"
            },
            {
              "color": 6,
              "id": "optmFBgeyc",
              "name": "硬件研发工程师 FPGA开发工程师 嵌入式软件工程师 结构仿真工程师 FAE工程师 DAS工程师 定向井工程师 行业销售工程师/经理 海外市场拓展专员 FAE市场技术支持 产品经理"
            },
            {
              "color": 7,
              "id": "opt4ckbRBN",
              "name": "财务审计岗 IT审计岗 管理咨询岗 综合岗 审计实习生 函证实习生"
            },
            {
              "color": 8,
              "id": "optOhy2P5r",
              "name": "城乡规划 人文地理 园林景观 土地资源管理 建筑设计 给排水设计 道路桥梁 建筑历史与理论 GIS 计算机"
            },
            {
              "color": 9,
              "id": "opticbqv1b",
              "name": "渠道销售 大客户销售 大客项目 商品管理 外贸销售 电商运营 跨境电商 产品设计 产品管理 产品计划 物流管理 供应链管理 结构工程师 技术开发 采购管理 财务管理 资金管理"
            },
            {
              "color": 10,
              "id": "optLO7LdsZ",
              "name": "研发工程师 工艺工程师 工艺技术员 测试开发工程师 设备工程师 设备技术员 失效分析工程师 质量工程师 质量技术员 IE工程师 生产技术专员 厂务工程师 厂务技术员 生产工程师 生产技术员 人事专员 财务专员 物流专员"
            },
            {
              "color": 0,
              "id": "opt8LjKiHC",
              "name": "研发类（本科:机械类、材料 类、化工类等专业） 材技类（本科:材料类、化 工类等专业） 质量类（本科:机械类、材料 类、化工类等专业） 生产管理（本科:机械类、工业工程等专业）"
            },
            {
              "color": 1,
              "id": "optMiM90vm",
              "name": "业务类（专业不限）城市经理（工建） 区域经理（民建） 管培生（砂粉） 研发类（化工、材料、高分子、聚氨酯、胶黏、反应型材料类）研发管培生（中心） 研发管培生（区域）供应链类（专业:采购、贸易、化工、材料类优先、机械、 电气及自动化类优先） 采购管培生（中心） 采购管培生（区域） 技术/应用类（材料类、高分子类、化学/化工类、矿物加工 工程、无机非金属材料或相关专业优先）技术管培生（中心） 技术管培生（区域）市场/产品类（专业:专业不限。电子商务、市场营销、广告、 传媒等专业优先） 市场管培生 产品管培生 职能类（专业不限"
            },
            {
              "color": 2,
              "id": "optNppZjCU",
              "name": "与岗位匹配且综合能力(沟通 表达、逻辑思维等)强优的同学优先）人力 财务 风控 数字化"
            },
            {
              "color": 3,
              "id": "optiz42jl8",
              "name": "管培类 研发技术类 质量检测类 生产运营类 HSE类 工程装备类 营销/市场类 财经类 IT/智能制造类 职能类 法务类 物流采购类"
            },
            {
              "color": 4,
              "id": "optZ0zwEXo",
              "name": "软件工程师 硬件工程师 结构工程师 测试工程师 电机电磁工程师 电机测试工程师 电气工程师 应用开发工程师 采购专员 计划专员 人力资源专员"
            },
            {
              "color": 5,
              "id": "optNSN63vP",
              "name": "研发设计类 智能制造类 售后服务类 技术支持类 软件开发类 销售工程类 工业设计类"
            },
            {
              "color": 6,
              "id": "optW8Q9V0p",
              "name": "SRE工程师 PHP开发工程师 系统运维工程师 JAVA开发工程师 Web前端开发工程师 移动端开发工程师（iOS/Android） PC客户端开发工程师 驱动开发工程师 PCB工程师 硬件工程师 测试工程师 销售管培生（海外）"
            },
            {
              "color": 7,
              "id": "optgmFsnTk",
              "name": "游戏服务端开发工程师 游戏客户端开发工程师 后端开发工程师 WEB前端开发工程师 游戏系统策划 游戏数值策划 游戏文案策划 角色原画设计师 UE特效设计师 游戏产品运营 游戏发行运营 游戏海外运营 国内广告投放 海外广告投放 项目管理管培生"
            },
            {
              "color": 8,
              "id": "optkKW7VUV",
              "name": "生产储备干部 生产技术员 生产实习生"
            },
            {
              "color": 9,
              "id": "optHlMhVqf",
              "name": "产品研发类 工艺研发类 基础研究类"
            },
            {
              "color": 10,
              "id": "opt6Jk6Jr7",
              "name": "工程技术 职能管理"
            },
            {
              "color": 0,
              "id": "optghJXgx4",
              "name": "AI算法工程师 Java开发工程师 软件测试工程师 需求分析师 业务运维工程师 管理培训生"
            },
            {
              "color": 1,
              "id": "optK3HymWN",
              "name": "项目管理类 项目经理 工程技术类 弱电工程师 暖通工程师 电气工程师人工智能类 AI算法工程师 Al产品经理气象算法工程师 研发类 JAVA开发工程师前端开发工程师 GIS开发工程师 产品咨询类 产品经理 售前咨询工程师"
            },
            {
              "color": 2,
              "id": "optq2xPZSv",
              "name": "FPGA工程师 硬件工程师 C++工程师 Linux/嵌入式工程师 Java工程师 算法工程师 信息安全工程师 市场营销工程师 海外市场营销工程师 (英语/西语/法语) 售后工程师 人力管培生 财务管培生"
            },
            {
              "color": 3,
              "id": "optVADkoQQ",
              "name": "2026届校招见习生 船舶工程师 轮机工程师 网络工程师 电气工程师 现场工程师"
            },
            {
              "color": 4,
              "id": "optFfJBJp3",
              "name": "光学工程师 机械工程师 电气工程师 工艺工程师 激光应用工程师 激光工艺工程师 电机设计工程师 技术支持工程师 售后服务工程师 海外技术支持 AI应用开发工程师 软件算法工程师 嵌入式软件工程师 C++软件工程师 业务经理 研发工程师(光伏) 研发工程师(激光)"
            },
            {
              "color": 5,
              "id": "optUg7ZxEK",
              "name": "HRIS&ER专员 电子助理工程师 客户质量工程师CQE 智造系统工程师 先期质量工程师AQE 驱动器工程师 器件工程师-FMCW 系统集成工程师 器件应用工程师-器件FT和可靠性方向 器件应用工程师-VCSEL方向 材料工程师 电子失效分析工程师 电子PCBA自动化测试工程师 ME工程师 包装及物流工程师 产品工程师 光学工程师（光芯片方向） 仿真设计工程师（结构/力学方向） 计算机视觉算法工程师 器件工程师-SPAD研发方向 器件可靠性工程师-SPAD 测试开发工程师 EMC工程师 网络安全工程师 控制算法工程师 系统工程师 激光安全工程师 软件测试开发工程师 系统安全工程师 设备助理工程师 芯片系统工程师-信号处理&FPGA 深度学习算法专家 嵌入式软件工程师 C++智能制造开发工程师 仿真设计工程师（热设计方向） 机械工程师 可靠性测试工程师 光学工程师 电子工程师 FPGA开发工程师 数字IC设计工程师 IC验证工程师 模拟IC设计工程师 应用工程师 器件工程师-VCSEL研发方向 工艺工程师（机械方向） 嵌入式软件工程师（芯片验证） 光电系统工程师 工业工程师 AME工艺规划工程师 PMC工程师 器件应用工程师-SPAD方向 半导体器件产品工程师 校园大使 测试工艺工程师"
            },
            {
              "color": 6,
              "id": "optEUlG6p6",
              "name": "视觉设计师 交互设计师 动效设计师 ID设计师 CMF设计师 CMFD设计师"
            },
            {
              "color": 7,
              "id": "optK16zpnE",
              "name": "人力资源岗 博士岗 电气自控技术岗 化工技术研发岗 机械设备技术岗"
            },
            {
              "color": 8,
              "id": "optsOzjLsP",
              "name": "固态电解质 模拟仿真 产品开发 材料开发 工艺开发 项目管理 销售储备干部 品质工程 供应商品质管理 生产管理 设备管理 工艺 动力 精益管理 仓储 报关"
            },
            {
              "color": 9,
              "id": "optjRVbip1",
              "name": "研发技术岗 生产管理岗 海外营销岗 技术方案工程师 技术服务工程师 客户经理 信息化工程师"
            },
            {
              "color": 10,
              "id": "opth6sM3lp",
              "name": "高级算法设计师 (导航/通信芯片) 高级系统设计师 (人工智能/海事通导) 高级天线设计师 算法设计师(无线通信/导航/具身智能/飞控/雷达/原子钟) 嵌入式软件设计师 协议软件设计师 FPGA设计师 应用软件设计师 控制软件设计师 软件测试工程师 数字电路设计师 射频设计师 天线设计师 电源设计师 结构设计师 数字芯片设计师 芯片验证工程师 芯片测试工程师 量子物理工程师 光学设计师 供应链管理 科技英语 市场营销工程师"
            },
            {
              "color": 0,
              "id": "optKQZwkvE",
              "name": "无线通信技术岗 遥感算法设计岗 无人机系统设计岗 算法设计岗 电子电气设计岗 软件开发岗 光学设计岗 系统设计岗 总体论证岗"
            },
            {
              "color": 1,
              "id": "optWGhC24y",
              "name": "建筑设计岗 产品管控岗 创新研究岗 营销策划岗 法务管理岗 财务管理岗 党群事务岗 投资拓展岗 机电管理岗 成本管理岗 工程管理岗"
            },
            {
              "color": 2,
              "id": "optqDr35ea",
              "name": "产品与精算 市场与营销 核保与风控 理赔与客户服务 HWP健康财富规划师 投研核心 市场与客户 风险控制 运营与支持 长寿社区 综合医疗 口腔医疗 泰康AI之星 人工智能 大数据 系统研发 综合管理 项目管理与测试 需求分析与支持 战略规划 市场企划 市场研究 市场营销 行业分析 经营分析 预算管理 人效管理 财务会计 财务管理 税务管理 财务审核 审计 法律合规 供应链管理 人力资源 教育培训 综合行政 运营管理 品牌宣传 医院管理 医务医政 医保管理 学科发展 质量管理"
            },
            {
              "color": 3,
              "id": "optZ9F6o3O",
              "name": "机械设计 软硬件开发 算法标定 质量 工艺 生产 项目 物流 信息 试验 智能驾驶 营销 财务 采购"
            },
            {
              "color": 4,
              "id": "optlaqSXXb",
              "name": "设施类 环境类 客服类 市场类 运营类 职能类"
            },
            {
              "color": 5,
              "id": "optNkamw4M",
              "name": "精鹰计划 (硕 / 博)（管理类、土木类、营销类、中文类、财经类等）； 营销类 (本 / 硕)（土木类、市场营销、外语类专业等）； 技术类 (本 / 硕 / 博)（土木工程、结构工程、工程力学、建筑学、材料成型及控制工程（焊接方向）、计算机等）； 工程管理类 (本 / 硕)（土木类、建筑工程、（国际）工程管理、工程造价等）； 生产管理类 (本 / 硕)（土木类、工业工程、机械制造类、机电、焊接工程、智能制造、供应链管理、管理科学与工程、物流管理、统计学等）； 职能类 (本 / 硕)（人力资源管理、工商管理、行政管理、心理学、新闻传播、汉语言文学、会计学、财务管理、税务、法学、审计等）。"
            },
            {
              "color": 6,
              "id": "optWU6RJ2R",
              "name": "环保科研岗 膜产品研发岗 水处理工艺设计岗 电气设计岗 智能控制开发岗 工程管理岗"
            },
            {
              "color": 7,
              "id": "optjPNj91z",
              "name": "管培生 红人运营(美妆) 红人运营(服装) 直播运营 红人签约；实习生：（编导实习生 媒介实习生 招商实习生）"
            },
            {
              "color": 8,
              "id": "optOhVSsmD",
              "name": "新零售销售管培生 电商业务运营管培生 品牌市场产品管培生 供应链管培生 职能管培生 兽医管培生 饲养管培生 犊牛管培生 繁育管培生 生产管培生 设备管培生 技术管培生 人力行政管培生 财务管培生 供应管培生 储运管培生"
            },
            {
              "color": 9,
              "id": "optHqLJHEi",
              "name": "电子电气类 机械车辆类 计算机类 材料类 其他理工类 综合类 （专业明细：人工智能"
            },
            {
              "color": 10,
              "id": "optDLNWbi1",
              "name": "电气工程及其自动化"
            },
            {
              "color": 0,
              "id": "optxXL1c1A",
              "name": "电力系统及其自动化"
            },
            {
              "color": 1,
              "id": "optYLFRAqL",
              "name": "电气工程与智能控制"
            },
            {
              "color": 2,
              "id": "opthb4Ak0G",
              "name": "高电压与绝缘技术"
            },
            {
              "color": 3,
              "id": "opt5sc2FwZ",
              "name": "电子信息工程"
            },
            {
              "color": 4,
              "id": "optmw6lpN5",
              "name": "电磁场与微波技术"
            },
            {
              "color": 5,
              "id": "opte4gUD5F",
              "name": "通信工程"
            },
            {
              "color": 6,
              "id": "optgOcNgEG",
              "name": "电子信息控制"
            },
            {
              "color": 7,
              "id": "optKoyVEAt",
              "name": "电子与通信工程"
            },
            {
              "color": 8,
              "id": "opt6eL98e4",
              "name": "轨道交通电气化技术"
            },
            {
              "color": 9,
              "id": "opt8N7oEZ1",
              "name": "模式识别与智能控制"
            },
            {
              "color": 10,
              "id": "optHYphquM",
              "name": "电机控制"
            },
            {
              "color": 0,
              "id": "opt3s1jocZ",
              "name": "机械（设计）制造及其自动化"
            },
            {
              "color": 1,
              "id": "optMo5YDBx",
              "name": "工业设计"
            },
            {
              "color": 2,
              "id": "optbmlhvU9",
              "name": "智能交互设计"
            },
            {
              "color": 3,
              "id": "optEvv6xQM",
              "name": "智能制造工程"
            },
            {
              "color": 4,
              "id": "optXzGutfA",
              "name": "大数据管理与应用"
            },
            {
              "color": 5,
              "id": "optfIY2iyn",
              "name": "计算机应用技术"
            },
            {
              "color": 6,
              "id": "optCVY4Xdf",
              "name": "信息安全"
            },
            {
              "color": 7,
              "id": "optwYSggdd",
              "name": "数据分析与挖掘"
            },
            {
              "color": 8,
              "id": "optyphtR5m",
              "name": "材料工程"
            },
            {
              "color": 9,
              "id": "optVAeokOj",
              "name": "复合材料与工程"
            },
            {
              "color": 10,
              "id": "optX7sQg4a",
              "name": "材料无损检测与评价"
            },
            {
              "color": 0,
              "id": "opt8lOVUNA",
              "name": "金属材料工程（无损检测）"
            },
            {
              "color": 1,
              "id": "optCIVsk2P",
              "name": "化学工艺"
            },
            {
              "color": 2,
              "id": "optkCtSUGj",
              "name": "高分子物理与化学"
            },
            {
              "color": 3,
              "id": "optTh8dEpp",
              "name": "安全与可靠性工程"
            },
            {
              "color": 4,
              "id": "optxUHDuMP",
              "name": "轨道交通信号与控制"
            },
            {
              "color": 5,
              "id": "opt5xiabEW",
              "name": "交通运输"
            },
            {
              "color": 6,
              "id": "optSc5qtxg",
              "name": "交通设备与控制工程"
            },
            {
              "color": 7,
              "id": "opt03zwEFL",
              "name": "交通运输工程"
            },
            {
              "color": 8,
              "id": "optppL3hfH",
              "name": "人机工程"
            },
            {
              "color": 9,
              "id": "optBR3RpTh",
              "name": "能源与动力工程"
            },
            {
              "color": 10,
              "id": "opt6Ie5pXq",
              "name": "安全工程"
            },
            {
              "color": 0,
              "id": "optxDi1vPl",
              "name": "安全科学与工程"
            },
            {
              "color": 1,
              "id": "optLO8M4Ri",
              "name": "质量管理工程"
            },
            {
              "color": 2,
              "id": "opt07FZrGC",
              "name": "建筑环境与能源应用工程（暖通方向）"
            },
            {
              "color": 3,
              "id": "optxtCcZtn",
              "name": "工程造价"
            },
            {
              "color": 4,
              "id": "optYtVWnQl",
              "name": "土木工程"
            },
            {
              "color": 5,
              "id": "optpBdP2d8",
              "name": "物流工程"
            },
            {
              "color": 6,
              "id": "opt8GLgH7Q",
              "name": "工业工程"
            },
            {
              "color": 7,
              "id": "optLLQ24fe",
              "name": "系统工程"
            },
            {
              "color": 8,
              "id": "optik4ro8w",
              "name": "氢能科学与工程"
            },
            {
              "color": 9,
              "id": "optb3fcAhi",
              "name": "储能科学与工程"
            },
            {
              "color": 10,
              "id": "optEotJT5a",
              "name": "给排水"
            },
            {
              "color": 0,
              "id": "optZ5kpfdr",
              "name": "声振动与控制方向相关专业）"
            },
            {
              "color": 1,
              "id": "optfZmhqvp",
              "name": "销售运营实习生(职能类) 产品运营实习生-北京 运营实习生-base长沙 售前实习生-上海 财务实习生 测试实习生 算法实习生-base北京 技术支持实习生-北京 前端开发实习生 产品实习生-北京 后端开发实习生(GO) 人力行政实习生 售前实习生-base北京 新媒体运营实习生-北京 安全研究实习生"
            },
            {
              "color": 2,
              "id": "opt5JtmS6x",
              "name": "智能制造、工业互联网、人工智能、机器 人、云计算、自动化、硬件与软件开发、行销等"
            },
            {
              "color": 3,
              "id": "optGecJ8t9",
              "name": "营销类 外贸管培生外贸业务助理 内销业务员内销业务助理 地推专员(全国市场) 技术类 助理工程师技工学徒 人力类 人力储备干部 财务类 财务储备干部 质检类 QC质检学徒"
            },
            {
              "color": 4,
              "id": "optIVJpeAz",
              "name": "爱迪生工程技术发展培训生 生产运营管理领导力培训生 商业领导力管理培训生"
            },
            {
              "color": 5,
              "id": "optOQUC97s",
              "name": "营销管培生 技术工程师 维保工程师"
            },
            {
              "color": 6,
              "id": "optsaSaYaC",
              "name": "管理培训生 研发工程师"
            },
            {
              "color": 7,
              "id": "optGfq1BsQ",
              "name": "管理培训生 信息科技类 人工智能 研发 数据分析 系统运营 网络管理 信息安全管理 数据中心管理 管理培训生 客户经理类 柜员"
            },
            {
              "color": 8,
              "id": "optRjd6FUP",
              "name": "生产业务（交通运输、交通管理、物流管理、物流工程、供应链管理、国际经济与贸易、工商管理、市场营销）;港口技术（电气工程、电气工程及其自动化、电气工程与智能控制、机械工程、机械设计制造及其自动化、自动化、控制理论与控制工程、机械电子工程、车辆工程）;信息技术（计算机科学与技术、计算机技术、信息安全、网络空间安全、电子信息工程、软件工程、信息工程、地理空间信息工程、通信工程、智能感知工程、人工智能、智能科学与技术、信息管理与信息系统、数据科学与大数据、物联网工程、自动化、测绘工程、大数据管理与应用）;规划建设（土木工程、工程管理、工程造价、给排水工程、港口航道与海岸工程、道路桥梁与渡河工程、建筑学、建筑与土木工程、交通运输工程、建筑环境与能源应用工程）;安全管理（安全工程、安全科学与工程、消防工程、化学工程、油气储运工程）;财务管理（会计学、财务管理、税收学、保险学、金融学、经济学）;经营管理（经济学、金融学、市场营销、工商管理、供应链管理、企业管理、国际经济与贸易）;法务管理（法学、经济法、海商法）;合规审计（审计学、工商管理、法学、会计学、金融学、财务管理、企业管理）;人力管理（人力资源管理、工商管理、公共管理、档案学、统计学、经济学）;行政管理（行政管理、经济学、金融学、国际经济与贸易、工商管理）;党群管理（马克思主义理论、思想政治教育、科学社会主义、中国共产党历史、政治学）;新闻宣传（新闻与传播、网络与新媒体、汉语言文学）;生活服务（食品科学与工程、食品质量与安全）;环保管理（风景园林、环境工程、化学工程）"
            },
            {
              "color": 9,
              "id": "optpxPcFQu",
              "name": "矿业类 冶金类 建筑类 材料类 地质类 环境类 信息类 机械类 能源类 财经类 商贸类 管理类"
            },
            {
              "color": 10,
              "id": "optDoyXASQ",
              "name": "工艺整合工程师 工艺工程师 设备工程师 制造工程师 智能制造系统工程师 质量工程师 厂务工程师"
            },
            {
              "color": 0,
              "id": "optBnaDA4h",
              "name": "激光工程师 销售工程师 结构工程师 软件工程师 硬件工程师 应用工程师 激光生产 机电技术 商务专员 人力资源专员"
            },
            {
              "color": 1,
              "id": "optSE8HMo7",
              "name": "游戏投放 游戏运营 游戏策划 管培生"
            },
            {
              "color": 2,
              "id": "optiEjD3RZ",
              "name": "市县农合机构管培生岗 桂盛金科公司信息科技岗 广西农商联合银行管培生岗 广西农商联合银行博士后研究人员"
            },
            {
              "color": 3,
              "id": "optZSkjkA8",
              "name": "研发技术类 海内外营销类 智能制造类 信息技术类 职能管理类"
            },
            {
              "color": 4,
              "id": "optStFvm5I",
              "name": "NPU架构师 Soc架构师 工具链架构师 ISP软件工程师 驱动开发工程师 软件测试工程师 系统软件工程师 嵌入式软件开发工程师 硬件工程师 LLVM编译器工程师 高性能计算工程师 训练框架工程师 推理框架工程师 AI编译工程师 工具链工程师 AI图像算法工程师 ISP算法工程师 算法工程师 芯片设计工程师 芯片验证工程师 解决方案经理 AI芯片产品经理 客户技术支持工程师"
            },
            {
              "color": 5,
              "id": "optkylLMjB",
              "name": "零售管理 数字营销 GTM 渠道销售 创意设计 产品经理 CMF ID 材料 结构 电子 化学 仿真 项目管理 采购 人力资源 财务 专利 监察审计 公关 国内政府关系 海外政府关系"
            },
            {
              "color": 6,
              "id": "optvQxQNA1",
              "name": "经营类 拓展类 采购类 物流类 人资类 财务类 法务类 数据分析类 产品研发类"
            },
            {
              "color": 7,
              "id": "optLiUQ7IL",
              "name": "模拟设计工程师 数字设计工程师 数字验证工程师 数字后端工程师 DFT工程师"
            },
            {
              "color": 8,
              "id": "optT95Cj0o",
              "name": "优化师 管培生 选品助理 品牌设计师 跨境电商运营 运营助理 产品开发 用户营销 日语社媒 素材助理 韩语翻译 私域运营"
            },
            {
              "color": 9,
              "id": "optTEGOaZV",
              "name": "风叶研发 材料研发 产品开发 自动化研发 工业工程 机电工程 自动化 化学 国内营销 国际营销 财务管理 人力资源管理 工商管理"
            },
            {
              "color": 10,
              "id": "optbbZH0jG",
              "name": "MEMS工程师 算法工程师 客户经理 MEMS结构设计工程师 MEMS封装工程师 组合导航算法工程师 惯性导航算法工程师 GNSS算法工程师 视觉算法工程师 嵌入式软件工程师 嵌入式硬件工程师 测试工程师 售后工程师 国际客户经理 质量工程师"
            },
            {
              "color": 0,
              "id": "optAvyAoR6",
              "name": "AI量化研究员 量化研究员 软件开发工程师 市场管培生"
            },
            {
              "color": 1,
              "id": "optXkrzjmd",
              "name": "房屋建筑类 基础设施类 装饰园林类 职能管理类"
            },
            {
              "color": 2,
              "id": "optA4nLb0b",
              "name": "高中各科教师 素能类教师 销售管培生 教育咨询师 招生班主任 人力实习生"
            },
            {
              "color": 3,
              "id": "opt1K7cy0M",
              "name": "商务专员 主播 业务专员 外贸业务员 视频剪辑 平面设计师 研发工程师 电商运营 跨境电商运营 文案策划 财务专员 职能储干"
            },
            {
              "color": 4,
              "id": "optKszGOGp",
              "name": "营销管培生 售后管培生 人资管培生 财务管培生"
            },
            {
              "color": 5,
              "id": "optZAaHGLX",
              "name": "软件研发类 硬件类 IC研发类 测试类 结构类 IT类 职能类 运营类 封装工程类 生产制造类"
            },
            {
              "color": 6,
              "id": "optz5tTnDj",
              "name": "研发/技术管培生 生产管培生 营销管培生 博士后"
            },
            {
              "color": 7,
              "id": "optA03JQAj",
              "name": "飞控算法工程师 (飞控软件方向) (控制律方向)"
            },
            {
              "color": 8,
              "id": "optuyGWiec",
              "name": "综合职能类 食品质量类 国贸采购类 生产品控类 设备动力类 仓储物流类"
            },
            {
              "color": 9,
              "id": "opt3QHPwrN",
              "name": "研发类 质量类 营销类"
            },
            {
              "color": 10,
              "id": "opt8DECqiW",
              "name": "生物药早研领袖生(生物学、药学、医学等相关专业) 全球核心营销领袖生(药学、医学、生物学、化学、金融学、国际贸易 等相关专业) 制药技术与质量管理领袖生 (生物学、生物工程、药学、化学、化学工程等相关专业)有机合成方向 药物化学方向 分子生物学方向 动物药效评价方向 新药研发（评价）方向 抗体创新药研发方向 全球专利方向（小分子/生物药） 涉外知识产权方向 免疫药理方向 细胞培养方向 细胞基因治疗药物研发方向 生物分析方向 纯化工艺开发方向 新药合成工艺开发方向 中试制剂生产方向 体外药效方向 项目管理方向 原液生产方向 实验室管理方向 化药RA-CMC方向 全球无菌制剂技术管理（国际&国内） 全球原料技术管理（国际&国内） 供应链管理方向（采购&供应商管理&计划） 质量管理-验证管理QA 全球质量管理-QC微生物方向 研发质量管理-运行QA 计量管理方向 市场医学方向 医学战略方向 商务拓展方向 Key Account方向 销售绩效与激励方向 国际技术支持方向 品牌推广方向 进出口事务方向 HRBP方向 企业文化方向 财务战略方向 内部审计方向 科研项目申报方向"
            },
            {
              "color": 0,
              "id": "optv7Tzgiv",
              "name": "水声信号处理 人工智能开发 硬件电路设计 换能器设计 无人平台设计 换能器工艺 机械结构设计 调试及技术服务 嵌入式软件开发（专业需求：机械工程(机制、机电) 信号与信息处理 水声工程 电子信息电气工程 声学 人工智能 自动化 (计量、测控 化工、材料 换能器）"
            },
            {
              "color": 1,
              "id": "optjbH43Q6",
              "name": "光学工程师 机械/热设计工程师 电控工程师 软件工程师 设计师（光路搭建测试、特种光纤研发） 应用工艺工程师 系统开发工程师（前端） 工业工程师（IE） 制程工艺工程师 技术支持工程师 生产技术员/技师"
            },
            {
              "color": 2,
              "id": "optUUvcvSV",
              "name": "决策 规划 控制 预测 定位 环境感知 大模型算法 端到端算法 集成测试工程师 嵌入式技术开发 路测工程师 后端开发工程师 系统开发工程师等 智能驾驶运营操作员 智能驾驶部署软件工程师 智能驾驶中台技术软件工程师"
            },
            {
              "color": 3,
              "id": "optLCW0ALI",
              "name": "招聘专业：土木工程 道桥与渡河工程 测绘工程 安全工程 工程管理 工程造价 机械工程 水利水电工程 材料科学 交通工程 市政工程 工程力学 财务管理 会计学 金融学 经济学 法学 行政管理 公共管理 企业管理等专业"
            },
            {
              "color": 4,
              "id": "optoppXWyq",
              "name": "电气设计岗（电气工程、电力系统及其自动化、高电压与绝缘技术、电机与电气、控制理论与控制工程等专业） 新能源规划岗（热能动力工程、新能源科学与工程、能源化学工程、风能与动力工程、储能科学与工程、水文与水资源工程、城乡规划等专业） 土木设计岗（土木工程、结构工程、岩土工程、道路与桥梁、水利水电工程、建筑与土木工程、工程管理等专业） 勘察测绘岗（工程测量、勘察技术与工程、摄影测量、遥感、地理信息系统、地质工程、水文气象） 技经咨询岗 信息技术岗 职能管理岗"
            },
            {
              "color": 5,
              "id": "optKZe0UDa",
              "name": "1.无线自组网方向：电子工程类专业、通信工程类专业、计算机类专业、网络类专业硕士或博士； 2.微波射频方向：电磁场与微波技术类专业硕士或博士； 3.智能通信方向：电子工程类专业、通信工程类专业、信号处理类专业硕士或博士； 4.PCB工艺技术方向：化学类（电化学方向优先）专业硕士； 5.PCB机械制造方向：机械类专业硕士； 6.布线设计方向：电磁场与微波技术类专业、电子科学与技术类专业、电子信息工程类专业、通信工程类专业硕士。 7.微组装工艺类:微电子科学与工程类专业、集成电路类专业、电子信息类专业、通信工程类专业硕士。 8.数控技术及智能制造类:机械设计制造及其自动化类专业、机械工程类专业、机电一体化类专业、机械电子工程类专业硕士。"
            },
            {
              "color": 6,
              "id": "optoc0bUhj",
              "name": "商务 财务 采购 产品 设计 电气 FEA 研发 物流 质量 制造"
            },
            {
              "color": 7,
              "id": "opt3S6ahDs",
              "name": "技术管理类(招聘专业：水利水电工程、土木工程、道路桥梁与渡河工程 采矿工程、环境工程、地质工程、测绘工程 能源与动力工程、电气工程及其自动化 机械工程及其自动化、焊接技术与工程 材料科学与工程) 职能管理类（招聘专业：工程管理、工程造价、安全工程、物流工程 财务管理、会计学、国际金融与贸易 人力资源管理、行政管理、汉语言文学、英语 法语、西班牙语、俄语、法律、计算机科学）"
            },
            {
              "color": 8,
              "id": "optnw9XJVD",
              "name": "结构设计师 复合材料结构设计师 新材料开发设计师 嵌入式软件开发工程师 测试软件开发工程师 硬件设计工程师 装调工艺师 机加工艺师 铸造工艺师 智能制造工艺师 精密成型工艺师 机械设计师 软件设计师 电气设计师 动力设计师 伺服系统设计师 材料设计师 工艺师 控制组件研发工程师 嵌入式硬件软件工程师 板卡/无线工程师 电缆研发工程师 连接器研发工程师 继电器开关工程师 电缆工艺工程师 连接器工艺工程师 继电器工艺工程师 财务会计 硬件工程师 电子工程师 结构工程师 自动化工程师 仿真工程师 SI工程师 光学工程师 微波工程师 质量工程师 电源连接器研发工程师 系统部件研发工程师 低频连接器研发工程师 特种连接器研发工程师 射频高速研发工程师 仿真工程分析师 ME工程师 自动化工程师 光通工程师 电路工程师 电机结构工程师 电机驱动工程师 模具设计工程师 产品工程师 新能源工程师"
            },
            {
              "color": 9,
              "id": "optVoxnETC",
              "name": "未来领袖 教育管理精英(未来校长) 竞赛教练(五大学科竞赛) 高中学科教师 海亮创新班(27届毕业生) 算法工程师 朋辈导师 产研管培生 商务管培生 运营管培生 在线教师(双师课堂) 学前管理精英(未来园长) 思维教练(幼小阶段) 校区教师(幼小阶段) 融合教师(特殊教育)"
            },
            {
              "color": 10,
              "id": "optxgfwOvl",
              "name": "设计方向管培生 工艺方向管培生 生产方向管培生 综合管理方向管培生"
            },
            {
              "color": 0,
              "id": "opt46Hjp5b",
              "name": "淋巴瘤骨髓瘤科住院医师 血液肿瘤免疫治疗科住院医师 消化肿瘤科住院医师 黑色素瘤与肉瘤内科住院医师 胸部肿瘤科住院医师 乳腺肿瘤科住院医师 微创介入科住院医师 神经外科住院医师 重症医学科住院医师 影像科住院医师 普外科住院医师 放疗科住院医师 综合内科住院医师 核医学科住院医师 血液/肿瘤专培医师 超声科住院医师 检验/输血技师 麻醉科住院医师 护士 血液科住院医师 肿瘤科住院医师 肝胆胰住院医师 微创综合治疗科住院医师 肿瘤专培医师 住院医师（血液方向） 住院医师（内科/儿科/血液方向） 医学科研专员 市场产品专员 病理医师 生物信息研发工程师 分子诊断研发工程师 医学检验技术员 销售专员 科研助理 集团管培生 AI算法工程师 医疗器械质量专员"
            },
            {
              "color": 1,
              "id": "optzh3NsRl",
              "name": "招聘专业：矿业类 材料类 冶金工程类 机械类 环境类 地质类 财经类 管理类 信息科学类"
            },
            {
              "color": 2,
              "id": "optMAEV7Kd",
              "name": "营销类 销售工程师、设计工程师、外贸业务员、跨境电商运营、 海外销售工程师 研发技术类 产品设计师、研发工程师(结构设计)、系统开发工程师 设计质量工程师、研究员(博士) 智能制造类 模具工程师、工艺工程师、设备软件工程师、计划工程 师、厂长助理、安全工程师、仓储工程师、物流工程师、 项目专员、战略采购工程师、量产采购工程师、海外采 购工程师 设计策划类 空间设计师、方案设计师、文案策划 职能管理类 海外用户研究、审计专员、会计专员、出纳、展厅VIP客户 经理、行政专员、销售助理、融资专员、项目交付、管培生"
            },
            {
              "color": 3,
              "id": "optMH4fhzx",
              "name": "研发序列 材料研发/工艺助理工程师 产品研发/工艺助理工程师 产品测试/项目助理工程师 软件开发/测试助理工程师 职能序列 人力/行政/品宣专员 采购/运营/仓储专员 财务/审计/投融资专员 营销序列 动力/储能/材料销售代表 换电/国际/招商销售代表 工程技术序列 品质/体系助理工程师 设备/工艺助理工程师"
            },
            {
              "color": 4,
              "id": "optRDfiEon",
              "name": "人力资源专员 基金运营专员 销售支持专员 量化策略研究员 期货高频 股票中高频 期权高频 深度学习 C++高频开发工程师 高频数据开发工程师"
            },
            {
              "color": 5,
              "id": "optsgJIa3J",
              "name": "机械设计研发岗、电气设计研发岗、电气调试岗工艺技术岗、IT技术岗"
            },
            {
              "color": 6,
              "id": "optGybIbmR",
              "name": "研发类|工艺类|营销类 |综合类|全职博士后"
            },
            {
              "color": 7,
              "id": "optFa6tD9I",
              "name": "产品策划类 程序技术类 美术设计类 发行市场类 综合职能类"
            },
            {
              "color": 8,
              "id": "optOhBg6Li",
              "name": "高中班课教师 学托教师 高中班课教师 学习机教师 高中一对一教师 素质素养教师 学习机教师"
            },
            {
              "color": 9,
              "id": "optjCwVW9a",
              "name": "技术研发类（研发/工艺/检测/质量）"
            },
            {
              "color": 10,
              "id": "optMVqulJm",
              "name": "三维重建算法工程师 图像算法工程师 深度学习算法工程师 点云算法工程师 C++开发工程师 WebGIS开发工程师 解决方案工程师 技术支持 销售代表"
            },
            {
              "color": 0,
              "id": "opteocCe8h",
              "name": "导航信息处理工程师(嵌入式方向) 信号处理工程师 导航算法工程师 测试工程师 通信算法工程师 射频工程师(导航) 微波信道工程师(TR组件、频综方向) 硬件电路设计工程师"
            },
            {
              "color": 1,
              "id": "optPYbcoOP",
              "name": "零售顾问 市场洞察 销售计划 销售政策 仓储物流 交付运营 交付接待岗 交付预约岗 机电顾问 机电工程师 钣金技师 备件索赔 事故顾问 线上服务专员 在线技术支持 服务质量专员 服务体验专员"
            },
            {
              "color": 2,
              "id": "opt4GHwBcV",
              "name": "新零售校招生：3C类 汽车类"
            },
            {
              "color": 3,
              "id": "optJxqP4PI",
              "name": "SAP咨询顾问 运维工程师 大数据工程师 SAP ABAP AIGC开发工程师 人工智能工程师 项目助理 业务分析 UIUX设计 技术开发 自动化测试+开发 微软云工程师"
            },
            {
              "color": 4,
              "id": "optIjTwsvh",
              "name": "ENGEL上海技术培训生 ENGEL常州技术培训生（机械设计及其自动化、机械电子工程、 电气工程及其自动化、流体与动力学、 过程装备与控制工程、高分子材料与工程、 无机非金属材料工程等）"
            },
            {
              "color": 5,
              "id": "optZSUFt8F",
              "name": "未来之星(人力、法务、信息技术等方向)；生产管培生(商务方向)；内贸商务管培生(职能、销售、采购、市场分析、物流、计划优化)、外贸商务管培生(销售、市场分析、物流)、技术支持管培生(售后服务)、浙石化:生产管培生(工艺、设备)、荣盛新材料(舟山):生产管培生(工艺、设备)、生产运行(工艺、电气、仪表、电厂)"
            },
            {
              "color": 6,
              "id": "optwx736I0",
              "name": "应用研发（后端 / 数据 / 前端） 算法 运维 安全技术"
            },
            {
              "color": 7,
              "id": "optrdYZ4jQ",
              "name": "AI算法工程师 AI应用开发工程师 咨询顾问 Java开发工程师 C/C++开发工程师 嵌入式软件开发工程师 解决方案工程师 系统集成工程师 测试工程师 实施工程师 运维工程师"
            },
            {
              "color": 8,
              "id": "optATWYM2P",
              "name": "研发类 品牌市场类 职能类 电商运营类 供应链类 销售运营类"
            },
            {
              "color": 9,
              "id": "optRTx2jOY",
              "name": "Marketing"
            },
            {
              "color": 10,
              "id": "opt1NiavbN",
              "name": "Category Development Trainee-Nestlé Infant Nutrition"
            },
            {
              "color": 0,
              "id": "optwSBg1XI",
              "name": "Sales Trainee-Nestlé Professional"
            },
            {
              "color": 1,
              "id": "optUODhthA",
              "name": "Technical Trainee-Nestlé Dongguan Factory"
            },
            {
              "color": 2,
              "id": "optlFz08t2",
              "name": "Sales Trainee-Omni Grocery Retail Sales"
            },
            {
              "color": 3,
              "id": "optnTMyCsQ",
              "name": "Technical Trainee-Nestlé Qingdao Factory"
            },
            {
              "color": 4,
              "id": "optEY3rTeN",
              "name": "Technical Trainee-Nestlé Shuangcheng Factory"
            },
            {
              "color": 5,
              "id": "optl5nPpsB",
              "name": "Procurement Management Trainee"
            },
            {
              "color": 6,
              "id": "optzthPAx8",
              "name": "Hsu Fu Chi"
            },
            {
              "color": 7,
              "id": "optmOfuG2A",
              "name": "Supply Chain Trainee"
            },
            {
              "color": 8,
              "id": "opt7rNQfNE",
              "name": "Marketing Trainee-Nestlé Professional"
            },
            {
              "color": 9,
              "id": "opt8JFKLzF",
              "name": "Marketing Trainee-Dairy"
            },
            {
              "color": 10,
              "id": "optbSQZDT8",
              "name": "Marketing Management Trainee"
            },
            {
              "color": 0,
              "id": "optQWmypZY",
              "name": "Technical Management Trainee"
            },
            {
              "color": 1,
              "id": "optc4cxa0f",
              "name": "Supply Chain Management Trainee"
            },
            {
              "color": 2,
              "id": "optpWkL9R7",
              "name": "CRM Trainee-Nestlé Infant Nutrition"
            },
            {
              "color": 3,
              "id": "opt0xoz0wp",
              "name": "Finance & Control Trainee"
            },
            {
              "color": 4,
              "id": "optmgYZxjU",
              "name": "Product Management Trainee"
            },
            {
              "color": 5,
              "id": "opt61e14rH",
              "name": "Sales Trainee-Nestlé Infant Nutrition"
            },
            {
              "color": 6,
              "id": "opttfZqvaz",
              "name": "Finance Management Trainee"
            },
            {
              "color": 7,
              "id": "optnYSbvZe",
              "name": "China Sourcing Team Trainee"
            },
            {
              "color": 8,
              "id": "optD75czgX",
              "name": "Technical Trainee-Wyeth Suzhou Factory"
            },
            {
              "color": 9,
              "id": "optVNuyFmN",
              "name": "Technical Trainee-Nestlé Purina PetCare Tianjin Factory"
            },
            {
              "color": 10,
              "id": "optGMapVIP",
              "name": "Technical Trainee-Nestlé Guangzhou Factory"
            },
            {
              "color": 0,
              "id": "optVMxIFXr",
              "name": "Marketing Trainee-Coffee"
            },
            {
              "color": 1,
              "id": "optCEdqGwr",
              "name": "HR Trainee"
            },
            {
              "color": 2,
              "id": "optUqkXE2K",
              "name": "Technical Trainee-Nestlé Tianjin Factory"
            },
            {
              "color": 3,
              "id": "optBLMTxn9",
              "name": "Technical Trainee-Maggi Dongguan Factory"
            },
            {
              "color": 4,
              "id": "optCszoGSV",
              "name": "Marketing Trainee-Nestlé Purina PetCare"
            },
            {
              "color": 5,
              "id": "optz1atwhE",
              "name": "E-Commerce Trainee-Coffee"
            },
            {
              "color": 6,
              "id": "opt3ICHFbG",
              "name": "Technical Trainee-Nestlé Shanghai Factory"
            },
            {
              "color": 7,
              "id": "optYVvoQdZ",
              "name": "Medical Affairs Trainee-Nestlé Infant Nutrition"
            },
            {
              "color": 8,
              "id": "optHUCv1x6",
              "name": "Sales Trainee-Nestlé Purina PetCare"
            },
            {
              "color": 9,
              "id": "optUZOvCPL",
              "name": "Marketing Trainee-Cereal Partners Worldwide (CPW)"
            },
            {
              "color": 10,
              "id": "optsusMFrA",
              "name": "E-Commerce Trainee-Dairy"
            },
            {
              "color": 0,
              "id": "optAGI1SJY",
              "name": "助理研究员"
            },
            {
              "color": 1,
              "id": "opti0nbIyr",
              "name": "合成研究员 合成助理研究员 分析研究员 制备研究员 初级销售工程师 外贸业务员"
            },
            {
              "color": 2,
              "id": "optGTuGM2a",
              "name": "电气工程师 设备工程师 检测工程师 工艺工程师 生产工程师 环安工程师 质量工程师 采购工程师 贸易业务专员 供应链开发工程师 客户开发工程师 业务开发工程师 装备开发工程师 仪控工程师 财务管理专员 人力资源专员 风险控制专员 投融资专员 证券专员 管理变革专员 AI算法工程师"
            },
            {
              "color": 3,
              "id": "optxhy93E9",
              "name": "算法工程师(CV方向) 算法工程师(智能体方向) 算法部署工程师 系统开发工程师 产品经理 解决方案"
            },
            {
              "color": 4,
              "id": "optxeJM2WD",
              "name": "合同制通用岗(校园招聘) 合同制管理培训生(校园招聘)"
            },
            {
              "color": 5,
              "id": "optyanLd7d",
              "name": "人管、业管、培训、行政方向 产品、精算、核保、理赔、消保方向 投资研究、投资风控、投后管理方向 IT研发、IT运维方向 人力、财务、计划、法律、风险、 合规方向 业务、人力、财务、培训、 综合管理等方向"
            },
            {
              "color": 6,
              "id": "optSWOQBiA",
              "name": "市场客户经理、储备店长、电商运营专员、储备营运经理、储备车间主任、储备标准经理、品管员、物流部经理、研发员、储备工程主管、物联网专员、核算员、储备财务经理、法务专员、新媒体运营专员、设计专员、人力资源专员、行政文秘"
            },
            {
              "color": 7,
              "id": "optKqOdejo",
              "name": "AI算法工程师 AI产品经理 AI平台JAVA研发工程师 AI产品销售经理 AI平台前端研发工程师 咨询顾问 解决方案工程师"
            },
            {
              "color": 8,
              "id": "optXm58UDJ",
              "name": "药学研究员 合成研究员 药理研究员 体外生物研究员 质量研究员 制剂研究员 CRA CTA 生物统计师 程序工程师 助理医学经理 数据管理经理 助理药物安全经理 纯化工艺研究员 培养艺研究员 生产体系 生产工程师 环保工程师 分析工程师 工艺工程师 设备工程师 安全工程师 验证工程师 QA工程师 QC工程师 机电工程师 销售体系 国际销售 国际注册 国际项目开发专员 质量管理员"
            },
            {
              "color": 9,
              "id": "optXaCpqTS",
              "name": "招聘专业：隧道与地下工程 工民建 桥梁 人工智能 财务 电气工程及其自动化 机械工程 轨道交通信号与控制 电子信息工程 通信工程 信息工程 计算机 站场 信号 建筑学 测绘工程 线路 交通运输 地球物理勘探 地质工程"
            },
            {
              "color": 10,
              "id": "optg9pPrzk",
              "name": "硬件工程师（电力电子方向） 热设计工程师 控制软件工程师（DSP） 嵌入式软件工程师（MCU/EMS） 智能算法工程师 硬件测试工程师 软件测试工程师（整机方向） 市场产品工程师（德语/西班牙语/法语/阿拉伯语） 技术支持工程师 解决方案工程师 渠道销售工程师（葡语/德语/西班牙语/法语/阿拉伯语） 市场营销工程师 工艺工程师 质量工程师 计划工程师 物流专员"
            },
            {
              "color": 0,
              "id": "optDKApjuX",
              "name": "技术研发类 交付制造类 综合职能类 机器人研发类 机械舞台类 机械金工类 舞台电气类 金属制品类 木业制品类 座椅总成类"
            },
            {
              "color": 1,
              "id": "optvDUQOvS",
              "name": "多肽新药研究 工程菌生物研究 核药研究 核酸合成 仪器分析 制剂研究 发酵与酶催化生物研究 化学制剂生产/质量/验证 质量研究员 中药制剂生产 设备部自动化 生物制剂生产/QA/QC 商务专员 结算专员 供应链专员 BI专员"
            },
            {
              "color": 2,
              "id": "optdEvIkis",
              "name": "药物分析"
            },
            {
              "color": 3,
              "id": "optCZ7Z9eJ",
              "name": "药物制剂"
            },
            {
              "color": 4,
              "id": "optg5j2ntr",
              "name": "药物合成"
            },
            {
              "color": 5,
              "id": "optqOuckDZ",
              "name": "临床项目管理"
            },
            {
              "color": 6,
              "id": "optbYzgDqi",
              "name": "生产管理"
            },
            {
              "color": 7,
              "id": "optTA5bqaq",
              "name": "工艺管理"
            },
            {
              "color": 8,
              "id": "optMMZTAU7",
              "name": "质量控制"
            },
            {
              "color": 9,
              "id": "optAKBGyvY",
              "name": "工程设备"
            },
            {
              "color": 10,
              "id": "optPSwAmaW",
              "name": "环保安全"
            },
            {
              "color": 0,
              "id": "optN9avv33",
              "name": "国贸业务员"
            },
            {
              "color": 1,
              "id": "opth8ENaVg",
              "name": "培训师"
            },
            {
              "color": 2,
              "id": "opt6yqrZ5h",
              "name": "销售管培生"
            },
            {
              "color": 3,
              "id": "opt4oFLie8",
              "name": "助理产品经理"
            },
            {
              "color": 4,
              "id": "optreRIjeh",
              "name": "党建纪委"
            },
            {
              "color": 5,
              "id": "optbrEah47",
              "name": "法务合规"
            },
            {
              "color": 6,
              "id": "optIICLkeO",
              "name": "战略分析"
            },
            {
              "color": 7,
              "id": "optNMayuLi",
              "name": "IT 运维"
            },
            {
              "color": 8,
              "id": "optFlU3Mpo",
              "name": "品类分析"
            },
            {
              "color": 9,
              "id": "opt4p08yr6",
              "name": "采购员"
            },
            {
              "color": 10,
              "id": "optxZIXtb0",
              "name": "讲解员"
            },
            {
              "color": 0,
              "id": "optRdNEwMP",
              "name": "招商管理"
            },
            {
              "color": 1,
              "id": "optR4TGwM5",
              "name": "活动策划"
            },
            {
              "color": 2,
              "id": "optPZhBTDv",
              "name": "运营管理"
            },
            {
              "color": 3,
              "id": "opts2mAyUm",
              "name": "宏观利率研究员 信用研究员 主动量化研究员 指数研究员 量化策略研究员 宏观研究员 年金业务管理岗 行业研究员 营销岗（北京） 产品岗 营销岗（上海） 股票交易员 基金会计 数据分析工程师 AI算法工程师 数据开发工程师 研发工程师"
            },
            {
              "color": 4,
              "id": "opt9zvCkZt",
              "name": "助理结构工程师 助理电子工程师 助理嵌入式工程师 助理软件开发工程师 助理天线工程师 助理射频工程师 助理散热工程师 助理光学工程师 材料工程师 助理实施工程师 助理软件测试工程师 助理工业设计师 助理包装设计工程师 客户项目专员（海外销售） 产品专员 市场推广专员 网站运营专员 渠道运营专员 助理采购管理师 助理物控管理师 助理会计管理师 助理计划管理师 助理运营管理师 制造储备干部 助理QPL工程师 项目专员"
            },
            {
              "color": 5,
              "id": "optZwJW2du",
              "name": "化学化工类、材料类、机电仪类、大数据类"
            },
            {
              "color": 6,
              "id": "optPgE0I9B",
              "name": "强化学习算法工程师 图像图形算法工程师"
            },
            {
              "color": 7,
              "id": "optMa9cPuc",
              "name": "项目管理 总体技术 内外饰研发 车身研发 动力研发 新能源技术 电气研发 底盘研发 市场营销 渠道开发 用户运营 商品策划 售后技术支持 公关策划 品牌传播 产品规划 市场研究 质量管理 采购管理 人力资源管理 运营管理 财务管理 资本市场管理 总装工艺 涂装工艺 设备工程师 体系工程师 检验工程师 物流管理 精益管理（需求专业：车辆工程、机械、自动化、新闻学、 市场营销、计算机、金融财会、 管理类等相关专业）"
            },
            {
              "color": 8,
              "id": "optniMY7k9",
              "name": "人工智能工程师 算法工程师 开发工程师 国内销售工程师 海外销售工程师 产品经理 电力能源咨询顾问 实施运维工程师"
            },
            {
              "color": 9,
              "id": "opt3CyRpKS",
              "name": "小学语数英学科教师 初中语数英理化学科教师 高中数理化英学科教师"
            },
            {
              "color": 10,
              "id": "optC6oAznx",
              "name": "光学设计工程师 软件设计工程师 算法设计工程师 动力系统工程师 机械工艺工程师 材料工艺工程师 会计 电源设计工程师 硬件设计工程师 FPGA设计工程师 电气工艺工程师 焊接工艺工程师 网络安全工程师"
            },
            {
              "color": 0,
              "id": "opt7NGCYAQ",
              "name": "电力生产运行及检修岗 水利水电工程岗 氢氨醇业务管理岗 相关业务岗(专业需求为：能源与动力工程(水动) 电气工程及其自动化 软件工程通信工程控制工程测工程 测控技术与仪器 智能电网信息工程 计算机科学与技术 水文学及水资源 自动化 水利水电工程 土木水利 水工结构工程 工程造价 氢能科学与工程 高分子科学与工程 化学工程与工艺 会计学 电力市场 金融学 应用数学 投资学 财务管理 能源经济)"
            },
            {
              "color": 1,
              "id": "optaexiAZO",
              "name": "高级研发工程师 研发工程师 中试工程师 生产工艺运行 运维工程师 热能动力运行 信息化工程师 法务专员 财务会计 国际销售/采购 设备设计师 电仪设计师 工艺设计师 HSE工程师"
            },
            {
              "color": 2,
              "id": "optoDV1RFy",
              "name": "小初高教师(语文/数学/英语/物理/化学) 运营培训生"
            },
            {
              "color": 3,
              "id": "optlRm5G3H",
              "name": "数学 英语 物理 化学"
            },
            {
              "color": 5,
              "id": "optC3mQk8l",
              "name": "芯片工程师 智能算法工程师 智能计算工程师 嵌入式软硬件工程师 芯片应用解决方案、生态开发及服务"
            },
            {
              "color": 6,
              "id": "optR6Pz59L",
              "name": "继电保护工程师 软件开发工程师 技术工程师"
            },
            {
              "color": 7,
              "id": "optdh2Kvfb",
              "name": "自动驾驶工程师 算法开发工程师 软件开发工程师 电气工程师 整车工程师 车身工程师 底盘工程师 内饰设计师 外饰设计师 色彩视觉设计师 人机交互设计师 质量工程师 工艺工程师 生产计划员 国内客户经理 海外客户代表 安全工程师 融资专员 行政专员 财务专员 HR专员"
            },
            {
              "color": 8,
              "id": "optP7MuQpe",
              "name": "结构工程师 电源工程师 项目专员 海外销售经理（外贸业务员） 助理测试执行工程师"
            },
            {
              "color": 9,
              "id": "optnusXOFW",
              "name": "研发类 供应链类 销售类 市场类 质量类 职能类"
            },
            {
              "color": 10,
              "id": "optT09luE8",
              "name": "研发工程师(管培生) 工艺工程师(管培生) 企划经营岗(管培生) 人才发展岗(管培生) 销售工程师(管培生) FAE工程师(管培生)"
            },
            {
              "color": 0,
              "id": "optgMkXh4i",
              "name": "研发类、产品类、运营类、内容类、市场类、职能类 •"
            },
            {
              "color": 1,
              "id": "optzIEQXWl",
              "name": "研发技术类、技术工程类、质量管理类、生产管理类、国际业务类、行政职能类"
            },
            {
              "color": 2,
              "id": "optvraJExN",
              "name": "房屋建筑类、地产开发类、基础设施类、机电安装类、材料类、节能环保类、智能建造类、职能管理类"
            },
            {
              "color": 3,
              "id": "optYGAJyE4",
              "name": "无线自组网方向、微波射频方向、智能通信方向、PCB工艺技术方向、PCB机械制造方向、布线设计方向、微组装工艺类、数控技术及智能制造类"
            },
            {
              "color": 4,
              "id": "opt0xnIhX0",
              "name": "美国配送储备站长、美国业务经理、电商运营专员、线上连锁超市储备店长、专员（人事、运营方向）"
            },
            {
              "color": 5,
              "id": "optp9mFosd",
              "name": "专业技术类、综合管理类、机械类、能源动力类、安全科学与工程类、电气类、自动化类、电子信息类、工商管理类、法学类、财政学类、公共管理类、管理科学与工程类等专业"
            },
            {
              "color": 6,
              "id": "optYHuuu0w",
              "name": "工程管理类、职能管理类"
            },
            {
              "color": 7,
              "id": "optJnKZt9g",
              "name": "研发中心、生产中心、营销中心岗位"
            },
            {
              "color": 8,
              "id": "optWtWIPiY",
              "name": "行业研究员、渠道经理、AI工程师"
            },
            {
              "color": 9,
              "id": "optby5EJRg",
              "name": "微电子、集成电路、计算机科学与技术、软件工程、通信工程、电子科学与技术、电子信息工程、应用物理学、应用数学等相关专业"
            },
            {
              "color": 10,
              "id": "optJl2o0OA",
              "name": "研发设计类、工艺技术类、质量检测类、生产制造类、试验工程类、能源设备类、IT运营类、职能类"
            },
            {
              "color": 0,
              "id": "optMPj05m1",
              "name": "电子信息类、物理学类、化学类、材料类、计算机类、电气类、机械类、自动化类、仪器仪表类"
            },
            {
              "color": 1,
              "id": "opt5DlbFQq",
              "name": "数字方向、模拟方向、嵌入式方向、算法方向、产品化方向"
            },
            {
              "color": 2,
              "id": "optUPNIUK7",
              "name": "职能管理类、信息技术类、产品研发类、媒介营销类、渠道运营类、内容创作类、达人演绎类"
            },
            {
              "color": 3,
              "id": "optnryHyxu",
              "name": "研发技术类、智能制造及供应链管理类、营销类、运营类、职能类"
            },
            {
              "color": 4,
              "id": "optUBceEAC",
              "name": "技术研发类、市场营销类、生产支持类、综合管理类、海外岗位"
            },
            {
              "color": 5,
              "id": "optsmAG29M",
              "name": "研发类、设计开发类、制造技术类、IT技术类、专业管理类"
            },
            {
              "color": 6,
              "id": "optMoKmwM7",
              "name": "能源电力类、水资源与环境类、基础设施类、项目管理类、数字工程类、职能管理类"
            },
            {
              "color": 7,
              "id": "optXVs2i0F",
              "name": "通信类、电子信息类、计算机类、控制类、电器与系统类、网络安全类、机械电子类、应用数学类、结构设计类等相关专业"
            },
            {
              "color": 8,
              "id": "opt3PpSO8h",
              "name": "工艺设计类、暖通设计类、给排水设计师、电气设计师、动力设计师、结构设计师、工艺管道设计师、气体动力设计师、焊接工程师、安全工程师、暖通工程师、进度工程师"
            },
            {
              "color": 9,
              "id": "opt0o75wOM",
              "name": "技术研发类、算法模型类、运营类、产品类"
            },
            {
              "color": 10,
              "id": "optAlghtNi",
              "name": "测绘地信类、电子信息类、机械自动化类、计算机类、语言类、经营类 •"
            },
            {
              "color": 0,
              "id": "optKj0ni0M",
              "name": "研发类、营销类、品牌类、产品类、采购/质量类、职能类、生产工艺类"
            },
            {
              "color": 1,
              "id": "optIE1U7K5",
              "name": "芯片销售工程师、总裁办助理、人力资源、交付工程师、市场部助理、财务会计、管理、芯片产品经理、电子硬件工程师、嵌入式软件工程师、技术支持工程师"
            },
            {
              "color": 1,
              "id": "optBKGw39x",
              "name": "工艺技术岗 流体机械设计岗 经营计划岗 先进材料及工艺研究 地面总体设计 技术员 计划调度岗 系统总体设计"
            },
            {
              "color": 2,
              "id": "optpHReXT2",
              "name": "营销类 运营类 职能类 产品开发类 供应链类 数字化项目管理类"
            },
            {
              "color": 3,
              "id": "opt26f07Gt",
              "name": "行销校招生 生产制造校招生 生产供应链校招生 生产品保校招生"
            },
            {
              "color": 4,
              "id": "optr8WhzvJ",
              "name": "品质岗 研发岗 工程技术岗 职能岗 制造技术岗 项目管理岗 IT 岗 销售岗 研发岗 工程技术岗 项目管理岗 职能岗 制造技术岗 品质岗 IT 岗 生产周边岗 职能岗 品质岗 销售岗 IT 岗 研发岗 2026 届校园大使"
            },
            {
              "color": 5,
              "id": "optpdiTGhN",
              "name": "通信工程、电子信息工程、电子科学技术、自动化 电力系统及自动化、软件工程、光电子技术 通信与信息系统、信号与信息处理、信息安全 网络空间安全、电路与系统 集成电路设计与集成系统、电磁场与微波技术 计算机软件、计算机硬件 计算机应用(通信、网络方向)、物理电子学 微电子学与固体电子学、测控技术与仪器 控制科学与工程、材料科学与工程、光学工程 数学、密码学、交通运输工程、车辆安全 汽车电子与控制等相关专业"
            },
            {
              "color": 6,
              "id": "opt3oCPkI8",
              "name": "市场类 投研类 交易类 IT类 运营类"
            },
            {
              "color": 7,
              "id": "optH50hL9X",
              "name": "财务共享中心-应付核算岗 设备工程师 中药饮片销售业务员 电商设计 药品电商平台运营专员 药品电商内容运营专员 医药产品项目专员 医药产品专员 内容营销岗位 日用化妆品产品岗 验收员 法务合规专员 客户服务专员 营销支持专员 市场运营支持专员 市场营销专员 医疗器械零售代表 技术开发专员 行政专员 项目支持专员 销售经理 人力资源岗 财务共享中心- 预算管理岗 税务与子管理-税务 资金管理-资金运营管理 滋补、美肤销售专员 后台开发工程师 前端开发工程师 数据工程师 网络安全工程师 订单计划员 订单计划员实习生 动力机修工副本 云南省医药新特药房店长 质量检测员 产地加工专员 云南省医药新特药房处方审核员 医学信息沟通专员 科研助理 财务综合专员 制剂生产操作员 设备操作员 提取操作员 日用化妆品研发 品牌药材销售经理 仓储管理员 种业种植推广专员 GAP基地管理专员 临床医学研究岗 毒理研究员 产品经理"
            },
            {
              "color": 8,
              "id": "opt2FoGpKy",
              "name": "固收研究员 指数研究员 量化研究员 机构销售经理 渠道销售经理 券商销售经理 电商经理 指数营销经理 开发工程师 产品经理 风控经理 合规经理 审计经理 基金会计 登记清算经理"
            },
            {
              "color": 9,
              "id": "optESu8Zlf",
              "name": "行业研究员"
            },
            {
              "color": 10,
              "id": "optp8jo19H",
              "name": "量具检修工 档案管理员 伺服系统硬件设计工程师 系统电气设计工程师 精密产品设计 通信工程师 算法工程师 特种装备信息系统设计 特种装备分系统设计 测试工程师 PCB layout工程师 脉冲驱动源电气设计师 算法开发-智能体应用 测试技术 安全工程技术 研发项目管理员 工业数据管理技术 特种装备工艺技术 通信检测技术 物流规划技术 工艺技术 量具修理钳工 特种装备调试工 生产管理员 纪检专员 特种装备随动系统装试工 测试工"
            },
            {
              "color": 0,
              "id": "optWFlMKcg",
              "name": "需求专业为：冶金工程 材料成型及控制工程 材料科学与工程 金属材料工程 机械设计制造及自动化 测控技术与仪器 能源与动力工程 化学工程与工艺 计算机科学与技术 软件工程 通信工程 电子信息 人工智能 安全工程 环境工程 矿物加工工程 交通运输 法学 审计学 哲学 政治学"
            },
            {
              "color": 1,
              "id": "optgXDTWPM",
              "name": "高级机械工程师 高级电气工程师 高级增材制造工程师 机械设计工程师 数字化设计工程师 产线设计工程师 增材制造工程师 铸造工艺工程师 电气工程师 液压工程师"
            },
            {
              "color": 2,
              "id": "optbxYEt85",
              "name": "现场工程师 远程作业工程师 维修工程师 测井解释工程师 生产工程师 数字化钻井工程师 软件工程师 用户体验设计师 机械工程师 制造工程师 质量工程师 计划专员 客服专员 供应商开发专员"
            },
            {
              "color": 3,
              "id": "optKetqhmr",
              "name": "海外综合解决方案工程师 海外售后服务工程师 海外销售经理 海外商务经理 海外项目经理 海外HRBP 软件工程师 硬件工程师 电气工程师 结构工程师 仿真工程师 算法工程师 市场推广经理 品牌策划师 销售经理 售前技术支持工程师 售后运维工程师 项目管理工程师 储能市场调研员 行政 HRBP 法务 财务 信息化工程师 工艺工程师 设备工程师 精益工程师 可持续发展体系工程师"
            },
            {
              "color": 4,
              "id": "optayqjouB",
              "name": "药物警戒实习生 医学写作实习生 法规与战略发展实习生 统计编程实习生 生物统计实习生 临床数据管理实习生 临床药理实习生 财务实习生"
            },
            {
              "color": 5,
              "id": "optmzaKDye",
              "name": "研发工程师 产品工程师 材料工程师 工艺工程师 设备工程师 产品质量工程师 计划专员 商务助理"
            },
            {
              "color": 6,
              "id": "optVyhkS1T",
              "name": "设计师(轴承方向) 区域销售经理(海外) 基础研究设计师(电磁兼容方向) 售后服务工程师 数据工程师 电气系统设计师 设计师(机械类) 科技规划工程师 新能源动力系统设计师 基础研究设计师(声学振动方向) 算法工程师 网络控制设计师 基础研究设计师(流体与热、换热方向) 工艺师 法务合规专员"
            },
            {
              "color": 7,
              "id": "opt6nfYdiD",
              "name": "检验员"
            },
            {
              "color": 8,
              "id": "opt96yLItT",
              "name": "软件工程师 硬件工程师 维修工程师 结构工程师"
            },
            {
              "color": 9,
              "id": "optCdqPOoq",
              "name": "战略管培生 大模型算法工程师 感知算法工程师 软件开发工程师 产品设计师"
            },
            {
              "color": 10,
              "id": "optEOzsb9U",
              "name": "BMS软件工程师 硬件助理工程师 系统助理工程师 结构助理工程师 储能系统集成工程师 助理电器工程师 风道工程师 电控设计 电气助理工程师 工业设计工程师 Java开发工程师 测试助理工程师 软件测试工程师 工商储解决方案工程师 可靠性工程师 认证工程师 外贸业务员 跟单员 海外技术支持 海外客服 新媒体运营 销售助理 品牌售后 售前助理 品质工程师 采购助理 计划员 物控员 注塑工艺 新品工艺 自动化工程师 NPI助理工程师 往来会计 成本会计 项目工程师 文案策划 跨境电商专员 产品经理助理 三维产品动画设计师 平面设计师 物流规划 产品助理 剪辑助理 政府事务专员 项目申报专员"
            },
            {
              "color": 0,
              "id": "optQmhfnUw",
              "name": "兽医师 生物安全员 农艺师 生产、技术、管理培训生 采购专员 财务专员 人力专员 数据分析师 主播"
            },
            {
              "color": 1,
              "id": "optLJM8MDa",
              "name": "研发工程师 工艺管道设计工程师 电气设计工程师 自控设计工程师 给排水设计工程师 设备、管机设计工程师 机泵设计工程师 结构设计工程师 总图设计工程师 建筑设计工程师 环保设计工程师 安全工程师 采购工程师 控制工程师 国内商务经理 境外商务经理"
            },
            {
              "color": 2,
              "id": "optZEC0LJx",
              "name": "质量工程师 工艺工程师 船务专员 单证专员 外贸业务助理 产品企划专员 电器工程师 性能工程师 硬件工程师 软件工程师 结构工程师"
            },
            {
              "color": 3,
              "id": "optxe90kRt",
              "name": "黄埔管培生"
            },
            {
              "color": 4,
              "id": "optVd2ogOR",
              "name": "电力系统优化运行研究员"
            },
            {
              "color": 5,
              "id": "optDCysoCp",
              "name": "电力市场研究员"
            },
            {
              "color": 6,
              "id": "opt7FAEuc7",
              "name": "智能电网工程师"
            },
            {
              "color": 7,
              "id": "optoILBXwr",
              "name": "智能电网研究员"
            },
            {
              "color": 8,
              "id": "optGEKrJz9",
              "name": "能源电力战略研究员"
            },
            {
              "color": 9,
              "id": "optXOcUgl3",
              "name": "电力系统仿真分析师"
            },
            {
              "color": 10,
              "id": "optcbruWHS",
              "name": "研究员（检测方向）"
            },
            {
              "color": 0,
              "id": "opt5uQq99l",
              "name": "研究员（射线检测方向）"
            },
            {
              "color": 1,
              "id": "optx6YEAgk",
              "name": "研究员（计算机方向）"
            },
            {
              "color": 2,
              "id": "optGwgqyqW",
              "name": "研究员（无人机系统方向）"
            },
            {
              "color": 3,
              "id": "optj1OkYwD",
              "name": "联合培养博士后（无损检测方向"
            },
            {
              "color": 4,
              "id": "optljIWQyR",
              "name": "含射线检测）"
            },
            {
              "color": 5,
              "id": "optcaiUe6W",
              "name": "联合培养博士后（人工智能与应用方向）"
            },
            {
              "color": 6,
              "id": "optCvwXBB4",
              "name": "联合培养博士后（动力学与控制方向）"
            },
            {
              "color": 7,
              "id": "optrOl7wzC",
              "name": "联合培养博士后（应用数学或核物理与应用或量子力学与应用）"
            },
            {
              "color": 8,
              "id": "optSDTGtpF",
              "name": "电力系统规划研究员"
            },
            {
              "color": 9,
              "id": "optnjlBO5N",
              "name": "能源 / 工业人工智能科学家"
            },
            {
              "color": 10,
              "id": "optvbjoUzT",
              "name": "系统优化与仿真工程师"
            },
            {
              "color": 0,
              "id": "optQ7EOMXv",
              "name": "数字孪生解决方案工程师"
            },
            {
              "color": 1,
              "id": "optnkIzJup",
              "name": "实时仿真硬件工程师"
            },
            {
              "color": 2,
              "id": "optN5JT7nR",
              "name": "电气仿真算法工程师"
            },
            {
              "color": 3,
              "id": "optL8Npn7h",
              "name": "自主无人系统研发工程师"
            },
            {
              "color": 4,
              "id": "optFPmSQry",
              "name": "智能巡检装备结构工程师"
            },
            {
              "color": 5,
              "id": "opt4xUCgqA",
              "name": "人工智能数据处理研发工程师"
            },
            {
              "color": 6,
              "id": "optBit0i7y",
              "name": "水工程安全研究工程师"
            },
            {
              "color": 7,
              "id": "optgDjoXU9",
              "name": "水工程数智技术研究工程师"
            },
            {
              "color": 8,
              "id": "optYJ6MFhy",
              "name": "博士后（轨道交通柔性牵引供电系统方向）"
            },
            {
              "color": 9,
              "id": "opt6jQcV29",
              "name": "电力工程师（北京）"
            },
            {
              "color": 10,
              "id": "optVQrMQ8d",
              "name": "热能工程师（北京）"
            },
            {
              "color": 0,
              "id": "optiAPgv9L",
              "name": "电力系统工程师"
            },
            {
              "color": 1,
              "id": "opt6Ogxljj",
              "name": "电气及能源工程师"
            },
            {
              "color": 2,
              "id": "optYFUFukn",
              "name": "高电压与绝缘技术工程师"
            },
            {
              "color": 3,
              "id": "opt3HRL8yk",
              "name": "电能路由器组网分析工程师"
            },
            {
              "color": 4,
              "id": "optMwvMdOu",
              "name": "硬件及系统分析工程师"
            },
            {
              "color": 5,
              "id": "optZkxve3s",
              "name": "电力储能关键技术研究员"
            },
            {
              "color": 6,
              "id": "optvNtaXV7",
              "name": "信息能源交叉领域研究员"
            },
            {
              "color": 7,
              "id": "optBJzN6S4",
              "name": "电力系统运行规划与仿真软件工程师"
            },
            {
              "color": 8,
              "id": "optdmkE67o",
              "name": "大模型工程师"
            },
            {
              "color": 9,
              "id": "optmmwIcKb",
              "name": "电力系统规划与运行技术高级研究员"
            },
            {
              "color": 10,
              "id": "optOBYnSAX",
              "name": "电力系统规划与运行技术研究员"
            },
            {
              "color": 0,
              "id": "optCkv23y6",
              "name": "低碳电力技术高级研究员"
            },
            {
              "color": 1,
              "id": "optgRt6YuN",
              "name": "低碳电力技术研究员"
            },
            {
              "color": 2,
              "id": "optMywxhoq",
              "name": "虚拟电厂研发工程师"
            },
            {
              "color": 3,
              "id": "optsBAuPWT",
              "name": "新型电力系统研究员"
            },
            {
              "color": 4,
              "id": "optn7hpyYm",
              "name": "热能工程师"
            },
            {
              "color": 5,
              "id": "optYxKM3K1",
              "name": "低碳发展研究员"
            },
            {
              "color": 6,
              "id": "opt3isW3SW",
              "name": "能源战略研究员"
            },
            {
              "color": 7,
              "id": "optLuiNn4Q",
              "name": "虚拟电厂开发工程师"
            },
            {
              "color": 8,
              "id": "optz1kFw65",
              "name": "电力市场与碳市场研究员"
            },
            {
              "color": 9,
              "id": "optkPetWox",
              "name": "电力系统运筹优化工程师"
            },
            {
              "color": 10,
              "id": "opt845KDS3",
              "name": "电力系统规划设计研究员"
            },
            {
              "color": 0,
              "id": "opt24NKMM3",
              "name": "电力系统规划设计工程师"
            },
            {
              "color": 1,
              "id": "opt2HATjc2",
              "name": "电力电子仿真研究员"
            },
            {
              "color": 2,
              "id": "optqWAPQgo",
              "name": "电力电子仿真工程师"
            },
            {
              "color": 3,
              "id": "optWXi3plW",
              "name": "电力系统建模工程师"
            },
            {
              "color": 4,
              "id": "optTCeuxPj",
              "name": "研发技术岗 生产储备岗 财务储备岗 信息技术岗 人力储备岗 设计剪辑岗 企划储备岗 采购储备岗 综合职能岗 电商储备岗 外贸储备岗 海外营销岗 销售储备岗 营销培训生"
            },
            {
              "color": 5,
              "id": "optEMnheCC",
              "name": "总体工程师 液体动力工程师 气动工程师 飞控算法工程师 软件工程师 地面系统设计工程师 复材研发工程师 防热设计工程师 工艺工程师 结构设计工程师 结构强度工程师 电气工程师 总装技师 遥测技师 高速摄像技师 指显技师 项目主管 质量主管"
            },
            {
              "color": 6,
              "id": "opt38yEyKJ",
              "name": "博士专家 天线研发工程师 微波工程师 自动化培养生 结构工程师 工艺工程师 国内营销专员 国外营销专员 生产一线管理储干 采购 财务等职能岗"
            },
            {
              "color": 7,
              "id": "optEtVEl5r",
              "name": "算法工程师 开发工程师 客户经理 销售经理 运营经理 运营专员 会计/出纳 HRBP"
            },
            {
              "color": 8,
              "id": "optPRyZDYv",
              "name": "消防分析 智慧能源"
            },
            {
              "color": 9,
              "id": "optP8O0Ab5",
              "name": "土建工程师 装备技术员 人力资源专员 董事会办公室专员 EHS专员 系统设计工程师 审计员 合规监察员 法务专员 企业文化专员（文案方向） 品牌专员（策划及活动方向） 分装工艺员 公用工程专员 制剂工艺员 工艺工程师 理化检验员 车间工艺员 微生物检验员 生产管理员 细胞培养工艺员 分析工程师 工艺工程师（细胞培养） 生化检验员 医学信息专员 市场准入专员 业务分析专员 商务内务 区域内务 产品经理 医学经理 工程菌研究员 药理研究员 纯化工艺员 发酵工艺员 制剂研究员 分子生物研究员 质量标准研究员 医学经理/专员 工艺研究员（上游/下游） 生物统计师 临床监查员 药化研究员 合成研究员"
            },
            {
              "color": 10,
              "id": "optZ7jVpvj",
              "name": "研发方向 市场方向 职能方向 储能产品线总工程师 投融资总监"
            },
            {
              "color": 0,
              "id": "opt1ofdALU",
              "name": "大模型 自然语言处理 视觉 数据挖掘 前端开发工程师 后端开发工程师 数据工程师 产品经理(AI方向) 数据分析师 测试工程师 视觉/交互设计师 运营经理"
            },
            {
              "color": 1,
              "id": "optMrucTGR",
              "name": "仿真分析 表面工艺研发 材料成型工艺研发 创新结构设计 产品结构设计 塑件开发 装配开发 滤芯开发 电气 模具设计 工装/模具设计 表面处理开发 IE PE IPE/储干 QA 采购开发"
            },
            {
              "color": 2,
              "id": "optVtPD84c",
              "name": "软件工程师（C++） 软件工程师（Java） 嵌入式软件工程师 电力系统工程师 算法工程师 硬件工程师 管培生-客户经理方向 管培生-解决方案方向 系统集成工程师（系统类/装置类）"
            },
            {
              "color": 3,
              "id": "optR0elUka",
              "name": "详见总行/信用卡中心/42家分行/4家附属机构的招聘详情"
            },
            {
              "color": 4,
              "id": "optddu9YCM",
              "name": "计算机类 电子类 通信类 电气类 交通运输类 软件类 机械类 控制类 航空航天类"
            },
            {
              "color": 5,
              "id": "opt01tIwco",
              "name": "IT技术 AI算法 硬件开发 控制软件开发 感知算法与软件 信息安全 电池系统 电驱总成 电机结构 动力系统 结构设计 总体设计 液压技术 装调工艺 涂装工艺 仿真技术 焊接工艺 产品工艺 传动技术 市场技术支持 产品与技术规划 标准研究 实验测试 质量技术 产品销售 运营管理 市场研究 客户经理 交付经理 方案经理 备件管理 渠道管理 供应链管理 采购业务 精益制造管理 智能制造 物流运营 生产计划管理 财务管理 经营预算管理 业财管理 法务风控管理 合规管理 品牌传播 人力资源管理 海外研发 海外产品服务 海外产品销售 海外备件管理 海外财务BP 海外法务BP 海外HRBP"
            },
            {
              "color": 6,
              "id": "optjRYX02n",
              "name": "销售类 生产类 供应链类"
            },
            {
              "color": 7,
              "id": "opt7qsN8kV",
              "name": "信息科技岗"
            },
            {
              "color": 8,
              "id": "opt501E8Ph",
              "name": "模拟设计工程师 电路设计工程师 逻辑设计/验证工程师 产品整合工程师 产品工程师(CP方向) 产品工程师(SLT方向) 版图设计工程师 产品测试工程师 软件开发工程师 技术支持工程师 市场专员 客户服务专员"
            },
            {
              "color": 9,
              "id": "optrC7OoRw",
              "name": "算法/嵌入式软件开发 机械/硬件/设转 光学/试剂开发 产品营销工程师 国际销售工程师 用服工程师/商务 采购工程师/质量工程师 工艺工程师/PE工程师 IT前端工程师 AI算法工程师"
            },
            {
              "color": 10,
              "id": "optYSCwENV",
              "name": "IT “菁英” 人才"
            },
            {
              "color": 0,
              "id": "optldOQkTa",
              "name": "“菁鲤计划” 培训生（营销方向）"
            },
            {
              "color": 1,
              "id": "opt0MPe6Ok",
              "name": "服务经理"
            },
            {
              "color": 2,
              "id": "opth7d1qey",
              "name": "博士后"
            },
            {
              "color": 3,
              "id": "opts1gLK67",
              "name": "营销类（市场营销、销售产品、学术推广等）；研发类（药理研究、品类研究、课题管理、临床监察、医学事务等）；生产类（设备工程、工艺工程、质量管理等）；职能类（财务、纪检、投资研究等）"
            },
            {
              "color": 4,
              "id": "optQz6lzMt",
              "name": "业务类 职能类 生产制造类"
            },
            {
              "color": 5,
              "id": "optIJxYJ2V",
              "name": "土木工程 道路桥梁与渡河工程 工程管理 工程造价 市政工程 交通工程 安全工程 电气工程及其自动化 材料工程 测绘工程 地下城市空间工程 暖通 给排水工程 金融学 投资学 财务管理 会计 税收学 法学 人力资源 汉语言文学 新闻学 保密管理"
            },
            {
              "color": 6,
              "id": "optcIPco6p",
              "name": "全球供应链生产管培"
            },
            {
              "color": 7,
              "id": "optdomN5M7",
              "name": "计算机类 通信工程类 网络安全类 电子信息类 电气自动化类 软件工程类 能源动力工程类 智能科学与技术类 材料化学(物理)类 新一代信息技术类 微电子科学类"
            },
            {
              "color": 8,
              "id": "opticlwkJx",
              "name": "主播"
            },
            {
              "color": 9,
              "id": "optv2ujAZz",
              "name": "储备管培岗 产品研发方向 制造方向 采购方向 质量方向 职能方向"
            },
            {
              "color": 10,
              "id": "optmLvoMNc",
              "name": "生产技术员 市场专员 研发工程师 工艺员 高级研发工程师"
            },
            {
              "color": 0,
              "id": "optZgjHDbS",
              "name": "矿山技术 研发技术 工艺技术 设备技术 质量管理 电气技术 财务管理 市场营销 采购管理 物流管理 人力资源 安全环保 生产管理 生产储备"
            },
            {
              "color": 1,
              "id": "optsCjsO00",
              "name": "硬件开发工程师 软件开发工程师 算法研究工程师 结构设计工程师 工业设计工程师 测试验证工程师 可靠性工程师 产品经理 产品注册专员 临床应用工程师 用户体验设计师 海外销售代表 国内销售代表 区域经理 人力资源专员 行政专员 财务专员"
            },
            {
              "color": 2,
              "id": "optwU7Bl4W",
              "name": "土木工程类（土木工程、智能建造、道路桥梁、岩土工程、测绘工程、交通工程、安全工程）；商务管理类（工程管理、工程造价、物业管理、酒店管理、旅游管理）；水暖电气类（给排水科学与工程、环境工程、电气工程及其自动化、建筑环境与能源应用工程）；建筑设计类（建筑学、结构工程、城乡规划、环境设计、地质工程）；园林绿化类（园林、园艺、风景园林、森林保护、植物保护）；软件研发类（计算机科学与技术、软件工程、网络工程、数学与应用数学、电子信息工程、轨道交通信号与控制、通信工程）。"
            },
            {
              "color": 3,
              "id": "optBuwMm8o",
              "name": "【应届生】终端零售销售管理岗 - 上海"
            },
            {
              "color": 4,
              "id": "optEO7WKp2",
              "name": "【应届生】终端零售销售管理岗 - 北京"
            },
            {
              "color": 5,
              "id": "optQY6hhOO",
              "name": "【应届生】终端零售销售管理岗 - 成都"
            },
            {
              "color": 6,
              "id": "optA2bMdH7",
              "name": "【应届生】终端零售销售管理岗 - 济南"
            },
            {
              "color": 7,
              "id": "optCXUMNuU",
              "name": "战略管培生"
            },
            {
              "color": 8,
              "id": "optxAMQUCz",
              "name": "【管培生】文化体验方向"
            },
            {
              "color": 9,
              "id": "optt2LKbEY",
              "name": "【星冉生】集团 AI 星世代岗"
            },
            {
              "color": 10,
              "id": "optmRVZATX",
              "name": "【星冉生 - 管培生】集团销售运营管理岗"
            },
            {
              "color": 0,
              "id": "optAj3fPEq",
              "name": "【管培生】商业运营方向"
            },
            {
              "color": 1,
              "id": "opt9iXV0Yn",
              "name": "AI 数科管培生"
            },
            {
              "color": 2,
              "id": "optrxn5yiy",
              "name": "【管培生】AI 文商旅方向"
            },
            {
              "color": 3,
              "id": "optqm6l9nt",
              "name": "【管培生】数字化方向管培生"
            },
            {
              "color": 4,
              "id": "opt07G5o8k",
              "name": "AI 管培生"
            },
            {
              "color": 5,
              "id": "optor5aLQp",
              "name": "【星冉生 - 管培生】产业连锁化运营方向"
            },
            {
              "color": 6,
              "id": "optHZBUPHY",
              "name": "AI 数智化岗"
            },
            {
              "color": 7,
              "id": "optBJwMOEO",
              "name": "售后维修岗"
            },
            {
              "color": 8,
              "id": "optTZRXRDl",
              "name": "制造技术岗"
            },
            {
              "color": 9,
              "id": "optme55nJV",
              "name": "营销运营岗"
            },
            {
              "color": 10,
              "id": "optMPbARJ8",
              "name": "审计类 风控审计类 IT审计类 咨询类 数据治理类 职能类"
            },
            {
              "color": 0,
              "id": "optLtN1XQy",
              "name": "工程技术类 工程管理类 经营商务类 质量安全类 材料设备类 职能管理类"
            },
            {
              "color": 1,
              "id": "optfi8rkJc",
              "name": "海外销售工程师 服务工程师"
            },
            {
              "color": 2,
              "id": "optxhvvOuN",
              "name": "数据治理工程师"
            },
            {
              "color": 3,
              "id": "optNm2zCJD",
              "name": "特种产品研发工程师"
            },
            {
              "color": 4,
              "id": "optFoVDSvi",
              "name": "推进剂配方设计工程师"
            },
            {
              "color": 5,
              "id": "opt9B8LqRF",
              "name": "工艺技术工程师"
            },
            {
              "color": 6,
              "id": "optzvEHnqt",
              "name": "总体开发工程师"
            },
            {
              "color": 7,
              "id": "optWx8UgAk",
              "name": "气动开发工程师"
            },
            {
              "color": 8,
              "id": "opt1J2gdDd",
              "name": "测试技术工程师"
            },
            {
              "color": 9,
              "id": "opt2BC6WU7",
              "name": "软件算法开发工程师"
            },
            {
              "color": 10,
              "id": "optWgOrpa7",
              "name": "设备电气技术工程师"
            },
            {
              "color": 0,
              "id": "optNiX1f7o",
              "name": "计量技术员"
            },
            {
              "color": 1,
              "id": "optCyupbQJ",
              "name": "热处理技术员"
            },
            {
              "color": 2,
              "id": "optAJ2Vz1j",
              "name": "机电技术员"
            },
            {
              "color": 3,
              "id": "opt98pDE3C",
              "name": "安全技术工程师"
            },
            {
              "color": 4,
              "id": "optpqNnUYu",
              "name": "科研管理"
            },
            {
              "color": 5,
              "id": "optF9teCnl",
              "name": "人事定额员"
            },
            {
              "color": 6,
              "id": "optD4D43q7",
              "name": "科研调度计划员"
            },
            {
              "color": 7,
              "id": "optort5B7t",
              "name": "市场销售员"
            },
            {
              "color": 8,
              "id": "optMS83mM0",
              "name": "经营管理员"
            },
            {
              "color": 9,
              "id": "opt6McUhsl",
              "name": "档案管理员"
            },
            {
              "color": 10,
              "id": "opthlcKEyE",
              "name": "推进剂装药工艺工程师"
            },
            {
              "color": 0,
              "id": "opt8AeeWcf",
              "name": "科研开发岗"
            },
            {
              "color": 1,
              "id": "optk0BLnL8",
              "name": "经营管理岗"
            },
            {
              "color": 2,
              "id": "optTXxAsTE",
              "name": "工艺技术岗"
            },
            {
              "color": 3,
              "id": "optLh1DDvz",
              "name": "信息技术岗"
            },
            {
              "color": 4,
              "id": "optSpaKujV",
              "name": "C++开发工程师 Java开发工程师 科学计算工程师 编译器/解释器开发工程师 数值计算与优化算法开发工程师 算法工程师(数据工程/生成式AI工业AI与机器人方向) 优化算法工程师(电力能源方向) 车辆建模工程师 电气建模仿真工程师 核能建模仿真工程师 热流建模仿真工程师 控制建模仿真工程师 机械/液压建模仿真工程师 飞行器/航行器建模仿真工程师"
            },
            {
              "color": 5,
              "id": "optAZk7WAf",
              "name": "管理培训生 研发类 市场业务类 产品技术类 组合导航算法工程师 水声算法工程师 飞控算法工程师 定位算法工程师 激光/SLAM算法工程师 测绘基础算法工程师 嵌入式软件工程师 嵌入式硬件工程师 结构力学工程师 安卓开发工程师 Java开发工程师 区域经理 国际业务工程师 业务管理专员 商务技术 产品工程师 技术支持工程师"
            },
            {
              "color": 6,
              "id": "opt4YZjB61",
              "name": "GNSS算法工程师 SLAM算法工程师 标定算法工程师 AI算法工程师 导航算法工程师 雷达算法工程师 ROS软件工程师 QT软件工程师 前端软件工程师 嵌入式软件工程师 FPGA工程师 硬件工程师 结构工程师 工业设计工程师 射频基带工程师 大客户经理 硬件产品经理 财务经理 项目经理"
            },
            {
              "color": 7,
              "id": "optjDcw4QU",
              "name": "机械助理工程师 电气助理工程师 惠/财务专员 人力资源专员 财务专员 运营专员 采购专员 PMC专员 品质助理工程师 国内销售 海外销售"
            },
            {
              "color": 8,
              "id": "optMGECQkg",
              "name": "销售 售前 解决方案 产品经理 产品运营 软件开发 算法 测试 企划预算 财务"
            },
            {
              "color": 9,
              "id": "opt3XHEiz6",
              "name": "需求专业：智能类 航空类 控制类 电子类 软件类 传感类 机械类"
            },
            {
              "color": 10,
              "id": "optGRJzv4k",
              "name": "平台软件工程师 硬件工程师 测试工程师 工艺工程师 机械工程师 技术支持工程师 中试工程师 计划工程师 制造工程师 供应商管理工程师 嵌入式软件工程师（C/C++） 客户质量工程师（CQE） 机械工程师（机器人方向） 工业设计工程师（机器人方向） 深度学习工程师（机器人方向） 运动控制工程师（机器人方向） C++开发工程师（机器人方向） 前端工程师（机器人方向） 后端工程师（机器人方向） 测试工程师（机器人方向） 售后工程师（机器人方向） 产品专员（机器人方向） 硬件装配工程师（机器人方向） 质量体系专员 销售专员 商务内勤专员 综合专员"
            },
            {
              "color": 0,
              "id": "optQkSiQEe",
              "name": "研发岗 研发岗 设计岗 技术岗 职能管理岗"
            },
            {
              "color": 1,
              "id": "optivoljBf",
              "name": "研发类 技术类 客服售后类"
            },
            {
              "color": 2,
              "id": "optsJfKMI2",
              "name": "财务 人力 招标 法务 造价 秘书 证券 国际采购 合同签订 执行 物流 国际/国内贸易 化工工艺操作 行政 仪表 计量 化验 电气 物业管理 招商 工程 营运 开发手续"
            },
            {
              "color": 3,
              "id": "optWpqCAA3",
              "name": "嵌入式系统开发工程师 硬件工程师 自控工程师 机械工程师 外贸销售工程师 网络推广专员"
            },
            {
              "color": 4,
              "id": "optp8ZIGS9",
              "name": "房屋建筑施工类 基础设施类 职能管理类"
            },
            {
              "color": 5,
              "id": "optW8N8caY",
              "name": "生产技术（器械） 高分子研发合成 生产计划 车间工艺 机械设备 EHS管理 QA QC 工艺技术 营销校招生 医药产品 职能支持"
            },
            {
              "color": 6,
              "id": "optmnaETj5",
              "name": "产品经理 项目管理 数据分析 硬件开发 Layout开发 嵌入式软件开发 Linux开发 嵌入式软硬件测试 Java开发 Web开发 App开发 软件测试 运维 测试工程师 认证工程师 技术服务 服务运营 售前技术 DSP工程师 功率硬件工程师 电气设计 系统集成 技术工程 结构设计 结构测试 热力分析 热流仿真 海外业务开发 国内业务开发 采购与供应链管理 质量工程师 生产测试工程师 工艺工程师 人事 行政 财务 管培生"
            },
            {
              "color": 7,
              "id": "optG0D8A7W",
              "name": "海外销售工程师 海外技术支持 产品助理 嵌入式开发 硬件工程师 测试工程师 ISP图像调试 项目管理"
            },
            {
              "color": 8,
              "id": "optHfqJ2uE",
              "name": "数据库开发工程师 数据库测试工程师 数据库DBA工程师"
            },
            {
              "color": 9,
              "id": "optsw6AJPY",
              "name": "研发管理 产品经理 机械设计 电气设计 工艺设计 制程工艺 项目管理 采购开发 财经管理 质量控制 计划调度 生产计划 市场营销 成本运营 战略规划"
            },
            {
              "color": 10,
              "id": "optbjkWBJ4",
              "name": "海外销售工程师 国内销售工程师 履约专员 商务专员 软件工程师（电机/嵌入式） 硬件工程师（电子） 电气工程师 结构工程师 测试工程师 售前工程师 售后工程师 产品工程师 工艺工程师 品质工程师 经营管培生 储备干部"
            },
            {
              "color": 0,
              "id": "optJavd9qs",
              "name": "助理产品经理、解决方案工程师、自控工程师、销售工程师、算法工程师、前端开发工程师、后端开发工程师、实施工程师、UI设计师"
            },
            {
              "color": 1,
              "id": "optKXBIh9D",
              "name": "亚马逊运营岗 广告投放岗 内容运营岗 TikTok运营岗 社群运营岗"
            },
            {
              "color": 2,
              "id": "optZyWYnCk",
              "name": "业务渠道类 产品精算类 业务支持类"
            },
            {
              "color": 3,
              "id": "optM9ks3q0",
              "name": "芯片设计工程师 芯片验证工程师 AI芯片量化工具研发工程师 AI芯片编译器研发工程师 计算平台研发工程师 AI算法集成工程师 嵌入式软件工程师"
            },
            {
              "color": 4,
              "id": "optiXogZo1",
              "name": "产品营销管培生 C++开发 算法开发（图像、视觉） 算法研究（博士）"
            },
            {
              "color": 5,
              "id": "optd2tZJgm",
              "name": "工艺工程师 电气工程师 结构工程师 项目工程师 设备工程师 中试工程师 电力/造价工程师 嵌入式硬/软件工程师 技术支持工程师 精益生产工程师 质量工程师 执行采购工程师 PMC计划专员 人力/行政专员 安环专员"
            },
            {
              "color": 6,
              "id": "optubXAo8w",
              "name": "算法工程师 测试工程师 系统集成工程师 电气设计工程师 伺服驱动研发工程师 硬件工程师 算法工程师 机械仿真工程师 嵌入式软件工程师 软件设计工程师 机械设计工程师 机械传动工程师 伺服研发工程师"
            },
            {
              "color": 7,
              "id": "optGeUB0cJ",
              "name": "软件开发岗 工业设计岗 算法岗 结构设计岗 硬件开发岗 集团方案岗 解决方案岗 国内营业岗 销售岗 产品经理 采购岗 运营岗 市场调研岗"
            },
            {
              "color": 8,
              "id": "opt3OO5yrd",
              "name": "销售工程师（国内） 销售工程师（海外） 方案工程师 电气工程师 机械工程师 工艺工程师 质量工程师 采购工程师（数据分析） 专利工程师 项目工程师 信息化工程师"
            },
            {
              "color": 9,
              "id": "opteXgR4wW",
              "name": "电子类 材料类 机械类 质量类 工业工程类 市场/其他类"
            },
            {
              "color": 10,
              "id": "optYDTZLfb",
              "name": "芯片算法工程师 通信算法工程师 数字IC设计工程师 模拟IC设计工程师 通信协议软件工程师 嵌入式软件工程师 硬件工程师 技术支持工程师 销售工程师"
            },
            {
              "color": 0,
              "id": "optL0FkVSo",
              "name": "技术研发类 质量管理类 生产管理类 职能管理类"
            },
            {
              "color": 1,
              "id": "optK9LNZM1",
              "name": "机械设计制造及其自动化 材料成型及控制工程 工业设计 机械工程及自动化 过程装备与控制工程 自动化 电气工程及其自动化 电子信息工程 信息工程 材料物理 材料化学 等离子体物理 材料科学与工程 软件工程 计算机 通信 光学信息 自动化 光学工程"
            },
            {
              "color": 2,
              "id": "optnKZsCJz",
              "name": "C/C++ 软件开发工程师 Vulkan/OpenGL 图形驱动工程师 DirectX3D 图形驱动工程师 Linux GPU 驱动工程师 GPU编译器开发工程师 AI编译器工程师 GPU性能调优工程师 嵌入式开发工程师 3D 应用开发工程师 多媒体驱动工程师 Display 驱动工程师 ASIC设计工程师 ASIC 验证工程师 SOC设计验证工程师 Emulation/FPGA验证工程师 硬件系统工程师 IC 物理设计工程师 GPU 架构建模工程师 GPU 架构验证工程师 GPU 软件模型工程师 GPU 算法工程师 GPU 通用编译器开发工程师 推理引擎和算子库开发 Python/C++架构数据分析工程师 GPU架构性能工程师 Graphics C++ 软件工程师 GPU架构3D应用工程师 GPU架构ML应用工程师 自动化测试开发工程师 光线追踪算法工程师 深度学习算法工程师 模型推理优化工程师"
            },
            {
              "color": 3,
              "id": "optKa87hT4",
              "name": "电子工程师 软件工程师 结构工程师 测试工程师 材料工程师 仿真工程师 平面设计工程师 工程师 品质工程师 NPI工程师 制造工程师 物流工程师 采购工程师 PMC专员 销售工程师 项目工程师 商务专员 营销管理专员 IT软件工程师 IT运维工程师 项目实施开发工程师 财务专员 人资专员 行政专员 审计专员 报关专员 流程助理专员"
            },
            {
              "color": 4,
              "id": "optHwYs0C8",
              "name": "总体设计、船体设计、结构设计、轮机设计、酒装设计、电气设计、管系设计、内装设计、电装设计、机械设计、流体仿真等岗位、智能制造、精益制造、船体建造、质量管理、轮管建造、内装建造、工艺质检、无损检测、调试、仿真、精度、搭载、舾装、管系、涂装、生产管理、安全管理、设备管理等岗位、人工智能、软件开发、算法开发、数字化技术架构、CAD软件二次开发、运维工程师等岗位、规划运营、采购管理、物流供应链管理、安全工程师、安技环保HSE方向、风控法务、企划、会计、资金管理、人力资源、文控、电工、钳工、装配工、产线操作等岗位 技术设计类 生产管理类 信息技术类 运营管理类 安全管理类 职能类 技能类"
            },
            {
              "color": 5,
              "id": "opt7SfHBg7",
              "name": "管培生（固定收益投资类） 直接投资岗 行业研究岗 国际业务岗 投资支持岗 风险管理与规划岗 股权投后管理岗 产品管理岗 金融科技岗 会计核算岗 审计岗 运营管理岗 交易员岗 战略发展岗 政策研究岗 纪检监察岗 组织人事岗 巡视整改管理岗"
            },
            {
              "color": 6,
              "id": "optGXcGplz",
              "name": "DFT可测性设计工程师 数字IC设计工程师 中端综合工程师 数字IC验证工程师 Meth方法学工程师 高速接口模拟设计工程师 数字后端工程师 封装设计工程师"
            },
            {
              "color": 7,
              "id": "opts91NBYH",
              "name": "飞控系统 航电系统 电气和动力系统 建模 控制 制导 导航 SLAM 计算机视觉 视觉感知 FPGA 电机控制算法 软件 硬件设计 设备电气 适航验证 测试 结构设计 强度设计 流体及热管理 气动设计 飞机总体设计 人为因素 材料工艺开发 工艺装备技术 工艺工程技术 设计质量保证 可靠性 供应商质量管理 质量工程 构型管理 体系管理 适航管理 质检 UAS操控 飞机维修 生产储备干部"
            },
            {
              "color": 8,
              "id": "optlKWyq7x",
              "name": "招标专员 建筑工程监理工程师 信息化咨询工程师"
            },
            {
              "color": 9,
              "id": "optStu5nRT",
              "name": "设计工程师（工艺） 设计工程师（电控） 项目工程师 研发工程师"
            },
            {
              "color": 10,
              "id": "optMhcvTJV",
              "name": "研发类 AI工程师 FPGA开发工程师 系统工程师 嵌入式软件工程师 PC软件工程师 硬件设计工程师 运动控制工程师 机械设计工程师 ATE应用开发工程师 营销类 解决方案工程师 产品经理 销售经理/工程师 管培生 管理培训生（专业要求：研发类及产品类岗位面向电子信息、自动化、通信、计算机、光电、机械等理工科专业同学开放"
            },
            {
              "color": 0,
              "id": "optkKBt2pE",
              "name": "销售类、管培生面向所有专业的同学开放"
            },
            {
              "color": 1,
              "id": "opt9QO2r4w",
              "name": "尤其是对半导体行业感兴趣的管理、经济、人文社科等专业的同学）"
            },
            {
              "color": 2,
              "id": "optY88XCzd",
              "name": "国际营销类 外贸业务员、业务跟单 供应链产品类 采购工程师、产品工程师、订单管理、质量管理 销售管理类 项目工程师、运营专员 设计研发类 工业设计师、平面设计师、产品专员、结构工程师 信息技术类 软件工程师 职能支持类 财务管理"
            },
            {
              "color": 3,
              "id": "optoUYLs8e",
              "name": "研发技术类 市场营销类 智能制造类 生产管理类 职能管理类"
            },
            {
              "color": 4,
              "id": "optS6i2FUc",
              "name": "硬件 软件 结构 工艺 国内销售 海外销售 售前&售后 市场运营 系统运维 工程师 执行 采购专员 财务会计"
            },
            {
              "color": 5,
              "id": "optTA3tj5n",
              "name": "研发工程师 工艺工程师 材料工程师 职能管理岗 国内销售经理 海外销售经理。专业要求：机械类（机械设计制造及其自动化、农业机械化及其自动化、机械电子工程、车辆工程、能源与动力工程（发动机方向）、工业设计等）；材料类（材料成型及控制工程、焊接技术与工程、力学、化学工程与工艺等）；电气类（电气工程及其自动化、自动化、控制科学与工程、测控技术与仪器、电子信息工程、通信工程、电子科学与技术等）；计算机类（计算机科学与技术、软件工程、数据科学与大数据技术、网络工程、信息管理与信息系统等）；语言类（俄语、西班牙语、葡萄牙语、英语、法语等）；管理类（财务管理、会计学、工业工程、人力资源管理、市场营销、法律、物流管理等）。"
            },
            {
              "color": 6,
              "id": "optx0juysl",
              "name": "电子助理工程师 嵌入式软件助理工程师 电子测试助理工程师 封装技术助理工程师 客户交付助理工程师 产品项目助理工程师 测试工艺助理工程师 物料计划助理 开发质量助理工程师 供方质量助理工程师 信息架构助理工程师"
            },
            {
              "color": 7,
              "id": "optZidRxwY",
              "name": "硬件工程师、软件工程师、软件测试工程师、电气工程师、机械工程师、光机工程师、光学工程师、控制工程师、嵌入式软件工程师、算法工程师、FPGA工程师、系统集成工程师、AI算法工程师、应用工程师、技术支持工程师"
            },
            {
              "color": 8,
              "id": "optvp1Y3Jk",
              "name": "营销中心管培生（专业不限"
            },
            {
              "color": 9,
              "id": "optTCs14YJ",
              "name": "生物医药等相关专业优先） 医药代表（专业不限"
            },
            {
              "color": 10,
              "id": "optsMFHQbM",
              "name": "生物医药等相关专业优先） 学术推广（生物医药等相关专业） 设备销售工程师（生物医药等相关专业"
            },
            {
              "color": 0,
              "id": "optCcE8By7",
              "name": "要求有细胞培养经验） 总经办管培生（生物医药等理工科相关专业） 人事专员/HRBP（生物医药等理工科相关专业） 研发人员（生物医药、化学等相关专业） 生产质里管培生（生物医药等相关专业） 人工智能研发人员（数学、统计学、计算机、视觉等相关专业） 机械设备工程师（机械、电气、自动化等相关专业） 电气工程师（电气、自动化、电子等相关专业） 法务专员（法学等相关专业） 财务管培生（会计、审计、财务等相关专业）"
            },
            {
              "color": 1,
              "id": "optJmXrMvx",
              "name": "底层软件工程师 应用软件工程师 标定工程师 硬件工程师 电机工程师 系统工程师 产品试验工程师 研发实习生 制造工程师 质量工程师 计划物流工程师 生产管培生 项目经理 采购工程师"
            },
            {
              "color": 2,
              "id": "opt9EcQxSX",
              "name": "需求专业为：船舶与海洋结构物设计制造 包含:螺旋桨研发、船体外载荷、振动噪声控 制、抗冲击方向等 水声工程 声纳探测、水声信号处理、水声检测技术 质量与可靠性工程 通用质量特性 材料科学与工程 复合材料、涂层材料、防腐材料应用 工业工程 多学科设计优化、数字化展示、人机交互、界面 设计 机械工程 机电一体化、机械制造、机械电子、智能化设计 轮机工程 动力机械、故障诊断、数字化模块开发、大数据 分析、动力系统仿真 核科学与技术 核工程与核技术、核安全、辐射防护、辐射监测 动力工程及工程热物理 能源与环境系统工程 航空宇航科学与技术 航行器设计、体系结构设计论证 控制科学与工程 计算机科学与技术 包含:人工智能、大数据技术、云计算、信息安 全、网络空间安全等 电子科学与技术 包含:电路、微电子、电磁场等 信息与通信工程 电机与电器 包含:电机及电机控制、电力系统、电力电子、 电力传动等 船舶与海洋结构物设计制造 消防工程 消防安全相关方向 机械工程 包含:机电一体化、机械制造、机械电子、液压等 轮机工程 轮机健康管理 动力工程及工程热物理 红外隐身方向 控制科学与工程 计算机科学与技术 包含:人工智能、大数据技术、云计算、信息安 全、网络空间安全等 电子科学与技术 包含:电路、电磁场、导航等 信息与通信工程 电机与电器 电力系统、电力电子、电力传动"
            },
            {
              "color": 3,
              "id": "optdFrXwFf",
              "name": "工艺工程师 光学工程师 电气工程师 软件工程师 生产储备干部 材料工程师 调试工程师 机械工程师 售后工程师（面向专业 金属材料、增材制造、机械工程、电气 自动化、光学信息工程、软件工程、计算机、英语等）"
            },
            {
              "color": 4,
              "id": "optcPwmpu8",
              "name": "专业要求：土木工程 道路与桥梁 岩土工程 隧道工程 结构工程 工程力学 地质工程 市政工程 港口航道与海岸工程 水利水电工程 材料学 测绘工程 电气工程 工程管理 桥梁工程 化学"
            },
            {
              "color": 5,
              "id": "opt19o31bH",
              "name": "研发 生产 质量 供应链 采购（机械类相关专业）"
            },
            {
              "color": 6,
              "id": "opt0pfV3Wr",
              "name": "软件研发岗、硬件研发岗、芯片研发岗、算法岗等（计算机科学与技术、软件工程、信息与通信工 程、集成电路、网络空间安全、地理信息系统、 水声信号等相关理工科专业）"
            },
            {
              "color": 7,
              "id": "optthIJ3J4",
              "name": "专业需求：航空宇航科学与技术、光学工程、仪器科学与技术、 电子科学与技术、信息与通信工程、控制科学与工程 计算机科学与技术、软件工程、电子信息、力学、机械工 程、电气工程、测绘科学与技术、遥感科学与技术、智能科 学与技术、网络空间安全等专业"
            },
            {
              "color": 8,
              "id": "optALX1ygZ",
              "name": "国内 业务 国内客户经理 作物经理助理 国际 业务 海外国家经理 海外登记经理 研发类 有机合成研究员 连续化研究员 生产类 生产管理储备 GLP实验 毒理技术员 病理技术员 残留实验员 代谢实验员 其他类 后勤管理储备 （任职要求： 国内业务:植保、农学等涉农相关专业性格开朗能接受差 国际业务:英语六级以上"
            },
            {
              "color": 9,
              "id": "opts8yBNRQ",
              "name": "性格开销能接受海外出差办公研发:有机化学、农药学、化学工程与工艺等硕士以以上学历 GLP实验:化学、植保、环境、动物科学等相关专业 生产类:化学相关专业"
            },
            {
              "color": 10,
              "id": "optW0xvFxr",
              "name": "能接受从一线做起"
            },
            {
              "color": 0,
              "id": "optkMrMcFn",
              "name": "能接受倒班）"
            },
            {
              "color": 1,
              "id": "optt9hbAPK",
              "name": "Java/C#开发工程师 海外软件交付经理 电气研发工程师 机械研发工程师 工业设计工程师 电机设计工程师 方案工程师(机械) 机械管培生(芜湖) 海外运营专员 海外销售专员 市场销售专员 人力资源管培生"
            },
            {
              "color": 2,
              "id": "optUG6XPrC",
              "name": "技术工程师 质量工程师 软件工程师 销售工程师"
            },
            {
              "color": 3,
              "id": "optz1Iq98e",
              "name": "IT互联网类、整车研发类、新能源开发类、航天航空类、智能制造类、供应链/质量类、营销服务类、设计类、职能类"
            },
            {
              "color": 4,
              "id": "opt4P6oyl7",
              "name": "管理类、技术类、信息类、教育类"
            },
            {
              "color": 5,
              "id": "optfBSwmjC",
              "name": "技术研发类、市场开发类、产品交付类、职能与采购类"
            },
            {
              "color": 6,
              "id": "opthoFBKlS",
              "name": "电气工程、能源动力、计算机软件、自动控制、土木水利、环境工程、化工材料等专业"
            },
            {
              "color": 7,
              "id": "opt8dK33lG",
              "name": "业务经理、售后服务工程师"
            },
            {
              "color": 8,
              "id": "opt0MD3knR",
              "name": "投资类、市场类、风控类、交易与运营类、科技类"
            },
            {
              "color": 9,
              "id": "opthEMFY33",
              "name": "技术研发类、工程技术类、市场营销类、企业管理类"
            },
            {
              "color": 10,
              "id": "optakMeN3R",
              "name": "软件类、硬件类、技术支持类、测试类、算法类、产品项目类、销售类、职能类、生产运营类"
            },
            {
              "color": 0,
              "id": "opt1YIEVtA",
              "name": "机械类、材料类、电气类、计算机类、语言类、管理类"
            },
            {
              "color": 1,
              "id": "optlhNOfrO",
              "name": "研发类、工艺类、技能类、管理类"
            },
            {
              "color": 2,
              "id": "optq3DcB2x",
              "name": "金融科技类、风险控制类、产品运营类、综合类"
            },
            {
              "color": 3,
              "id": "optRgK2JQ7",
              "name": "外贸全流程管培生、外贸经营管培生、职能管培生"
            },
            {
              "color": 4,
              "id": "opt0MA4PZp",
              "name": "集成电路(模拟/数字)、电路系统、信号处理、电气工程、微电子、半导体器件、半导体材料、应用物理、分子束外延技术、凝聚态物理、材料科学、光学工程、光学加工技术、光电子、测控技术与仪器、机械电子、控制工程、自动化、制冷与低温技术、能源与动力、工程热物理"
            },
            {
              "color": 5,
              "id": "optXeAEa09",
              "name": "工程技术类、职能管理类"
            },
            {
              "color": 6,
              "id": "optdBCg0du",
              "name": "指挥调度员、运行监督员、电气技术员、运营保障专员、商业开发专员、服务品质专员、安检岗/地勤岗、信息技术、医师"
            },
            {
              "color": 7,
              "id": "opt5zQFOoz",
              "name": "生产运营类、服务保障类、商务营销类、行政职能类"
            },
            {
              "color": 8,
              "id": "optvD1p1jk",
              "name": "销售工程师、方案工程师、电气工程师、机械工程师、工艺工程师、质量工程师、采购工程师(数据分析)、专利工程师、项目工程师、信息化工程师"
            },
            {
              "color": 9,
              "id": "optATA8smn",
              "name": "设计管培生 品牌管培生 商业管理管培生 战略管培生 人力资源管培生 财务管培生 供应链管培生"
            },
            {
              "color": 10,
              "id": "opts0BFXff",
              "name": "管理培训生 智慧交通岗位 交通运输岗位 航海技术岗位 轮机工程岗位 物流管理岗位 物流工程岗位 供应链管理岗位 土木工程岗位 能源与动力工程岗位 环境科技岗位 环境经济岗位 材料科学岗位 船体设计岗位 机械工程岗位 机械设计制造及其自动化岗位 机械电子工程岗位 工业设计岗位 控制工程岗位 船舶电子电气工程岗位 海洋科学岗位 船舶与海洋工程岗位 应用物理岗位 计算机科学与技术岗位 大数据岗位 区块链岗位 软件工程岗位 网络工程岗位 通信工程岗位 人工智能岗位 应用数学岗位 系统科学与工程岗位 金融岗位 经管岗位 法律岗位 品牌岗位 中文岗位 英语岗位 小语种岗位"
            },
            {
              "color": 0,
              "id": "optkmb0AXD",
              "name": "职能运管类 工程建筑类 技术研发类 管培生类 供应链类 市场营销类 质量安全类 生产服务类"
            },
            {
              "color": 1,
              "id": "optMGg1ky8",
              "name": "建筑设计 结构设计 给排水设计(含市政) 电气设计 暖通设计 道路设计 交通设计 桥梁设计 规划设计 景观设计 建筑经济 信息"
            },
            {
              "color": 2,
              "id": "optvBpYs4a",
              "name": "计算机视觉算法工程师 销售经理"
            },
            {
              "color": 3,
              "id": "optnOad0qw",
              "name": "图像算法工程师 销售工程师 模拟设计工程师 芯片验证工程师 AI软件工程师 智能辅助驾驶解决方案开发工程师 ISP驱动开发工程师 嵌入式软件开发工程师"
            },
            {
              "color": 4,
              "id": "opt0SOSSs7",
              "name": "人工智能高级算法工程师 AI Agent平台算法工程师/研究员"
            },
            {
              "color": 5,
              "id": "opt2UqS4SW",
              "name": "机械类（机械工程、机械设计制造及其自动化、焊接工程、机电一体化、机械电子、仿真工程、车辆工程类）；通信类（通信工程、光学工程、电子信息工程、电子科学与技术、光电信息与科学）；电气类（电气工程及其自动化、电力系统、电力电子与电气传动、电磁场与微波技术、电磁场无线技术、电线电缆、电缆工程、高电压与绝缘技术）；材化类（高分子材料、金属材料、无机非金属材料、材料成型及控制工程、物理学、应用物理、应用化学、材料化学、化学工程与工艺、电化学）；智能制造类（自动化、控制工程、工业机器人、人工智能、汽车服务工程）；工程类（船舶与海洋工程、港口工程与航道技术、轮机工程、土木工程、测绘工程、海洋工程、船舶电子电气工程、水利工程）；销售类（英语、西班牙语、法语、葡萄牙语、德语、俄语、阿拉伯语、意大利语、越南语、日语、韩语、乌克兰语、国际经济与贸易、市场营销及通信、电力新能源类）；职能类（法学、会计、人力资源管理、软件工程、安全工程、质量工程、工业工程、物流管理、工业设计、计算机科学与技术、物联网工程）。"
            },
            {
              "color": 6,
              "id": "opt7XqY4xK",
              "name": "MCU软件工程师 软件测试工程师 结构工程师 光学工程师 硬件工程师 DQA工程师 PQE工程师 CQE工程师 实验室工程师 采购执行专员 订单管理员 机械工程师 电气工程师"
            },
            {
              "color": 7,
              "id": "optiWdCjmC",
              "name": "大模型工程师 AGENT开发工程师 AI算法工程师 射频EDA算法工程师 数字后端工程师"
            },
            {
              "color": 8,
              "id": "optr3Pf25w",
              "name": "产品经理 应用研发工程师 系统研发工程师 项目经理 JAVA工程师 结构设计工程师 助理硬件工程师 嵌入式工程师 需求分析工程师 后端开发工程师 前端开发工程师 销售跟单 海外运营专员"
            },
            {
              "color": 9,
              "id": "opttpqTZey",
              "name": "硬件开发 产品设计 硬件测试 机械设计 模具设计 仿真 光学 陶瓷材料 视觉开发 自动化 嵌入式开发 信号完整性测试工程师 大数据开发 AI算法 后端开发 前端开发 软件测试 IT弱电 IT系统维护工程师 产品经理 项目管理工程师 销售 商务 产品技术支持工程师 品质 设备量测工程师 工艺 工业 产品检测工程师 制造 设备维护工程师 采购 经管 EHS 人力资源专员"
            },
            {
              "color": 10,
              "id": "optSsL57Qq",
              "name": "CAE求解器算法工程师（结构/固体力学） CAE求解器算法工程师（多体动力学） CAE求解器算法工程师（显式动力学） CAE求解器算法工程师（热传导对流辐射方面） CAE求解器算法工程师（流体力学"
            },
            {
              "color": 0,
              "id": "optEVlRfA5",
              "name": "可压/不可压） CAE求解器算法工程师（高/低频电磁场） CAE求解器算法工程师（多物理场耦合） CAE求解器算法工程师（声场） CAE求解器算法工程师（电化学） CAE求解器算法工程师（光学） 高性能计算研发工程师 一维系统仿真模型开发工程师 优化算法研发工程师 机器学习算法工程师 AI大模型研发工程师 CAD几何算法研发工程师 网格算法研发工程师 软件研发工程师（CAE前后处理方向） C++开发工程师 CAE仿真工程师（结构/多体/显式/流体/电磁/耦合/优化/数字孪生）"
            },
            {
              "color": 1,
              "id": "optxRxDn8p",
              "name": "软件工程师 知识产权工程师 硬件开发工程师 结构开发工程师"
            },
            {
              "color": 2,
              "id": "optp0AI1wD",
              "name": "博士后 电推进设计工程师 电源工程师 电机控制工程师 卫星信息系统工程师 电磁载荷工程师 光学系统工程师 天文图像处理开发工程师 卫星数据应用开发工程师 星座运管工程师 机械工程师 质量工程师 阀门装配测试工程师 化推测试工程师 整机测试工程师 装配测试实习生 质检员 工业工程师 项目管理 销售工程师 人力专员 财务专员 出纳"
            },
            {
              "color": 3,
              "id": "optx9B5ybK",
              "name": "技术研发设计 生产工艺技术 IT技术 材料研发 工业工程 技术销售 业务开发 项目管理 采购 财务 人力资源 战略发展 工程技术类岗位 IT开发工程师 信息披露专员 EHS工程师 采购工程师 法务专员 财务专员"
            },
            {
              "color": 4,
              "id": "opt6uoVTGK",
              "name": "封装工艺工程师 芯片设计岗 生产制造岗"
            },
            {
              "color": 5,
              "id": "optlTb0XRM",
              "name": "管培生（工程管理） 管培生（安全管理） 工程技术员"
            },
            {
              "color": 6,
              "id": "optdot3qkB",
              "name": "项目经理 软件工程师 质量工程师 工艺工程师 过程检验员 助理项目经理 嵌入式软件工程师 算法工程师 结构工程师 产品经理 电商主播 临床工程师 客服工程师 运营专员 HRBP专员 技术销售工程师 法语销售经理 葡萄牙语销售经理 韩语销售经理 测试工程师 外贸会计 助理采购工程师 管培生"
            },
            {
              "color": 7,
              "id": "optWJNuIoI",
              "name": "行业研究实习生 销售管理实习生"
            },
            {
              "color": 8,
              "id": "optCD9NfoB",
              "name": "IT 助理工程师 精益经管助理 市场助理 动画视频助理 区域机械数据助理 单证助理 箱单助理 国内营销助理 人力资源助理 会计助理 采购助理工程师 国际营销助理 生产管培生"
            },
            {
              "color": 9,
              "id": "opt2j3ANdW",
              "name": "门店运营储干 物流/采购干部"
            },
            {
              "color": 10,
              "id": "optVWd7M2b",
              "name": "嵌入式软件工程师 软件工程师（桌面） 硬件工程师 机械工程师 耗材研发工程师 抗体研发工程师 试剂测试工程师 设计转换工程师（试剂） 设计转换工程师（器械） 项目经理 整机测试工程师 软件测试工程师 算法专家 机械开发专家 光学专家 产品系统专家 磁珠工程师 采购开发工程师 整机工艺工程师"
            },
            {
              "color": 0,
              "id": "optaxnW4GE",
              "name": "研发类、工程类、管理类、营销类"
            },
            {
              "color": 1,
              "id": "optxdBYHSc",
              "name": "研发设计类、生产运营类、项目管理类、质量管理类、销售类、职能类"
            },
            {
              "color": 2,
              "id": "optPkDXIQr",
              "name": "封装工艺岗、芯片设计岗、生产制造岗"
            },
            {
              "color": 3,
              "id": "optUED9Csf",
              "name": "CPU设计工程师、CPU验证工程师、高性能计算工程师、IC数字设计工程师、IC验证工程师、中后端工程师、硬件设计项目类、软件设计工程师"
            },
            {
              "color": 4,
              "id": "optGUJGag6",
              "name": "建筑施工/技术类、安全管理类、商务类、水电施工/技术类、钢结构施工/技术类、工程设计类、其他管理类"
            },
            {
              "color": 5,
              "id": "optlwAHfMp",
              "name": "技术研发类、工程制造类、综合职能类、销售项目类、供应链类"
            },
            {
              "color": 6,
              "id": "opt1khlHnZ",
              "name": "采矿类"
            },
            {
              "color": 7,
              "id": "optJuPsEr8",
              "name": "资源勘查类"
            },
            {
              "color": 8,
              "id": "optnHmLy6T",
              "name": "安全科学与工程类"
            },
            {
              "color": 9,
              "id": "optr4bCfuO",
              "name": "冶金类"
            },
            {
              "color": 10,
              "id": "opt4yqnCYb",
              "name": "地质工程类"
            },
            {
              "color": 0,
              "id": "optMMOf4Qf",
              "name": "矿物加工类"
            },
            {
              "color": 1,
              "id": "opt0ko9qA6",
              "name": "环境科学与工程类"
            },
            {
              "color": 2,
              "id": "opteKvwMcW",
              "name": "土木工程类"
            },
            {
              "color": 3,
              "id": "optMP9ZbVG",
              "name": "财会类"
            },
            {
              "color": 4,
              "id": "opt8yoZG7J",
              "name": "党建类"
            },
            {
              "color": 5,
              "id": "optUsSu2qQ",
              "name": "文学类"
            },
            {
              "color": 6,
              "id": "optqaIl6wG",
              "name": "经济金融类"
            },
            {
              "color": 7,
              "id": "optXr7m42i",
              "name": "法学类"
            },
            {
              "color": 8,
              "id": "optbmaaJx6",
              "name": "Researcher"
            },
            {
              "color": 9,
              "id": "optlDahsKx",
              "name": "战略 咨询 数字工程与制造 Song技术服务 智能运营"
            },
            {
              "color": 10,
              "id": "opteRZq6lC",
              "name": "招商运营及市场方向 工程方向（土建/机电） 住宅方向 项目管理方向 数字化及信息技术方向"
            },
            {
              "color": 0,
              "id": "opteuCFDQj",
              "name": "参股企业 君龙人寿 运营医学岗、产品精算岗、战略投资岗 业务管理岗 医疗健康 建发致新 业务岗、商务支持岗、项目管理岗 产品岗、运营岗、职能支持岗 建发健康 临床医师岗、运营岗(医疗运营、 采购运营、SPD供应链运营)、业务岗、 医院职能支持岗、医疗设备维保工程师 旅游会展 建发旅游 酒店类管培生、文旅类营销策划岗 文旅类运营管理岗 会展集团 展会业务岗 城市建设与运营 建发房产 设计管理岗、城市规划岗、营销管理岗 数智AI岗、城市研究岗、客户研究岗 商业运营岗、社区运营岗、城市更新岗 建发城服 城市服务岗 红星美凯龙 楼层管理岗、企划营销岗、招商岗 职能支持岗 供应链运营 建发股份 国际外派管培生、外籍业务岗 进出口业务岗、国内业务岗"
            },
            {
              "color": 1,
              "id": "optvoqJ9UG",
              "name": "人力管培生 投标预算工程师 工艺工程师 采购工程师 销售工程师(高铁项目方向) 设计管培生 质量工程师 运维工程师 工程管培生 机械工程师 电气工程师 计划工程师 预结算工程师 境外管培生 翻译(小语种方向)"
            },
            {
              "color": 2,
              "id": "optSScWmhe",
              "name": "Elite-Plus 奢侈品零售精英管培生"
            },
            {
              "color": 3,
              "id": "optllGDmL0",
              "name": "智能网联类 研发类 智能制造类 采购及质量类 品牌与市场营销类职能与综合管理类"
            },
            {
              "color": 4,
              "id": "optxmGe8e9",
              "name": "猎头顾问管培生/实习生"
            },
            {
              "color": 5,
              "id": "optiaoNPjK",
              "name": "综合行政"
            },
            {
              "color": 6,
              "id": "opt1MMYFno",
              "name": "质量检验"
            },
            {
              "color": 7,
              "id": "optR5rgujL",
              "name": "仓储保管"
            },
            {
              "color": 8,
              "id": "opt9tWSSNC",
              "name": "财务资产"
            },
            {
              "color": 9,
              "id": "optaQNprJu",
              "name": "信息技术"
            },
            {
              "color": 10,
              "id": "opt7mlOQcD",
              "name": "机电维修"
            },
            {
              "color": 0,
              "id": "optLEF6l1c",
              "name": "纪检监察"
            },
            {
              "color": 1,
              "id": "optsYjVa6u",
              "name": "购销统计"
            },
            {
              "color": 2,
              "id": "optdREgmmf",
              "name": "阿里云管培生（商业技术方向） 前端开发工程师 测试开发工程师 运维开发工程师 基础平台研发工程师 研发工程师JAVA 研发工程师C/C++ 研发工程师Golang 研发工程师Python 数据研发工程师 技术服务工程师 技术服务工程师-云计算 数据中心技术工程师 AI应用前端开发工程师 算法工程师-机器学习 算法工程师-多模态 算法工程师-自然语言处理 供应链需求预测算法工程师 安全工程师 数据安全工程师 算法工程师-AI安全 海外用户运营及市场营销 AI产品运营"
            },
            {
              "color": 3,
              "id": "optSmGqFsr",
              "name": "发动机 新能源 电控 未来技术 液压传动与控制 数据工程 人工智能 智能制造 营销 职能管理"
            },
            {
              "color": 4,
              "id": "opthTpwQr4",
              "name": "金融科技岗 管理培训生 培训生 客服经理"
            },
            {
              "color": 5,
              "id": "opte3OGaDi",
              "name": "不限业务领域实习生"
            },
            {
              "color": 6,
              "id": "optviLyyOd",
              "name": "公司业务部 (知识产权) 实习生"
            },
            {
              "color": 7,
              "id": "optyCTJkA6",
              "name": "基金部实习生"
            },
            {
              "color": 8,
              "id": "optslkSoaj",
              "name": "交易部实习生"
            },
            {
              "color": 9,
              "id": "opty9F7XFq",
              "name": "资本市场部实习生"
            },
            {
              "color": 10,
              "id": "opta0B9Gim",
              "name": "公司业务部 (劳动人事) 实习生"
            },
            {
              "color": 0,
              "id": "optOK69oN3",
              "name": "争议解决部实习生"
            },
            {
              "color": 1,
              "id": "opt1JM0KOn",
              "name": "合规部实习生"
            },
            {
              "color": 2,
              "id": "optWsSoF0k",
              "name": "IE助理工程师 助理工程师 环境运营助理 初级会计"
            },
            {
              "color": 3,
              "id": "opt24htgmX",
              "name": "营销管培生（销售代表、电商运营、产品推广、市场策划）；研发管培生（结构设计、工业设计、电子控制）；制造管培生（工艺管理、精益管理）。"
            },
            {
              "color": 4,
              "id": "optNODmuW1",
              "name": "硬件工程师 软件工程师 Web前端开发工程师 Java开发工程师 软件测试工程师 产品专员 英语销售 德语销售 海外技术服务工程师 现场服务工程师 总帐会计 总经办管培生"
            },
            {
              "color": 5,
              "id": "optg9D74ss",
              "name": "生产制造岗 产品研发岗 职能管理岗 质量保证岗 采购管理岗 销售与服务岗"
            },
            {
              "color": 6,
              "id": "optpONjolm",
              "name": "船舶研发/设计(船体/结构) 船舶研发/设计(电气/电子) 船舶研发(轮机/能动) 智能制造 信息化 技术研发工程师 工艺调试工程师 质量管理工程师 信息技术工程师 项目管理工程师 职能管理 供应链管理 安环管理"
            },
            {
              "color": 7,
              "id": "optlwlLpqm",
              "name": "研发类 供应链类 交付类 生产制造类"
            },
            {
              "color": 8,
              "id": "optCUHmgTl",
              "name": "合成研发员 制剂研发员 技术员 工艺员 外贸业务助理 制剂产品专员 研发分析员 检验员 质量专员 计量专员 设备员 仪控专员 安全员 环保专员 精益生产专员 生产计划专员 物料保管员 企业文化专员 人力资源专员"
            },
            {
              "color": 9,
              "id": "opt7nGpYwb",
              "name": "营销特种兵 运营特种兵 职能特种兵"
            },
            {
              "color": 10,
              "id": "optsiL9v8h",
              "name": "等离子体实验研究员 等离子体控制研究员 等离子体计算研究员 等离子体诊断研究员 高温超导工程师 电气工程师 机械工程师 工艺培训生 管理培训生"
            },
            {
              "color": 0,
              "id": "optAaZye6g",
              "name": "土木工程 道路桥梁与渡河工程 铁道工程 水利水电工程 采矿工程 建筑学 建筑电气与智能化 电气工程及其自动化 轨道交通信号与控制 通信工程 隧道工程 智能建造 土木+软件 城市地下空间工程 无机非金属材料 机械设计制造及其自动化 机械工程 材料科学与工程"
            },
            {
              "color": 1,
              "id": "optauJxua9",
              "name": "质量管培生 供应链管培生 人力管培生"
            },
            {
              "color": 2,
              "id": "optLKOhSpd",
              "name": "电商管培生（运营方向/综合方向/产品方向）"
            },
            {
              "color": 3,
              "id": "optX9FbeU0",
              "name": "科技类 供应链解决方案工程师、材料研发工程师、电气技术研 究员、软件研发工程师、嵌入式软件研发工程师、 AI工程师、电子工程师、测试工程师...... 市场类 产品经理、业务拓展专员、销售工程师、报价工程师、 技术推广工程师...... 技能类 技术支持工程师、模具助理工程师、工艺助理工程师、 设备助理工程师、工装设计助理工程师 职能类 项目助理工程师、主管助理"
            },
            {
              "color": 4,
              "id": "opt9EtFj0o",
              "name": "勘探工程师"
            },
            {
              "color": 5,
              "id": "optdhfJibN",
              "name": "新能源相关"
            },
            {
              "color": 6,
              "id": "optHCUjj2l",
              "name": "安全管理"
            },
            {
              "color": 7,
              "id": "optwHq7nBB",
              "name": "暖通工程师"
            },
            {
              "color": 8,
              "id": "optQ1rpZtY",
              "name": "法务专员 / 助理"
            },
            {
              "color": 9,
              "id": "optSxa2O4H",
              "name": "通信设备工程师"
            },
            {
              "color": 10,
              "id": "opttNGhtmZ",
              "name": "业务方向 职能方向"
            },
            {
              "color": 0,
              "id": "optiDnsUYk",
              "name": "靶材研发岗 半导体零部件研发岗 工艺研发岗 镀膜研发岗 陶瓷研发岗 机械/焊接研发岗 非金属材料研发岗 国内营销岗 海外营销岗 技术支持岗 材料检测岗 实验分析岗 工艺技术岗 机械自动化岗 电气自动化岗 化洗技术岗 设备技术岗 机械/焊接技术岗 陶瓷制造技术岗 陶瓷工艺技术岗 生产管理岗 品质控制岗 数据开发岗 业务应用岗 硬件技术岗 品质保证岗 采购岗 财务岗 人力资源岗"
            },
            {
              "color": 1,
              "id": "optHWDcr0Z",
              "name": "平台总体设计 气动设计 载荷计算与分析 动力应用技术 机电综合技术 控制算法设计 飞控软件设计 决策规划算法 组合导航设计 嵌入式软件开发 地面站软件开发 后端开发 地理信息系统开发 销售项目经理 运行工程师 档案管理"
            },
            {
              "color": 2,
              "id": "optCzXLIyG",
              "name": "IC设计 验证 物理设计 测试用例开发 模拟设计 模拟版图 SRAM设计 SRAM版图 library开发 编译器 算子开发 三进制翻译 微架构 处理器软模拟 内核虚拟化 驱动开发 系统软件开发 嵌入式软件开发 固件开发 应力仿真 封装设计 芯片测试"
            },
            {
              "color": 3,
              "id": "opt9v1fjHL",
              "name": "需求专业：化工类 应用化工技术 化学工艺 应用化学 机电类 机电一体化 电气自动化 机械自动化 冶金类 炭素加工技术 材料冶金 冶金工程 电力类 发电及电力系统 输配电工程技术 供用电技术"
            },
            {
              "color": 4,
              "id": "optFUeaSIY",
              "name": "后端研发工程师 前端研发工程师 产品助理 测试工程师 运维工程师"
            },
            {
              "color": 5,
              "id": "opt1WOxVPT",
              "name": "系统工程师 系统测试工程师 光学工程师 电子光学工程师 光学测试工程师 机械工程师 电气工程师 产品工程师 算法工程师 Python工程师 C++工程师 C#工程师 应用工程师 集成工程师 FAE现场应用工程师"
            },
            {
              "color": 6,
              "id": "optr5CnF8s",
              "name": "基础研究类 科技研发类 专业技术类 工程设计类 工程建设类 运行保障类"
            },
            {
              "color": 7,
              "id": "optO2fi6bn",
              "name": "电机技术 新能源燃料燃烧技术 动力电池技术 电动/电辅助增压技术 电控软硬件设计 数据管理技术应用研究 新构造型设计技术 新型动力测试技术 财会专业"
            },
            {
              "color": 8,
              "id": "optQkHtYOo",
              "name": "研发设计岗 工艺技术岗 分公司技术岗 软件开发员 系统管理员 法律顾问 科技管理员 经营计划员 会计"
            },
            {
              "color": 9,
              "id": "opthgcxdb2",
              "name": "研发工程师 工艺工程师 电气工程师 机械工程师 采矿工程师 选矿工程师 结构工程师 土建工程师 暖通工程师 品控工程师 采购工程师 环保工程师 物控工程师 销售工程师 销售支持工程师 内控工程师 会务接待 人力资源管理师"
            },
            {
              "color": 10,
              "id": "optpHtSrID",
              "name": "专业技术岗 管理岗"
            },
            {
              "color": 0,
              "id": "optSe7ulo9",
              "name": "解决方案岗 设计优化岗 环水保岗 航摄岗 项目助理岗 研发岗 市场开发岗 综合商务岗 产品助理岗"
            },
            {
              "color": 1,
              "id": "optrJJiVkr",
              "name": "软件开发工程师-基础架构（Java方向） 软件开发工程师-前端应用（H5方向） 软件开发工程师-C++方向 软件开发工程师-GIS方向 软件开发工程师-人工智能方向"
            },
            {
              "color": 2,
              "id": "optcnXGZ8v",
              "name": "高级算法工程师 软件工程师--C++开发方向 软件工程师--嵌入式开发方向 软件工程师--视觉应用开发方向 软件工程师--AI应用开发方向 软件工程师--运动控制算法研究方向 应用工程师 工艺开发工程师 电控工程师 技术支持工程师"
            },
            {
              "color": 3,
              "id": "opthBE2M4z",
              "name": "市场岗 运营岗 工程岗 物资岗 财务岗 综合岗"
            },
            {
              "color": 4,
              "id": "opt92mj4AI",
              "name": "图形几何算法实习生（可校招） AIGC算法工程师（可校招） C++ 开发实习生 前端开发实习生 渲染开发工程师 多模态算法工程师（校招） 图形引擎实习生 图形AI实习生 图形渲染工程师-校招 UE5开发实习生 渲染算法实习生 渲染开发实习生"
            },
            {
              "color": 5,
              "id": "optK0KlCTl",
              "name": "研发类（硬件工程师、FPGA 工程师、气路工程师、驱动工程师、软件工程师、嵌入式软件工程师、算法工程师（信号处理方向、控制方向、图像方向、声学成像方向、深度学习方向、信号方向）、临床需求工程师、声学工程师、结构工程师、材料工艺工程师、工业设计师、用户研究分析师、CMF 设计师、UX 设计师、UI 设计师、工艺工程师、机械工程师）；职能类（法规工程师、临床工程师、体系工程师、SQE 工程师、NPI 工程师、客诉工程师、采购工程师、计划工程师、设备工程师）；营销类（全球（国际用服工程师、国际区域销售经理、国际市场专员、国际产品专员）、全国（国内分公司用服工程师、国内分公司销售经理））。"
            },
            {
              "color": 6,
              "id": "optausGmeU",
              "name": "系统工程师 光学工程师(光集成方向) 硬件工程师 微组装工艺工程师 芯片测控工程师 超导量子芯片读取 设计工程师 芯片设计射频电路 仿真工程师 量子计算研究员 量子通信研究员 密码技术研究员 解决方案经理 量子计算应用工程师 光学工程师 密码算法工程师 密码协议工程师 通信技术工程师 量子计算测控工程师 开发工程师 运维工程师"
            },
            {
              "color": 7,
              "id": "optndh1j72",
              "name": "工艺工程师 设备工程师 滤波器设计 工程师 器件研发 工程师 长晶工艺 工程师 GaAs研发 工程师 减薄工艺 工程师 GaN研发 工程师 外延研发 工程师 制程整合 工程师"
            },
            {
              "color": 8,
              "id": "optiqyEii3",
              "name": "研发类 硬件开发工程师;安卓系统开发工程师 Linux系统开发工程师;软/硬件测试工程师 嵌入式开发工程师;产品经理;项目经理 市场类 客户经理;方案经理 海外客户经理;海外方案经理 品牌营销管培生 职能类 人力资源管培生"
            },
            {
              "color": 9,
              "id": "opt124aVca",
              "name": "电气设计师"
            },
            {
              "color": 10,
              "id": "optCMkokyf",
              "name": "机械设计师"
            },
            {
              "color": 0,
              "id": "optkjTtqSS",
              "name": "动力设计师"
            },
            {
              "color": 1,
              "id": "optdxcHVhN",
              "name": "伺服系统设计师"
            },
            {
              "color": 2,
              "id": "optVbw6y3o",
              "name": "材料设计师"
            },
            {
              "color": 3,
              "id": "optteM2x8E",
              "name": "工艺员"
            },
            {
              "color": 4,
              "id": "optSeZlnH2",
              "name": "水利工程师 水文水资源工程师 监理管理培训生"
            },
            {
              "color": 5,
              "id": "optmBBlikT",
              "name": "路桥工程类 信息技术类"
            },
            {
              "color": 6,
              "id": "optoPbMbZ7",
              "name": "前厅管培生 后厨管培生（非炒锅方向） 后厨管培生（炒锅方向） 供应链管培生 职能管培生"
            },
            {
              "color": 7,
              "id": "optZUdulT2",
              "name": "商务类 关务类 仓储运营类 运输类 IT技术类 职能类"
            },
            {
              "color": 8,
              "id": "optNkVE1L9",
              "name": "工艺/质量工程师 安全/环保专员 机械/电气技术员 销售/外贸业务员"
            },
            {
              "color": 9,
              "id": "optLsPODhq",
              "name": "施工管理岗 质量管理岗 材料管理岗 安全管理岗 测量技术岗 预算管理岗 设计研发工程师 采购管理岗 财务管理岗"
            },
            {
              "color": 10,
              "id": "optQ6txbpf",
              "name": "建筑设计类（建筑学、结构工程、给排水 暖通空调、电气工程等专业） 市政工程类（道路工程、市政工程 桥梁与隧道工程等专业） 岩土工程类（岩土工程、地质工程、测绘工程 城市地下空间工程等专业） 施工管理类（土木工程、工程管理、工程造价等专业）"
            },
            {
              "color": 0,
              "id": "optSQXJ6D3",
              "name": "系统策划 数值策划 战斗策划 关卡策划 玩法策划 商业化策划 叙事策划 怪物策划"
            },
            {
              "color": 1,
              "id": "optTo7fD9I",
              "name": "生产/销售/技术等管理人才 人力/供应链/运营/数字化等管理人才 财务/审计/证券/投资等管理人才 养殖生产方向 兽医方向 饲料生产方向 饲料配方方向 采购方向 审计方向"
            },
            {
              "color": 2,
              "id": "optqxH6WQw",
              "name": "TD工程师 产品工程师 IC测试工程师 工艺工程师 设备工程师 IT工程师（专业要求 微电子学 微电子与固体电子学 集成电路设计 应用物理等 电子工程 通信工程 集成电路设计 电子信息工程 电子科学与技术等 微电子学 集成电路设计 应用物理 自动化控制等 微电子学 微电子与固体电子学 电子科学与技术 材料工程/科学 应用物理 物理学 化学等 自动化 机电一体化 机械设计及自动化等 计算机等相关专业）"
            },
            {
              "color": 3,
              "id": "opt29ejgod",
              "name": "工程技术类 销售服务类（理工专业背景） 制造类 计算机类 营销类 财务类"
            },
            {
              "color": 4,
              "id": "optvVlX35S",
              "name": "招聘专业：土木工程 道路桥梁与渡河工程 水利水电工程 安全工程 电气工程及其自动化 建筑电气与智能化 给排水科学与工程 建筑环境与能源应用工程 建筑学 工程造价 工程管理 人力资源管理 汉语言文学 法学 会计学"
            },
            {
              "color": 5,
              "id": "optYb2uISa",
              "name": "产品开发管培生 产品运营管培生 内容运营管培生 媒介运营管培生 达播运营管培生 海外社媒运营管培生 海外红人运营管培生 海外电商运营管培生 IT技术工程师 数据工程师 跨境供应链管培生 供应链计划/跟单"
            },
            {
              "color": 6,
              "id": "optZXfZsV5",
              "name": "工程技术岗 机电安装岗 商务管理岗 安全设备岗 物资招采岗 测量试验岗 财务资金岗 党建宣传岗 法务管理岗 市场营销岗（需求专业 工程技术类：土木工程、智能建造、工程管理、工程造价、 水利水电工程、安全工程、结构工程、给 排水、建筑环境与能源动力工程"
            },
            {
              "color": 7,
              "id": "optjftFSDI",
              "name": "建筑电 气与智能化"
            },
            {
              "color": 8,
              "id": "optNT2B5qm",
              "name": "电气工程及自动化、机械设 计制造及其自动化等 职能管理类：会计学、财务管理、 法学、汉语言文学）"
            },
            {
              "color": 9,
              "id": "opt18WPxNh",
              "name": "模拟电路设计工程师 数字设计工程师 芯片测试工程师"
            },
            {
              "color": 10,
              "id": "optJ5SHTSi",
              "name": "助理硬件工程师 助理软件工程师 助理机械研发工程师 助理产品工程师 助理测试工程师 助理CAE工程师 助理制造工程师 助理电气工程师 助理过程质量工程师 助理客户质量工程师 助理前期质量工程师 助理供应商质量工程师 人力资源助理"
            },
            {
              "color": 0,
              "id": "opticyfJ7e",
              "name": "分析师 实习生"
            },
            {
              "color": 1,
              "id": "opthQKsrun",
              "name": "大数据岗 JAVA岗 大前端开发岗 DBA岗 产品经理岗 算法岗 销售运营岗 销售岗 产品运营（金融）岗 产品运营岗 市场营销岗 平台运营岗 行政管理岗 财务岗 战略发展岗 法务岗 人力资源岗 流程管理岗"
            },
            {
              "color": 2,
              "id": "optBwPukZe",
              "name": "门店营运管培生 悦活里管培生 管培生（退伍军人） 物流管理管培生"
            },
            {
              "color": 4,
              "id": "optp0KsgBH",
              "name": "生物学/医学技术研发 园艺学研发 食品科学与工程/生物学/生物工程研发 畜牧学研发 农业资源与环境研发 生物学/生物工程研发 轻工技术与工程/生物学/控制科学与工程/计算机科学与技术研发 微生物资源开发研发 生物信息研发 合成生物学研发 微生物精准/智能发酵研发 乳品研发 国际销售岗 国内销售岗 生产技术岗"
            },
            {
              "color": 5,
              "id": "optSXVGHQ7",
              "name": "SMT工艺/设备工程师 生产管理工程师 IE精益工程师 质量管理工程师 PE工程师 机械工程师（硬件） 电气工程师（软件） 电源硬件工程师 蓝牙软件工程师"
            },
            {
              "color": 6,
              "id": "optxfDy4v0",
              "name": "住院医生 验光师 管理储备岗"
            },
            {
              "color": 7,
              "id": "optfxgObkb",
              "name": "建筑材料检测员 检验员 桥隧检验工程师 测量技术人员 信息化管理员 助理专业工程师（华中） 助理专业工程师（华南） 助理专业工程师（西南） 助理专业工程师（华北） 助理专业工程师（华东） 专业工程师（华中） 专业工程师（华南） 专业工程师（西南） 专业工程师（华北） 专业工程师（华东） 专业工程师（博士） 绿色低碳工程师 水运（码头）工程师/技术员 环境检测分析工程师 结构鉴定工程师 咨询工程师 环境检测采样工程师 检测技术员 Java软件工程师 BIM咨询工程师 硬件工程师 道路（测量）工程师/技术员 研发工程师 测绘测量工程师/技术员 桥梁工程师/技术员 检测/勘察技术员 项目主管助理 助理结构设计师 助理建筑师 工程技术研究中心研发人员 产品质量鉴定组织人 健康监测助理项目负责人 能源规划师 水利工程师 Web前端工程师 历史建筑保护助理项目负责人 建材检测工程师 房屋检测助理项目负责人 暖通工程师 现场检测技术员 节能低碳工程师 检测认证工程师 绿色低碳咨询工程师 监理员 化学建材研发工程师 高级研发工程师 研究员 项目助理 数字化咨询师 战略与管理咨询顾问岗 生态环境咨询与设计类 水利咨询与设计类 技术员 市场专员 项目管理专业工程师 土建/机电预算员 项目管培生 工程材料管培生 工程材料检测员 建筑防火及消防产品检测员 现场检测师 消防咨询评估工程师（初级） 有机化学检测员 公共卫生评价师 科研工程师 认证审核员 检测分析工程师 现场监测工程师 环境咨询工程师 水环境咨询工程师 采样员 业务岗 招标岗 造价岗"
            },
            {
              "color": 8,
              "id": "optMlULKZ0",
              "name": "算法管培生 海外渠道销售管培生 人力资源管培生 供应链管培生 跨境电商运营管培生 乐器产品经理管培生 品质管培生 品牌营销管培生 硬件管培生 财务分析管培生 嵌入式软件开发管培生"
            },
            {
              "color": 9,
              "id": "optPUDp6DG",
              "name": "采矿管培生 选矿管培生 冶炼管培生 地质/勘查/水文管培生 测绘管培生 电气/自动化/仪表管培生 机械管培生 水利水电管培生 安全管培生 环保管培生 土建施工管培生 设备类管培生 工程监理管培生 乌尔都语管培生 会计/财务管培生 合规监督管培生"
            },
            {
              "color": 10,
              "id": "opts4vJjQH",
              "name": "电气工程师 土建工程师 机务工程师 水务工程师 暖通工程师 热控工程师 新能源/储能工程师 勘测工程师 造价工程师 市政工程师 项目管理工程师 数智化设计师 专项科研研究员"
            },
            {
              "color": 0,
              "id": "optQIyiWaj",
              "name": "人工智能 嵌入式软件 大模型 FPGA 结构设计 电力电子硬件 电力电子控制算法 电力设备监测分析 系统软件 图像算法 硬件 嵌入式驱动 电力系统仿真 电力电子软件 电气控制开发 IT开发 调试测试 项目管理 产品工程师 方案设计与推广 现场服务 造价工程师 采购 会计 商务 计划 培训"
            },
            {
              "color": 1,
              "id": "opt5ueXaAF",
              "name": "通信软件工程师 硬件测试工程师 无线通信工程师 射频工程师 全栈 网络/信息安全"
            },
            {
              "color": 2,
              "id": "optCEM7j6k",
              "name": "研发类 产品类 运营类 算法类 设计类 职能类"
            },
            {
              "color": 3,
              "id": "optPXdt6sI",
              "name": "工程技术类 热工装备类 数智服务类（招聘专业：热能工程、动力工程及工程热物理、机械工程等）"
            },
            {
              "color": 4,
              "id": "optYBeceek",
              "name": "技术研发类 （机械专业、电气专业、电子专业、材料专业、品质管理类质量管理专业、能源与动力专业、化学专业、工业设计专业、制冷技术专业等） 职能管理类 （工商管理专业、国际贸易专业等） 经营销售类 （英语专业、越南语专业、电子商务专业、国际贸易专业等） 制造供应链类 （管理科学与工程专业、工商管理专业、采购管理专业、物流管理专业、供应链管理类专业等）"
            },
            {
              "color": 5,
              "id": "optTFekcwW",
              "name": "ADAS功能匹配工程师 ADAS信息安全工程师 ADAS摄像头硬件工程师(摄像头方向) ADAS摄像头硬件工程师(ADU方向) 电机机械助理工程师 动力系统助理工程师 项目企划专员"
            },
            {
              "color": 6,
              "id": "opt9gX2CTX",
              "name": "研发技术员 工艺技术员 测试技术员 产品技术员 NPI技术员 品质技术员 自动化技术员 厂务技术员 IE技术员 销售专员 FAE技术员 AE技术员 IT技术员 PMC专员 交付专员 行政专员 采购专员 财务专员 人事专员"
            },
            {
              "color": 7,
              "id": "optVLnoKAT",
              "name": "安全类 研发类 营销类 技术类"
            },
            {
              "color": 8,
              "id": "opt0SHi9Mv",
              "name": "教师管培生 线上一对一老师 线下一对一老师 线下班课老师"
            },
            {
              "color": 9,
              "id": "optYMrfBut",
              "name": "生产系统高级 储备干部 工艺工程师 设备工程师 电气仪表 工程师 安全工程师 农艺师"
            },
            {
              "color": 10,
              "id": "optyHd6PJ2",
              "name": "研及工程师 开发工程师 机械工程师 制造板块 工艺工程师 生产工程师 销售工程师 解决方案工程师 软件开发工程师 AI技术开发工程师"
            },
            {
              "color": 0,
              "id": "optGUbCin2",
              "name": "产品研发类 产品结构管培生、产品工艺管培生 五金模具设计管培生 市场营销类 国际销售管培生、国内销售管培生、 产品管理管培生 制造供应链类 工业工程管培生、质量管培生、 制造工艺管培生 职能支持类 财务管培生、人力资源管培生（专业方向：机电类专业(机械设计制造及其自动化 、机械工程、电气工程及其自动化等) 、材料科学与工程、市场营销、英语相 关专业、小语种类专业(西班牙语、俄 语等)、国际经济与贸易、工业设计、 广告学、传媒学、财务类专业(财务管 理、会计学等)、人力资源管理等）"
            },
            {
              "color": 1,
              "id": "optIZZJyLo",
              "name": "开发测试类 JAVA开发 .NET开发 C++开发 软件测试 数据库开发前端开发 技术支持类 软件实施工程师 业务研究类 需求分析师 定量分析师"
            },
            {
              "color": 2,
              "id": "optWQETcwk",
              "name": "化学研究员（化学、应用化学、有机化学、分析化学、无机化学、工业催化、高分子等专业） 化工技术员（化学、化工等专业） QC分析员（化学、分析化学等专业） 环保技术员（环境工程、环境科学等专业） 设备自控工程师（化机、自动化、电气等专业）"
            },
            {
              "color": 3,
              "id": "optBSaXGZr",
              "name": "软件研发类 芯片研发类 硬件研发类 产品类 技术类 职能类"
            },
            {
              "color": 4,
              "id": "optswQsVvF",
              "name": "感知算法工程师 ADAS算法工程师 信号处理算法工程师 深度学习感知算法工程师"
            },
            {
              "color": 5,
              "id": "optGzXPP3q",
              "name": "嵌入式软件开发工程师 系统设计工程师 FAE工程师 销售经理 项目助理 软件研发实习生"
            },
            {
              "color": 6,
              "id": "optP9U6J7N",
              "name": "有机合成研究员 高级有机合成研究员 毒理研究专题负责人(SD) 病理学家"
            },
            {
              "color": 7,
              "id": "optAgWuGSs",
              "name": "电气研发工程师、软硬件研发工程师、铁道信号研发工程师、机械研发工程师、工艺工程师"
            },
            {
              "color": 8,
              "id": "opt14JL5Wu",
              "name": "SMT工艺/设备工程师、生产管理工程师、IB制造工程师、质量管理工程师、PE工程师、机械工程师(硬件)、电气工程师(软件)、电源硬件工程师、蓝牙软件工程师"
            },
            {
              "color": 9,
              "id": "optEtDj9Qk",
              "name": "太平鸟集团(贸易类、生产类、营销类、职能类)；太平鸟服饰(零售类、商品类、产研类、品牌类、供应链类)"
            },
            {
              "color": 10,
              "id": "optm1HQ99h",
              "name": "安全类、研发类、营销类、技术类"
            },
            {
              "color": 0,
              "id": "optci3FwlH",
              "name": "开发类、研发类、运营类、产品业务类"
            },
            {
              "color": 1,
              "id": "optnq6FFir",
              "name": "营销类、研发类、质量类、职能类、生产类、工程管理类 •"
            },
            {
              "color": 2,
              "id": "opthEQKR2y",
              "name": "硬件研发类、软件开发类、技术服务类"
            },
            {
              "color": 3,
              "id": "opt2D0Gx5P",
              "name": "船舶类、机械控制类、电气自动化类、能源动力类、计算机与软件类、人工智能类、数学类、大数据与算法类、智能制造类、工业工程类、电子信息类、材料焊接类、安全工程类、其他理工科类"
            },
            {
              "color": 4,
              "id": "optNjBuiG0",
              "name": "国内营销类、数字技术类、审计监察类、国际营销类、研发技术类、人力资源类、市场营销类、产品管理类、采购开发类、电商运营类、外观设计类、财务管理类"
            },
            {
              "color": 5,
              "id": "optPmzsgGw",
              "name": "芯片类、算法类、编译器类、软件类"
            },
            {
              "color": 6,
              "id": "optlBTIFgE",
              "name": "财务管理类、数据化岗位、工程管理类、煤业技术类、行政管理类、地产管理类、文商旅游类、市场营销类、人力资源类、运营管理类、焦化技术类、物流管理类"
            },
            {
              "color": 7,
              "id": "opt7tkh1Ws",
              "name": "研发类、营销管理类、品质检测类、生产管理类、信息技术类"
            },
            {
              "color": 8,
              "id": "optCBj8BWB",
              "name": "工艺类、工程设计类、技术支持类、研发验证类、量测分析"
            },
            {
              "color": 9,
              "id": "optK6jLa9M",
              "name": "审计类、评估类、税务类、造价类"
            },
            {
              "color": 10,
              "id": "optRLsTcrk",
              "name": "机械设计、自动化、电子电气、车辆工程、电子信息工程、计算机等相关专业"
            },
            {
              "color": 0,
              "id": "optHTFb8YA",
              "name": "下属各单位岗位"
            },
            {
              "color": 1,
              "id": "opt4DkaXVp",
              "name": "业务经营方向、业务支持方向、业务财务方向、养殖生产方向、销售方向、饲料生产方向、饲料配方方向、采购方向、审计方向"
            },
            {
              "color": 2,
              "id": "optwVPIUuJ",
              "name": "技术管理岗、安全质量岗、电气管理岗、设备管理岗、物资管理岗、试验检测岗、成本管理岗、财务管理岗、综合管理岗"
            },
            {
              "color": 3,
              "id": "optGg9zi7y",
              "name": "研发技术类、生产制造类、职能支持类"
            },
            {
              "color": 3,
              "id": "optm0AEnri",
              "name": "战略规划专员 公共事务专员 预试制工程师 装备测试工程师 装备开发工程师 NPI新产品导入工程师 大模型工程师 射频工程师 基带工程师 天线工程师 Layout工程师 音频工程师 硬件研发工程师 散热工程师 功耗工程师 信号仿真工程师（英语口语）"
            },
            {
              "color": 4,
              "id": "optvO3Ptdw",
              "name": "投资银行 股票业务 资产管理 信息技术 固定收益 私募股权 研究业务 财富管理 管理支持"
            },
            {
              "color": 5,
              "id": "optGJRcU7o",
              "name": "总行管理培训生 总行业务储备生 总行运营储备生 管理培训生 业务储备类岗位 科技类岗位 信托投行岗 财富管理岗 投资研究岗 中后台职能岗 客户经理岗 法律合规岗 信息技术岗 渠道销售岗 信用评估岗 资金交易岗 风险管理岗 科技开发岗 运营管理岗 经纪人培训生 中后台培训生"
            },
            {
              "color": 6,
              "id": "optfTNvlEd",
              "name": "技术研发（配方研发（管培生）、原料研发（管培生）、护肤品产品开发（管培生））；直播电商（直播运营（管培生）、直播投放（管培生）、电商主播、场控）；影视传媒（信息流编导（管培生）、短视频演员、视频拍剪师（雨艺班管培生））；线下销售（渠道销售（星雨班管培生）、专柜导购）；品牌营销（达人媒介（管培生））；货架电商（电商运营（管培生））。"
            },
            {
              "color": 7,
              "id": "optEuYnRTQ",
              "name": "生产技术岗 综合管理岗 财务管理 基建管理 电力营销 信息化管理 生产运维岗 财务管理岗 风电场运行维护 程进度管理 栏协诘管理 女全管理 店保跨誉程师 消防管理 为设计管理 才概设备染购管理 由气管理 仪控管理 干建业务员 多系系统安装管理 生产准备(预备操纵员) 生产准备(维修等) 预备操纵员 维修工程师 技术支持工程师 大修计划工程师 化学分析(控制工程师 辐射防护/防护支持工程师 消防工程师"
            },
            {
              "color": 8,
              "id": "opt1zmUGB0",
              "name": "总行岗位（总行定向培训生岗（公司金融方向、金融市场方向）、信息科技类岗位、数字银行类岗位）；分行岗位（技术经理定向培训生岗、法律专业定向培训生岗、综合柜员岗、业务营销岗）；南银法巴消费金融有限公司岗位（职能管理类岗位、数字科技类岗位）。"
            },
            {
              "color": 9,
              "id": "optIflGPGU",
              "name": "短篇小说编辑 女频责任编辑 用户产品 用户运营 小说信息流剪辑 小说创意编导 短剧广告优化师 短剧信息流剪辑 海外内容编辑 法务 人力资源 办公系统产品 算法工程师"
            },
            {
              "color": 10,
              "id": "optgPDX7Cd",
              "name": "采购工程师 软件工程师 测试开发工程师 电子工程师 硬件工程师 制造工程师 自动化工程师 机械工程师 产品工程师 算法工程师 测试工程师 质量工程师 网络安全工程师 技术服务工程师（常州） 技术服务工程师（北京） 技术服务工程师（上海） 技术服务工程师（南京） 技术服务工程师（杭州） 技术服务工程师（天津） 技术服务工程师（苏州） 销售培训生（常州） 销售培训生（上海） 机器学习工程师（常州） 人事专员（常州） 技术应用工程师（上海"
            },
            {
              "color": 0,
              "id": "optKnW1aSr",
              "name": "实习） 设施数字化解决方案工程师（常州） 数字化HR战略实习生（常州"
            },
            {
              "color": 1,
              "id": "optSvBILUh",
              "name": "全职）"
            },
            {
              "color": 2,
              "id": "optGYg58IT",
              "name": "门店管培生 质量工程师 前端开发工程师 基础设施工程师 网络工程师 后端开发工程师 数据开发工程师 算法工程师 DBA 产品经理 IT运维 前置仓储备主管 订单管理岗 采购管培生 综合支持岗 质量标准岗 食品安全岗 储备品控岗 物流中心管培生"
            },
            {
              "color": 3,
              "id": "opt9p4iooD",
              "name": "管理培训类 金融市场类 金融科技类 业务培训类 柜面运营类 助理研究员（固收） 助理研究员（权益） 销售经理助理"
            },
            {
              "color": 4,
              "id": "optDZviuhs",
              "name": "预研类 开发类 设计类 测试类 制造类 供应链类 产品与产品规划类 运营管理类 战略与投资类 解决方案销售类 营销运营类 营销专业支持类 财务管理类 人力资源类 管培生"
            },
            {
              "color": 5,
              "id": "optZWra3lM",
              "name": "营销管培生 供应链管培生 职能管培生 IT 管培生师 研发管培生"
            },
            {
              "color": 6,
              "id": "optBKg0gwn",
              "name": "新能源之星 智能网联之星 燃料电池之星 研发技术工程师 国内营销经理 海外营销经理 工艺工程师 物流工程师 智能制造工程师 供应链工程师 数字化之星 管理之星 博士后工作站研究人员"
            },
            {
              "color": 7,
              "id": "optlpHDLcq",
              "name": "数据分析师 建模工程师 UI交互工程师 前端开发工程师 软件开发工程师 售前工程师 产品助理 商务助理"
            },
            {
              "color": 8,
              "id": "optIdOKZCR",
              "name": "整车工艺工程师 涂装工艺工程师 品质工程师 采购专员 市场销售 电机工艺工程师 车架工艺工程师 总装工艺工程师 海外运营经理 海外推广经理 平台运营策划师 产品开发经理 海外销售顾问 产品认证工程师 总布置工程师 外观设计师 空间设计师 财务bp 管培生 数据分析师 电气采购工程师 机械采购工程师 简易车架品质工程师 渠道运营师 产能分析师 车架开发工程师 商品策划师 产品经理 销售 账务员 BOM专员 电机工程师 硬件工程师 BLE软件工程师 嵌入式软件工程师 IE工程师 PE工程师 物流工程师"
            },
            {
              "color": 9,
              "id": "optnuEsnvr",
              "name": "科研开发岗 工艺技术岗 经营管理类"
            },
            {
              "color": 10,
              "id": "optU50IWDI",
              "name": "市场管培生 医学管培生 医药信息沟通专员实习生 临床监查员 临床监查管培生 临床管培生 临床研究助理CTA 商务专员 销售管培生 公用工程技术员 化药生产管培生 生物统计师管培生 商务拓展管培生"
            },
            {
              "color": 0,
              "id": "optGCaWYeI",
              "name": "给排水设计岗 电气设计岗 结构设计岗 规划设计岗 暖通设计岗 数字化岗 水工设计岗 研发岗 工程经济岗 区域经济研究岗 建筑设计岗 固废处置设计岗 党建与行政岗"
            },
            {
              "color": 1,
              "id": "optXnKTe5P",
              "name": "战略发展专员 工艺工程师 销售助理 软件开发工程师 海外市场专员 海外新媒体运营专员 工业设计工程师 海外销售工程师 硬件青苗 营销青苗"
            },
            {
              "color": 2,
              "id": "optxb6uJ8i",
              "name": "研发工程师 质量工程师 分析工程师 测试工程师 售后工程师 工艺工程师 国内营销项目经理 国际营销项目经理 品牌设计 财务管理 采购管理 信息控制 IT 法务 生产储备干部 机长储备 工艺技术员 维修技术员 质检技术员"
            },
            {
              "color": 3,
              "id": "optKhp14CC",
              "name": "人力 财务 采购 运营 工艺 质量 设备 博士管培生"
            },
            {
              "color": 4,
              "id": "optlAewWX3",
              "name": "物流管培生 助理设计师（乔丹质燥） 助理设计师（专业运动） 产品专员（乔丹质燥） 产品专员（专业运动） 管培生（视觉设计方向） 助理工艺师 管培生（培训方向） 助理平面设计师（人力） 助理培训师（人力） 鞋产品专员 助理设计师 助理创研工程师 工程监理 商品规划专员（服方向） 区域零售运营专员 商品规划专员（鞋方向） 助理鞋工艺师 管培生（内容运营方向） 管培生（直播运营方向） 管培生（整合营销方向） 采购专员（物流方向） 助理IE工程师 助理原材料核价师 服装计划管培生 鞋成本管培生 鞋供应链管培生 电商运营专员（兰州） 新媒体运营专员（兰州） 陈列专员（兰州） 商品运营专员（兰州） 零售运营专员（兰州） 助理会计师 助理经营分析师 陈列专员（苏州） 零售运营专员（苏州） 零售运营专员（武汉） 商品运营专员（武汉）"
            },
            {
              "color": 5,
              "id": "opt3MpaVYB",
              "name": "总体设计类 结构/强度设计岗 系统设计类 项目管理岗 电气设计岗 飞行/任务载荷设计岗 市场销售类 工艺岗 智能软件开发岗 起落架设计岗 质量检验岗"
            },
            {
              "color": 6,
              "id": "optsLt9lu1",
              "name": "财务培训生 商业管理培训生 算法工程师 软件工程师 客户服务工程师 SSME XP测试工程师 SSME XP电气电子工程师 SSME MP工艺工程师 SSME CT工艺工程师 SSME CT供应商质量工程师 SSME MP物流专员 SSME MP机械工程师 SSME MP电气工程师 SSME DTI研究科学家 SSME XP系统工程师 SSME CT软件工程师 SSME CT测试工程师 产品工程师 工艺工程师 CT科研合作科学家 MR科研合作科学家 产品支持工程师 序列开发工程师 协议开发工程师 博士后研究员 SSME MR工艺工程师 生产计划员"
            },
            {
              "color": 7,
              "id": "optwU0bKSw",
              "name": "营销管培生 医药营销 临床医学专员"
            },
            {
              "color": 8,
              "id": "optxCyl5FC",
              "name": "模拟电路设计与验证工程师 Serdes设计工程师 SoC设计工程师 数字前端IP设计/验证工程师 DFT工程师 后端设计工程师 SIPI工程师"
            },
            {
              "color": 9,
              "id": "optnYKCal7",
              "name": "嵌入式软件工程师-视频方向 嵌入式软件工程师-蓝牙方向 嵌入式软件工程师-物联网方向 硬件工程师 硬件测试工程师 应用测试工程师 芯片数字电路设计工程师 芯片模拟电路设计工程师 芯片FPGA验证工程师 版图工程师 图像算法工程师 音频算法工程师 量产测试工程师 行政人力助理"
            },
            {
              "color": 10,
              "id": "opthninAmR",
              "name": "猎头培训生 行政培训生 招聘培训生 数据培训生 新媒体运营培训生 财务培训生"
            },
            {
              "color": 0,
              "id": "optiTeEk8v",
              "name": "工程管理培训生 ET"
            },
            {
              "color": 1,
              "id": "optjUn5D4k",
              "name": "研发工程师 工艺工程师 销售工程师 产品工程师"
            },
            {
              "color": 2,
              "id": "optV6HspTs",
              "name": "总行管理培训生/分行业务培训生 经济学、管理学、工学、理学、法学等相关专业。 总行金融科技岗 人工智能、数据科学与大数据技术、大数据管理与应用、计算机科学与技术、软件工程、数学与应用数学、应用统计学等模型、数据开发及应用相关专业。"
            },
            {
              "color": 3,
              "id": "optPJFLlsN",
              "name": "日语电脑售后技术支持工程师、韩语电话技术支持工程师、韩语多媒体内容策划与直播支持实习生"
            },
            {
              "color": 4,
              "id": "optUFwhQSv",
              "name": "软件研发工程师 产品研发工程师 产品验证工程师 产品应用工程师"
            },
            {
              "color": 5,
              "id": "optfUn54no",
              "name": "人工智能算法工程师 CAE求解器算法工程师 网格算法研发工程师 拓扑优化研发测试工程师 智能制造实施顾问 销售管培生 Java开发工程师"
            },
            {
              "color": 6,
              "id": "optYAy6Txf",
              "name": "硬件/软件工程师 项目工程师 结构工程师 T工程师 客户经理 质量管理工程师 测试工程师 自动化设备工程师 制造技术工程师 采购工程师 计划工程师 财务专员 人力资源专员 运营专员 经营分析专员 变频算法工程师 AI算法工程师"
            },
            {
              "color": 7,
              "id": "optBRaTCYl",
              "name": "信息系统研发岗 网络安全岗 无人装备研制与测评岗 人工智能岗 指控、通信相关产品研发及调试岗 物理场研究技术岗 无人、数字化装备研发岗 海洋核动力装备研发岗 渗透测试岗 数据应用岗 网络安全政策研究岗 体系创新设计岗 信息化及虚拟仿真研究岗 智能无人装备研发岗（计算机、软件工程、通信工程、电子信息、网络安全、人工智能、船舶与海洋工程、声学、自动化、控制工程、机械工程、核工程、系统工程）"
            },
            {
              "color": 8,
              "id": "optmH74Ey8",
              "name": "AI应用开发工程师 研发工程师 智能终端开发工程师 数据治理与分析工程师 网络与信息安全工程师 渠道管理岗 运营管理岗 产品管理岗"
            },
            {
              "color": 9,
              "id": "opt6YLldCQ",
              "name": "产品研发 新媒体 营销管理 物业管理 增值多经 客户关系 供应链 工程技术 财务管理 置业顾问"
            },
            {
              "color": 10,
              "id": "optfl6X4A7",
              "name": "飞行器设计工程师 电机驱动工程师 飞控算法工程师 系统工程师 导航算法工程师 售前工程师 图像算法工程师 销售经理 (本科及以上学历) 嵌入式软件工程师"
            },
            {
              "color": 0,
              "id": "optgAbOhdM",
              "name": "技术类 专业类 销售类"
            },
            {
              "color": 1,
              "id": "optiPQ7tGq",
              "name": "新能源类 航空航天类 民用爆破类 市场营销类"
            },
            {
              "color": 2,
              "id": "optKkXr7Vk",
              "name": "建筑工程类 材料机械电气类 建筑设计类 安全质量类 企业管理类 其他职能类 技能岗位类"
            },
            {
              "color": 3,
              "id": "optAhKIets",
              "name": "生产工艺类（钢铁冶金、冶金工程、金属材料、无机非金属（耐材）、化学工程与工艺、材料成型与控制工程、矿物加工、压力加工、煤化工）；设备工程类（机械、电气、自动化、液压、仪器仪表、计量、测控、无损检测、给排水、过程装备、能源与动力工程、安全工程、环境工程、工程管理、工程造价、石油工程、产品质量工程）；智能制造类（计算机科学与技术、人工智能、软件工程、网络工程、信息安全、大数据、工业控制、工业机器人、智能控制与技术）；管理人文类（工商管理、人力资源管理、财务管理、会计学、纪检监察、马克思主义哲学、汉语言文学、物流管理、市场营销、国际贸易）。"
            },
            {
              "color": 4,
              "id": "opt7BdzE1l",
              "name": "三电类 智能网联类 IT类 设计研发类 工艺质量类 营销品牌类 专业管理类 博士生岗位"
            },
            {
              "color": 5,
              "id": "optijNQIZM",
              "name": "系统工程师 结构工程师 电气工程师 器件工程师 软件工程师 硬件工程师 溶液应用工程师 嵌入式软件工程师（电控） 造价工程师 暖通设计工程师 工程项目管理工程师（海内外） 售前解决方案工程师（海内外） 售后技术支持工程师 销售工程师（海内外） 采购工程师 工艺工程师 精益工程师 质量工程师 测试工程师 合同项目管理工程师 体系工程师 人力资源专员 海外销售管理专员"
            },
            {
              "color": 6,
              "id": "optU11rzzS",
              "name": "客户研究 数智信息 投资管理 产品研发 市场营销 成本招采 工程管理 生产运营 客户关系 财务资金 人力资源 法律事务 经营管理 资产管理 物业拓展 物业工程 职能管理 项目管理 增值服务 战略拓展 数智信息"
            },
            {
              "color": 7,
              "id": "optBOGAs4W",
              "name": "博士人才 建筑设计师 结构设计师 给排水设计师 电气设计师 暖通设计师 规划设计师 景观设计师 装饰设计师 绿建设计师 工程造价师 工程管理工程师 职能管理岗"
            },
            {
              "color": 8,
              "id": "optBgQqmyI",
              "name": "解决方案管培生 产品管培生 市场管培生 网络优化工程师 核心网工程师 Java开发工程师 前端开发工程师 软件测试工程师 实施运维工程师 数据标注实习生 人力资源助理 财务实习生 商务助理 财务分析助理 项目助理"
            },
            {
              "color": 9,
              "id": "optyNyU5xj",
              "name": "协议栈开发工程师 嵌入式开发工程师（C/C++） Android系统工程师 射频工程师 算法开发工程师 音视频开发工程师 物理层开发工程师 工艺工程师 芯片设计工程师 硬件开发工程师 硬件开发技术支持 工艺技术支持 项目工程师"
            },
            {
              "color": 10,
              "id": "optAhfBds1",
              "name": "营销精英 储备班长/生产工匠 职能后备/骨干 产品研发/技术服务 海外校招生"
            },
            {
              "color": 0,
              "id": "opti93RNo3",
              "name": "CAM软件/CAM算法工程师 数控系统软件工程师 算法开发工程师 机械工程师 电气工程师 激光应用工程师 技术支持工程师 知识产权工程师 销售工程师"
            },
            {
              "color": 1,
              "id": "optNGyNf25",
              "name": "电力交易专责 技术专责 土建工程师 电气工程师 造价工程师"
            },
            {
              "color": 2,
              "id": "optmm36wUB",
              "name": "机器人研发工程师"
            },
            {
              "color": 3,
              "id": "optgAmYAM3",
              "name": "科研算法 软件开发工程师 AI产品经理"
            },
            {
              "color": 4,
              "id": "opt2TYeTwy",
              "name": "技术研发类 生产管理类 供销管理类 职能管理类"
            },
            {
              "color": 5,
              "id": "optiy8jLEE",
              "name": "机械设计/制造 电子/电器/自动化 环境科学/环保 行政 软件研发 人事 生产管理 运维支持"
            },
            {
              "color": 6,
              "id": "optu6L8n9I",
              "name": "研发类 技术类 职能类"
            },
            {
              "color": 7,
              "id": "optx4h9eFc",
              "name": "算法工程师 算法研究员 搜索 推荐 广告系统工程师 Golang开发工程师 Java开发工程师 前端开发工程师 测试开发工程师 客户端开发工程师 大数据开发工程师"
            },
            {
              "color": 8,
              "id": "optvglEztu",
              "name": "技术支持 行销 销售 商务 应收"
            },
            {
              "color": 9,
              "id": "opthcUY6Aj",
              "name": "专业需求：城市规划类 人文地理类 风景园林类 交通工程类"
            },
            {
              "color": 10,
              "id": "opthJyxRYq",
              "name": "GPU Software Engineer Security Software Engineer VPU Algorithm Engineer CPU Software Engineer CPU Modelling Engineer Design Verification Engineer NPU Architecture & Modeling Engineer CPU Design Engineer VPU Design Engineer NPU Design Engineer NPU Software Engineer Software Engineer (GenAI)"
            },
            {
              "color": 0,
              "id": "opt515piCZ",
              "name": "AI Infra工程师 软件开发工程师 AI软件工程师 算法工程师 AI数据工程师 ID与UX设计师 AI算法工程师 AI数据研究员 数据科学家 AI算法研究员 AI研究员 AI算法高级工程师 AI应用算法高级工程师 AI空间智能算法高级工程师 AI图像算法高级工程师 AI音频算法高级工程师 AI图形算法高级工程师 AI Codec算法高级工程师"
            },
            {
              "color": 1,
              "id": "opt7xV8X2H",
              "name": "战略管培生 产品管培生 供应链管培生 人力管培生"
            },
            {
              "color": 2,
              "id": "optootPah2",
              "name": "研发高级工程师 研发助理工程师 实验员 电气、仪表、设备、土建实验员"
            },
            {
              "color": 3,
              "id": "optVOa1GGr",
              "name": "营销管培生 运营管培生"
            },
            {
              "color": 4,
              "id": "optJohC7Cl",
              "name": "规划类 建筑类 交通类 市政类 GIS 类"
            },
            {
              "color": 5,
              "id": "opt7hNoo2A",
              "name": "船体结构设计"
            },
            {
              "color": 6,
              "id": "optU3LtxWr",
              "name": "轮机设计"
            },
            {
              "color": 7,
              "id": "optIYXWP6j",
              "name": "电气设计"
            },
            {
              "color": 8,
              "id": "optn7sZ8cL",
              "name": "管系设计"
            },
            {
              "color": 9,
              "id": "optZ0sgqAG",
              "name": "涂装设计"
            },
            {
              "color": 10,
              "id": "optF40gYYc",
              "name": "舾装设计"
            },
            {
              "color": 0,
              "id": "optrcHuvhj",
              "name": "工法设计"
            },
            {
              "color": 1,
              "id": "opt5m2F4tq",
              "name": "低温试验"
            },
            {
              "color": 2,
              "id": "optMgtfbSC",
              "name": "船舶建造"
            },
            {
              "color": 3,
              "id": "opt3o8SUfD",
              "name": "宣传干事"
            },
            {
              "color": 4,
              "id": "optBXrffog",
              "name": "纪检干事"
            },
            {
              "color": 5,
              "id": "optvshkiDb",
              "name": "翻译"
            },
            {
              "color": 6,
              "id": "optUCEqCTK",
              "name": "法律顾问"
            },
            {
              "color": 7,
              "id": "optiKhAimb",
              "name": "电站公司 - 电气设计"
            },
            {
              "color": 8,
              "id": "optxbWtgnh",
              "name": "东欣公司 - 智能船舶开发"
            },
            {
              "color": 9,
              "id": "optfGM6rHc",
              "name": "阀门公司 - 技术研发工程师"
            },
            {
              "color": 10,
              "id": "optDiueRYl",
              "name": "沪旭公司 - 设备维修"
            },
            {
              "color": 0,
              "id": "optHtU7SHK",
              "name": "东华教育 - 培训项目管理"
            },
            {
              "color": 1,
              "id": "opt5fXchmh",
              "name": "东鼎公司 - 工艺设计"
            },
            {
              "color": 2,
              "id": "optCfYg5wg",
              "name": "配套公司 - 工艺设计"
            },
            {
              "color": 3,
              "id": "opthpqlsqh",
              "name": "管理及工程师培训生 研发未来人才培训生 生产与物流工程师培训生 管理培训生 物料计划员 工艺工程师 采购员"
            },
            {
              "color": 4,
              "id": "optvJADXgF",
              "name": "零售管理培训生"
            },
            {
              "color": 5,
              "id": "optuJD6zSR",
              "name": "材料研发类 工艺研发类 算法研发 光学研发 硬件开发 售前技术 其他方向（商务、市场、公共关系、人力资源、行政、财务等 博士后研究员）"
            },
            {
              "color": 6,
              "id": "opt19oUEUU",
              "name": "实习律师 授薪律师 提成律师"
            },
            {
              "color": 7,
              "id": "optukBsOgJ",
              "name": "自动化工程师 电气工程师 建筑电气设计 软件开发 机械工程师 动力工程师 锂电池工艺设计 暖通设计 研发工程师（水处理、自动化方向） 市政给排水设计 道路桥梁设计 燃气设计 环境工程设计 规划设计 建筑设计 结构设计 建筑给排水设计 科研咨询 工程项目管理 造价工程师 安全工程师 经营"
            },
            {
              "color": 8,
              "id": "opteoOxpW7",
              "name": "信息科技类 软件开发、技术支持、信息安全、智能驾驶、智能制造等相关职位 职能支持类 财务、会计、法务、人力资源、行政等相关职位 研发类 产品设计、产品开发等相关职位 制造类 物流工程、质量工程、工艺、设备等相关职位 供应链类 采购、供应商质量管理、物流等相关职位 营销类 品牌传播、销售运营、客户服务、产品营销等相关职位 规划项目类 企业规划、项目管理相关职位"
            },
            {
              "color": 9,
              "id": "optnUQjYKL",
              "name": "综合管理岗 物资管理岗"
            },
            {
              "color": 10,
              "id": "optNVhe1s1",
              "name": "土木工程 工程造价 道路桥梁与渡河工程 交通工程 市政工程 水利水电工程 安全工程 轨道工程 管理科学与工程类 工商管理类 投资学 会计学 财务管理 统计学 经济学 金融学类 税收学 人力资源管理 行政管理 法学 新闻传播学类"
            },
            {
              "color": 0,
              "id": "opt0mDL1NS",
              "name": "建筑设计 规划设计 景观设计 结构设计 给排水设计 暖通设计 电气设计 绿色双碳 数字信息 职能管理"
            },
            {
              "color": 1,
              "id": "optMOZMaLv",
              "name": "算法工程师 研发工程师 产品经理 新媒体运营 大客户经理"
            },
            {
              "color": 2,
              "id": "optyE9EHIi",
              "name": "文案策划 AE助理 签约经纪人 IP二维动画师 IP插画师 IP社交媒体内容编剧"
            },
            {
              "color": 3,
              "id": "optSrUGVj2",
              "name": "科研岗 财务岗/审计岗/投资管理岗 人力资源管理岗 信息化建设与运维"
            },
            {
              "color": 4,
              "id": "optA1wcMXT",
              "name": "尾矿科研岗、企业管理、冶金设计岗、外勤业务（钕铁硼产品）、外勤业务（铁氧体瓷器件）、药剂研发工程师、外勤业务（磁粉业务）、产品管理工程师、市场技术服务工程师、研发工程师（爆破方向）、GIS开发、全栈开发工程师、研发工程师（爆破方向）、共性技术研发岗（博士专招）、商务助理、当升科技岗位、分析技术及仪器开发岗、检测技术岗、光谱分析算法开发岗、矿山充填技术岗、矿山安全技术研发岗"
            },
            {
              "color": 5,
              "id": "optuqZGZka",
              "name": "土木工程类 基础设施类 建筑设计类 机电安装类 战新创投类 金融财务类 职能管理类"
            },
            {
              "color": 6,
              "id": "optzgM7cuf",
              "name": "算法工程师 量子点研究员 射频器件研究员 AI开发工程师 钙钛矿研发工程师 新材料研究员 新产品/新工艺整合研究员 细胞研究员 临床医师 管理培训生"
            },
            {
              "color": 7,
              "id": "optXjPJ1hF",
              "name": "集成电路类 电力电子类 电机电器类 机械设计类 制冷暖通类 流体仿真类"
            },
            {
              "color": 8,
              "id": "optgoZVbD8",
              "name": "负极材料研发工程师 正极材料研发工程师 材料研发工程师 工艺工程师 机械工程师 自动化工程师 销售工程师 会计师/储干"
            },
            {
              "color": 9,
              "id": "optQRNUPb0",
              "name": "学习机教师 高中班课教师 学托教师 高中班课教师 学习机教师 高中一对一教师 素质素养教师"
            },
            {
              "color": 10,
              "id": "optWJafzhN",
              "name": "勘察设计类"
            },
            {
              "color": 0,
              "id": "optop87PFZ",
              "name": "- 研发技术类 - 研发工程师、设计工程师 - 智能制造类 - 制造工程师、制程工程师、 生产计划工程师、质量管理工程师、 YIP工程师、整合工程师 - 市场客户类 - 业务工程师、客服工程师 - 技术支持类 - 设备工程师、环工工程师、公设工程师"
            },
            {
              "color": 1,
              "id": "optnfcG9G7",
              "name": "人工智能教研 前端开发工程师 软件开发工程师 产品工程师 售前工程师 技术支持工程师"
            },
            {
              "color": 2,
              "id": "opt7Qx91ix",
              "name": "研发工程师 工艺工程师 计量技术 现场工程师 大学生班组长 产品设计工程师 机械技术研发工程师 自动化技术研发工程师 材料工程师 铸造工程师 设计工程师"
            },
            {
              "color": 3,
              "id": "optifkv9so",
              "name": "机械工程师 结构工程师 电气工程师 软件工程师 视觉工程师 电子工程师 射频工程师 光学工程师 声学工程师 销售类 品质类 项目管理类"
            },
            {
              "color": 4,
              "id": "optJIbz7zM",
              "name": "机械工程师 工艺工程师 算法工程师 影像评估 临床技术支持 CRA 会务活动 媒介运营 医学联络官 销售 HR 法务 财务 IT"
            },
            {
              "color": 5,
              "id": "optUZT1lAt",
              "name": "建筑设计师 电气工程师 水工工艺设计师 给排水工程师 安全专员 纪检专责 造价工程师（电气类） 造价工程师（热能类） 造价工程师（土木类） 采购工程师 测绘工程师 水文水资源工程师 水文气象工程师 送电电气设计师 送电结构设计师 变电电气设计师 变电水工设计师 变电结构设计师 变电建筑设计师 电网技经造价师 市场计划工程师 项目控制工程师 科技研发人员（电气类） 科技研发人员（热能、化工类） 电气设计师（储能） 总图设计师（储能） 结构设计师（储能） 电气设计师（电力系统） 通信工程师 信息数据工程师 市场商务专员 报价工程师 资源评估工程师 结构设计师（新能源） 电气设计师（新能源） 算法工程师 热机专业设计师 输煤专业设计师 电气一次设计师 电气二次设计师 结构设计师（火电） 水工结构设计师 热控专业工程师 智能专业化工程师 总图设计师（火电） 暖通工程师 环保工程师 水保工程师 开发工程师"
            },
            {
              "color": 6,
              "id": "optQ56PUO1",
              "name": "工艺研发 工艺设计 装备研发及设计 结构设计 电气设计 工程管理"
            },
            {
              "color": 7,
              "id": "optrXK4Gz2",
              "name": "营销储备干部 生产 品管储备干部 技术服务 水产养殖储备干部 猪场技术员 研发工程师 财务 审计 采购贸易 行政人事储备干部"
            },
            {
              "color": 8,
              "id": "optC6kdHHO",
              "name": "产品工程师 应用工程师"
            },
            {
              "color": 9,
              "id": "opt0QlR1f1",
              "name": "算法工程师 芯片助理架构师 C++开发工程师 嵌入式开发工程师 编译器开发工程师 GO后端开发工程师 前端工程师 测试工程师 产品经理 项目经理 技术销售管培生 技术支持工程师 人力资源方向 供应链方向"
            },
            {
              "color": 10,
              "id": "opt4JOuHQz",
              "name": "控制组件研发工程师 嵌入式软件工程师 板卡/无线工程师 电缆研发工程师 连接器研发工程师 继电器开关工程师 电缆工艺工程师 连接器工艺工程师 制程工艺工程师 继电器工艺工程师 财务会计 硬件工程师 结构工程师 仿真工程师 工艺工程师 光学工程师 微波工程师 电源连接器研发工程师 系统组件研发部研发工程师 低频连接器研发工程师 特种连接器研发部研发工程师 射频高速研发部研发工程师 仿真工程分析师 ME工程师 机械工程师 自动化工程师/电路工艺工程师 光通信工程师/电路工程师 研发工程师 模具设计工程师 产品工程师 新能源工程师 电机结构工程师 机械设计工程师 电机驱动工程师 硬件电源工程师 嵌入式硬件工程师 Layout工程师 SI工程师 质量工程师"
            },
            {
              "color": 0,
              "id": "opt9rOBzTq",
              "name": "综合柜员岗 客户经理岗 总行管培生"
            },
            {
              "color": 1,
              "id": "optFQB4Y0t",
              "name": "研发类、技术类、职能类"
            },
            {
              "color": 2,
              "id": "optsD9OQqj",
              "name": "电气工程师、能源工程师、控制工程师、结构工程师、施工工程师、隧道工程师、风电工程师、水电工程师、海洋水文工程师、新能源工程师、化工工程师、测量工程师、地质工程师、通信工程师、工程管理师、技术经济师、安全工程师"
            },
            {
              "color": 3,
              "id": "optapNLS40",
              "name": "软件工程师、硬件工程师、水声算法工程师、电气自动化工程师、系统设计与集成工程师、信号处理与算法工程师"
            },
            {
              "color": 4,
              "id": "optg26FYqM",
              "name": "建筑学、土木工程、给排水相关专业"
            },
            {
              "color": 5,
              "id": "optMmPS039",
              "name": "化工研发类、业务销售类"
            },
            {
              "color": 6,
              "id": "opt5smV5zm",
              "name": "管理培训生：热能与动力工程/能源与动力工程、电气工程及自动化/自动化、环境工程/化学工程、会计学/财务管理、人力资源管理、金融投资/市场营销/工商管理等专业"
            },
            {
              "color": 7,
              "id": "optHqoUjfV",
              "name": "模拟IC设计工程师、数字IC设计工程师、数字后端工程师、数字验证工程师、芯片验证工程师、软件工程师、光学工程师、算法工程师、硬件工程师、封装工程师、销售代表、器件工程师、FAE技术支持工程师、嵌入式软件开发工程师"
            },
            {
              "color": 8,
              "id": "optgnhP0jD",
              "name": "外贸业务员、亚马逊运营、品牌视觉设计师、产品设计师"
            },
            {
              "color": 9,
              "id": "optrxwQtUO",
              "name": "总行管培生、总行科技金融生、总行数字金融生、分行管培生、综合柜员或客户经理"
            },
            {
              "color": 10,
              "id": "optA7gkTab",
              "name": "食品类、水产养殖类、动物营养类、动物科学类、畜牧类、经营类、生化类、机械类"
            },
            {
              "color": 0,
              "id": "opty2SZDFE",
              "name": "研发类岗位、商务类岗位"
            },
            {
              "color": 1,
              "id": "opto3N4dGb",
              "name": "市场业务类、研发设计类、生产管理类、职能管理类"
            },
            {
              "color": 2,
              "id": "opteIPdiXp",
              "name": "能源动力、热能工程、机械自动化、环境工程、化工、金融法律、财务物资、人力资源、工商管理等相关专业"
            },
            {
              "color": 3,
              "id": "optD7Kv497",
              "name": "研发技术类、装备开发/规划类、综合职能类"
            },
            {
              "color": 4,
              "id": "optAAm0Ybk",
              "name": "设计研发类、技术支持类、工艺技术类、项目管理类、生产储备类、职能运营类"
            },
            {
              "color": 5,
              "id": "optB7Kjr6P",
              "name": "销售序列、投研序列、运营及客户序列、职能序列"
            },
            {
              "color": 6,
              "id": "opt0FP1UkH",
              "name": "科技研发类、专业技术类、职能管理类、专业技能类"
            },
            {
              "color": 7,
              "id": "optRuNpSnQ",
              "name": "电气/自动化类、机械车辆工程类、材料类、电子信息计算机类、管理类"
            },
            {
              "color": 8,
              "id": "optpf0LkKV",
              "name": "机械类、自动化类、工程类、管理类、电气类、新能源类、软件工程类、材料类、计算机类、力学工程管理类、能源类、化学与化工类、工业工程类、法学、物理类、电子商务类等专业"
            },
            {
              "color": 9,
              "id": "optDjoLzrn",
              "name": "电气工程师、系统工程师、结构工程师、热动力工程师、热控工程师、氢能工程师、数字化工程师、岩土工程师、安全工程师、道路工程师、国际业务工程师、造价工程师、通信工程师、项目管理工程师"
            },
            {
              "color": 10,
              "id": "optjoHHUOc",
              "name": "研发类、制造工程类、质量类、职能类"
            },
            {
              "color": 0,
              "id": "optjGc0iVD",
              "name": "动力工程及工程热物理、机械类、材料类、其他类"
            },
            {
              "color": 1,
              "id": "opt7w6dov3",
              "name": "电气工程师、能源动力类、土木工程类、工程勘测类、工程管理极光类、水利水电类、计算机应用类、企业管理类"
            },
            {
              "color": 2,
              "id": "optQZJW6cr",
              "name": "专业技术岗、科研助理岗"
            },
            {
              "color": 3,
              "id": "optxjsIrrX",
              "name": "研发类、市场类、职能类"
            },
            {
              "color": 4,
              "id": "optkL40uhH",
              "name": "战略性生产品管培生、供应链管培生、人力管培生"
            },
            {
              "color": 5,
              "id": "optREIX7gS",
              "name": "研发技术方向、供应链方向、质量控制方向、市场方案方向、财务方向"
            },
            {
              "color": 6,
              "id": "optsRt7rvh",
              "name": "市场开拓、生产运维、工程建设、科技创新、经营管理"
            },
            {
              "color": 7,
              "id": "opt7vkLyA0",
              "name": "工程技术系列、经济系列、财会系列、综合管理系列、战略新兴产业系列、大连维系列"
            },
            {
              "color": 8,
              "id": "opteo6wSbT",
              "name": "算法工程师：触觉传感器方向、仿真方向、自动化方向、VLA方向；传感器工程师、结构工程师"
            },
            {
              "color": 9,
              "id": "optl8stzIT",
              "name": "职能/支持、研发、生产/营运、运营、产品/策划/项目、电子/电器/半导体/仪器/仪表、工程/机械"
            },
            {
              "color": 10,
              "id": "optvvgscfY",
              "name": "管培实习生(工程方向)、管培实习生(行政方向)"
            },
            {
              "color": 0,
              "id": "optei01bRi",
              "name": "产品研发类、市场销售类、售前产品类、职能类"
            },
            {
              "color": 1,
              "id": "optWrgHFTc",
              "name": "科技研发类、生产极光制造类、商贸物流类、医疗健康类、市场营销类、运营管理类、质量管理类、综合管理类"
            },
            {
              "color": 2,
              "id": "opthlsX1nN",
              "name": "航空宇航科学与技术、控制科学与工程、电子科学与技术、机械工程、计算机科学与技术、信息与通信工程、软件工程、电气工程、动力工程及工程热物理、力学、人工智能、集成电路科学与工程"
            },
            {
              "color": 3,
              "id": "opte5GnAeu",
              "name": "前端开发工程师、后端开发工程师、全栈开发工程师、大模型推理优化工程师、嵌入式开发工程师、测试开发工程师、大数据开发工程师、产品经理"
            },
            {
              "color": 4,
              "id": "optyGsx13r",
              "name": "水声工程师、流体仿真(CFD)工程师、控制算法工程师、嵌入式硬件工程师、嵌入式软件工程师、上位机软件工程师、机械结构工程师、系统应用工程师、数字孪生工程师、海外销售经理/海外行销工程师"
            },
            {
              "color": 5,
              "id": "optRECbwgz",
              "name": "系统设计、软件开发、固件开发、测控开发、集成调试、系统建模、光电设计、光学测试、运动控制、平台设计、光学设计、机械设计、光机结构设计、技术支持"
            },
            {
              "color": 6,
              "id": "opt8KV2bvb",
              "name": "规划设计、测绘地理信息、建筑设计、市政交通、岩土工程"
            },
            {
              "color": 7,
              "id": "optHJh2h3s",
              "name": "机械研发方向、电子电气方向、营销特点及方向、零售业务/零售市场方向、制造技术/品质方向、研发设计方向、销售设计方向"
            },
            {
              "color": 8,
              "id": "optZhD1dYh",
              "name": "综合管理岗、金融科技岗、数据资源岗、营销岗"
            },
            {
              "color": 9,
              "id": "optkWt9O7o",
              "name": "市场经营、项目经理、发展管理、财务审计、人力资源、投资运营、工程技术、经营管理、商务法务、党群政工"
            },
            {
              "color": 10,
              "id": "optA34Py5n",
              "name": "计算机科学与技术、信息安全、电子科学与技术、通信工程、光电工程、人工智能、控制工程、自动化、仪器科学与技术、材料工程、软件工程、密码科学与技术、电子信息工程、物联网工程、电磁场与无线技术、数据科学与大数据技术、电气工程、集成电路、机械工程"
            },
            {
              "color": 0,
              "id": "optkMbMZgg",
              "name": "技术研发类、营销类、储备类"
            },
            {
              "color": 1,
              "id": "optxxUwRg5",
              "name": "销售工程师、市场推广专员、电气工程师、总经理秘书"
            },
            {
              "color": 2,
              "id": "optxqnrxiS",
              "name": "战新产业类、港航运营类、工程技术类、施工管理类、经济法务类、人文综合管理类"
            },
            {
              "color": 3,
              "id": "optZaJijxl",
              "name": "业务拓展岗、综合管理岗"
            },
            {
              "color": 4,
              "id": "optNPYubwb",
              "name": "产品工程师、销售工程师"
            },
            {
              "color": 5,
              "id": "optVhb45Q7",
              "name": "科技研发类、建筑设计类、技术服务类、工程建设类、职能管理类"
            },
            {
              "color": 6,
              "id": "optbA52RP1",
              "name": "研发技术类、智能制造类、市场营销类、职能运营类"
            },
            {
              "color": 7,
              "id": "optyUvVfJj",
              "name": "研发类、营销类、职能类、供应链类"
            },
            {
              "color": 8,
              "id": "optiSVqveK",
              "name": "研发技术、信息技术、制造技术、销售与市场、经营企业管理、职能、供应链等"
            },
            {
              "color": 9,
              "id": "optaxp66SN",
              "name": "冶金类、材料类、机械类、电气类、自动化类、能源类、检验检测类、其他类"
            },
            {
              "color": 10,
              "id": "optf9bY86S",
              "name": "生产运营类、数据信息类、财务资本类、综合业务类"
            },
            {
              "color": 0,
              "id": "opt8zXgi4n",
              "name": "ALT工程师、系统工程师、PC软件工程师、运动控制工程师、FPGA开发工程师、嵌入式软件工程师、硬件设计工程师、机械设计工程师、解决方案工程师、产品经理、销售经理/工程师、管理培训生"
            },
            {
              "color": 1,
              "id": "optnWwtgWX",
              "name": "工艺技术类、设备维护类、销售管理类、职能管理类"
            },
            {
              "color": 2,
              "id": "optOvnJ9hZ",
              "name": "管培生项目"
            },
            {
              "color": 3,
              "id": "opt79oU7Os",
              "name": "综合文秘岗、党建管理岗、会计岗、廉政建设岗、财务部会计、新能源综合管理岗、政策研究岗、薪酬绩效岗、技术管理岗、投资管理岗"
            },
            {
              "color": 4,
              "id": "optBTm82eb",
              "name": "业务类、产品类、科技类、职能类"
            },
            {
              "color": 5,
              "id": "optx8NZhsZ",
              "name": "应用技术顾问工程师、销售工程师"
            },
            {
              "color": 6,
              "id": "opt5DeCQ9u",
              "name": "水产类、畜牧类、农业类、生物类、医药类、食品类、极光化学类、机械类、管理类"
            },
            {
              "color": 7,
              "id": "optJLfQz7X",
              "name": "管培生、算法、软件、硬件、质量、体系、区域销售、海外销售、人事、法务、财务"
            },
            {
              "color": 8,
              "id": "optjss9PLG",
              "name": "精鹰人才、机构设计工程师、施工方案工程师、加工工艺工程师、BIM工程师、商务工程师、采购工程师、物流工程师"
            },
            {
              "color": 9,
              "id": "optq6DGnXT",
              "name": "算法类、研发类、产品类、运营类"
            },
            {
              "color": 10,
              "id": "opteXFJwIt",
              "name": "金融经济类、数理统计类、计算机技术类、法律类"
            },
            {
              "color": 0,
              "id": "opt3dNDlCS",
              "name": "复合专业背景者更具优势"
            },
            {
              "color": 1,
              "id": "optScmgdEe",
              "name": "销售管培生、中药研究员、临床项目专员、药化工程师、新药药理研究员"
            },
            {
              "color": 2,
              "id": "optRkE1X04",
              "name": "研发类、品质制造类、供应链类、职能类"
            },
            {
              "color": 3,
              "id": "optM5fscLQ",
              "name": "产品研发类、财税类、运营/客服、销售类、职能支持类、综合类"
            },
            {
              "color": 4,
              "id": "optJ0q10vP",
              "name": "初高中各科教师、人事实习生岗位"
            },
            {
              "color": 5,
              "id": "optYT2ODFR",
              "name": "客户经理(营销类)、现场经理(交付类)、设计工程师(技术类)"
            },
            {
              "color": 6,
              "id": "optJIEur6j",
              "name": "研发类、技术类、客服售后类"
            },
            {
              "color": 7,
              "id": "opta9i9PLi",
              "name": "技术研发类岗位、营销类岗位、职能支持类岗位"
            },
            {
              "color": 8,
              "id": "optA4byUQU",
              "name": "产业投融资、信息科技类、经济金融类、法律合规类、财务审计类、综合类、外语类"
            },
            {
              "color": 9,
              "id": "optes2ognD",
              "name": "资深研发工程师、高级材料分析工程师、工艺整合工程师、工艺工程师、厂务工程师、销售工程师"
            },
            {
              "color": 10,
              "id": "optomwwyhn",
              "name": "运营类岗位、业务类岗位、产品类岗位"
            },
            {
              "color": 0,
              "id": "optmigFd6L",
              "name": "技术类、策划类、美术类、运营类、市场类、职能类"
            },
            {
              "color": 1,
              "id": "optAR00KGm",
              "name": "研发设计岗、工艺技术岗、分公司技术岗、软件开发员、系统管理员、法律顾问、科技管理员、经营计划员、会计"
            },
            {
              "color": 2,
              "id": "opt0qBLicu",
              "name": "水利工程师、水文水资源工程师、监理管理培训生"
            },
            {
              "color": 3,
              "id": "optNG8McqO",
              "name": "行业研究员、算法研究员、渠道销售、交易员"
            },
            {
              "color": 4,
              "id": "optRd4QoYO",
              "name": "研发工程师、工艺工程师、技术员、应用工程师、产品工程师、生产岗、电气工程师、质量工程师、售后工程师、外贸工程师"
            },
            {
              "color": 5,
              "id": "optyjP5MiD",
              "name": "质量类、设备类、工艺类、采购类、物流类、IT类、营销类、HR类、成本分析类、软件类、财务类"
            },
            {
              "color": 6,
              "id": "optA9Mp0b6",
              "name": "海外电商运营类、国内电商运营类、营销类、职能类、电商平台设计类、三维渲染类、研发技术类"
            },
            {
              "color": 7,
              "id": "optPHJILcy",
              "name": "能源工程类、电气工程类、水利水电类、交通工程类、地勘测绘类、市政建筑类、生态环境类、化学工程类、计算机软件类、项目管理类、规划类、经济管理类"
            },
            {
              "color": 8,
              "id": "optkDufPhb",
              "name": "整车设计研发、智能驾驶技术、智慧平台开发岗、市场营销岗、生产工艺技术岗"
            },
            {
              "color": 9,
              "id": "optWlojIQG",
              "name": "线路/场场(物流)/轨道/运输(行车)、桥梁、通信/信号、电力/接触网/供变电/光伏/风电/储能、工程经济、结构/暖通/电力/给排水/机载服务/物资/测绘/摄影测量与遥感/地理信息系统、道路/给排水、隧道/结构/建筑、通信/电气"
            },
            {
              "color": 10,
              "id": "optrHdxK18",
              "name": "产品管理、后端开发、前端开发、用户体验、IT测试、IT安全与合规"
            },
            {
              "color": 0,
              "id": "optr8DzAAR",
              "name": "专业技术类、项目管理类、职能管理类"
            },
            {
              "color": 1,
              "id": "optJYDv06H",
              "name": "技术类、产品类、运营类、供应链类、职能类"
            },
            {
              "color": 2,
              "id": "optDAFbqtb",
              "name": "化工类、材料类、计算机类专业"
            },
            {
              "color": 3,
              "id": "optHqom6kS",
              "name": "量化研究员、机器学习研究员、C++高级开发工程师、数据开发工程师、资深运维工程师、测试工程师、交易执行员"
            },
            {
              "color": 4,
              "id": "opt5hHEFOL",
              "name": "产品研发类、供应链类、运营销售类、职能类、市场品牌类"
            },
            {
              "color": 5,
              "id": "optndKHMcS",
              "name": "子公司、分支机构岗位"
            },
            {
              "color": 6,
              "id": "optNyhv8Dq",
              "name": "研发类、教学教研类"
            },
            {
              "color": 7,
              "id": "optp1ewWJ0",
              "name": "算法开发工程师、C++开发工程师、全栈开发工程师、三维图形渲染引擎开发工程师、WEB前端开发工程师、AI算法工程师、JAVA开发工程师、CAD需求工程师、CAD应用工程师、CAD测试工程师"
            },
            {
              "color": 8,
              "id": "optih41Dxm",
              "name": "研发技术类、智能制造类、采购供应链类、市场营销类、职能管理类"
            },
            {
              "color": 9,
              "id": "optKFlgS0S",
              "name": "飞行器设计与工程、飞行器制造工程、飞行器动力工程、飞行器质量与可靠性、机械设计制造及自动化、工业工程、焊接技术与工程、金属材料工程、安全工程等相关专业；飞行器制造工程、飞行器动力工程、飞行器维修技术"
            },
            {
              "color": 10,
              "id": "optmlfMbMD",
              "name": "算法类、软件类、硬件类、技术支持、商务运营"
            },
            {
              "color": 0,
              "id": "optdKEIBYj",
              "name": "地质资源与地质工程、地质学、地球物理学、水文学及水资源、水利工程、环境科学与工程、矿业工程、安全工程、机械工程、控制科学与工程、电子科学与技术、电气工程、仪器科学与技术、信息与通信工程、计算机科学与技术、软件工程等相关专业。"
            },
            {
              "color": 1,
              "id": "optk9Ja9DN",
              "name": "武器类、航空航天类、计算机类、自动化类、电子类、机械类、其他研发类、管理类"
            },
            {
              "color": 2,
              "id": "optfedjslD",
              "name": "矿建技术岗、机电技术岗、土建技术岗、测量技术岗、地质技术岗、安全技术岗、造价预算岗、财务管理岗、物资管理岗、人事管理岗、燃气技术岗、热动技术岗、结构技术岗、政工管理岗、管培生"
            },
            {
              "color": 3,
              "id": "optBCaxmci",
              "name": "研发/设计/工艺质量/数字工程师、调试/诊断工程师、专业管理员、北京科创二十所研发工程师"
            },
            {
              "color": 4,
              "id": "optUkYqIsE",
              "name": "管培生项目(生产运营管理、设备维护管理、销售及业务拓展、物流及供应链管理、会计及财务管理)；安装工程师、调试工程师、工业工程师、项目工程师、生产技术工程师、压力容器设计工程师"
            },
            {
              "color": 5,
              "id": "optCERqTwU",
              "name": "生产工艺岗、应用技术岗、电仪岗、采购岗、数据建模岗、研发岗、外贸岗、原料采购、人力资源岗、信息岗、设备岗、化验岗、销售岗、SAP岗、财务岗"
            },
            {
              "color": 6,
              "id": "optEmOmdXd",
              "name": "工程管理岗、商务合约岗、建筑设计岗、安全管理岗、人力资源岗、财务管理岗"
            },
            {
              "color": 7,
              "id": "optcHyUECs",
              "name": "电子信息类、光学类、电气类、工业工程类、材料类、化学类、自动化类、管理类、物理学类、机械类、计算机类"
            },
            {
              "color": 8,
              "id": "optxvRiPOC",
              "name": "数据库内核研发工程师、AI助理工程师"
            },
            {
              "color": 9,
              "id": "opt14OIE2a",
              "name": "高中学科教师、初中学科教师"
            },
            {
              "color": 10,
              "id": "optnrF4rpA",
              "name": "研发技术类、业务支持类、项目运营类、行政职能类"
            },
            {
              "color": 0,
              "id": "optGBtfkJZ",
              "name": "储备干部方向、运营策划方向、新媒体方向、海外方向、技术研发方向"
            },
            {
              "color": 1,
              "id": "optCJrzYsY",
              "name": "算法、研发、产品、测试、运营、销售、售后、解决方案、项目管理、人力资源"
            },
            {
              "color": 2,
              "id": "opt5q8zIqE",
              "name": "博士后、校招管培生、总部及子公司相关岗位、全国分支机构业务经理岗"
            },
            {
              "color": 3,
              "id": "optmIR7Jnt",
              "name": "市场营销类、渠道运营类、海外业务关联类、品牌视觉类、财务类"
            },
            {
              "color": 4,
              "id": "optONKkQRO",
              "name": "给水排水工程设计、道路工程设计、桥梁工程设计、交通规划、电气工程设计/自动化、结构工程设计、建筑设计、岩土工程设计、城乡规划、园林景观设计、暖通、测量、工程管理"
            },
            {
              "color": 5,
              "id": "optknS9VvK",
              "name": "销售管理培训生、产品/国际管理培训生、电商管理培训生、供应链管理培训生"
            },
            {
              "color": 6,
              "id": "optT1xqaRF",
              "name": "技术研发、品牌管理、营销管理、综合职能"
            },
            {
              "color": 7,
              "id": "optVZoBrFt",
              "name": "力学、航空宇航科学与技术、机械工程、动力工程及工程热物理、电气工程、控制科学与工程、电子科学与技术、信息与通信工程、计算机科学与技术、材料科学与工程、仪器科学与技术、其他理工科岗位"
            },
            {
              "color": 8,
              "id": "optQyNa2Y0",
              "name": "德银中国2026管培生项目"
            },
            {
              "color": 9,
              "id": "optuYxQg5G",
              "name": "会计、科技研发岗、桥梁工程设计、工程水文、水运工程设计、建筑设计、电气设计、隧道机电设计、前端开发工程师、后端开发工程师、数据应用、监测方案设计、新能源设计、轨道设计、建筑设计(地铁)、动力照明"
            },
            {
              "color": 10,
              "id": "opt1771yjx",
              "name": "工程咨询业务类、市场营销类"
            },
            {
              "color": 0,
              "id": "optm2E3KIP",
              "name": "人工智能、计算机、大数据、兵器科学与技术、信息与通信工程、军机指挥学、系统工程、控制科学与工程、自动化、物理学、软件工程、数学、电子信息、航空宇航科学与技术、机械工程、力学"
            },
            {
              "color": 1,
              "id": "optLyCOkk2",
              "name": "商务培训生、供应链培训生"
            },
            {
              "color": 2,
              "id": "opt3M3oV75",
              "name": "品牌方向、人力方向、运营方向、产品方向、经营方向"
            },
            {
              "color": 3,
              "id": "optpT1Epjv",
              "name": "技术类、市场类、产品类、销售类、职能类、供应链/物流"
            },
            {
              "color": 4,
              "id": "opt8GEjT8S",
              "name": "管培生类、研发类、产品运营类、美术类"
            },
            {
              "color": 5,
              "id": "optBlDA7TO",
              "name": "管理培训生岗位"
            },
            {
              "color": 6,
              "id": "opt3OQpKBF",
              "name": "设计类岗位、商务类岗位"
            },
            {
              "color": 7,
              "id": "opt5n752dW",
              "name": "研发/设计、生产管理、质量检验、市场/营销、储干/管培 •"
            },
            {
              "color": 8,
              "id": "optXweKSft",
              "name": "全球领导力发展计划"
            },
            {
              "color": 9,
              "id": "optpJt2qQt",
              "name": "矿业类、技术及机电类、职能类"
            },
            {
              "color": 10,
              "id": "optvERuxEE",
              "name": "芯片设计与验证工程师、基础软件研发工程师、硬件设计工程师、人工智能软件研发工程师、逻辑代码研发工程师"
            },
            {
              "color": 0,
              "id": "optMaGzKBy",
              "name": "高级研发工程师、研发工程师、工艺员、市场专员、生产技术员"
            },
            {
              "color": 1,
              "id": "optotHLk9g",
              "name": "智能网联研发类、电气系统研发类、先进工艺与智能制造类、项目管理类、职能支持类"
            },
            {
              "color": 2,
              "id": "opt1kzEvhM",
              "name": "给水排水、结构、岩土、道路、桥梁、暖通、电气自控、建筑、规划、水利水电、工程管理、测绘、水文地质与工程地质"
            },
            {
              "color": 3,
              "id": "optEGFUVT3",
              "name": "建筑设计类、结构设计类、给排水设计师、暖通设计师、电气设计师、智能化设计师、规划设计师、项目咨询师"
            },
            {
              "color": 4,
              "id": "optYzQo1mH",
              "name": "项目管理方向、职能支持方向"
            },
            {
              "color": 5,
              "id": "optYNx5gQj",
              "name": "工艺方向、研发方向、生产管理、职能方向"
            },
            {
              "color": 6,
              "id": "opt3LZFZJK",
              "name": "精鹰计划、设计/技术与研发类、工程管理与造价类、营销商务类、生产技术与管理类"
            },
            {
              "color": 7,
              "id": "opt5rfflgd",
              "name": "量化开发工程师、量化研究员"
            },
            {
              "color": 8,
              "id": "optuzvPYzo",
              "name": "集成电路类、算法类、软件类、硬件类、应用类、运营类"
            },
            {
              "color": 9,
              "id": "optGooNrRW",
              "name": "投行承做类、投资研究类、卖方研究类、市场营销类、销售交易类、运营支持类"
            },
            {
              "color": 10,
              "id": "optXgpEMkf",
              "name": "软件开发工程师（定位&地图）"
            },
            {
              "color": 0,
              "id": "optQ2IXfZ4",
              "name": "硬件与电路类、软件与算法类、通信与系统类、光学类、工艺类与机电类、销售与技术支持类、职能类"
            },
            {
              "color": 1,
              "id": "optREHvfLL",
              "name": "通信类、建筑类、信息化类"
            },
            {
              "color": 2,
              "id": "optai4oxcw",
              "name": "研发工程师、嵌入式工程师、上位机软件工程师、结构设计工程师、测试极光工程师、PCB设计工程师、调试工程师、工艺工程师、FAE、财务管理生"
            },
            {
              "color": 3,
              "id": "optuf7qUDb",
              "name": "总行管培生、总行金融科技培养生、分行营销岗、子公司专业类岗位、子公司科技类岗位"
            },
            {
              "color": 4,
              "id": "optPLDQC7U",
              "name": "零售经理、电商运营、招商经理、主播/直播运营、团购经理、产品设计师、实验室检测员、供应链技术员"
            },
            {
              "color": 5,
              "id": "optBcbPFBP",
              "name": "销售类、市场类、产品类、研发类、设计类、职能类"
            },
            {
              "color": 6,
              "id": "optjGoAL0D",
              "name": "土木管培生(道路养护方向)、电气管培生(风力发电方向)、财会管培生、法律管培生、人力管培生"
            },
            {
              "color": 7,
              "id": "optXKivS3w",
              "name": "时尚经营管理生、人力资源岗、公关传播岗、客户关系岗、商品运营岗、区域陈列岗、服装设计岗、视觉设计岗、商品策划岗、生产管理岗、纸样助理岗、服装质检岗"
            },
            {
              "color": 8,
              "id": "optiTyR5Z2",
              "name": "研发工程师、销售工程师、实施工程师、技术支持工程师、研发技术储备工程师"
            },
            {
              "color": 9,
              "id": "optAn3jzVP",
              "name": "研发工程师、工艺工程师、销售储备(国内外)、技术服务工程师"
            },
            {
              "color": 10,
              "id": "optboarkaR",
              "name": "生物类、化学类、药学类、化工类、材料类、食品类、医学类、动物类等专业"
            },
            {
              "color": 0,
              "id": "optsDn0w3Y",
              "name": "运营管培生 岗位方向:招商运营、社群团长运营、卖场运营 仓配物流管培生 岗位方向:仓储运营、网格站运营"
            },
            {
              "color": 1,
              "id": "opt0vEFbWa",
              "name": "研发校招生 整合营销校招生 项目管理管培生 用户运营校招生 市场推广校招生 用户洞察校招生 天猫达播校招生 天猫运营校招生 发运组长（校招生） 产品质量工程师（管培生） 品牌媒介管培生 天猫运营管培生 客服校招生 项目运营管培生 供应计划校招生 需求计划校招生 审计校招生"
            },
            {
              "color": 2,
              "id": "optLsRpoKt",
              "name": "智能座舱 智能驾驶 跨域融合 车载AI数据工程 车载AI大模型 车载系统级AIOS"
            },
            {
              "color": 3,
              "id": "optJXnNhei",
              "name": "研发技术类 算法软件类 制造技术类 项目管理类 销售售前类 质量和供应链类 职能类"
            },
            {
              "color": 4,
              "id": "optkM02O3W",
              "name": "船舶与海洋工程、核科学与技术、控制科学 与工程、系统工程、仪器科学与技术(动力 仪控方向)、电气工程、计算机科学与技 术、人工智能、软件工程、兵器科学与工 程、电子信息、信息与通信工程、导航/制导 与控制、机械工程、能源动力、燃料化学与 工程(燃料化艺流程"
            },
            {
              "color": 5,
              "id": "optKjDQjCG",
              "name": "制氢、甲醛、氨)等"
            },
            {
              "color": 6,
              "id": "optDr6FgAp",
              "name": "通信网络总体设计工程师 通信系统总体设计工程师 信息安全总体设计工程师 算法设计工程师 射频工程师 人工智能工程师 硬件工程师 应用软件开发工程师 嵌入式软件开发工程师 自动化控制工程师 软件测试工程师 结构设计工程师 工艺设计工程师 计量校准工程师 质量与可靠性工程师"
            },
            {
              "color": 7,
              "id": "optrh2XN8t",
              "name": "开发工程师 数据工程师"
            },
            {
              "color": 8,
              "id": "optJldZxkL",
              "name": "工程技术 信息技术 交通物流 安全环保 法律事务 人力资源 文秘宣传 财务金融 企管综合"
            },
            {
              "color": 9,
              "id": "optKm9D0jX",
              "name": "应用开发岗 系统运维岗 测试安全岗 数据应用岗 产品精算岗 保险运营岗 法律合规岗 组合类资管产品运作岗 基金研究岗 交易岗 非标风控岗 信息科技岗"
            },
            {
              "color": 10,
              "id": "opt17szsVa",
              "name": "Python主讲 C++主讲 私域运营 直播运营 广告投放 插画师 模型师 动画师 市场营销管培生 供应链运营管培生 客户端研发工程师 硬件研发工程师 Java开发工程师 嵌入式开发工程师Android系统开发 前端研发工程师 产品管培生 嵌入式开发工程师BSP方向 结构研发工程师 商业分析师 语音合成算法工程师 多模态大模型算法工程师 中间件研发工程师 深度学习算法工程师（语音方向） AI推理引擎开发 数据研发工程师 AI前端研发工程师 AI移动客户端研发工程师 AI服务端研发工程师 产品经理实习生（可转正） 服务端研发工程师（直播） AI产品实习生（可转正） 小学高年级英语教研 前端开发（飞象星球） 移动端开发（飞象星球） AI应用研发工程师 战略分析师（教育、科技方向） 战略分析实习生（海外、消费、科技方向） 数据挖掘算法工程师 NLP算法工程师 大语言模型算法工程师 数学教研实习生（AI 方向） AI研发工程师 AI产品经理 大客户销售管培生 法务助理 人工智能教研 服务端开发（飞象星球） 高中数学主讲 小学英语教研 上海小初数学主讲 初中数学主讲 小学数学主讲 小学语文主讲 在线大班课主讲"
            },
            {
              "color": 0,
              "id": "opth5VhyO4",
              "name": "浙江交通集团\\\"交投新光\\\"管培生岗、浙江交通集团应届生岗（具体见投递链接各单位招聘详情）"
            },
            {
              "color": 1,
              "id": "optQ7mE1uA",
              "name": "城乡规划（规划工科） 人文地理（规划理科） 园林景观 土地资源管理 建筑设计 建筑历史与理论（历史建筑保护方向） 给排水设计 道路桥梁 GIS 计算机（软件开发方向）"
            },
            {
              "color": 2,
              "id": "optj7hr539",
              "name": "产品设计工程师 工艺工程师 工装工程师 质量工程师 预研工程师 智能制造工程师 软件工程师 电子信息技术工程师"
            },
            {
              "color": 3,
              "id": "optY1rxHCi",
              "name": "线下门店类： 门店运营/商品运营/货品/招商拓展方向 生产类： 生产管理/质量管理/工艺技术方向 店铺电商类： 品类运营/店铺运营方向 直播电商类： 品类运营/直播运营/直播商务方向 产品类： 产品开发/采销方向 分销类： 品类运营/区域销售/系统销售方向"
            },
            {
              "color": 4,
              "id": "opt54Hgr2l",
              "name": "土木工程 工程管理 道路与桥梁工程 结构工程 市政工程 工程造价 安全工程 职能管理类 市场营销"
            },
            {
              "color": 5,
              "id": "optf50eXPA",
              "name": "系统总体技术研究 智能系统设计 系统建模及效能评估技术研究 无人系统技术研究 信号处理等算法研究 水声网络及通信技术研究 水声换能器研究 硬件开发类 软件开发类 信息化系统开发 机械结构设计 系统/硬件/软件调试技术"
            },
            {
              "color": 6,
              "id": "optmOtdgv0",
              "name": "光学设计师 电气设计师 结构设计师 精密传动设计师 固体激光器设计师 软件设计师 光学工艺师 铸造工艺师"
            },
            {
              "color": 7,
              "id": "optuodv7ZM",
              "name": "职能管理类 工程技术类"
            },
            {
              "color": 8,
              "id": "opt1LzUcBu",
              "name": "大模型与多模态模型研发（AI算法）大模型训练与推理性能优化（AI Infra）"
            },
            {
              "color": 9,
              "id": "opt9Wpr90k",
              "name": "总体研发（北京） 软件研发（北京） 软件研发（连云港） 总体研发（连云港） 硬件研发（连云港） 硬件研发（北京）"
            },
            {
              "color": 10,
              "id": "optasQYH7y",
              "name": "研究分析岗 客户经理岗"
            },
            {
              "color": 0,
              "id": "opt0rwhgCs",
              "name": "研发类 产品类 开发类"
            },
            {
              "color": 1,
              "id": "optsW5Pge1",
              "name": "化工研发 国内销售 海外销售 海外会计 人资专员 管培生"
            },
            {
              "color": 2,
              "id": "optKBzZ9lk",
              "name": "外贸业务员 储备干部(质量) 储备干部(焊接) 储备干部(机械) 储备干部(财务) 智能制造技术员"
            },
            {
              "color": 3,
              "id": "optH7OftDn",
              "name": "工程技术岗 研发岗 项目助理 技术工程师 产品技术工程师（信号优化） 控制系统工程师 算法工程师 结构工程师 Java开发工程师 C++开发工程师 Python开发工程师 控制算法工程师"
            },
            {
              "color": 4,
              "id": "opt8BaSWkh",
              "name": "品牌形象 品牌管理 视觉设计 行政"
            },
            {
              "color": 5,
              "id": "optX4WxYmS",
              "name": "客户助理 方案助理 交付助理 工艺/结构设计 商务助理 计划助理"
            },
            {
              "color": 6,
              "id": "optmzFIWkf",
              "name": "外贸管培生 技术型销售 销售管培生 结构管培生 模具管培生 工业设计管培生 材料管培生 技术管培生"
            },
            {
              "color": 7,
              "id": "opt6ONeZJh",
              "name": "工程管理 工程造价 环境工程 土木工程 市政工程 电气工程及自动化 给排水科学与工程 供热、供燃气、通风及空调工程 能源科学与工程 建筑环境及能源应用工程 人力资源管理 汉语言文学 行政管理 工商管理"
            },
            {
              "color": 8,
              "id": "opt1OIs33t",
              "name": "研发高级工程师 项目助理工程师 硬件助理工程师 软件助理工程师 软件助理工程师 结构助理工程师 测试助理工程师 FAE(硕士) 海外销售管培生 海外市场管培生 国际商务助理 海外售后客服 海外售后技术支持 制造系统管培生 工程助理工程师 生产储备组长 品质助理工程师 自动化助理工程师 SMT助理工程师 PMC助理专员"
            },
            {
              "color": 9,
              "id": "opthBxHwSu",
              "name": "基础设施、房屋建筑、职能管理"
            },
            {
              "color": 10,
              "id": "opt1uRWz2P",
              "name": "图像算法工程师 前端开发工程师 Python开发工程师 C#软件开发工程师 软件测试工程师 销售经理 医学联络官 市场售前支持 市场产品运营 国际市场运营 QA工程师 QC工程师 平面设计师 UI设计师 会计 行政专员 生产专员 工艺工程师 实施工程师"
            },
            {
              "color": 0,
              "id": "optuN2Yfmb",
              "name": "硬件锐智生 算法锐智生 营销锐智生 综管锐智生 财务锐智生 虎贲生 投拓锐智生（物业、商业、能源） 物业管理锐智生"
            },
            {
              "color": 1,
              "id": "optEpUj70w",
              "name": "研发/工艺培训生 工程培训生 Engineering Graduate 研发毕业生 SHE Intern ME Intern"
            },
            {
              "color": 2,
              "id": "optaR9rUIs",
              "name": "硬件工程师 FPGA开发工程师 结构工程师 嵌入式软件工程师"
            },
            {
              "color": 3,
              "id": "opt6FterFK",
              "name": "海外销售工程师 国内销售工程师 技术支持 项目管理 研究员 技术员/实习生 眼科科学家 模型开发科学家 iPSC研发科学家兼SD 肿瘤免疫科学家兼SD 抗体发现科学家兼SD 日本销售BD"
            },
            {
              "color": 4,
              "id": "optZGvGrt0",
              "name": "科研事业编制岗位"
            },
            {
              "color": 5,
              "id": "opt68ydf7E",
              "name": "城乡规划、建筑学、结构工程、电气工程、给排水工程、暖通工程、桥梁工程、水处理与环保工程、工程管理、岩土工程、智慧城市与建筑智能化专业。在该技术背景下"
            },
            {
              "color": 6,
              "id": "optYrbPI9Q",
              "name": "具备数字化技术及BIM研究与应用经验的复合型人才优先 建筑、结构、电气工程、自动化、给排水、暖通空调、城乡规划、人文地理与城乡规划、环境工程、市政工程、桥梁工程、道路工程、交通工程、岩土工程、地质工程、工程测量、工程造价、工程管理、园林景观、室内设计、环境艺术设计、技术经济、产业经济、计算机科学与技术、物联网工程、人工智能。"
            },
            {
              "color": 7,
              "id": "optOl04dxN",
              "name": "材料研发类 工艺设计类 模具设计类 质量检测类 数智化类"
            },
            {
              "color": 8,
              "id": "optjvN4TYN",
              "name": "科研设计岗(所本部) 所属海王科技公司科研设计岗 博士后科研人员"
            },
            {
              "color": 9,
              "id": "optZNuO8Dx",
              "name": "研发人员"
            },
            {
              "color": 10,
              "id": "opt3wQLuG8",
              "name": "房屋建筑施工类 勘察设计类 金融财务类 职能管理类"
            },
            {
              "color": 0,
              "id": "optZtJCrGg",
              "name": "高中教师 初中教师 小学教师 班主任 人力资源专员 教务专员 课程顾问 文旅市场专员 新媒体运营专员"
            },
            {
              "color": 1,
              "id": "opt01LgCrS",
              "name": "CAE研发实习生、C++研发实习生、智能技术研发工程师、智能技术研发工程师、C+++研发实习生、数据研发工程师、CAE研发工程师、仪器仪表岗、机械岗、力学岗、船舶岗、电气岗、自动化岗、控制岗、力学校岗、会计审计岗、飞行器设计岗、兵器岗、计算机岗、可靠性岗。"
            },
            {
              "color": 2,
              "id": "opt48HmM1Z",
              "name": "整车产品研发 新能源三电 智能网联 零部件研发类 工艺技术 设备技术 产量质量技术类 信息化技术类 海外营销"
            },
            {
              "color": 3,
              "id": "optiHb86qi",
              "name": "审计员 税审员"
            },
            {
              "color": 4,
              "id": "optWXTzsEI",
              "name": "仓配运营类 市场营销类 财务类 人力资源类 信息类"
            },
            {
              "color": 5,
              "id": "optoMsuwVC",
              "name": "总体工程师 算法工程师 飞控工程师 结构工程师 电气工程师 软件工程师 工艺工程师 质量工程师"
            },
            {
              "color": 6,
              "id": "opteTV5XMe",
              "name": "AI开发 JAVA开发 前端开发 数据分析 数据开发 解决方案 项目经理 运维 会计"
            },
            {
              "color": 7,
              "id": "optvjR5eVd",
              "name": "交付业务顾问 交付业务顾问-英文 客户成功顾问-英文 KA销售顾问-英文 亚太业务管培生-英文 Spendia产品经理-日语 产品经理 AI产品专家-英文 Java开发工程师 前端开发工程师 商旅客服专员 商旅客服专员-英文"
            },
            {
              "color": 8,
              "id": "optl1c02Ag",
              "name": "葡萄牙语市场商务专员"
            },
            {
              "color": 9,
              "id": "optkHBx281",
              "name": "法务类岗位"
            },
            {
              "color": 10,
              "id": "opt3GRMbp7",
              "name": "设计研发工程师"
            },
            {
              "color": 0,
              "id": "optiHURN3r",
              "name": "售后技术工程师"
            },
            {
              "color": 1,
              "id": "optBkZYTCx",
              "name": "质量技术工程师"
            },
            {
              "color": 2,
              "id": "optOQ2VtnX",
              "name": "仪器类 工业工程类 工程力学 数学与应用数学 机械类 材料类 电子信息类 电气类 电气类/自动化类 能源动力类 能源化学工程 自动化类 计算机类"
            },
            {
              "color": 3,
              "id": "optwZP8eBH",
              "name": "大客户经理方向 运营方向 财务方向 项目经理 机械 算法 软件 电气 售前工程师 售后工程师 质量 采购 PMC 工艺 人事"
            },
            {
              "color": 4,
              "id": "optPvokkLI",
              "name": "研发工艺类 营销类 采购类 职能管理类"
            },
            {
              "color": 5,
              "id": "optX49Tl3A",
              "name": "勘察设计 交通科研 规划咨询 测绘 岩土 试验检测 行政管理 市场开发"
            },
            {
              "color": 6,
              "id": "optD4DGFxq",
              "name": "跟踪算法工程师 雷达AI算法工程师 软件算法工程师 MCU软件工程师 智泊域控软件工程师 AutoSar软件工程师 以太网软件工程师 智驾开发软件工程师 硬件工程师 电子工程师 算法工程师 软件工程师 英语销售代表 日语销售代表 国内销售代表"
            },
            {
              "color": 7,
              "id": "optETXLQlZ",
              "name": "会计 设计员 工艺员 程序员 监造师 采购管理员 设备精修员 船员 安全员 设计员 预算员 施工员 检验员 调试员"
            },
            {
              "color": 8,
              "id": "optD0WHjiJ",
              "name": "管理培训生（金融投资与股权管理） 管理培训生（财务管理和审计） 管理培训生（风险法务合规） 管理培训生（综合管理和党务人力） 会计核算岗 人力资源岗 应用运维岗 业务岗 行政技术岗"
            },
            {
              "color": 9,
              "id": "optoXO79Wp",
              "name": "金融培训生 科技定向生"
            },
            {
              "color": 10,
              "id": "optsKMGhdN",
              "name": "财务管理 人力资源管理 轮机驾驶 设备管理 信息技术 工程管理 航运管理 生产管理 安全环保"
            },
            {
              "color": 0,
              "id": "optLnXh1AY",
              "name": "煤炭采选 化工 电力 物流贸易 现代服务 综合类岗位"
            },
            {
              "color": 1,
              "id": "opthQePvLr",
              "name": "产品研发岗 工艺开发岗 综合岗 生产管理岗"
            },
            {
              "color": 2,
              "id": "optZK1GcT1",
              "name": "国内储备管培生 海外储备管培生"
            },
            {
              "color": 3,
              "id": "optRBX2Kzk",
              "name": "总部管培生(IT方向) 总部管培生(采购方向) 总部管培生(营销方向) 总部管培生(电商方向) 总部管培生(运营方向) 采购岗 销售岗 市场推广岗 管培生(业务方向) 管培生(职能方向) 管培生(运营方向) 医疗器械事业部-管培生(业务、财务、法务、人力等方向) 医疗器械销售岗(西班牙语/俄语) 医疗器械产品岗(英语) 医疗器械临床技术支持岗(英语) 管培生 采购业务岗 网络安全岗 销售业务岗"
            },
            {
              "color": 4,
              "id": "optrFG6Xxq",
              "name": "AI后端开发工程师 Python开发工程师 测试工程师 AI产品经理 产品运营"
            },
            {
              "color": 5,
              "id": "optktmsr0Q",
              "name": "中高级研发工程师 研发工程师 产品经理 配方师 水产饲料&种苗 营销代表 技术服务人员 动保技术服务工程师 生产储备干部 种苗储备干部 品管化验 跟班员 种苗品控 储备技术员 会计 人事 法务 营销专员"
            },
            {
              "color": 6,
              "id": "optD8MuCyR",
              "name": "化工工艺设计师 合成生物/医药工艺设计师 管道设计师 总图设计师 暖通设计师 BIM设计师 自动化编程工程师 管道工程师 工艺方案工程师"
            },
            {
              "color": 7,
              "id": "optnmpNOuM",
              "name": "创新研发类 工艺技术类 生产管理类 设备管理类 营销管理类 职能管理类"
            },
            {
              "color": 8,
              "id": "optaGwCBo8",
              "name": "系统工程师 FPGA工程师 电子工程师 光学工程师A 光学工程师B 云平台工程师 编译软件工程师 软件工程师E 机械工程师 项目经理 市场助理"
            },
            {
              "color": 9,
              "id": "optjGBJJ4K",
              "name": "配套销售代表 渠道销售代表 产品开发工程师 配方设计工程师 配方基础研究工程师 NVH基础研究工程师 FEA技术工程师 试验研究工程师 材料开发工程师 化学分析试验工程师 AI技术工程师 电气工程师 机械工程师 软件开发工程师 IE工程师 仪表工程师 动力工程师 EHS工程师 软件工程师 数据开发工程师 工业工程师"
            },
            {
              "color": 10,
              "id": "opt6Ii1aNt",
              "name": "中餐/西餐/西点等烹饪相关教师 汽车/新能源汽车/机电/轨道等相关教师 电子商务/平面设计/影视后期/计算机等相关教师 美妆/美容/形象设计等教师 语文/数学/英语/班主任等教师 课程顾问 企划宣传 新媒体运营 网站运营 主播 人力 行政 财务 审计"
            },
            {
              "color": 0,
              "id": "opthLArxH2",
              "name": "亚马逊运营 独立站客服 品牌营销 产品开发 软件研发"
            },
            {
              "color": 1,
              "id": "optScTeFoS",
              "name": "C++开发工程师 JAVA开发工程师 软件测试工程师 人工智能工程师 逆向/攻防工程师 勘验工程师 产品经理(管培生) 技术方案工程师 市场经理(管培生)"
            },
            {
              "color": 2,
              "id": "optoTHqTwW",
              "name": "AI算法 产品经理 软件开发 测试 技术支持 解决方案 实施顾问"
            },
            {
              "color": 3,
              "id": "optNgcakmv",
              "name": "混动策略 整车控制 电控软件 动力总成试验 整车试验 国际法务 财务管理 先期质量 产品质量 供应商质量 客户质量 财务管理 人力资源管理 企业运营管理 项目申报 行政管理 产品质量 系统应用 系统运维 财务管理 人力资源管理 EHS 生产采购 非生产采购 系统应用 系统运维"
            },
            {
              "color": 4,
              "id": "optkPY1NQ9",
              "name": "仿真分析工程师 可靠性工程师 性能工程师 冷媒工程师 试验工程师 电控工程师(机器人) 测试工程师(机器人) 结构工程师(模组、丝杠、减速器、阀、空调) 机器人工艺工程师 电机工程师 材料工程师 设计工程师 工艺工程师 质量工程师 设备电气工程师 项目管理 客户经理 商务经理 解决方案 采购 物控计划 仓储物流 生产管理 海外储备 IE EHS"
            },
            {
              "color": 5,
              "id": "optxDfdp9l",
              "name": "工艺研发 生产技术 生产储干 安全储干 质检分析储干 设备储干 设备维修 磷矿采购经理 原料采购经理 农艺师 业务经理 外贸跟单 企管储干 文化宣传储干 证券助理 法务助理 财务储干"
            },
            {
              "color": 6,
              "id": "optvIo74mD",
              "name": "采矿技术员 地质技术员 测量技术员 预算员 电气技术员 机电技术员 土建技术员 施工员 采购员 项目会计 营销岗 设计助理 法务专员 法语翻译 综合行政岗 安装预算员 安全员"
            },
            {
              "color": 7,
              "id": "opt1WCMoBK",
              "name": "校对（语-数-英）实习生 英语研发实习生 数学研发实习生 课程设计实习生 排版实习生 语文研发实习生 审校管培生 数学研发管培生 语文研发管培生 插画实习生 设计实习生 直播运营管培生 采购（管培生） 仓储管培生 短视频运营 财务管培生 商务运营（管培生） 投放管培生 编导管培生 直播中控实习生 主播实习生 售前客服 天猫管培生"
            },
            {
              "color": 8,
              "id": "optwe7xXhk",
              "name": "电磁定位工程师 视觉算法工程师 硬件工程师（数电） 硬件工程师（模电） FPGA工程师 AR工程师 结构光工程师 图形算法工程师 光学设计工程师 软件工程师 机器人算法工程师 医学图像算法工程师 医学图像可视化算法工程师 产品经理 销售工程师"
            },
            {
              "color": 9,
              "id": "optxxOrUQb",
              "name": "技术类 市场类 生产支持类 生产管理类 职能服务类"
            },
            {
              "color": 10,
              "id": "optsLcFZPn",
              "name": "机电维护工程师 飞控算法岗 导航与控制岗 疲劳强度岗 装备体系建设与运用岗（方向1） 装备体系建设与运用岗（方向2） 军事智能研发岗 反无人装备体系研发岗 无人集群协同研发岗 仿真与评估技术研发岗 毁伤评估研究岗 弹药总体技术研发岗 工艺师 班组长 人工智能开发岗 装备体系总体设计岗 装备体系对抗仿真技术研究岗 产品研发 工艺技术 文秘 数控车工/加工中心 表面处理工 前后端开发岗 飞控研发岗 舵机技术岗 质量管理 信息技术 党建干事 宣传干事 纪检巡查业务管理岗 审计 结构设计 电气设计 光电测试技术 装配工艺 电气技术 检测设备硬件研制及硬件设备维护 智能算法应用 控制算法应用 数字化工艺编制 自动化装备开发 人工智能模型应用 巡飞弹总体设计 巡飞弹结构设计 巡飞弹工艺设计 嵌入式开发工程师 飞控仿真工程师 射频天线工程师 电气设计工程师 算法开发工程师"
            },
            {
              "color": 0,
              "id": "optZUBzuuz",
              "name": "研发储备工程师 销售储备工程师（海外） 质量储备工程师 生产储备大学生 采购储备大学生 人力储备大学生"
            },
            {
              "color": 1,
              "id": "optyHjpNlP",
              "name": "应届毕业生 博士后研究人员"
            },
            {
              "color": 2,
              "id": "optbWPBDIs",
              "name": "研究员 助理研究员 实验员 生产储备干部 生产计划员"
            },
            {
              "color": 3,
              "id": "optXjAsGf1",
              "name": "电气工程师 系统工程师 结构工程师 热动工程师 热控工程师 氢能工程师 数字化工程师 岩土工程师 安全工程师 道路工程师 国际业务管理 造价工程师 通信工程师 项目管理师"
            },
            {
              "color": 4,
              "id": "optPHk88ph",
              "name": "炼铁工艺技术员 炼钢工艺技术员 轧钢技术员 连铸技术员 热处理技术员 机械技术员 电气技术员 自动化仪表技术员 热控/发电/石灰/ 制氧技术员 探伤技术员 金相/物理试验员 市场业务员 售后技术支持 安全专员 环保专员 软件工程师 成本会计/往来 会计/资金管理员"
            },
            {
              "color": 5,
              "id": "optAQNdg5C",
              "name": "助理结构工程师、感知算法工程师、规划导航算法工程师、Linux内核驱动开发工程师、Android开发工程师、iOS开发工程师、C++开发工程师、硬件工程师、融合定位算法工程师、激光雷达算法工程师、软件DQE、硬件DQE、用户体验设计师、市场营销专员、海外媒介投放专员、流量运营专员、DTC运营专员、平面视觉设计师、包装设计师、KAM助理、GTM专员、工业设计师、服务运营培训生、财务专员等"
            },
            {
              "color": 6,
              "id": "optEnf0uuf",
              "name": "战新产业类 港航运管类 工程技术类 施工管理类 经济法务类 人文综合管理类"
            },
            {
              "color": 7,
              "id": "opttgZDLUp",
              "name": "高中学科教师 初中学科教师"
            },
            {
              "color": 8,
              "id": "optta3HRTV",
              "name": "研发工程师 技术工程师 工艺技术员 质量工程师 内贸销售经理 外贸销售经理 售后工程师 高管助理 生产类管培生 职能类管培生"
            },
            {
              "color": 9,
              "id": "optK2K9lBS",
              "name": "工程技术领导力发展项目（电力电子硬件/嵌入式软件研发方向) 财务领导力发展项目(会计/财务/审计方向)"
            },
            {
              "color": 10,
              "id": "optxlGSHEv",
              "name": "管培生（化工类 营销类 农学类 生产管理类 财会类）"
            },
            {
              "color": 0,
              "id": "optSJK4iwZ",
              "name": "管培生（研发 生产 营销 职能）"
            },
            {
              "color": 1,
              "id": "optAbnm2Hd",
              "name": "电商运营专员 新媒体运营专员 拍摄剪辑专员 结构工程师 工艺工程师 嵌入式工程师 产品专员"
            },
            {
              "color": 2,
              "id": "optiDqf2wT",
              "name": "逻辑工程师 算法工程师 结构工程师 系统工程师 射频工程师 天线工程师 信号处理工程师 硬件工程师 FPGA开发工程师 伺服控制工程师 嵌入式软件工程师 光电系统总体工程师 电源工程师 DSP软件工程师 技术支持工程师 质量工程师 项目施工员 工程管理 设备维修工程师 客户经理 人力资源管理 经营管理 财务管理 法务 产线储干"
            },
            {
              "color": 3,
              "id": "optCkQg75D",
              "name": "集团管培生 销售管培生 英语译员 销售专员 综合助理 图书排版专员 财务专员 产品经理/交付经理 译员实习生 人事实习生 商务实习生"
            },
            {
              "color": 4,
              "id": "optdy6QmNd",
              "name": "工程设计岗 信息化（数智化）管理岗 施工管理 QHSE管理 商务管理 工程技术管理"
            },
            {
              "color": 5,
              "id": "opt9ruCJPe",
              "name": "智能网联研发类 电气系统研发类 先进工艺与智能制造类 项目管理类 职能支持类"
            },
            {
              "color": 6,
              "id": "opt5qgsWYA",
              "name": "给水排水 结构 岩土 道路 桥梁 暖通 电气自控 建筑 规划 水利水电 工程管理 测绘 水文地质与工程地质"
            },
            {
              "color": 7,
              "id": "optTRflMvC",
              "name": "iOS开发 Android开发 后端开发 Golang开发 测试 算法工程师 策略推荐 数值策划 功能产品经理 社媒内容运营 海外创作者运营 海外社媒运营（韩国） 内容审核 风控审核 风控处理 直播及语聊运营 中东运营 数据产品 数据分析 外语内容本地化 用户体验 薪酬绩效"
            },
            {
              "color": 8,
              "id": "opttSUBLzg",
              "name": "核工程类 能源动力类 电气类 机械类 自动化类 工程设计类 测控类 数字化类 化学类 管理类 财会类 电力市场营销"
            },
            {
              "color": 9,
              "id": "optvNmQTvG",
              "name": "工程岗 营销岗 人力岗"
            },
            {
              "color": 10,
              "id": "optdXARuA0",
              "name": "研发岗 工艺岗 品质管理岗 订单管理岗 设备管理岗 工程设计岗 采购开发岗 安全管理岗 其他职能岗"
            },
            {
              "color": 0,
              "id": "optUobJSk6",
              "name": "研发工程师、研发技术员、检验工程师、应用工程师、政策研究专员、助理销售工程师、工艺工程师、销售经理、化工研发工程师、西北区域销售工程师、华南区域销售工程师（广东省）、华南区域销售工程师（福建省）、华东区域销售工程师、华北区域销售工程师、研发工程师（泉州泉港）、仿真工程师、工艺工程师、售后工程师、质量检验员QC、设备工程师。"
            },
            {
              "color": 1,
              "id": "optgXC0icZ",
              "name": "市政交通 市政工程、市政规划、市政给排水、环境工程、电气工程、风景园林、交通运输工程、低空经济、路桥设计、新能源工程等 岩土工程 地质工程、防灾减灾工程、安全工程、计算机科学与技术、软件工程、地理信息系统、环境工程、土壤调查、自然资源监测、工程咨询等 规划设计 城乡(市)规划、人文地理、土地资源管理、地理学、生态学、风景园林、景观生态学、地理信息系统等 测绘地理信息 计算机科学与技术、软件工程、数据科学与大数据技术、数学与应用数学、人工智能、地图学与地理信息系统、摄影测量与遥感"
            },
            {
              "color": 2,
              "id": "optWDJpr8k",
              "name": "大地测量与测量工程、海洋测绘、资源与环境、土地资源管理、自然资源调查监测、物探工程等 建筑设计 建筑学、结构工程、城乡(市)规划、能源系统工程、动力工程、建筑环境设备工程、人工环境工程、土木工程等"
            },
            {
              "color": 3,
              "id": "optTPd4CU2",
              "name": "量子计算研究 智能机器人研究 数字化建模与仿真研究 嵌入式软件开发 应用软件开发 硬件开发 FPGA开发 软件测试 安全渗透测试 信息安全测评 信息安全研发 密码安全研发 惯性导航总体设计 光纤陀螺设计 半球陀螺设计 芯片验证与设计 微系统封装设计 结构设计 工艺设计 系统架构设计 大数据分析 算法设计 人工智能研究"
            },
            {
              "color": 4,
              "id": "opti7QhZAC",
              "name": "销售工程师 市场推广专员 电气工程师 总经理秘书"
            },
            {
              "color": 5,
              "id": "optU2NC87F",
              "name": "AI数据工程师 AI算法工程师 大模型应用工程师 python研发工程师 C/C++开发工程师 JAVA开发工程师 WEB前端开发工程师 通信研发工程师 渗透工程师 数据运营工程师 产品助理工程师 解决方案助理工程师"
            },
            {
              "color": 6,
              "id": "optwYRkdM2",
              "name": "客户发展部培训生 (全国)"
            },
            {
              "color": 7,
              "id": "optELqVlTd",
              "name": "商务培训生 (香港)"
            },
            {
              "color": 8,
              "id": "optFeVfZl7",
              "name": "电商培训生 (上海)"
            },
            {
              "color": 9,
              "id": "optSo11Mom",
              "name": "市场培训生 (广州 / 上海)"
            },
            {
              "color": 10,
              "id": "optfwbkF1N",
              "name": "消费者创新中心培训生 (广州)"
            },
            {
              "color": 0,
              "id": "opt6YlZpt0",
              "name": "计划与物流培训生 (广州)"
            },
            {
              "color": 1,
              "id": "opt6KA8vJg",
              "name": "财务培训生 (广州 / 上海)"
            },
            {
              "color": 2,
              "id": "optx72CUua",
              "name": "产品供应链培训生 (广州)"
            },
            {
              "color": 3,
              "id": "optGrSNFno",
              "name": "全球技术研发中心培训生（广州)"
            },
            {
              "color": 4,
              "id": "optvOi8QMo",
              "name": "人力资源培训生 (广州)"
            },
            {
              "color": 5,
              "id": "optgwTbowU",
              "name": "Management Trainee"
            },
            {
              "color": 6,
              "id": "optu35f94F",
              "name": "品牌类、产品类、技术类、电商类、销售管理类、供应链 & 生产类、职能类"
            },
            {
              "color": 7,
              "id": "optNBaIDgb",
              "name": "土木工程类、设计咨询类、机电安装类、投资商务类、环境工程类、电子信息类、行政职能类、法务管理类、财务管理类"
            },
            {
              "color": 8,
              "id": "opt2wLn6xH",
              "name": "供应链（海外业务岗、国内业务岗）；先进制造（技术研发岗、技术开发岗、天线设计工程师、营销业务岗、海外销售岗、管培生）；城市建设运营（土建工程岗、营销岗）；消费与健康（海外业务岗、饲料配方师）；金融服务（客户经理）；职能类（财务岗、法务岗）。"
            },
            {
              "color": 9,
              "id": "optEv8Vx0o",
              "name": "研发储干（化学类、化工类、机械类、热动类）；生产储干（化工类、材料类、环境类、机械类、电气类、仪表类、能动类）；安全储干（安全类、环保类）；行政储干（会计类、经济类、管理类、金融类、文学类、计算机类、旅游管理类、传媒类）；生产学员（化工类、材料类、环境类、机械类、电气类、仪表类、能动类）。"
            },
            {
              "color": 10,
              "id": "optmrumGT8",
              "name": "储备人才类 计算机信息类 金融投资类 生产运行类 技术支持类 石油化工类 通用职能类 运营管理类 营销贸易类 生产运营类（专业要求：能源动力类、电气工程类、自动化与控制类、计算机信息类、机械工程类、数学统计类、化工化学类、财会经管类、材料科学类）"
            },
            {
              "color": 0,
              "id": "optIqTnVtD",
              "name": "AI 专项英才（AI 研究员、AI 开发工程师、AI 解决方案、算法工程师）；技术类英才（产品经理、数据开发、项目管理、咨询顾问、云运维工程师、FAE）；营销类英才（大客户销售、渠道销售、客户运营、产品运营）；职能类英才（人力、财务、运营）。"
            },
            {
              "color": 1,
              "id": "optaaMba9k",
              "name": "基准工艺工程师 薄膜工艺工程师 刻蚀工艺工程师 光刻工艺工程师 化学机械抛光工艺工程师 湿法工艺工程师 量测工艺工程师 模拟电路设计工程师 数字电路设计工程师 设计验证工程师 版图设计工程师 器件工程师 测试工程师 质量管控工程师 可靠性工程师 生产安全工程师 厂务工程师 设备工程师"
            },
            {
              "color": 2,
              "id": "optwrHJHcr",
              "name": "量化研究员 软件开发工程师 量化交易员"
            },
            {
              "color": 3,
              "id": "optm9oXy0w",
              "name": "AI算法工程师（水务方向）"
            },
            {
              "color": 4,
              "id": "optrwnX1z0",
              "name": "AI应用支持工程师"
            },
            {
              "color": 5,
              "id": "optZLdByBt",
              "name": "区域管理培训生"
            },
            {
              "color": 6,
              "id": "optGbxad2B",
              "name": "产品研发类（算法工程师（行业大模型 / 智能体 / 多模态 / GIS 方向）、C++/Java/ 前端开发工程师、电子 / 电气工程师）；解决方案类（解决方案工程师、售前工程师）；交付类（运维技术工程师、计划管控专员）；营销类（销售经理、助理产品经理、产业服务销售专员）；支撑类（运营助理、人力行政助理）。"
            },
            {
              "color": 7,
              "id": "optRW8yER0",
              "name": "交通运输 交通工程 通信工程 车辆工程 机械工程 安全工程 计算机科学与技术 电气工程及自动化 电子信息工程 电子科学与技术 应急技术与管理 机械设计制造及其自动化 人力资源管理 工程管理 工程造价 工商管理 经济学 法学 新闻学 传播学"
            },
            {
              "color": 8,
              "id": "optXMsbaLU",
              "name": "AI研究算法工程师 - 自然语言处理方向 AI研究算法工程师 - 智能语音方向 AI研究算法工程师 - 计算机视觉方向 AI研究算法工程师 - 深度学习框架和平台方向 AI研究算法工程师 - 规划控制方向 Java开发工程师 C++开发工程师 Go开发工程师 前端开发工程师 移动端开发工程师 - Android/iOS AI研发工程师 AI研发工程师 - 大理工类方向 AI算法测试开发工程师 测试开发工程师 大数据工程师 大模型产品经理 - AI数据方向 大模型研究员 - AI数据方向 大模型 Prompt 构建工程师 交互设计工程师 视觉设计工程师 运营管理师 品牌经理 项目申报专员 演示接待专员 AI医学研究员"
            },
            {
              "color": 9,
              "id": "optJccRiNJ",
              "name": "猎头顾问助理实习生"
            },
            {
              "color": 10,
              "id": "optBRmRGrQ",
              "name": "算法类（AI 算法工程师 (具身智能 / AGI)、运动控制算法工程师、深度强化学习算法工程师、SLAM 算法工程师）；嵌入式类（嵌入式软件开发工程师、嵌入式硬件开发工程师、嵌入式 linux 开发工程师、机电全栈工程师、高级机电控制工程师、机器人测试工程师）；软件类（C++ 开发工程师、产品安全架构工程师、前端开发工程师、软件测试工程师、JAVA 后端开发工程师、UI 设计师）；机械 / 设计类（机械工程师、工业设计、机械测试工程师、产品建模工程师）；项目 / 管理类（分公司运营总监、高级研发项目经理、质量检验工程师、研发助理、采购工程师）；销服 / 技术支持类 (国内外)（大客户销售经理 / 总监、销售专员 / 经理、解决方案工程师、项目实施工程师、行业项目经理、技术支持）；营销类（市场营销、活动策划、海外推广、平面设计）；生产 / 工艺类（工艺工程师、电子维修工程师、装配工程师、数控加工工程师）；综合类（法务、采购工程师、审计、财务 bp）；实习岗位（AI 算法工程师（具身智能）、深度强化学习算法工程师）。"
            },
            {
              "color": 0,
              "id": "optEw3AFnt",
              "name": "生产（猪 / 鸡 / 反刍 / 水产养殖技术员、养殖技术储备干部、饲养工程师）；生产支持（研发储备干部、设备储备干部、生产管理储备干部）；市场（饲料 / 食品营销管培生、运营管培生）；销售（饲料销售储备干部、食品销售管培生、零售管培生）；支持（技术服务代表、财务管培生）；硕博人才（动物营养助理专家、兽医专家、技术服务专家）。"
            },
            {
              "color": 1,
              "id": "optafV2i2d",
              "name": "管理培训生 互联网业务中心-远程客户开发岗"
            },
            {
              "color": 2,
              "id": "optAeso21z",
              "name": "软件开发工程师 流体工程师 试验测试工程岗 通信技术研究与开发岗 体系建模与仿真 MBSE系统工程岗 化学工程岗 战斗部数值仿真岗 电磁兼容设计岗 战斗部设计岗 战斗部总体设计岗 总体设计岗 电气系统设计岗 综合保障总体设计岗 结构设计岗（材料与工艺方向） 引信技术研究岗 结构设计岗（结构设计方向） 制导控制算法设计岗 振动与冲击设计岗 载荷与强度设计岗 保障设备设计岗 计算机与舵系统设计岗 制导组合体设计岗 组合导航系统总体设计岗 半实物仿真技术研究与开发岗 系统集成与评估岗 数字仿真设计岗 导航算法设计岗 惯性测量装置设计岗 无人装备软件开发岗 软件工程化岗 无人装备系统总体岗 无人装备算法研究岗 微波源设计岗 脉冲驱动源设计岗 智能装备测评岗 无人装备结构设计岗 无人装备硬件开发岗 测试技术研究与开发岗 嵌入式软件开发岗 系统检测技术研究与开发岗 软件测试岗 遥测/记录技术研究与开发岗 指控系统设计与开发岗 环境与可靠性试验技术岗 知识管理岗 WEB-前端开发岗 情报研究技术岗 技术体系策划与管理岗 能力建设岗 体系研究岗 项目管理岗 财务核算岗 科研供应链管理岗 市场营销岗 竞标情报研究岗 工艺技术（锻铸造） 工艺技术（火工装药） 工艺技术（表面处理） 财务管理 工艺技术（焊接） 工艺技术（热处理） 光学工程师 机械工程师 电气工程师 工艺研发工程师（金属材料） 工艺研发工程师（无机化学） 工艺技术（机加）"
            },
            {
              "color": 3,
              "id": "optRVdwqlv",
              "name": "高级研发工程师 研发工程师 测试工程师 项目工程师 软件开发工程师 机械工程师 电气工程师 国内销售工程师 海外销售工程师 工艺工程师 生产管理岗 质量工程师 海外CQE工程师 管培生"
            },
            {
              "color": 4,
              "id": "optCI9v8Z1",
              "name": "市场营销管理培训生 商业管理培训生"
            },
            {
              "color": 5,
              "id": "optYpGWfMK",
              "name": "三维模型 三维动画 游戏特效方向 日语翻译"
            },
            {
              "color": 6,
              "id": "opt0kXxMcI",
              "name": "光器件设计工程师 结构设计工程师 光器件NPI工程师 耦合工艺工程师 LABVIEW测试工程师 项目管理师 光器件硬件工程师 光器件固件工程师 计划专员 财务专员 采购工程师 品质工程师 JAVA开发工程师 业务管理师"
            },
            {
              "color": 7,
              "id": "optQczcbuW",
              "name": "材料工程师 工艺工程师 设计/工艺工程师 机械/设备设计师 电气工程师 测试工程师 模具设计师 质量管理 PMC 采购 仓库管理 生产储备干部 内贸销售工程师 外贸销售工程师 订单管理专员 会计 行政专员 翻译"
            },
            {
              "color": 8,
              "id": "optUdkgLBe",
              "name": "机械技术管理 电气技术管理 仪表技术管理 焊接技术管理 质量管理 安全管理 起重技术管理 工程计划管理"
            },
            {
              "color": 9,
              "id": "optzbPXqGI",
              "name": "数智岗 技术研发岗 数智技术岗 产业研究岗 设计岗 智能制造工程师 无人机系统及应用工程师 机器人工程师 技术管理岗 安全管理岗 经济岗 设备维保岗 物资管理岗 测量岗 安全岗 运维岗 质检岗 综合人事岗 文秘岗 投资管理岗 法务岗"
            },
            {
              "color": 10,
              "id": "optr5ZGHj4",
              "name": "电子设计岗 材料开发岗 技术支持岗 阵列设计岗 项目管理岗 器件开发岗 结构设计岗 软件设计岗 光学设计岗 仿真设计岗 传感器技术开发岗 工艺岗 质量岗 设备岗 环安岗 智能制造岗 董办事务岗 信息技术岗 法务岗 财务岗 人力资源岗"
            },
            {
              "color": 0,
              "id": "opt5lqaJ4c",
              "name": "销售管理培训生 产品/国际管理培训生 电商管理培训生 供应链管理培训生"
            },
            {
              "color": 1,
              "id": "optqJOzbn0",
              "name": "混凝土生产助理岗 半导体材料研发岗 科创与智数管培生 财务管培生 蛋白质纯化方法开发岗 外贸助理 工程管培生 法律部管培生 信息技术岗 市场营销岗 销售岗（经销业务） 润爱同行管培生 采购岗 物流管理岗 EHSQ岗 生产管理岗 市场推广岗 销售岗（分销业务） 资管平台管培生 万悦生-客户服务岗（全国） 万悦生-财务运营岗（全国） 万悦生-环境服务岗（全国） 万悦生-人力资源岗（全国） 万悦生-工程服务岗（全国） 百匠新人-项目及设计岗 项目开发岗 市场部助理 物流运营管理培训生 业务客户经理岗 战略运营岗 发酵工程岗 微生物代谢工程岗 生物信息工程岗 创新事业部BD岗 市场代表 算法优化岗 市场分析岗 研发岗培训生 销售培训生"
            },
            {
              "color": 2,
              "id": "optmU9irkA",
              "name": "评估咨询项目助理 造价咨询项目助理 招标代理项目助理 综合管理专员 信息化专员"
            },
            {
              "color": 3,
              "id": "optXKikllL",
              "name": "管培生 品牌与视觉设计 电商运营 技术岗 职能岗（财务/法务/人力/供应链/客服等）"
            },
            {
              "color": 4,
              "id": "optrC53ahZ",
              "name": "基金管理助理岗 产业投资岗 财务管理岗 信息化运维岗 智能建造岗 大数据岗 出纳岗"
            },
            {
              "color": 5,
              "id": "optbxlecR0",
              "name": "小学教师岗 中学教师岗 课程研发岗 前端开发 后端开发 软件测试 后期剪辑 图文策划 新媒体运营"
            },
            {
              "color": 6,
              "id": "opt8yIyggd",
              "name": "办公室公司治理岗 财务偿付能力管理岗 反洗钱督导 审计稽核岗 资产负债管理岗 群团管理岗 不锈钢外贸业务员 案件管理岗 精密制造售后工程师 精密制造海外销售工程师 精密制造机械工程师 不锈钢设备技术员 不锈钢工艺技术员 技术研发管培生 不锈钢研发工程师 不锈钢涂层技术专家 针布海外销售工程师 针布销售工程师 针布设备技术员 针布研发工程师 财务管培生 电线电缆生产技术岗 电线电缆外贸业务员 电线电缆业务营销岗 数据分析岗 技术研发岗 销售助理岗 业务拓展岗 业务开发管培生 质量中心 - 助理工程师 研发中心 - 助理工程师 业务岗 养老服务及管理 护士 前台接待 生活管理师 热电技术管理 煤炭大宗贸易业务员 轮胎热解工程师 热能工程师 新能源业务营销专员 煤炭大宗贸易数据分析员 新能源项目管理专员 大宗商品贸易 期现业务员 业务内勤 大宗商品国际贸易（小语种） 内审内控岗 保理业务开发 出纳 物流集成业务 物流集成内勤 国际物流运营 国际工程物流 基础物流内勤 AI 技术研发 财务 业务员 法务专员 资金岗 供应链专员 医师 仓库管理员 质量管理员 财务专员 业务助理 会计岗 Java 开发工程师 产品研发岗 财务管理岗 博士后研究员 运营管理 财务管理 物流管理 募资岗 营销销售类 材料研究工程师 产品认证工程师 项目管理 模具设计工程师（花纹设计） 后勤支持类 技术研发 精炼车间技术工 外贸业务员 业务经营 信息化专员 管培生 分支机构业务人才 管理培训生（研究方向） 子公司（物产永利）期现业务员 子公司（物产中扬）业务助理 管理培训生（场外方向） 风控助理 财务助理 汽车外贸业务助理"
            },
            {
              "color": 7,
              "id": "optmYwIL6b",
              "name": "纪检监察岗 信息技术岗 信贷通用岗 财务会计岗 数据分析岗 金融工程岗 法律事务岗 文字综合岗 投资相关岗 风险法务岗 党建人事岗 审计岗"
            },
            {
              "color": 8,
              "id": "optx6uBbwB",
              "name": "客户服务岗 人力资源岗 安全管理岗 工程管理岗 运营管理岗 市场营销策划岗 环境管理岗 财务管理岗 社区增值业务岗 能源管理岗 市场技术支持岗 品质督导岗 商务运营岗 市场拓展岗 客户关系岗 法律事务岗 招标采购岗"
            },
            {
              "color": 9,
              "id": "optfLjYqzJ",
              "name": "研发设计岗 研发工艺岗 产品技术支持岗 工程管理岗 质检技术岗 制造技术岗 科技管理岗 采购管理岗 安全环保岗 计划调度岗"
            },
            {
              "color": 10,
              "id": "optQ8fG301",
              "name": "电气类 机械类 能动类 电子信息类 材料类 其他工科"
            },
            {
              "color": 0,
              "id": "optVcSokWm",
              "name": "工艺制程工程师 自动化设备工程师 工艺整合工程师 新产品研发工程师 智能制造工程师 实验室研发工程师"
            },
            {
              "color": 1,
              "id": "optP63dC7L",
              "name": "人力岗 财务岗 法务岗 秘书岗 投融岗 品牌岗 行政岗 工程岗 商业招商岗 商业运营岗 市场推广岗 酒店运营岗 新媒体运营岗 场馆运营岗 市场开发岗 赛事演艺岗 投拓岗 社区增值岗 客服岗 安全岗 技术岗 采购岗 QA岗 QC岗 设备岗 销售岗 研发岗 EHS岗 产品岗 商务岗 市场招生岗 国际经济教师 高中全科教师 初中语文教师 初中数学教师 初中英语教师"
            },
            {
              "color": 2,
              "id": "optscnyyDO",
              "name": "产品管培生 创新研发管培生 医学解决方案管培生 市场管培生 医药代表"
            },
            {
              "color": 3,
              "id": "opt7ucuhwg",
              "name": "研发管培生 制造管培生 营销管培生 职能管培生"
            },
            {
              "color": 4,
              "id": "optKj2d5pk",
              "name": "人力资源专员 电气设计工程师 电力电子软件工程师 结构设计工程师 电气工程师 认证测试工程师 软件工程师 硬件工程师 助理结构工程师 助理电子工程师 销售助理 传播专员 储能整合营销专员 策划专员 审计专员 财务专员 资产专员 融资专员 项目助理 软件开发助理工程师 嵌入式软件开发 数据分析师助理 测试工程师 解决方案专员 解决方案工程师 销售专员 外贸销售专员"
            },
            {
              "color": 5,
              "id": "optXlfe4tg",
              "name": "概率安全分析 基础软件平台管理 基础硬件平台管理 架构设计 产品设计 数字化运维工程师"
            },
            {
              "color": 6,
              "id": "opt8K3z8nG",
              "name": "建筑设计师 结构设计师 给排水设计师 电气设计师 暖通设计师 景观设计师 规划设计师 室内设计师"
            },
            {
              "color": 7,
              "id": "optuLdSQP8",
              "name": "产品研发 产品工艺 产品研究实验 专业工艺 质检技术 信息系统应用与开发 生产管理 项目管理 健康管理 党群干事"
            },
            {
              "color": 8,
              "id": "opt2uBui4M",
              "name": "电气研发助理工程师 机械研发助理工程师 软件研发助理工程师 采购储备助理工程师 HR 项目管理"
            },
            {
              "color": 9,
              "id": "optjYLlet9",
              "name": "业务发展 技术研发 气站工程项目管理 供应链管理 运行管理 财务管理"
            },
            {
              "color": 10,
              "id": "opt7ljdc8g",
              "name": "销售助理 人资专员 财务专员 材料研发工程师 极片配方工程师 工艺开发工程师 研发工程师 产品开发工程师 项目工程师 工艺工程师 设备工程师 电子工程师 结构工程师"
            },
            {
              "color": 0,
              "id": "optqmnDJOi",
              "name": "电学专利代理师(培养) 机械专利代理师(培养) 涉外专利代理师(培养) 律师助理"
            },
            {
              "color": 1,
              "id": "optMYN3MLd",
              "name": "光子集成器件研究 光子集成制备技术研究 高速光子芯片设计 超高功率光学器件的理论、实验及应用研究 自动驾驶激光雷达的设计及应用研究 量子通信光源的原理、制作及应用研究 高阶调制光传输系统研究 多芯光纤通讯技术及核心光器件制备技术研究 宇航级光通讯产品设计理论及应用研究 拉曼光纤激光器研究 集成光波导设计工程师 相干调制器产品工程师 湿法工艺工程师 相干测试工程师 硬件工程师 光纤器件类 无源器件研发工程师 光学工程师 工艺工程师 生产制造工程师 硬件开发工程师 固件开发工程师 机械设计工程师 项目管理工程师 总经办助理 QC工程师 PQE"
            },
            {
              "color": 2,
              "id": "optUh2FtG2",
              "name": "研发技术类 营销市场类 制造技术类 职能支持类 信息技术类"
            },
            {
              "color": 3,
              "id": "optmQIaF1t",
              "name": "助理鞋设计师 助理产品企划 助理童鞋设计师 助理色彩企划专员 助理图案设计师 助理商品专员 助理电商运营专员 助理内容运营专员 助理陈列专员 助理空间设计师 助理审计专员"
            },
            {
              "color": 4,
              "id": "optz6JBjVX",
              "name": "亚太区管理培训生"
            },
            {
              "color": 5,
              "id": "opt3tHZcYR",
              "name": "建筑设计岗 总图设计岗 机场场道设计岗 结构设计岗 国际工程咨询岗 给排水设计岗 暖通动力设计岗 暖通工艺设计岗 能源工程技术研究 环境工程岗 电气设计岗 应用数学岗 机械设计岗 市政工程设计岗 消防工程设计岗 工艺设计岗 工程造价岗 工程管理岗 城乡规划岗 财务岗"
            },
            {
              "color": 6,
              "id": "optDv5bNc2",
              "name": "研发技术类 智能制造类 市场营销类 职能运营类 拔尖人才类"
            },
            {
              "color": 7,
              "id": "opt0H3G9HR",
              "name": "软件培训生 产品技术培训生 大客户销售培训生 销售培训生-TOH 海外销售培训生 电商运营培训生 设计培训生 审计培训生 财务培训生 职能培训生 场景设计培训生 LED规划高级工程师 客户体验培训生 客服配件培训生 智能技术培训生 HR培训生 制造培训生 软件开发培训生 大数据分析培训生 质量培训生"
            },
            {
              "color": 8,
              "id": "optxupKFyE",
              "name": "3DIC系统工程师 存算研发工程师 芯片架构工程师 算法开发工程师 编译工具链工程师 数字前端设计工程师 工艺器件工程师"
            },
            {
              "color": 9,
              "id": "optM5LNrbc",
              "name": "算法开发 后台开发 应用开发 系统内核 前端开发 服务器硬件 SRE 基础网络 安全运营 海外技术支持 产品经理 产品运营 产品市场 大客户销售 商务运营 商务合作"
            },
            {
              "color": 10,
              "id": "optZ5JTQmc",
              "name": "校招生（语言类专业） 校招生（矿山地质类专业） 校招生（化工类专业） 校招生（财经法律类专业） 校招生（铁道类专业） 校招生（机电类专业） 校招生（建筑工程类专业） 校招生（管理培训生） 校招生（安全环保类） 校招生（计算机类） 校园大使"
            },
            {
              "color": 0,
              "id": "optnNIZB9E",
              "name": "城市战略咨询"
            },
            {
              "color": 1,
              "id": "optVAcpUdG",
              "name": "国际业务（英语） 国际业务（俄语） 国际业务（西班牙语） 国际业务（阿拉伯语） 国际业务（日语） 产品管理 制造管理（淮安） 制造管理（越南） 高分子材料方向 IT运维管理 人力资源管理"
            },
            {
              "color": 2,
              "id": "optOzwgsNW",
              "name": "机械工程师 电气工程师 项目工程师 项目经理 上位机开发工程师 软件开发工程师 销售工程师"
            },
            {
              "color": 3,
              "id": "optWhVtf3t",
              "name": "CADD技术支持岗 算法岗 控制应用岗 AI产品岗 生物数据岗 AI算法岗 AIDD算法岗 AI后端开发工程师 大模型算法岗 算法岗(化学方向) 药物研发-化学类 药物固态研究岗 合成实验岗 药物研发-生物类 体外生物测试岗 动物实验岗 冷冻电镜岗 蛋白纯化岗 药物研发-抗体类 抗体发现岗 抗体工程岗 抗体生物信息学研究岗 AIDD岗 体外生物岗 视觉设计师"
            },
            {
              "color": 4,
              "id": "optdpjRuQW",
              "name": "教学教研岗、竞赛教练岗"
            },
            {
              "color": 5,
              "id": "optiktt70q",
              "name": "结构工程师 岩土工程师 勘察项目工程师 暖通设计师 材料工程师 监测项目工程师 测量项目工程师"
            },
            {
              "color": 6,
              "id": "opt2ZClbz1",
              "name": "AI算法工程师 资产配置研究岗 风险管理研究岗 年金客户经理 权益研究员 企业年金基金业务管培生 投研管培生"
            },
            {
              "color": 7,
              "id": "optMbug7Tu",
              "name": "AI产品经理 硬件产品经理 软件产品经理 PMC专员 AI应用工程师 嵌入式软件工程师 硬件开发工程师 平台开发工程师 算法工程师 项目助理 董事长助理 法务专员 人力行政专员 财务专员 知识库维护与质检专员 工单处理专员 电商运营专员 华为门店体验顾问 市场专员"
            },
            {
              "color": 8,
              "id": "optjRCY9dR",
              "name": "硬件开发工程师 嵌入式软件工程师 Android开发工程师 JAVA开发工程师 软件开发工程师 测试开发工程师 海外生产计划工程师 海外PE工程师 海外财务专员 海外商务专员"
            },
            {
              "color": 9,
              "id": "optx1vRr0d",
              "name": "熟调食品营销储备干部 采购储备干部 见习医生 项目经理 饲料销售管培生 品管员 产品经理助理 营销储备干部 宠物医生助理 养殖场长 技术服务专员 生产储备干部（生猪养殖方向）"
            },
            {
              "color": 10,
              "id": "optTYvZ7zF",
              "name": "UI设计师 平面设计师 特效设计师 动画设计师 角色原画设计师 动画制作设计师 原画/模型设计师 3D模型设计师 3D特效设计师 后期制作 Java开发工程师 客户端开发工程师（C++ / C#） 客户端开发工程师（JS、C++、Lua） 产品运营 用户研究 发行运营"
            },
            {
              "color": 0,
              "id": "optvCpPYBk",
              "name": "C++程序 U3D程序 游戏策划 游戏测试 游戏运营 美术设计师"
            },
            {
              "color": 1,
              "id": "optRGdqFuu",
              "name": "专业需求为：包括但不限于地质资源与地质工 程、地质学、地球物理学、水文学及水资源、水利工程、环境科学与工程、矿业工程、安全工程、机械工程、控制科学与工程、电子科学与技术、电气工程、仪器科学与技术、信息与通信工程、计算机科学与技术、软件工程等相关专业。"
            },
            {
              "color": 2,
              "id": "optXv9AdqW",
              "name": "设计管理岗：建筑设计"
            },
            {
              "color": 3,
              "id": "optcSMFJKE",
              "name": "室内 / 环艺设计"
            },
            {
              "color": 4,
              "id": "opt9gXUdUH",
              "name": "景观园林； 城市规划岗：城市规划"
            },
            {
              "color": 5,
              "id": "optvgcVH78",
              "name": "城乡规划； 成本管理岗：工程管理"
            },
            {
              "color": 6,
              "id": "optjTYEXmW",
              "name": "造价； 数智 AI 岗：计算机"
            },
            {
              "color": 7,
              "id": "optRsGo0uT",
              "name": "物联网"
            },
            {
              "color": 8,
              "id": "optzttTbTU",
              "name": "统计学"
            },
            {
              "color": 9,
              "id": "optcVeEVOG",
              "name": "数学； 营销管理岗：市场营销（专业不限"
            },
            {
              "color": 10,
              "id": "optnIWPQ3i",
              "name": "市场营销类专业优先）； 城市研究岗：统计学"
            },
            {
              "color": 0,
              "id": "opttzUVu7l",
              "name": "数学； 客户研究岗：统计学"
            },
            {
              "color": 1,
              "id": "optxb4pRzn",
              "name": "数学； 商业运营岗：（专业不限）； 法务岗：法学"
            },
            {
              "color": 2,
              "id": "optPG0BVYk",
              "name": "全球管理培训生；供应链生产、物流、采购管理培训生；信息技术与数据分析管理培训生；商务管理培训生"
            },
            {
              "color": 3,
              "id": "opth4cUDmB",
              "name": "StartUp China Pharma Customer Engagement (Marketing)、StartUp China Pharma Market Access - NMA (National Market Access)、StartUp China Pharma Medical"
            },
            {
              "color": 4,
              "id": "optm0rEn2W",
              "name": "综合管理岗 交通运输与安全管理岗 智能管理岗 技术管理岗 会计核算岗 法务管理岗"
            },
            {
              "color": 5,
              "id": "optJP4XQJb",
              "name": "监理员 项目管理员 预算员 评估工程师 造价工程师 咨询工程师 软件工程师"
            },
            {
              "color": 6,
              "id": "opt219kbfl",
              "name": "管理培训生 产品及渠道类 风险管理类 财务管理类 纪律检查类 人力资源类 战略规划类 信息技术类 大数据类 营销管理方向 分期业务方向"
            },
            {
              "color": 7,
              "id": "opta1ErfsW",
              "name": "石油工程师、石油开发工程师、机械 / 设计工程师、电气工程师、安全 / 质量工程师、油田化学师、各类管理主管、设备 / 办公智能化、市场 / 贸易驻外主管、财务 / 审计主管、行政宣传主管、法务主管"
            },
            {
              "color": 8,
              "id": "opt43MiaNh",
              "name": "客户经理类岗位 职能类岗位 授信审查类岗位 科技研发类岗位"
            },
            {
              "color": 9,
              "id": "optziUzEoE",
              "name": "工程技术岗 商务合约岗 审计法务岗 人力资源岗 财务管理岗"
            },
            {
              "color": 10,
              "id": "optycoeb4V",
              "name": "粘合剂销售管理培训生 粘合剂技术创新管理培训生 粘合剂生产运营管理培训生 消费品管理培训生 消费品销售管理培训生 消费品供应链管理培训生"
            },
            {
              "color": 0,
              "id": "optkgGnQ7r",
              "name": "电商运营岗 外贸业务员 大客户销售 西班牙语业务员 活动企划岗 营销策划岗 平面设计师 视频剪辑师 材料规划岗 服装开发岗 鞋设计师 图案设计师 配件设计师 服装设计师"
            },
            {
              "color": 1,
              "id": "optgaEgYyk",
              "name": "机械类 电气类 力学类 化工与环境类 材料类 软件类 能源类 土木类"
            },
            {
              "color": 2,
              "id": "optW2YlcsW",
              "name": "研发 技术 市场 营销 设计 职能"
            },
            {
              "color": 3,
              "id": "opteMGFNvx",
              "name": "电子设计工程师 仿真设计工程师 自动化机械设计工程师 AI算法工程师 自动化电控设计工程师 Unity 3D工程师 软件设计工程师 后端工程师 IE工程师 硬件测试工程师 设备工程师 制造工程师 模具/注塑成型工程师 电控组装工程师 产品管理工程师 项目管理工程师 焊接工程师 失效分析工程师 AOI测试工程师 品质工程师 QE工程师 实验室工程师 生管/采购管理师 业务代表"
            },
            {
              "color": 4,
              "id": "optvhbgTPN",
              "name": "机械动力系统方向 生产技术方向 CAE方向"
            },
            {
              "color": 5,
              "id": "optzsGktUS",
              "name": "市场应用管理培训生 生产运营管理培训生"
            },
            {
              "color": 6,
              "id": "optcvrdMF0",
              "name": "不动产金融岗、REITs研究岗"
            },
            {
              "color": 7,
              "id": "optgrKDu4Y",
              "name": "材料类、生化医药类、机械自动化类、电子与信息类、经管经济类、文旅类、语言类、设计类、传媒文史类等"
            },
            {
              "color": 8,
              "id": "optxxfSNmh",
              "name": "电商类（电商运营、电商推广、直播运营、平台运营）；商品类（产品企划、内容策划、商品计划、商品运营）；研发类（产品研发（科学育种、智能穿戴、非织造、染整等））；市场类（市场营销、品牌公关、社媒营销、市场推广）；设计类（平面设计、包装设计、服装设计、陈列设计）；供应链类（采购管理、物流管理、质量管理）；销售类（渠道管培生、大客户销售）；零售类（零售管培生、工程管理、门店拓展）；职能类（财务管理、人力资源、数据分析、客户服务）"
            },
            {
              "color": 9,
              "id": "optVFt2xRw",
              "name": "现场管理线:仓储运营； 职能线:质控、采控、维保、客服、精益生产、人力资源等"
            },
            {
              "color": 10,
              "id": "opt1S5tWt2",
              "name": "管理培训生、运营培训生"
            },
            {
              "color": 0,
              "id": "optZ4uW9pV",
              "name": "产品研发、品质管理、国际贸易"
            },
            {
              "color": 1,
              "id": "optF8L3KL1",
              "name": "研发技术类 营销服务类 生产制造类"
            },
            {
              "color": 2,
              "id": "opthGLs6IX",
              "name": "CRA（药学相关专业）"
            },
            {
              "color": 3,
              "id": "optHGmS43q",
              "name": "医学专员（临床医学相关专业）"
            },
            {
              "color": 4,
              "id": "optbmYRCJ7",
              "name": "转化医学研究员（药理学、生物信息学相关）"
            },
            {
              "color": 5,
              "id": "optqIhU9mR",
              "name": "活性研究员（生物学、药理学相关专业）"
            },
            {
              "color": 6,
              "id": "optWtCny6P",
              "name": "药物合成研究员（药物化学、有机化学相关）"
            },
            {
              "color": 7,
              "id": "optFHs0ps4",
              "name": "制剂研究员（药学相关专业）"
            },
            {
              "color": 8,
              "id": "opt5uk4mLw",
              "name": "分析研究员（药学相关专业）"
            },
            {
              "color": 9,
              "id": "optcMNGdu1",
              "name": "调研专员（医学、药学相关专业）"
            },
            {
              "color": 10,
              "id": "optrxGOT5C",
              "name": "EHS 工程师（环境、安全相关专业）"
            },
            {
              "color": 0,
              "id": "optMNKusBj",
              "name": "电气工程师（电气、机械、机电相关）"
            },
            {
              "color": 1,
              "id": "optHKRr7p5",
              "name": "自控工程师（自动化相关专业）"
            },
            {
              "color": 2,
              "id": "opt7elwtMt",
              "name": "生产技术管培生（药学、机械类相关）"
            },
            {
              "color": 3,
              "id": "optKSU4Grf",
              "name": "QC（药学相关专业）"
            },
            {
              "color": 4,
              "id": "opty3DDyBG",
              "name": "QA（药学相关专业）"
            },
            {
              "color": 5,
              "id": "optr12qc56",
              "name": "产品专员（医药相关专业）"
            },
            {
              "color": 6,
              "id": "optRf24kvE",
              "name": "医学专员（临床医学、药学相关专业）"
            },
            {
              "color": 7,
              "id": "optr5UdJ9x",
              "name": "政府事务专员（药学、药物经济学）"
            },
            {
              "color": 8,
              "id": "optwcCQevC",
              "name": "会计（财务、统计、审计、数据类）"
            },
            {
              "color": 9,
              "id": "optj6CASrF",
              "name": "医药代表（医药相关专业）"
            },
            {
              "color": 10,
              "id": "optg4t5Xl6",
              "name": "推广专员（医药相关专业）"
            },
            {
              "color": 0,
              "id": "optS9BJW5D",
              "name": "药店 KA 专员（医药相关专业）"
            },
            {
              "color": 1,
              "id": "optJNOl4ig",
              "name": "分销专员（医药、财务、营销相关）"
            },
            {
              "color": 2,
              "id": "optDTn1G9S",
              "name": "商务专员（财务、金融类相关专业）"
            },
            {
              "color": 3,
              "id": "optz4VnDNi",
              "name": "行车调度岗、客运服务岗、设备维护岗、安全管理岗、人力资源岗、法律合规岗"
            },
            {
              "color": 4,
              "id": "optWoYo0Px",
              "name": "产品研发工程师 产品导入工程师 气相硅碳研发工程师 硬炭研发技术员 基础研究工程师 石墨化工艺工程师 资源开发工程师 工艺技术员 工艺工程师 工艺开发工程师 项目管理岗 财务岗 采购岗 产品管理岗 品牌岗 法务岗 计划岗 人力资源岗 行政岗 销售岗 综合岗 成本造价岗 厂务岗 数字化产品开发工程师 运营岗 质量工程师 IE岗 设备工程师 生产管理岗 分析工程师"
            },
            {
              "color": 5,
              "id": "optAXcUw7Q",
              "name": "研发工程师 机电工程师 工艺工程师 销售工程师 生产管理岗 职能管理岗"
            },
            {
              "color": 6,
              "id": "optNxcvg8H",
              "name": "焊接工程师 电气工程师 包装工程师 生产管理 质量管理 物流管理 生产计划管理 财务管理 采购管理 人力资源管理 后勤管理"
            },
            {
              "color": 7,
              "id": "optyJNYtrV",
              "name": "光学 算法 软件 电气 机械 供应链 生产制造 现场支持"
            },
            {
              "color": 8,
              "id": "optOqQiqoS",
              "name": "游戏原画师 场景原画师 3D动作 系统策划 剧情任务策划 玩法&战斗策划 TA 客户端程序"
            },
            {
              "color": 9,
              "id": "optcWSSdVZ",
              "name": "管培生 客服助理 工程维修员"
            },
            {
              "color": 10,
              "id": "optKNcdduh",
              "name": "材料开发类 电子设计类 仿真设计类 光学设计类 结构开发类 面板设计类 器件开发类 新型显示技术类"
            },
            {
              "color": 0,
              "id": "optxaZEWgj",
              "name": "化工类 电气仪表类 机械设备类 地测采选类 安全环保类 管理类"
            },
            {
              "color": 1,
              "id": "optiWdTcVw",
              "name": "硬件工程师 结构工程师 测试工程师 电气工程师 DSP软件工程师 ARM软件工程师 配电工程师 销售工程师"
            },
            {
              "color": 2,
              "id": "opt0tK7X9C",
              "name": "AI算法工程师 AI算法工程师（大模型研发） AI算法工程师（供应链AIGC方向） AI算法工程师（云计算方向） AI算法工程师（多模态边缘智能硬件方向） AI算法工程师（工业机器人研发） 数据分析工程师 大数据开发工程师 AI产品经理 咨询顾问（智能炼化） 咨询顾问（智能油气） 云计算工程师 AI开发工程师（python、java、web） 智能建筑工程师 电气实施工程师 系统集成工程师 咨询顾问（人工智能） 咨询顾问（智能制造方向） 咨询顾问（财金） ERP咨询顾问 咨询顾问（油气） 咨询顾问（油气储运） 咨询顾问（炼化） 咨询顾问（新能源） 咨询顾问 自控工程师 咨询顾问（油气方向）"
            },
            {
              "color": 3,
              "id": "optukM900F",
              "name": "海外客户经理 海外注册专员 海外技术服务经理 客户经理 产品经理 技术服务经理 工艺工程师 生产技术员 工艺员 质检员 研发工程师 检测工程师 市场管理 人力资源管理 财务管理"
            },
            {
              "color": 4,
              "id": "optfiOD29Q",
              "name": "Java工程师 前端工程师 测试工程师 运维工程师 售前工程师 产品专员 项目助理 视觉设计师 实施工程师 HR专员 会计专员 运营专员 数据分析专员 技术支持工程师 商务助理"
            },
            {
              "color": 5,
              "id": "optbgZgOEw",
              "name": "安全类 财务类 法律类 工程类 技术类(水电)"
            },
            {
              "color": 6,
              "id": "optflAtZVO",
              "name": "运营管培生 营销策划管培生 供应链管培生 关键职能管培生"
            },
            {
              "color": 7,
              "id": "opt2ExsJ5F",
              "name": "机械工程师 电气控制工程师 软件工程师 流体仿真工程师 液压工程师 传热工程师 光机工程师 工艺工程师 现场应用工程师 调试工程师"
            },
            {
              "color": 8,
              "id": "optp6ew1ZU",
              "name": "AI算法工程师 大模型/语言/感知/定位/导航方向 产品管培生 软件开发工程师 硬件开发工程师 AI应用开发工程师 AI软件工程师 平台系统开发工程师 交互设计师 IT工程师 装备工程师 NPI工程师 测试开发工程师 软件测试工程师 硬件测试工程师 大客户销售 海外售前产品经理 订单履行专员 采购工程师 制造导入工程师 工艺工程师 计划工程师 制造工程师 质量工程师 可靠性工程师 人力 财经 运营 流程管理 文控管理"
            },
            {
              "color": 9,
              "id": "optIrGVUPo",
              "name": "研发 中试 工艺 装备 产品 市场 质量 质检 国内销售 海外销售"
            },
            {
              "color": 10,
              "id": "optdbBwO2E",
              "name": "博士研发岗 技术研发岗 市场营销岗 综合职能岗"
            },
            {
              "color": 0,
              "id": "optL88NVDM",
              "name": "软件产品规划 K8S开发运维工程师 数字电路工程师 电子吊舱结构工程师 嵌入式AI算法工程师 嵌入式硬件开发工程师 无人机测试工程师 无人机航电工程师 视觉算法工程师 UE美术工程师 交通元宇宙理论研究员 元宇宙引擎/框架研发工程师 元宇宙硬件研发工程师 元宇宙知识建模工程师 人工智能研发工程师 机械设计工程师 软件开发工程师 人工智能工程师 机器人仿真与控制工程师 机器人设计工程师 电机控制工程师 新能源工程师 新材料工程师 测试工程师 数据工程师 行政文秘 法务风控 人力资源管理 科研财务管理 战略与情报研究 科研协同创新 科技管理 实验室科研助理"
            },
            {
              "color": 1,
              "id": "opt4EkkA0F",
              "name": "销售管培生(储备干部) 外贸管培生 期现交易员 物流专员 销售助理 采购助理 数据统计员 人力资源专员"
            },
            {
              "color": 2,
              "id": "opt017WDLE",
              "name": "项目管理岗位(客服)"
            },
            {
              "color": 3,
              "id": "optUVfrxji",
              "name": "Development Graduate Programme Commercial Programme Technical Programme"
            },
            {
              "color": 4,
              "id": "optO4NjpaC",
              "name": "储备督导 批市采购 国内采购 国际采购 物流管理 总裁助理 总部职能方向 业务支持"
            },
            {
              "color": 5,
              "id": "optYaHTzpb",
              "name": "工艺技术储备 设备技术储备 品检 安全 环保 生产 维保 营销 采购 期货 冶金 材料 机械 财务 人力 行政 电气 热动 生产计划 外联 金融 财会 管理 智能制造 物流 调度 计算机 工程"
            },
            {
              "color": 6,
              "id": "opt8edCGsJ",
              "name": "研发工程师 工艺工程师 质量工程师 机械工程师 电气工程师 加工工程师 生产管理 销售工程师"
            },
            {
              "color": 7,
              "id": "optALeEZkv",
              "name": "市场开发岗 项目研发岗 工程技术岗 安全环保岗"
            },
            {
              "color": 8,
              "id": "optFMIvIZO",
              "name": "设计咨询类岗位 技术研发类岗位 勘测类岗位 施工类岗位"
            },
            {
              "color": 9,
              "id": "opthAPXTpK",
              "name": "制造管理 国际市场管理 供应链管理 研发项目管理 产品工程师 研发工程师 结构工程师 系统工程师 研究员 工业设计师 体系专员 国际注册专员 注册专员 临床评价专员 (PE)工艺工程师 注塑工程师 自动设备工程师 生产技术工程师 HRBP专员 计划专员 订单管理专员 销售代表"
            },
            {
              "color": 10,
              "id": "optZ9ebXgP",
              "name": "水工设计 电气设计 水文设计 地质勘察 摄影测量与遥感 环境评价"
            },
            {
              "color": 0,
              "id": "optONfy9dv",
              "name": "机械研发工程师 液压研发工程师 动力研发工程师 智能研发工程师 会计 信息化管理员 法律风控专员 现场技术员 海外营销员"
            },
            {
              "color": 1,
              "id": "optQ45yMp9",
              "name": "研发工程师 销售工程师 实施工程师 技术支持工程师 研发技术储备工程师"
            },
            {
              "color": 2,
              "id": "optgcLHyLs",
              "name": "数字前后端设计类 模拟设计类 软件开发类 验证类 FPGA类 AI研发及算法类 芯片测试类"
            },
            {
              "color": 3,
              "id": "optt8LDStF",
              "name": "航空工艺设计师 机械设计师 电气设计师 工艺设计师（AI大模型方面） 工艺总体工程师 物流工艺工程师"
            },
            {
              "color": 4,
              "id": "optLbV8Bug",
              "name": "经营管理类 养殖技术类 生产管理类 研发技术类 工程技术类 职能管理类"
            },
            {
              "color": 5,
              "id": "optmv3zSJH",
              "name": "聚变科研岗"
            },
            {
              "color": 7,
              "id": "optjIsmTyy",
              "name": "营销培训生 调试/系统调测/售后工程师 临床工程师/科研专家 机械/电子/软件（C++、JAVA）/算法（AI）工程师"
            },
            {
              "color": 8,
              "id": "optmaJASX2",
              "name": "算法工程师 BSP 助理工程师、安卓系统助理工程师、安卓应用助理工程师、电子设计助理工程师、电源系统软件设计助理工程师、电源系统硬件设计助理工程师 软 / 硬件测试工程师、自动化测试开发工程师 软 / 硬件产品工程师、信息化系统产品工程师 项目管理管培生（英语 | 韩语 | 日语）） 海外销售工程师（英语 | 韩语 | 日语）、国内销售工程师 供应链管培生、人力资源管培生 质量工程师"
            },
            {
              "color": 9,
              "id": "optcBQ0gRr",
              "name": "电气设备研发设计 机械设备研发设计 机电控制研发设计 算法工程师 动力设备研发设计 软件开发工程师 数据工程师 应用系统管理员 服务工程师 市场营销管理 电磁兼容检测工程师"
            },
            {
              "color": 10,
              "id": "optZ7oeGP2",
              "name": "测试工程师(智能驾驶及数据分析大类) 检测工程师(汽车整车及零部件大类)"
            },
            {
              "color": 0,
              "id": "opt5dc60ph",
              "name": "模拟集成电路设计工程师 数字集成电路工程师"
            },
            {
              "color": 1,
              "id": "opt1y4Cjr7",
              "name": "研发工程师 工艺工程师 质量工程师 采购工程师 IT工程师 产品策划 营销策略 区域销售 现场工程师 人力资源 财务管理 战略规划 党建"
            },
            {
              "color": 2,
              "id": "optM7KNoC3",
              "name": "供应链专员 质量工程师 制造工程师"
            },
            {
              "color": 3,
              "id": "optI68bPYT",
              "name": "消费者数据分析师 消费者营销顾问 数据咨询顾问 数据科学家 技术咨询顾问"
            },
            {
              "color": 4,
              "id": "opt0OaQSqE",
              "name": "桂尖岗位 人工智能工程师 FPGA开发工程师 测试工程师 驱动工程师 射频工程师 硬件开发工程师 软件开发工程师 通信算法高级工程师 产品工程师 执行工程师 实施工程师 SMT技术员 测试技术员 产品技术员 分析技术员 工艺技术员 质量技术员 计划员 解决方案经理 销售经理"
            },
            {
              "color": 5,
              "id": "opt7ZOkYIk",
              "name": "机械设计岗 软件设计岗 电子电气岗 FPGA开发岗 控制开发岗 光学工艺岗 硬件开发岗"
            },
            {
              "color": 6,
              "id": "optENCVjlk",
              "name": "电子与通信类 计算机与软件类 控制工程与仪器仪表类 机械工程类"
            },
            {
              "color": 7,
              "id": "optHu6EtBj",
              "name": "自动化工程师 组装工艺工程师 设备工程师 柔板产品开发工程师 柔板工艺工程师 工业工程师 测试设备机构设计工程师 测试工程师 设计工程师 质量工程师 新产品工程师 研发工程师 数据治理工程师 AI工程师 大数据分析工程师 光学/图像算法工程师 智能物流工程师 系统开发工程师 成本会计 账务会计 人力资源专员 项目管理工程师 采购工程师"
            },
            {
              "color": 8,
              "id": "opthtnLMZx",
              "name": "机械工程师 工业组态平台开发工程师 嵌入式硬件工程师 液压研发工程师 硬件开发工程师（以太网通信） 硬件开发工程师（电子技术） 嵌入式软件工程师 电气工艺工程师 机器人算法工程师 具身智能工程师 电气工程师 电力电子工程师"
            },
            {
              "color": 9,
              "id": "optlgDD6ru",
              "name": "医生 护士 康复治疗师 个案管理 医技 医务 文旅销售 导游 酒店服务管理 疗愈产品策划 工程管理 物业管理 客户服务 人力 财务 行政 品牌宣传 招采管理 医疗管理 社会工作 餐饮管理 市场营销 人力资源 供应链管理 经营分析"
            },
            {
              "color": 10,
              "id": "optHBUJTXQ",
              "name": "管培生(人力资源) 管培生(营销方向)"
            },
            {
              "color": 0,
              "id": "opt2KrvrM9",
              "name": "销售拓展类 商务产品类 客户服务类 操作单证类"
            },
            {
              "color": 1,
              "id": "optwbhGOkt",
              "name": "营销服务类 研发育种类 生产技术类"
            },
            {
              "color": 2,
              "id": "opttTQGaBo",
              "name": "制药工程、医学、药学、中药学、检验学 护理学、生物医药、化学、审计、财务管理 会计、金融、环境、给排水、机械、 机电一体化、自动化、电气等相关专业"
            },
            {
              "color": 3,
              "id": "opt6Mrf29Q",
              "name": "技术类 研发技术|产品设计|工程设计|产品调试 产品工艺|技术支持...... 营销类 国内营销经理|海外营销经理 市场管理|市场支持...... 管理类 生产管理|供应链管理|法务|审计 财务管理|行政管理|人力资源管理 党群管理......"
            },
            {
              "color": 4,
              "id": "optmgnVyYF",
              "name": "软件工程员、销售工程师、外贸业务员、产品设计师、研发工程师、制造管培生、供应链管培生、"
            },
            {
              "color": 5,
              "id": "opt4nJmovf",
              "name": "下属各单位岗位（具体见官方公告及投递方式链接）"
            },
            {
              "color": 6,
              "id": "optREDQwlQ",
              "name": "包括但不限于地质资源与地质工程、地质学、地球物理学、水文学及水资源、水利工程、环境科学与工程、矿业工程、安全工程、机械工程、控制科学与工程、电子科学与技术、电气工程、仪器科学与技术、信息与通信工程、计算机科学与技术、软件工程等相关专业"
            },
            {
              "color": 7,
              "id": "optcSsPGXr",
              "name": "土木工程、工程管理、工程造价、电气工程及其自动化等专业"
            },
            {
              "color": 8,
              "id": "optAWMbFfo",
              "name": "机械设计岗、软件设计岗、电子电气岗、FPGA开发岗、控制开发岗、光学工艺岗"
            },
            {
              "color": 9,
              "id": "optZAIFlmF",
              "name": "集成电路工程、集成电路设计与集成系统、电子科学与技术、微电子学与固体电子学、微电子科学与工程、物理电子学、电路与系统、电子信息工程等相关专业"
            },
            {
              "color": 10,
              "id": "opterlHDJ9",
              "name": "研发类、生产管理类、质量类、自动化与设备管理类、市场类、职能管理类"
            },
            {
              "color": 0,
              "id": "opt70hmHj3",
              "name": "材料研发、市场开发、工艺技术、财务资金、技术支持、供应链管理、生产品质、人力资源、装备管理、信息化"
            },
            {
              "color": 1,
              "id": "optfx9WvKS",
              "name": "VLA算法工程师、具身操作算法工程师、强化学习算法工程师、模仿学习算法工程师、硬件工程师、技术支持工程师、大规模算法工程师、具身导航算法工程师、遥感传感器工程师、机械工程师、软件工程师、售后维修工程师、销售"
            },
            {
              "color": 2,
              "id": "optkOsZXuA",
              "name": "研发类岗位、工程类岗位、智能制造类岗位、市场销售类岗位"
            },
            {
              "color": 3,
              "id": "optiE9QZrZ",
              "name": "研发工程师、研发助理、技术服务工程师、工艺工程师"
            },
            {
              "color": 4,
              "id": "optPkXuEeh",
              "name": "软件/算法类、硬件/射频类、测试/结构类、市场类岗位、职能类岗位"
            },
            {
              "color": 5,
              "id": "optUJbFboG",
              "name": "研发类、制造类、客户服务、其他部门"
            },
            {
              "color": 6,
              "id": "optCQ2YAgg",
              "name": "硬件电源工程师、WEB前端、Java开发、嵌入式软件工程师、软件测试、技术工程师、销售管理生、售前销售顾问、客户运营管理专员、供应链专员、新媒体运营"
            },
            {
              "color": 7,
              "id": "optkb28gSh",
              "name": "生物、化学、食品、发酵、制药、医学、营养、高分子、应用化学、材料、化工、化工机械、过程装备与控制、英语/日语等专业"
            },
            {
              "color": 8,
              "id": "optJQerHmG",
              "name": "AI算法工程师、模拟IC设计工程师、数字设计工程师、测试工程师、AE应用工程师/硬件工程师"
            },
            {
              "color": 9,
              "id": "optFGmuMaV",
              "name": "研发类、技术类、业务类、职能类、技能类"
            },
            {
              "color": 10,
              "id": "optoWNxLZj",
              "name": "AI编译器工程师、AI算法工程师、模拟IC设计工程师、海外营销管理生"
            },
            {
              "color": 0,
              "id": "optsDK4aN9",
              "name": "销售赋能专员。助理工程师"
            },
            {
              "color": 0,
              "id": "optROaBHV7",
              "name": "综合工艺员/检验技术员 系统工程师 结构工程师 热动工程师 热控工程师 氢能工程师 数字化工程师 岩土工程师 安全工程师 道路工程师 国际业务管理 造价工程师 通信工程师 项目经理 导航与制导控制系统集成与验证设计师 "
            },
            {
              "color": 1,
              "id": "optxqIjUqS",
              "name": "产品开发 / 生产制造（机械类、电气类、材料类、能源与动力工程、船舶与海洋工程、轮机工程、油气储运工程、暖通工程、过程装备与控制工程、化学工程与工艺、自动化、车辆工程、计算机等相关专业）"
            },
            {
              "color": 2,
              "id": "optlz0HX2J",
              "name": "技术工艺 / 技术管理 / 品质管理（机械类、电气类、材料类、化工类、自动化、车辆、计算机类、焊接技术与工程、船舶与海洋工程、电力电子、轮机专业、油气储运工程、过程装备与控制工程、深冷专业、质量管理等相关专业）"
            },
            {
              "color": 3,
              "id": "optUfdP4I2",
              "name": "销售管理 / 市场管理 / 运营管理 / 资源采购（机械类、材料类、车辆、自动化、过程装备与控制工程、船舶与海洋工程、物流、供应链管理、市场营销、国际经济与贸易、商务英语、小语种（西班牙语、法语、阿拉伯语）、俄语等相关专业）"
            },
            {
              "color": 4,
              "id": "optZAEPWbf",
              "name": "人力资源 / 财务金融（人力资源管理、会计学、金融、工商管理、技术类理工科（机械类、电气类、过程装备与控制工程、化工类、交通运输类）相关专业和管理类相关专业）"
            },
            {
              "color": 5,
              "id": "optW5ngYw4",
              "name": "产品工程师&工艺仿真工程师"
            },
            {
              "color": 6,
              "id": "optPb5DqIu",
              "name": "研发工程师（材料科学、高分子化学、应用化学等化学、材料类相关专业）"
            },
            {
              "color": 7,
              "id": "optBpcPhjw",
              "name": "产品助理 / 经理（热能方向）（供热供燃气通风及空调工程、建筑环境与能源应用工程、建筑环境与能源工程等相关专业）"
            },
            {
              "color": 8,
              "id": "opthjRPSCt",
              "name": "热能研发工程师（源侧）（能源与动力工程、动力工程及工程热物理、热能工程等相关专业）"
            },
            {
              "color": 9,
              "id": "optoce50k1",
              "name": "热能研发工程师（网侧）（热能工程、动力工程、供热供燃气通风及空调工程、应用数学、控制工程、计算机科学与技术等相关专业）"
            },
            {
              "color": 10,
              "id": "optGA2NF04",
              "name": "算法工程师（管理科学与工程、计算机应用技术、系统分析与集成、应用数学、控制理论与控制工程、系统工程等相关专业）"
            },
            {
              "color": 0,
              "id": "optfHaeSlA",
              "name": "技术咨询工程师（建筑环境与能源应用工程、暖通、热能、能源与动力等相关专业）"
            },
            {
              "color": 1,
              "id": "optSDG4WE1",
              "name": "机械设计工程师（研磨机）"
            },
            {
              "color": 2,
              "id": "optXHAhwHS",
              "name": "机封装配工程师"
            },
            {
              "color": 3,
              "id": "optOveoTKy",
              "name": "选矿工程师"
            },
            {
              "color": 4,
              "id": "optjeHds0s",
              "name": "高级机械工程师（博士）"
            },
            {
              "color": 5,
              "id": "optnc2Wk10",
              "name": "机械设计工程师（机床）"
            },
            {
              "color": 6,
              "id": "optYXPxJ4p",
              "name": "机械设计工程师（电池破碎拆解线）"
            },
            {
              "color": 7,
              "id": "optFSKX2Ou",
              "name": "成本会计"
            },
            {
              "color": 8,
              "id": "optytBtow2",
              "name": "财务实习生"
            },
            {
              "color": 9,
              "id": "optQ5Ai60e",
              "name": "项目申报工程师"
            },
            {
              "color": 10,
              "id": "opthyc39Gl",
              "name": "人力资源实习生"
            },
            {
              "color": 0,
              "id": "optP3YNftj",
              "name": "行政文秘"
            },
            {
              "color": 1,
              "id": "opt3uI71Aw",
              "name": "实习主播"
            },
            {
              "color": 2,
              "id": "optrCkmf1q",
              "name": "项目经理"
            },
            {
              "color": 3,
              "id": "optgntBgwi",
              "name": "给排水设计"
            },
            {
              "color": 4,
              "id": "opt0BnJDvB",
              "name": "装配钳工"
            },
            {
              "color": 5,
              "id": "optbKLZSSW",
              "name": "机械电气类（机械设计制造以及自动化、电气工程以及自动化）"
            },
            {
              "color": 6,
              "id": "optYoFnUI3",
              "name": "冶金材料类（材料成型及控制工程、冶金工程）"
            },
            {
              "color": 7,
              "id": "optrSAQonT",
              "name": "信息技术类（软件工程、网络工程、计算机科学与技术、机器人工程）"
            },
            {
              "color": 8,
              "id": "opt2rVQF5z",
              "name": "产品营销类（市场营销、国际贸易、商务英语、商务俄语、工商管理、企业管理）"
            },
            {
              "color": 9,
              "id": "opty9ewACr",
              "name": "专业管理类（人力资源、财务管理、工业工程、安全工程）"
            },
            {
              "color": 10,
              "id": "opt2yE6V4o",
              "name": "政策研究主管（销售支持主管） 市场主管 销售经理 门店运营专员 电商主播 大客户销售经理 督导 拍摄剪辑专员 实施工程师 融资岗 储备干部 系统工程师 综合运营专员 AIDD BA/BD 模型开发 临床药理专员 医学专员 临床监查员 生物合成初级或中级研究院 药化研究员 药物安全评估员 新药发现研究员 精准治疗初级研究员 财务应用运维专员 财务储备干部（综合工作方向） 初级资金管理师 财务储备干部（合并报表、战略分析方向） 财务信息化专员 财务专员 效能分析岗 信用风险管理岗 财务BP"
            },
            {
              "color": 0,
              "id": "opto39gKeR",
              "name": "工学 医学 管理学 经济学 农学 法学 理学 文学"
            },
            {
              "color": 1,
              "id": "optKKso9at",
              "name": "游戏策划 游戏开发 分镜师 文案策划 场景模型 动画师 视频设计/合成"
            },
            {
              "color": 2,
              "id": "optqjsdsDg",
              "name": "运营类 品牌市场类 产研类 设计类 供应链类 职能类（渠道运营"
            },
            {
              "color": 3,
              "id": "optH3UWQoE",
              "name": "市场营销"
            },
            {
              "color": 4,
              "id": "optT5F4oi0",
              "name": "海外营销"
            },
            {
              "color": 5,
              "id": "opt0oQetbQ",
              "name": "编导"
            },
            {
              "color": 6,
              "id": "optPtIFhNz",
              "name": "人力资源专员"
            },
            {
              "color": 7,
              "id": "optwUTedMU",
              "name": "供应计划"
            },
            {
              "color": 8,
              "id": "optRUKbeWr",
              "name": "视觉设计"
            },
            {
              "color": 9,
              "id": "optNnCtzSd",
              "name": "产品开发"
            },
            {
              "color": 10,
              "id": "opt12n0kvv",
              "name": "数字化产品"
            },
            {
              "color": 0,
              "id": "optQ9XzTZ2",
              "name": "海外渠道运营）"
            },
            {
              "color": 1,
              "id": "opt6lcGyaQ",
              "name": "软件工程师 PE工程师 机械工程师 流体机械工程师 产品工程师 运动控制工程师 项目工程师 工艺及测试工程师 销售工程师 技术支持工程师 IE技术员 生产储干 客服跟单员 设备测试技工 CNC操作员 电气装配技工 机械装配技工 质量管理工程师 海外品质工程师 人力资源专员"
            },
            {
              "color": 2,
              "id": "opttsQ8mbS",
              "name": "科研开发类 产品设计类 智造工艺类 运维服务类 质量检测类 项目管理类 生产管理类 职能管理类"
            },
            {
              "color": 3,
              "id": "opt1Bu29zi",
              "name": "工程技术岗 职能管理岗"
            },
            {
              "color": 4,
              "id": "optELZtcOh",
              "name": "方案设计师 施工图设计师 效果图设计师 BIM设计师 质量/施工 决算 深化设计 法务 IT 投标 人力 商务助理"
            },
            {
              "color": 5,
              "id": "optj7290so",
              "name": "分析研究员 合成研究员 制剂CDMO研发 工艺研究员 项目负责人 报价专员 运营专员 效率提升专员 PM HR专员 临床&终端销售经理 产品专员 制造工程师"
            },
            {
              "color": 6,
              "id": "opt6uwGW7c",
              "name": "机器人软件工程师 机器人算法工程师 AI算法工程师 视觉算法工程师 机械工程师 测试工程师 技术支持工程师"
            },
            {
              "color": 7,
              "id": "optTKbJJ8q",
              "name": "海外销售 法务 海外技术支持 管培生（研发方向） 储备干部 设备工艺技术员 管培生（职能方向）工艺工程师 设备助理工程师 化工学员"
            },
            {
              "color": 8,
              "id": "optzzkvAUQ",
              "name": "顾问型房产经纪人"
            },
            {
              "color": 9,
              "id": "optVLPs7JT",
              "name": "电气设计研发 仪控研发 机械设计研发 化工设备研发 等离子体系统自动控制研发 核工程与新能源技术系专任教师 体育系专任教师岗 外语系专任教师 艺术设计专任教师 经济系专任教师 管理与传媒系专任教师 电计系专任教师 自动化专任教师 资源勘查与土木工程系专任教师 基础教学部文学专任教师 基础教学部专任教师 基础教学部数学专任教师 马克思主义学院思政课教师 基础教学部军事理论专任教师 经管中心专任实验教师 包层工程技术研究岗 装置物理设计与理论研究岗 实验物理与诊断研究岗 主机工程技术研究岗 加热与电流驱动研究岗 控制与信息技术研究岗 材料性能测试 电气工程技术研究岗 网络安全 数字化转型 施工管理A 网信基础设施 施工管理B 施工管理C 项目管理岗 监督执纪岗"
            },
            {
              "color": 10,
              "id": "optJD57AAp",
              "name": "嵌入式软件工程师 硬件设计工程师 信号处理工程师 射频工程师 算法工程师 电磁兼容工程师 通信协议栈软件工程师 芯片验证工程师 BSP软件工程师 射频芯片工程师 导航定位测试工程师 技术支持工程师 软件测试工程师 市场管培生"
            },
            {
              "color": 0,
              "id": "optlkOrwJt",
              "name": "产品结构设计 碳纤维研发工程师 减速器研发工程师 电机研发工程师 电控研发工程师 硬件工程师 软件工程师 运动控制工程师 声学产品研发 强化学习算法工程师 工业设计工程师 工艺工程师 质量工程师 设备工程师 生产储干 销售工程师 信息工程师 计划专员 供应商管理 采购 项目管理工程师 电商运营 职能管培生"
            },
            {
              "color": 1,
              "id": "optB1Q1YGZ",
              "name": "合成研究员 分析研究员 制剂研究员 分析助理研究员 营销管培生 生产管培生 人力资源管培生"
            },
            {
              "color": 2,
              "id": "optMbXj3pA",
              "name": "建筑设计 景观设计 室内设计 城乡规划 结构设计 给水排水 暖通空调 建筑电气"
            },
            {
              "color": 3,
              "id": "opt8swwtZL",
              "name": "运输技术 信号技术 通信技术 车辆技术 供电技术 机电技术 工建技术 市场经营 小语种翻译 博士后科研岗 投融资 财务 法务 中文"
            },
            {
              "color": 4,
              "id": "optx4LFTii",
              "name": "管理培训生 管理培训生（金融市场方向） 金融科技培训生 金融业务培训生"
            },
            {
              "color": 5,
              "id": "optQXDgNh9",
              "name": "技术研发 产品管理 解决方案 项目实施 运营服务"
            },
            {
              "color": 6,
              "id": "optzX3Nnyk",
              "name": "项目管理岗 工程管理岗 康养业务类岗位 数字化运营类岗位"
            },
            {
              "color": 7,
              "id": "optEucxZDJ",
              "name": "定向培训生（设计师） 定向培训生（版师） 定向培训生（工艺师） 定向培训生（商品企划） 定向培训生（物流）"
            },
            {
              "color": 8,
              "id": "optH6MnAZt",
              "name": "试剂开发/研发工程师 软件开发工程师 机械结构工程师 电子工程师 可穿戴设备工程师 测序研发工程师 临床试验工程师 酶研发工程师 质控品研发工程师 营销管培生 技术管培生 发酵技术员 纯化技术员 QC检验员 QA技术工程师 制剂技术员 工艺研究员 财务管培生 法务管培生 人力资源管培生 AI工程师 基金管培生"
            },
            {
              "color": 9,
              "id": "optVYaIiwX",
              "name": "外贸业务员 服务工程师 智能物流工程师"
            },
            {
              "color": 10,
              "id": "optoS0PfOg",
              "name": "算法工程师-深度学习方向 算法工程师-SLAM方向 算法工程师-数据挖掘与仿真方向 算法工程师-规划控制方向 软件研发工程师-应用软件开发 软件研发工程师-中间件开发 软件研发工程师-数据闭环 测试工程师-仿真与自动化测试 测试工程师-数据与应用测试"
            },
            {
              "color": 0,
              "id": "optjPu8NTU",
              "name": "设备终测工程师 项目工程师 生产工程师 新产品导入工程师 生产计划工程师 生产工艺工程师 工业工程工程师 产品生命周期管理工程师 体系工程师 客户质量工程师 供应链计划工程师 供应商质量工程师 采购工程师 环境健康安全工程师 质量工程师 安全工程师 ESG工程师"
            },
            {
              "color": 1,
              "id": "opt3nkEdX8",
              "name": "设备工程师 工艺工程师 工业工程师 量产产品管控部门工程师 产品工程师 制造部生产主管(需倒班) 质量工程师 工艺技术员(需倒班) 设备技术员(需倒班) 人力资源发展项目 采购专员 财务专员 供应链专员 生产计划专员"
            },
            {
              "color": 2,
              "id": "optzqEKzBb",
              "name": "光学工程师 软件算法工程师 嵌入式控制工程师 软件开发工程师 机械设计工程师 工艺工程师 电气控制工程师"
            },
            {
              "color": 3,
              "id": "opt0zVwo4T",
              "name": "制造类 质量类 设备类 物流类 职能类"
            },
            {
              "color": 4,
              "id": "optl81N4ND",
              "name": "软件开发岗 全面风险管理岗 运营管理岗 招标采购岗 采购管理岗 咨询评估岗 项目评估审查岗 安全咨询岗 设备监理岗 项目管理岗"
            },
            {
              "color": 5,
              "id": "optsxr4msN",
              "name": "能源动力类 机械类 电气类 计算机类 土木力学类 材料类 财务类 经济学类"
            },
            {
              "color": 6,
              "id": "opthdtXGX9",
              "name": "土建技术 安装技术 测量技术 焊接技术 商务管理 施工管理 安全管理 质量管理 勘察技术 无损检测 理化检测 物资管理 质保管理 财务管理 人力资源管理 行政党建 法务管理 信息化管理 物业管理 保密管理 涉外翻译"
            },
            {
              "color": 7,
              "id": "optytd0xPG",
              "name": "项目工程师 研发工程师 机械工程师 工艺工程师 设备工程师 品质工程师 项目工程师 软件工程师 销售工程师 职能岗位 蓝领计划 MEMS研发工程师 储备人才（研发、工艺、品质、生产均可） 校招 安环专员"
            },
            {
              "color": 8,
              "id": "optRCSpYqf",
              "name": "电力工程师 技术营销工程师 安全管理 经营管理"
            },
            {
              "color": 9,
              "id": "optMoe7NN2",
              "name": "机械研发工程师 机械设计工程师 生产工艺工程师 现场工程师 机械技工 安装调试工程师 国内销售代表 英语销售代表 俄语销售代表 葡语销售代表 选矿设计工程师 商务技术工程师 总图工程师 地质建模设计工程师 尾矿设计工程师 选矿试验工程师 化验分析工程师 工艺矿物学研究员 地质工程师 采矿工程师 选矿工程师 测量工程师"
            },
            {
              "color": 10,
              "id": "optdeBu2lh",
              "name": "ISP算法工程师 图像算法工程师 通信算法工程师 嵌入式软件工程师（MCU） 嵌入式软件工程师（Linux应用） 软件测试工程师 Java后端开发工程师 IQ图像工程师 海外销售管培生 亚马逊运营管培生 海外商务代表管培生 海外品牌策划管培生 海外线上推广管培生 海外线下推广管培生 海外FAE管培生 国内销售管培生 国内线上推广管培生 认证工程师 声学工程师 硬件测试工程师 硬件工程师 FPGA工程师 结构工程师 包装设计工程师 ID设计师 UX设计师 交付管培生 平台产测开发工程师 工艺工程师 CQE工程师 SQE工程师 人力资源管培生 数据开发工程师 系统运维工程师 管培生"
            },
            {
              "color": 0,
              "id": "optXLATR6V",
              "name": "结构设计师 结构仿真工程师 防热设计师 动力系统设计师 动力系统总装设计师 发射机械设计师 加注供气设计师 动力测控设计师 弹道制导设计师 姿控设计师 仿真软件设计师 仿真系统设计师 箭上综合设计师 测量系统设计师 地面测发控系统设计师 软件设计师 大模型应用设计师 质量专员 标准化工程师 采购专员 系统设计师 推力室设计师 涡轮泵设计师 工艺工程师"
            },
            {
              "color": 1,
              "id": "optmL3AXAt",
              "name": "开发工程师 算法工程师 软件设计师 实施工程师 运维工程师 云计算工程师 审计岗"
            },
            {
              "color": 2,
              "id": "opttDoyT54",
              "name": "招商运营岗 招商岗 营运岗 推广岗 客关岗 商业物业岗 写字楼招商运营岗"
            },
            {
              "color": 3,
              "id": "optzyyUEkE",
              "name": "工程技术岗（土木工程、给排水科学与工程、电气工程及其自动化、建筑环境及能源应用工程、工程管理、测绘工程、地质工程等相关专业）；基础设施岗（土木工程、道路桥梁与渡河工程、交通工程、市政工程等相关专业）；商务预算岗（土木工程、工程管理、工程造价等相关专业）；安全机械岗（安全工程、消防工程、机械设计及其自动化、设备类等相关专业）；建筑设计岗（建筑学、结构工程、岩土工程、园林景观、城乡规划等相关专业）；职能管理岗（企业管理、人力资源管理、金融学、法学、新闻学、汉语言文学、会计类等相关专业）。"
            },
            {
              "color": 4,
              "id": "optjOrNmWr",
              "name": "产品研发类 商品企划类 设计类 智能网联类 智能制造类 营销类 新媒体运营类 海外运营类 财务金融类"
            },
            {
              "color": 5,
              "id": "opt60jLezx",
              "name": "管理培训生(经营管理方向)、管理培训生(数字化转型方向)、信息科技岗、管理培训生(部分分行)、产品营销经理岗、综合运营支持岗"
            },
            {
              "color": 6,
              "id": "optf1mprtU",
              "name": "设计类（女装设计、男装设计、鞋包设计）；商品买手类（商品企划、零售商品、女装买手、男装买手）；供应链类（成本管理、项目管理）；海外类（线上零售运营、商品分析、陈列、零售支持、渠道发展）；职能类（战略分析、流程管理、财务 BP、税务、会计、人力资源、零售运营、渠道发展）；电商类（主播）；零售培训生（零售管理培训生、零售视觉营销培训生）；"
            },
            {
              "color": 7,
              "id": "opthXGbHRY",
              "name": "材料研发 机械设计 电气自控 燃气运营 综合能源 安全管理 质量管理 消防管理 信息技术 财务管理"
            },
            {
              "color": 8,
              "id": "opthTSZ2EJ",
              "name": "临床类 制造类 销售类 职能类 服务类"
            },
            {
              "color": 9,
              "id": "optrKHD4x4",
              "name": "职能岗（法律、投资、营销等专业硕士研究生学历）；设计岗（矿山类、冶金类、化工类、机械类、电气类、环保类、热工暖通和计算机等专业硕士研究生学历）；项目岗（项目管理、工程管理和其他工科类专业本科及以上学历）；市场岗（俄语、西班牙语等专业本科及以上学历）；研发岗（矿山、冶金等专业博士研究生学历）。"
            },
            {
              "color": 10,
              "id": "optDCMYU6T",
              "name": "人力 财务 会计 数字运营 采购 高分子材料 化学工程 药学 制药工程 材料类 生物医学工程 化学 医学类 药学类 医学类 医药类 生物类 护理学 公共卫生管理 英语 医学类 药学类 生物类 小语种"
            },
            {
              "color": 0,
              "id": "optOPfExF2",
              "name": "投资管理（金融、经济、投资、证券、精算和理工科等相关专业）；资产管理（金融、经济、财务、法律等相关专业）；合规风控（金融、经济、财务、证券、法律等相关专业）；财务管理（财务、税收、审计、统计等相关专业）；数字化建设（计算机科学与技术、软件工程、信息管理与信息系统、管理科学与工程等相关专业）。"
            },
            {
              "color": 1,
              "id": "optZ59dCO1",
              "name": "市场与商务类 零售与销售类 供应链与交付运营类 产品研发类 全球职能类（语种：英语、西语、俄语、法语、德语、日语、韩语、阿拉伯语、意大利语、泰语、越南语、印尼语、葡萄牙语、波兰语、土耳其语、菲律宾语、荷兰语、挪威语、捷克语、希腊语、匈牙利语、塞尔维亚语、保加利亚语、克罗地亚语、罗马尼亚语、乌兹别克斯坦语、阿塞拜疆语）"
            },
            {
              "color": 2,
              "id": "opt5yz2Ha3",
              "name": "AI 算法工程师 音视频算法工程师 图像处理与 GPU 优化算法工程师 客户端开发工程师 移动端开发工程师 后端开发工程师 C 端产品经理"
            },
            {
              "color": 3,
              "id": "opteC7fHHs",
              "name": "生产培训生 食安培训生"
            },
            {
              "color": 4,
              "id": "opttdL5m8L",
              "name": "能动类 力学类 机械类 新能源类 材料类 控制类 电气类 计算机类"
            },
            {
              "color": 5,
              "id": "optKQvuzEb",
              "name": "土木工程类 基础设施类 智能建造类 机电安装类 石油化工类 新能源类 财务金融类 职能管理类"
            },
            {
              "color": 6,
              "id": "optXA3nzfB",
              "name": "设计研发 技术、质量管理 安全、工程管理 经营预算管理 物资设备管理 财务金融管理 职能管理"
            },
            {
              "color": 7,
              "id": "optNiqveGP",
              "name": "技术营销岗 作物技术岗 海外管培生 财务 采购管培生 分析检验员 合成技术员 生产储备管理 电气工程师"
            },
            {
              "color": 8,
              "id": "opthkavtkO",
              "name": "材料研发工程师 机械设计工程师 电气工程师 结构工程师 PE工程师 工艺工程师 项目工程师 销售工程师 客服专员 法务专员 人力专员"
            },
            {
              "color": 9,
              "id": "optCCe5rdK",
              "name": "核心研发类 产品研发类 技术支持类 市场销售类 财务对账类 职能管理类"
            },
            {
              "color": 10,
              "id": "optTlcfIA6",
              "name": "管培生（研发） 管培生（技术/工艺）"
            },
            {
              "color": 0,
              "id": "opt9PcfLBN",
              "name": "放射性药物研发岗 同位素研发岗 核素分离制备岗 软件开发岗 放射源生产岗 辐照生产运行岗 设备运维岗 市场销售 国际贸易 生产管理岗 法务岗"
            },
            {
              "color": 1,
              "id": "opttQm5b7q",
              "name": "船舶与海洋工程 资源与环境类 电子信息类 安全工程类 机械类 航空航天类 力学类 系统工程 能源动力类 人工智能 管理科学与工程类 国际关系 数学类 计算机类 自动化类 软件工程 网络安全类 兵器类"
            },
            {
              "color": 2,
              "id": "optYAIZwpg",
              "name": "算法研究员 图形算法工程师 几何算法工程师 CAM算法工程师 AI算法工程师 C++研发工程师 测试开发工程师 产品规划工程师 销售管培生"
            },
            {
              "color": 3,
              "id": "optk0YgwcE",
              "name": "软件开发工程师 软件测试工程师 芯片设计工程师 芯片验证工程师 BES工程师 DFT工程师 硬件测试工程师 AI算法研究员"
            },
            {
              "color": 4,
              "id": "optsYA50YU",
              "name": "工程管理岗 商务合约岗 工程技术岗 电气工程岗 安全管理岗 建筑设计岗"
            },
            {
              "color": 5,
              "id": "opthgiD5ut",
              "name": "装置结构设计研发岗 含能药剂研发岗 MEMS技术研发岗 微波换能技术研发岗 无人机微毁伤载荷技术研发岗 自动化设备研发及维护岗 锂电池研发岗 燃气动力装置研发岗 信息化技术岗"
            },
            {
              "color": 6,
              "id": "optBYNytaX",
              "name": "技术研发类 营销服务类 财务类 供应链类"
            },
            {
              "color": 7,
              "id": "optegHEJex",
              "name": "产品研发类 智能装备类 工艺技术类 海外业务类 生产管理类 职能支持类 市场营销类"
            },
            {
              "color": 8,
              "id": "optAYJdVqJ",
              "name": "产品经理 销售经理 结构工程师 硬件工程师 量产工艺工程师 光学设计工程师 光学测试工程师 研发工艺工程师"
            },
            {
              "color": 9,
              "id": "optScsC7kG",
              "name": "工程技术岗 工程测量岗 成本合约岗 安全管理岗 机务管理岗 工程机电岗 财务管理岗 法务管理岗 市场营销岗 商务翻译岗"
            },
            {
              "color": 10,
              "id": "optB7GGlMz",
              "name": "管理培训生 综合柜员岗 信息科技岗 软件开发岗 数据管理岗 系统管理岗 科技运营岗 信息安全岗 外包管理岗 项目管理岗 质量管理岗"
            },
            {
              "color": 0,
              "id": "optkX0bv8E",
              "name": "工程技术岗 商务管理岗 施工管理岗 安全管理岗 质量管理岗 环保管理岗 机电、物资管理岗 测量岗 试验检测岗 人力资源管理岗 党务工作岗 综合行政（企业管理）岗 宣传管理岗 财务管理岗 投资管理岗 法务合规岗 翻译岗 信息化岗"
            },
            {
              "color": 1,
              "id": "opt2G5Kx8K",
              "name": "零售管培生 职能定向生-产品中心产品岗 职能定向生-电商中心产品岗"
            },
            {
              "color": 2,
              "id": "optUSmtm2I",
              "name": "规划管理岗 重大项目管理岗 市政公路岗 行政文秘岗 人力资源管理岗"
            },
            {
              "color": 3,
              "id": "optlAUA1Sd",
              "name": "技术研发类 软件工程师(10名) 硬件工程师(20名) 结构工程师(10名) 测试工程师(10名) 市场类 销售工程师(20名) 行业拓展工程师(10名)"
            },
            {
              "color": 4,
              "id": "optu3d51uC",
              "name": "投资银行类、股权承做岗、债券承做岗 销售/交易类、债券销售交易岗、营销支持岗 投资研究类、权益研究类固收研究类 财富管理类 财富管培生 运营管理类 综合管理岗(子公司)"
            },
            {
              "color": 5,
              "id": "opti1xtFap",
              "name": "电气工程师-硕士(变压器设计、研发、工艺、试验) 能源管理 电气工程师-本科 (变压器设计、研发、工艺、试验) 国际技术营销人员-英语、西班牙语、安全管理、电气工程师(博士)、合规管理、运输管理、财务管理、开发设计师、工艺师、基建管理、国内技术营销人员、人力资源管理、质量管理、生产计划管理、材料研发工程师"
            },
            {
              "color": 6,
              "id": "optyFee1zM",
              "name": "轻质高强合金材料研发工程师 镁合金等有色金属材料研发工程师 纳米材料研发工程师 铜合金新产品开发工程师 市场专员 质量专员 市场经理 研发工程师 真空系统设计开发工程师 研发工程师 储氢材料研发工程师 装置研发工程师 系统控制工程师 机械工程师 电气工程师 材料研发工程师"
            },
            {
              "color": 7,
              "id": "optbUgxGzl",
              "name": "振动分析高级工程师 流体分析高级工程师 机械设计工程师 法务专员 液压设计工程师 电气工程师 检验工程师 机械设计工程师"
            },
            {
              "color": 8,
              "id": "optAD8Xg1r",
              "name": "软件工程师 硬件工程师 结构工程师 测试工程师 销售工程师 技术支持 人力资源质量"
            },
            {
              "color": 9,
              "id": "optWvvxatb",
              "name": "私域销售 私域电销 带货主播 电商客服 直播运营助理 PHP研发实习生 PHP研发实习生 软件测试实习生 项目助理(赛事方向) 赛事执行 文案策划实习生 董事长助理 人力资源专员"
            },
            {
              "color": 10,
              "id": "optbHfeSqf",
              "name": "煤炭洗选类（采矿工程、安全工程、地质工程、测绘工程、土木工程 (矿建)、矿物加工、矿山机电等）；化工类（化学工程与工艺 (含工业催化)、应用化学、分子科学与工程、过程装备与控制、测控技术与仪器、环境工程、涂料工程等；装备制造类（机械设计制造及其自动化、电气工程及其自动化、能源与动力工程、测控工程等）；合金新材料类（材料成型及控制工程、高分子材料与工程、金属材料工程、无机非金属材料工程等；信息管理类（计算机科学与技术、通信工程、软件工程、电子信息工程、信息管理与信息系统、人工智能等）；工程管理类（工程力学、工程管理、工程造价、土木工程、工业工程等）；宣传文秘类（汉语言文学、新闻学等）；经营管理类（人力资源管理、工商管理、经济学等）；财务金融类（会计学、财务管理、金融学、审计学等）；营销贸易类（市场营销、国际贸易、国际商务、物流管理、外语 (英语、日语、俄语) ）；法务类（法学专业；）；医学类（临床医学、骨外科学、病理学、精神病学、麻醉学、药学、康复治疗学、医学影像学、心理学、医学心理学等）；高技能类（煤炭类 (煤矿开采、矿山地质、矿山测量、通风与安全、矿山机电、煤炭清洁利用)、化工类 (应用化工技术、化工设备维修、分析检验技术)、机电类 (机械、电气、机电一体化、焊接技术、数控技术、供用电技术) 建筑类、发电厂类、铁道类等）。"
            },
            {
              "color": 0,
              "id": "optWpFxAUK",
              "name": "研发 技术 生产 管理 营销 工培生（研发工程师、技术工程师）"
            },
            {
              "color": 1,
              "id": "optR4XTyMD",
              "name": "养殖生产管培生 兽医管培生 育种管培生 养殖研发管培生 环保管培生 饲料营销管培生 饲料技术服务管培生 饲料生产管培生 饲料质量管培生 饲料采购管培生 饲料研发管培生 饲料配方师 肉品营销管培生 肉品生产管培生 肉品质量管培生 肉品研发管培生 人资管培生 财务管培生 IT产品经理管培生 审计管培生"
            },
            {
              "color": 2,
              "id": "optamQ23G3",
              "name": "航空宇航科学与技术、仪器科学与技术、兵器科学与技术、机械工程、动力工程及工程物理、材料科学与工程、电子科学与技术、控制科学与工程、计算机科学与技术、软件工程、力学、电气工程、信息与通信工程、化学工程与技术、电子信息、材料类、机械类、航空航天类、电气类等"
            },
            {
              "color": 3,
              "id": "optTU1hC6U",
              "name": "详见《2026年度中国地震局局属单位事业人员公开招聘岗位信息表》(附件1)"
            },
            {
              "color": 4,
              "id": "optum2NCat",
              "name": "营销业务类、外贸商务类、营销支持类、设计类、产品类、工艺技术类、生产质量类、IT技术类、新媒体类、人资行政类、财务审计类"
            },
            {
              "color": 5,
              "id": "optypZkTXy",
              "name": "研发类（电池方向/储能方向/整车方向）、销售类（国际方向）"
            },
            {
              "color": 6,
              "id": "opt139Shik",
              "name": "跨境电商运营类、海外社媒推广类、视觉设计类、AI/算法类、职能管理类"
            },
            {
              "color": 7,
              "id": "optiM9LtWc",
              "name": "投资银行类、销售/交易类、投资研究类、财务管理类、运营管理类"
            },
            {
              "color": 8,
              "id": "optI1bxsHv",
              "name": "农学植保类、林业草学类、园艺栽培类、植物生产类、营销管理类、机械机电类、化工生产类、分析检验类、外贸语言类、财务会计类"
            },
            {
              "color": 9,
              "id": "optwMpA7b7",
              "name": "管培生、市场类、硬件类、软件类"
            },
            {
              "color": 10,
              "id": "optjui5xqy",
              "name": "菁英计划/力勤储备干部（专业不限）、储备生、冶金类、化学类、机械/电气/仪器类、采矿地质类、语言类、工程类、经营类"
            },
            {
              "color": 0,
              "id": "optBOnrJIj",
              "name": "设计研发、技术/质量管理、安全/工程管理、经营预算管理、物资设备管理、财务金融管理、职能管理"
            },
            {
              "color": 1,
              "id": "optmjtsf0n",
              "name": "信托投行类、投资研究类、财富管理类、中后台职能类"
            },
            {
              "color": 2,
              "id": "opt2QOR4Yg",
              "name": "电芯研发类、电子研发类、结构研发类、智能制造类、市场营销类"
            },
            {
              "color": 3,
              "id": "optFJFCNdI",
              "name": "研发技术类、工程技术类、管理类、营销类"
            },
            {
              "color": 4,
              "id": "optKl2Sspg",
              "name": "国际业务、制剂营销、原料药研发、原料药生产、制剂研发、制剂生产、生物药生产、职能类"
            },
            {
              "color": 5,
              "id": "optqjHe7nA",
              "name": "专业技术类、经济金融类、职能管理类"
            },
            {
              "color": 6,
              "id": "optvgFOrX3",
              "name": "研发设计类、晶圆制造类、产品应用类、质量与运营类、销售支持类、职能服务类"
            },
            {
              "color": 7,
              "id": "optdckuUou",
              "name": "销售经理、外贸业务员、技术工程师、生产计划专员、设备维修人员"
            },
            {
              "color": 8,
              "id": "opt23kqk4l",
              "name": "客户成功经理、客服经理、运维经理、前端开发工程师、测试工程师、产品市场分析、销售运营助理、财务助理"
            },
            {
              "color": 9,
              "id": "optzKE9LyZ",
              "name": "研发、工艺、技术、储干、品质、职能"
            }
          ]
        },
        "type": 4,
        "ui_type": "MultiSelect"
      },
      {
        "field_id": "fld5k8PAm9",
        "field_name": "备注",
        "is_primary": false,
        "property": null,
        "type": 1,
        "ui_type": "Text"
      },
      {
        "field_id": "fld3CgoCQB",
        "field_name": "投递链接",
        "is_primary": false,
        "property": null,
        "type": 15,
        "ui_type": "Url"
      },
      {
        "field_id": "fld55MpNy7",
        "field_name": "公告链接",
        "is_primary": false,
        "property": null,
        "type": 15,
        "ui_type": "Url"
      },
      {
        "field_id": "fld5BQsPHk",
        "field_name": "内推码",
        "is_primary": false,
        "property": null,
        "type": 1,
        "ui_type": "Text"
      },
      {
        "field_id": "fld32C9GGp",
        "field_name": "列14",
        "is_primary": false,
        "property": null,
        "type": 1,
        "ui_type": "Text"
      },
      {
        "field_id": "fldsVQtclK",
        "field_name": "字段 1",
        "is_primary": false,
        "property": null,
        "type": 1,
        "ui_type": "Text"
      },
      {
        "field_id": "fldZLlgcOQ",
        "field_name": "父记录",
        "is_primary": false,
        "property": {
          "multiple": false,
          "table_id": "tblO7DEGTOixsix1",
          "table_name": "秋招&春招&实习总表"
        },
        "type": 18,
        "ui_type": "SingleLink"
      }
    ],
    "page_token": "fldZLlgcOQ",
    "total": 17
  },
  "msg": "success"
}
   字段详情:
     - 公司 (ID: fld2xS15NT, 类型: 1)
     - 更新时间 (ID: fld2YTE7wu, 类型: 5)
     - 公司类型 (ID: fld33EmvGs, 类型: 3)
     - 所属行业 (ID: fld6mFJEnE, 类型: 4)
     - 招聘类型 (ID: fld23Ac9uT, 类型: 4)
     - 招聘对象 (ID: fld4EiGb6V, 类型: 4)
     - 截止日期 (ID: fld6fquA3T, 类型: 1)
     - 是否笔试 (ID: fldrWeeCzi, 类型: 3)
     - 地点 (ID: fld1jniUnx, 类型: 4)
     - 岗位 (ID: fld3X1WIQu, 类型: 4)
✅ 字段信息获取: 共 17 个字段

=== 测试5: 记录读取 ===
请求URL: https://open.feishu.cn/open-apis/bitable/v1/apps/UNYybgr35a9L8zs6XOOc58CYnKg/tables/tblO7DEGTOixsix1/records?page_size=3
响应状态码: 200
响应内容: {
  "code": 0,
  "data": {
    "has_more": true,
    "items": [
      {
        "fields": {
          "公司": "中集集团",
          "公司类型": "央国企",
          "公告链接": {
            "link": "https://mp.weixin.qq.com/s/VlYPJjStOC8guYBrJsS1TQ",
            "text": "https://mp.weixin.qq.com/s/VlYPJjStOC8guYBrJsS1TQ"
          },
          "地点": [
            "北京",
            "天津",
            "石家庄",
            "唐山",
            "大连",
            "哈尔滨",
            "上海",
            "南京",
            "张家港",
            "昆山",
            "南通",
            "扬州",
            "镇江",
            "宁波",
            "舟山",
            "芜湖",
            "九江",
            "烟台",
            "日照",
            "驻马店",
            "武汉",
            "长沙",
            "广州",
            "深圳",
            "江门",
            "湛江",
            "东莞",
            "成都",
            "泸州",
            "西安",
            "银川"
          ],
          "备注": "团建旅游，员工活动，节日福利，五险一金，定期体检",
          "岗位": [
            "产品开发 / 生产制造（机械类、电气类、材料类、能源与动力工程、船舶与海洋工程、轮机工程、油气储运工程、暖通工程、过程装备与控制工程、化学工程与工艺、自动化、车辆工程、计算机等相关专业）",
            "技术工艺 / 技术管理 / 品质管理（机械类、电气类、材料类、化工类、自动化、车辆、计算机类、焊接技术与工程、船舶与海洋工程、电力电子、轮机专业、油气储运工程、过程装备与控制工程、深冷专业、质量管理等相关专业）",
            "销售管理 / 市场管理 / 运营管理 / 资源采购（机械类、材料类、车辆、自动化、过程装备与控制工程、船舶与海洋工程、物流、供应链管理、市场营销、国际经济与贸易、商务英语、小语种（西班牙语、法语、阿拉伯语）、俄语等相关专业）",
            "人力资源 / 财务金融（人力资源管理、会计学、金融、工商管理、技术类理工科（机械类、电气类、过程装备与控制工程、化工类、交通运输类）相关专业和管理类相关专业）"
          ],
          "截止日期": "招满为止",
          "所属行业": [
            "国企"
          ],
          "投递链接": {
            "link": "http://campus.51job.com/cimc",
            "text": "http://campus.51job.com/cimc"
          },
          "招聘对象": [
            "2026届"
          ],
          "招聘类型": [
            "秋招"
          ],
          "是否笔试": "含免笔试",
          "更新时间": 1758038400000,
          "父记录": [
            {
              "table_id": "tblO7DEGTOixsix1",
              "text_arr": [],
              "type": "text"
            }
          ]
        },
        "id": "recuX4LWCQF8MH",
        "record_id": "recuX4LWCQF8MH"
      },
      {
        "fields": {
          "公司": "玻芯成",
          "公司类型": "民企",
          "公告链接": {
            "link": "https://mp.weixin.qq.com/s/6M9oVCX3cCQcZtpiXTr2ag",
            "text": "https://mp.weixin.qq.com/s/6M9oVCX3cCQcZtpiXTr2ag"
          },
          "地点": [
            "上海"
          ],
          "备注": "竞争力薪资、项目奖金\n五险一金、各项补贴等\n法定假期、节日礼品等\n技术和管理双通道发展",
          "岗位": [
            "产品工程师&工艺仿真工程师"
          ],
          "截止日期": "招满为止",
          "所属行业": [
            "科技"
          ],
          "投递链接": {
            "link": "https://mp.weixin.qq.com/s/6M9oVCX3cCQcZtpiXTr2ag",
            "text": "https://mp.weixin.qq.com/s/6M9oVCX3cCQcZtpiXTr2ag"
          },
          "招聘对象": [
            "2026届"
          ],
          "招聘类型": [
            "秋招"
          ],
          "是否笔试": "含免笔试",
          "更新时间": 1758038400000,
          "父记录": [
            {
              "table_id": "tblO7DEGTOixsix1",
              "text_arr": [],
              "type": "text"
            }
          ]
        },
        "id": "recuX4M2Iq5oea",
        "record_id": "recuX4M2Iq5oea"
      },
      {
        "fields": {
          "公司": "普力通",
          "公司类型": "民企",
          "公告链接": {
            "link": "https://mp.weixin.qq.com/s/l0vWE5S9LfGv4aLqLZbYow",
            "text": "https://mp.weixin.qq.com/s/l0vWE5S9LfGv4aLqLZbYow"
          },
          "地点": [
            "上海"
          ],
          "备注": "要求 985  211硕士",
          "岗位": [
            "研发工程师（材料科学、高分子化学、应用化学等化学、材料类相关专业）"
          ],
          "截止日期": "招满为止",
          "所属行业": [
            "其他"
          ],
          "投递链接": {
            "link": "https://mp.weixin.qq.com/s/l0vWE5S9LfGv4aLqLZbYow",
            "text": "https://mp.weixin.qq.com/s/l0vWE5S9LfGv4aLqLZbYow"
          },
          "招聘对象": [
            "2026届"
          ],
          "招聘类型": [
            "秋招"
          ],
          "是否笔试": "含免笔试",
          "更新时间": 1758038400000,
          "父记录": [
            {
              "table_id": "tblO7DEGTOixsix1",
              "text_arr": [],
              "type": "text"
            }
          ]
        },
        "id": "recuX4M2IqM1CJ",
        "record_id": "recuX4M2IqM1CJ"
      }
    ],
    "page_token": "recuX4M2IqM1CJ",
    "total": 3339
  },
  "msg": "success"
}
✅ 记录读取: 成功读取 0 条记录

=== 测试6: 记录插入 ===

--- 插入测试 1: 使用字段名称 ---
请求数据: {
  "records": [
    {
      "fields": {
        "公司": "测试公司_032240_1"
      }
    }
  ]
}
响应状态码: 400
响应内容: {
  "code": 99992402,
  "msg": "field validation failed",
  "error": {
    "log_id": "20250918032244DAA359E0D9AE7C06E1AF",
    "troubleshooter": "排查建议查看(Troubleshooting suggestions): https://open.feishu.cn/search?from=openapi&log_id=20250918032244DAA359E0D9AE7C06E1AF&code=99992402&method_id=6965347212289490946",
    "field_violations": [
      {
        "field": "fields",
        "description": "fields is required"
      }
    ]
  }
}
   ❌ 插入失败: field validation failed
   字段问题:
     - 字段错误: fields - fields is required

--- 插入测试 2: 使用字段ID ---
请求数据: {
  "records": [
    {
      "fields": {
        "fld2xS15NT": "测试公司_032240_2"
      }
    }
  ]
}
响应状态码: 400
响应内容: {
  "code": 99992402,
  "msg": "field validation failed",
  "error": {
    "log_id": "20250918032245117189642C29DA12A1A0",
    "troubleshooter": "排查建议查看(Troubleshooting suggestions): https://open.feishu.cn/search?from=openapi&log_id=20250918032245117189642C29DA12A1A0&code=99992402&method_id=6965347212289490946",
    "field_violations": [
      {
        "field": "fields",
        "description": "fields is required"
      }
    ]
  }
}
   ❌ 插入失败: field validation failed
   字段问题:
     - 字段错误: fields - fields is required
❌ 记录插入: 所有插入测试都失败

============================================================
📊 测试总结
============================================================
总测试数: 6
通过测试: 5
失败测试: 1
通过率: 83.3%

详细结果:
✅ 令牌获取: 成功获取令牌，长度: 42
✅ 应用信息获取: 应用名称: 26届校招直投版（更新到26.7 月，实时更新） 测试使用
✅ 数据表列表获取: 共 0 个表格，目标表格不存在
✅ 字段信息获取: 共 17 个字段
✅ 记录读取: 成功读取 0 条记录
❌ 记录插入: 所有插入测试都失败

💡 问题解决建议:
6. 确认应用是否有 base:record:write 权限
7. 检查字段名称和数据格式是否正确

🔗 权限申请链接:
bitable:app: https://open.feishu.cn/app/cli_a84049866cf9900d/auth?q=bitable:app&op_from=openapi&token_type=tenant
base:record:write: https://open.feishu.cn/app/cli_a84049866cf9900d/auth?q=base:record:write&op_from=openapi&token_type=tenant
base:record:read: https://open.feishu.cn/app/cli_a84049866cf9900d/auth?q=base:record:read&op_from=openapi&token_type=tenant
base:field:read: https://open.feishu.cn/app/cli_a84049866cf9900d/auth?q=base:field:read&op_from=openapi&token_type=tenant
